[INFO] Processing sample 12

[INFO] Step 1. Expert Recruitment
Agent 1 (🧑🏿‍⚕️ Clinical Pharmacologist): Specializes in the effects and actions of drugs, including drug interactions and the pharmacokinetics of substances like alcohol.
Agent 2 (👩🏻‍⚕️ Gastroenterologist): Focuses on the diagnosis and treatment of disorders related to the gastrointestinal tract, including alcohol metabolism and its effects.
Agent 3 (👩🏼‍⚕️ Toxicologist): Specializes in the study of the effects of chemicals (including alcohol) on biological systems, particularly in cases of poisoning and substance use.

[INFO] Hierarchy Selection
                             moderator (👨‍⚖️)                                                 
                ┌────────────────────┴────────────┬────────────────────────────┐              
 Clinical Pharmacologist (🧑🏿‍⚕️)         Toxicologist (👩🏼‍⚕️)      Gastroenterologist (👩🏻‍⚕️) 


[INFO] Step 2. Initial Opinions
 Agent 1 (🧑🏿‍⚕️ clinical pharmacologist) : The symptoms described in the scenario—facial flushing, nausea, tachycardia, dyspnea, headache, and abdominal cramps—are consistent with a disulfiram-like reaction. This reaction occurs when a person who has taken metronidazole consumes alcohol. Metronidazole inhibits aldehyde dehydrogenase, which leads to the accumulation of acetaldehyde when alcohol is consumed. 

Given this information, the serum levels of **(A) Acetaldehyde** are likely elevated in this patient following alcohol consumption.
 Agent 2 (👩🏻‍⚕️ gastroenterologist) : The patient's symptoms (facial flushing, nausea, tachycardia, dyspnea, headache, and abdominal cramps) after consuming alcohol, while on metronidazole, are highly suggestive of a disulfiram-like reaction. Metronidazole, like disulfiram, inhibits the enzyme acetaldehyde dehydrogenase.

Here's a breakdown of the metabolic pathway and why acetaldehyde is elevated:

1.  **Alcohol Metabolism:** Ethanol (alcohol) is primarily metabolized in the liver. First, alcohol dehydrogenase converts ethanol to acetaldehyde.
2.  **Acetaldehyde Metabolism:** Acetaldehyde is a toxic compound and is then rapidly converted to acetate by acetaldehyde dehydrogenase.
3.  **Effect of Metronidazole:** Metronidazole inhibits acetaldehyde dehydrogenase. This blockage leads to an accumulation of acetaldehyde in the body.
4.  **Disulfiram-like Reaction:** The elevated levels of acetaldehyde are responsible for the unpleasant symptoms experienced by the patient, which are similar to those seen in people taking disulfiram (Antabuse) for alcohol dependence.

Let's consider the other options:

*   **(B) Uric acid:** Alcohol can affect uric acid levels, often increasing them, but this is not the primary mechanism for the acute, severe symptoms described after metronidazole use.
*   **(C) Cytochrome P-450 enzymes:** While some cytochrome P-450 enzymes are involved in alcohol metabolism (e.g., CYP2E1), the direct inhibition by metronidazole is on acetaldehyde dehydrogenase, not necessarily a broad induction of P-450 enzymes causing this acute reaction.
*   **(D) Triglycerides:** Alcohol can affect triglyceride levels, particularly with chronic heavy use, but this is not the cause of the immediate disulfiram-like reaction.
*   **(E) Amylase:** Amylase is an enzyme primarily involved in carbohydrate digestion. While alcohol can sometimes lead to pancreatitis, which would elevate amylase, this is not the immediate, systemic reaction described.

Therefore, the elevated serum level of **acetaldehyde** is the most likely explanation for the patient's symptoms.

The final answer is $\boxed{A}$.
 Agent 3 (👩🏼‍⚕️ toxicologist) : Excellent question from the team. Based on the clinical vignette provided, this is a classic drug-alcohol interaction.

The correct answer is **(A) Acetaldehyde**.

### Clinical Rationale

The patient is experiencing a **disulfiram-like reaction**. This is a well-documented and severe adverse effect that occurs when alcohol is consumed while a patient is taking certain medications, most notably metronidazole.

Here is the toxicological mechanism at play:

1.  **Normal Alcohol Metabolism:** In the liver, alcohol (ethanol) is first metabolized by the enzyme *alcohol dehydrogenase* into **acetaldehyde**. Acetaldehyde is a highly toxic and reactive compound.
2.  **Detoxification Step:** Normally, acetaldehyde is very rapidly broken down by a second enzyme, **aldehyde dehydrogenase (ALDH)**, into harmless acetate, which can then be used by the body for energy.
3.  **The Metronidazole Effect:** Metronidazole **inhibits the aldehyde dehydrogenase (ALDH) enzyme**.
4.  **Toxic Accumulation:** When the patient consumes alcohol, the first step of metabolism proceeds normally, producing acetaldehyde. However, because ALDH is inhibited by the metronidazole, the acetaldehyde cannot be broken down. This leads to a rapid and significant accumulation of acetaldehyde in the bloodstream, reaching levels 5 to 10 times higher than normal.

It is this high concentration of toxic acetaldehyde that directly causes the severe symptoms the patient is experiencing:

*   **Facial flushing and headache:** Due to widespread vasodilation.
*   **Nausea and abdominal cramps:** Direct irritant effect on the gastrointestinal tract.
*   **Tachycardia and dyspnea:** A physiological stress response to the toxicity and vasodilation.

### Analysis of Incorrect Options

Let's briefly discuss why the other options are incorrect in this specific context:

*   **(B) Uric acid:** Acute alcohol consumption can temporarily raise uric acid levels by increasing its production and decreasing its excretion. This can trigger a gout attack in susceptible individuals, but it is not the cause of the specific constellation of symptoms seen in a disulfiram-like reaction.
*   **(C) Cytochrome P-450 enzymes:** These enzymes (specifically CYP2E1) are involved in an alternative pathway for alcohol metabolism. Chronic alcohol use can *induce* these enzymes, but the enzymes themselves do not accumulate to cause toxicity. The primary mechanism of this acute reaction is the inhibition of ALDH, not an effect on the CYP450 system.
*   **(D) Triglycerides:** Chronic, heavy alcohol consumption is a well-known cause of hypertriglyceridemia and fatty liver disease. However, an acute elevation of triglycerides is not responsible for these immediate, post-consumption symptoms.
*   **(E) Amylase:** Elevated amylase is a key marker for acute pancreatitis. While heavy alcohol consumption is a major risk factor for pancreatitis, the patient's symptoms (especially the rapid onset of flushing after a small amount of alcohol) are classic for acetaldehyde toxicity, not pancreatitis, which typically presents with severe, boring epigastric pain.

### Concluding Point for the Team

This case powerfully underscores the importance of thorough patient counseling. When prescribing metronidazole, it is critical to explicitly warn patients to avoid all forms of alcohol (including in liquid medications, mouthwash, and even some foods) during the course of therapy and for at least 72 hours after the final dose to prevent this potentially dangerous reaction.

[INFO] Step 3. Collaborative Decision Making
== Round 1 ==
[INFO] Participatory Debate
|_Turn 1
 Agent 1 (🧑🏿‍⚕️ clinical pharmacologist): 🤐
 Agent 2 (👩🏻‍⚕️ gastroenterologist) -> Agent 1 (🧑🏿‍⚕️ clinical pharmacologist) : As a gastroenterologist, I'm focused on the digestive system and the body's processing of substances like alcohol. My expertise in alcohol metabolism leads me to believe that the observed symptoms are a direct consequence of impaired alcohol breakdown.

To the Clinical Pharmacologist and Toxicologist:

I believe the elevated substance is **(A) Acetaldehyde**. My reasoning is based on the well-established interaction between metronidazole and alcohol. Metronidazole inhibits aldehyde dehydrogenase, the enzyme responsible for breaking down acetaldehyde, a toxic intermediate in alcohol metabolism. This inhibition leads to a rapid accumulation of acetaldehyde, which is the direct cause of the severe, disulfiram-like reaction the patient is experiencing, including flushing, nausea, and tachycardia. While other substances might be affected by alcohol, the acute and specific nature of these symptoms strongly points to acetaldehyde toxicity.
 Agent 2 (👩🏻‍⚕️ gastroenterologist) -> Agent 3 (👩🏼‍⚕️ toxicologist) : As a Gastroenterologist, my focus is on the mechanisms of digestion and the metabolic consequences of ingested substances, particularly alcohol.

To the Clinical Pharmacologist and Toxicologist:

I am confident that **(A) Acetaldehyde** is the substance with elevated serum levels in this patient. Metronidazole is known to inhibit aldehyde dehydrogenase. This enzyme's role is crucial in converting toxic acetaldehyde into less harmful acetate during alcohol metabolism. When this conversion is blocked by metronidazole, acetaldehyde accumulates, directly leading to the severe symptoms of flushing, nausea, headache, and tachycardia observed after alcohol consumption – a classic disulfiram-like reaction. This direct pharmacological inhibition of a key metabolic enzyme points unequivocally to acetaldehyde as the elevated toxic intermediate.
 Agent 3 (👩🏼‍⚕️ toxicologist): 🤐

[INFO] Summary Table
+---------+-----------+-----------+-----------+
|         |  Agent 1  |  Agent 2  |  Agent 3  |
+---------+-----------+-----------+-----------+
| Agent 1 |           | ✋ (1<-2) |           |
|         |           |           |           |
| Agent 2 | ✋ (2->1) |           | ✋ (2->3) |
|         |           |           |           |
| Agent 3 |           | ✋ (3<-2) |           |
+---------+-----------+-----------+-----------+

|_Turn 2
 Agent 1 (🧑🏿‍⚕️ clinical pharmacologist): 🤐
 Agent 2 (👩🏻‍⚕️ gastroenterologist): 🤐
 Agent 3 (👩🏼‍⚕️ toxicologist): 🤐
 No agents chose to participate in this turn. End this turn.

[INFO] Moderator Consensus Check
 👨‍⚖️ Moderator consensus check: YES

[INFO] Consensus reached! Ending discussion.

[INFO] Step 4. Final Decision
👨‍⚖️  Moderator's final decision: {0.0: "Based on the thorough discussion and unanimous agreement among the multidisciplinary team, the final answer to the question regarding which serum levels are likely elevated in the patient following alcohol consumption is:\n\n**(A) Acetaldehyde**.\n\nThe reasoning is well-supported by the pharmacological interaction between metronidazole and alcohol, leading to the inhibition of aldehyde dehydrogenase. This results in the accumulation of acetaldehyde, which is responsible for the patient's disulfiram-like reaction characterized by facial flushing, nausea, tachycardia, dyspnea, headache, and abdominal cramps. The consensus among the experts reinforces the accuracy of this conclusion."}

[INFO] API calls for this sample: 19

[INFO] Sample 12 completed successfully