[INFO] Processing sample 1

[INFO] Step 1. Expert Recruitment
Agent 1 (👨🏿‍⚕️ Nephrologist): Specializes in kidney health and related disorders, including electrolyte imbalances and hypertension.
Agent 2 (🧑‍⚕️ Endocrinologist): Focuses on hormone-related disorders, including conditions causing hypertension such as hyperaldosteronism and adrenal gland disorders.
Agent 3 (👨🏽‍⚕️ Cardiologist): Focuses on heart health, hypertension management, and associated complications, providing insights into chronic hypertension and its impact on cardiovascular health.

[INFO] Hierarchy Selection
                   moderator (👨‍⚖️)                                             
           ┌───────────────┴────────────┬──────────────────────────┐            
  Nephrologist (👨🏿‍⚕️)         Cardiologist (👨🏽‍⚕️)      Endocrinologist (🧑‍⚕️) 


[INFO] Step 2. Initial Opinions
 Agent 1 (👨🏿‍⚕️ nephrologist) : This patient's presentation includes progressive fatigue, muscle cramps, and hypertension, alongside laboratory values showing hypokalemia (K+ of 3.3 mEq/L) and metabolic alkalosis (HCO3- of 33 mEq/L). He is on hydrochlorothiazide, a diuretic that can cause potassium wasting, leading to hypokalemia.

The combination of hypertension, hypokalemia, and metabolic alkalosis suggests primary hyperaldosteronism (Conn's syndrome) as a possible etiology. In this condition, excess aldosterone causes sodium retention, leading to increased blood volume and hypertension, while promoting potassium excretion and causing hypokalemia.

Given these clues, the most likely underlying etiology of this patient's hypertension is:

(A) Aldosterone excess.
 Agent 2 (🧑‍⚕️ endocrinologist) : The patient presents with a constellation of symptoms and laboratory findings that strongly suggest a diagnosis of **aldosterone excess**. Let's break down why, from an endocrinologist's perspective:

1.  **Hypertension:** The patient has significantly elevated blood pressure (174/111 mmHg). While many factors contribute to hypertension, in the context of endocrine disorders, we consider specific hormonal causes.

2.  **Hypokalemia:** His serum potassium is 3.3 mEq/L, which is below the normal range. Aldosterone's primary role is to regulate sodium and potassium balance. Excess aldosterone leads to increased sodium reabsorption and potassium excretion in the kidneys, resulting in hypokalemia.

3.  **Metabolic Alkalosis:** His serum bicarbonate (HCO3-) is 33 mEq/L, indicating metabolic alkalosis. The same mechanisms that cause potassium excretion with excess aldosterone also lead to hydrogen ion secretion, contributing to alkalosis.

4.  **Progressive Fatigue and Muscle Cramps:** These symptoms are often seen with hypokalemia, which can impair muscle function and nerve conduction.

5.  **Medication Regimen:** He is on hydrochlorothiazide (a diuretic that can cause hypokalemia but typically not to this degree if the kidneys are functioning normally and the primary issue isn't mineralocorticoid excess), lisinopril (an ACE inhibitor that might mask some effects of hyperaldosteronism but doesn't explain the underlying problem), and amlodipine (a calcium channel blocker for blood pressure control). The fact that his hypertension is poorly controlled despite this regimen also raises suspicion for a secondary cause.

Let's consider why the other options are less likely:

*   **(C) Cortisol excess (Cushing's Syndrome):** While Cushing's can cause hypertension, it typically presents with other features like central obesity, moon facies, striae, and muscle weakness (proximal). The electrolyte abnormalities seen here (hypokalemia and alkalosis) are less characteristic of Cushing's unless it's a very specific variant with mineralocorticoid activity.
*   **(E) Increased peripheral vascular resistance:** This is a *mechanism* of hypertension, not an underlying *etiology* of a specific endocrine disorder that would cause the presented symptoms and lab findings. Essential hypertension is characterized by increased PVR, but this patient's presentation suggests a secondary cause.
*   **(D) Impaired kidney perfusion:** This could lead to secondary activation of the renin-angiotensin-aldosterone system (RAAS), causing hypertension. However, impaired kidney perfusion alone doesn't directly explain the *specific* electrolyte pattern (hypokalemia and alkalosis) as clearly as primary aldosterone excess does. Also, his BUN is only mildly elevated, not suggesting severe renal impairment.
*   **(B) Catecholamine-secreting mass (Pheochromocytoma):** Pheochromocytomas cause episodic or sustained hypertension, often with palpitations, headaches, and sweating (the "classic triad"). While they can cause hypokalemia due to beta-adrenergic stimulation, the patient's presentation is more suggestive of chronic mineralocorticoid effect.

**Conclusion:** The combination of severe, poorly controlled hypertension, hypokalemia, and metabolic alkalosis in a patient with new onset fatigue and muscle cramps is highly suggestive of **primary hyperaldosteronism** (aldosterone excess). This is often due to an adrenal adenoma (Conn's syndrome) or bilateral adrenal hyperplasia.

The final answer is $\boxed{A}$.
 Agent 3 (👨🏽‍⚕️ cardiologist) : Excellent case. As the cardiologist on the team, my focus is on identifying the root cause of this patient's severe, resistant hypertension and its systemic effects.

Based on the clinical vignette and laboratory findings, the most likely underlying etiology of this patient's hypertension is **(A) Aldosterone excess**.

Here is my analysis:

### Rationale for Aldosterone Excess (Primary Hyperaldosteronism)

This patient presents with a classic triad of clinical and laboratory findings highly suggestive of primary hyperaldosteronism (Conn's syndrome):

1.  **Resistant Hypertension:** The patient's blood pressure is 174/111 mmHg despite being on a three-drug regimen from different classes (a diuretic, an ACE inhibitor, and a calcium channel blocker). This meets the definition of resistant hypertension and is a major red flag for a secondary cause. Primary aldosteronism is the most common cause of secondary hypertension.

2.  **Hypokalemia (K+ 3.3 mEq/L):** This is a hallmark finding. Excess aldosterone acts on the principal cells of the collecting ducts in the kidneys, promoting sodium reabsorption in exchange for potassium excretion. This leads to potassium wasting and hypokalemia. The patient's fatigue and muscle cramps are classic symptoms of low potassium levels.

3.  **Metabolic Alkalosis (HCO3- 33 mEq/L):** In addition to potassium wasting, excess aldosterone promotes hydrogen ion (H+) secretion from the intercalated cells of the collecting ducts. The loss of acid in the urine leads to a systemic metabolic alkalosis.

The most telling clue here is the presence of **hypokalemia in a patient taking lisinopril**. ACE inhibitors like lisinopril block the renin-angiotensin-aldosterone system (RAAS), which should lead to *potassium retention* (hyperkalemia). The fact that this patient is hypokalemic despite being on a medication that should raise his potassium makes the underlying potassium-wasting state even more profound and specific for mineralocorticoid excess.

### Analysis of Other Options

*   **(B) Catecholamine-secreting mass (Pheochromocytoma):** While this causes severe hypertension, the classic presentation includes paroxysmal episodes of headache, palpitations, and diaphoresis. The lab profile does not typically include hypokalemia and metabolic alkalosis.
*   **(C) Cortisol excess (Cushing's Syndrome):** Cortisol has weak mineralocorticoid activity and can cause hypertension and hypokalemia. However, this patient's physical exam is noted to be "unremarkable," making the classic physical stigmata of Cushing's (e.g., central obesity, moon facies, striae) less likely. While it remains a differential, the presentation is far more classic for primary hyperaldosteronism.
*   **(D) Impaired kidney perfusion (Renovascular Hypertension):** This is a strong differential diagnosis. Renal artery stenosis leads to decreased kidney perfusion, which activates the RAAS, resulting in *secondary* hyperaldosteronism (high renin and high aldosterone). This would also cause hypertension, hypokalemia, and metabolic alkalosis. However, primary hyperaldosteronism is a more common cause of secondary hypertension than renovascular disease, and "Aldosterone excess" is the direct pathophysiologic state described by the lab results. The key differentiator would be measuring plasma renin levels (which would be high in renovascular disease and suppressed in primary aldosteronism). Given the options, aldosterone excess is the most direct answer.
*   **(E) Increased peripheral vascular resistance (Essential Hypertension):** This is the diagnosis for over 90% of patients with hypertension, but it's a diagnosis of exclusion. The presence of significant metabolic derangements (hypokalemia, metabolic alkalosis) in the setting of resistant hypertension makes a secondary cause, not essential hypertension, the primary concern.

### Clinical Plan and Next Steps

From a cardiovascular management perspective, identifying and treating this underlying cause is critical. Uncontrolled hypertension secondary to hyperaldosteronism leads to disproportionately high rates of stroke, myocardial infarction, and atrial fibrillation compared to essential hypertension at the same BP level.

My recommended next steps would be:
1.  **Confirm the Diagnosis:** The initial screening test is a plasma aldosterone concentration (PAC) and a plasma renin activity (PRA). We would expect a high PAC (>15 ng/dL) and a suppressed PRA (<1.0 ng/mL/hr), leading to a high aldosterone-to-renin ratio (ARR > 20).
2.  **Localization:** Once confirmed, an adrenal CT scan would be the next step to look for an adrenal adenoma or bilateral adrenal hyperplasia.
3.  **Treatment:** Treatment will depend on the cause. A unilateral adenoma can often be cured surgically via adrenalectomy. Bilateral hyperplasia is managed medically with mineralocorticoid receptor antagonists like spironolactone or eplerenone.

In summary, this patient’s presentation of resistant hypertension with concurrent hypokalemia and metabolic alkalosis is a textbook picture of primary hyperaldosteronism.

[INFO] Step 3. Collaborative Decision Making
== Round 1 ==
[INFO] Participatory Debate
|_Turn 1
 Agent 1 (👨🏿‍⚕️ nephrologist): 🤐
 Agent 2 (🧑‍⚕️ endocrinologist) -> Agent 1 (👨🏿‍⚕️ nephrologist) : As the endocrinologist on the team, my expertise lies in hormonal disorders that can cause hypertension. Based on the patient's presentation of severe, resistant hypertension (174/111 mmHg) in conjunction with hypokalemia (K+ 3.3 mEq/L) and metabolic alkalosis (HCO3- 33 mEq/L), the most compelling diagnosis is **(A) Aldosterone excess**.

My reasoning is as follows:
1.  **Classic Triad:** This combination of findings is highly characteristic of primary hyperaldosteronism (Conn's syndrome). Aldosterone directly promotes sodium retention and potassium and hydrogen ion excretion, leading to hypertension, hypokalemia, and alkalosis.
2.  **Medication Context:** The patient is on lisinopril (an ACE inhibitor), which should theoretically cause potassium retention. The presence of hypokalemia despite this medication strongly points to an overwhelming, intrinsic potassium-wasting mechanism, such as excessive mineralocorticoid activity.
3.  **Symptoms:** The progressive fatigue and muscle cramps are consistent with the effects of hypokalemia.

While the nephrologist will focus on the kidney's role in electrolyte balance and the cardiologist on hypertension management and its cardiovascular sequelae, I want to emphasize that the *endocrine* driver of these electrolyte and blood pressure derangements is the most likely primary issue.

Therefore, I recommend focusing diagnostic efforts on confirming excess aldosterone and its source, as this is the most direct explanation for the observed laboratory abnormalities and clinical presentation.
 Agent 2 (🧑‍⚕️ endocrinologist) -> Agent 3 (👨🏽‍⚕️ cardiologist) : To the Nephrologist:

My expertise as an endocrinologist confirms that the most likely underlying etiology for this patient's severe hypertension and electrolyte derangements is **(A) Aldosterone excess**.

The key evidence pointing to this is the constellation of findings:
*   **Resistant Hypertension:** Blood pressure of 174/111 mmHg despite a three-drug regimen.
*   **Hypokalemia (3.3 mEq/L):** A critical finding, especially in a patient taking lisinopril (an ACE inhibitor that typically *raises* potassium). This suggests a potent kaliuretic effect disproportionate to the ACE inhibitor's action.
*   **Metabolic Alkalosis (HCO3- 33 mEq/L):** Consistent with the hydrogen ion excretion driven by mineralocorticoid excess.
*   **Symptoms:** Fatigue and muscle cramps are classic symptoms of hypokalemia.

Given that you specialize in kidney function and electrolyte imbalances, I wanted to highlight how definitively these findings align with a primary mineralocorticoid excess disorder (like primary hyperaldosteronism). I believe further workup should prioritize confirming and localizing aldosterone excess, as this would be the most direct and actionable diagnosis.
 Agent 3 (👨🏽‍⚕️ cardiologist): 🤐

[INFO] Summary Table
+---------+-----------+-----------+-----------+
|         |  Agent 1  |  Agent 2  |  Agent 3  |
+---------+-----------+-----------+-----------+
| Agent 1 |           | ✋ (1<-2) |           |
|         |           |           |           |
| Agent 2 | ✋ (2->1) |           | ✋ (2->3) |
|         |           |           |           |
| Agent 3 |           | ✋ (3<-2) |           |
+---------+-----------+-----------+-----------+

|_Turn 2
 Agent 1 (👨🏿‍⚕️ nephrologist): 🤐
 Agent 2 (🧑‍⚕️ endocrinologist): 🤐
 Agent 3 (👨🏽‍⚕️ cardiologist): 🤐
 No agents chose to participate in this turn. End this turn.

[INFO] Moderator Consensus Check
 👨‍⚖️ Moderator consensus check: YES

[INFO] Consensus reached! Ending discussion.

[INFO] Step 4. Final Decision
👨‍⚖️  Moderator's final decision: {0.0: "**Final Answer: (A) Aldosterone excess.**\n\nThe multidisciplinary team, including an endocrinologist, nephrologist, and cardiologist, has reached a unanimous conclusion that the most likely underlying etiology of this patient's hypertension is aldosterone excess. The reasoning is supported by the classic triad of findings: resistant hypertension, hypokalemia, and metabolic alkalosis, all of which are characteristic of primary hyperaldosteronism (Conn's syndrome). The team's consensus emphasizes the importance of confirming this diagnosis to address the patient's severe hypertension and associated risks effectively."}

[INFO] API calls for this sample: 19

[INFO] Sample 1 completed successfully