[INFO] Processing sample 41

[INFO] Step 1. Expert Recruitment
Agent 1 (👨🏽‍⚕️ Cardiologist): Focuses on the diagnosis and treatment of heart and blood vessel-related conditions, particularly heart failure and its complications.
Agent 2 (🧑🏽‍⚕️ Nephrologist): Specializes in kidney function and related disorders, including fluid balance and edema.
Agent 3 (🧑‍⚕️ Vascular Surgeon): Focuses on conditions affecting the vascular (arteries and veins) system, including venous insufficiency that can lead to edema.

[INFO] Hierarchy Selection
                   moderator (👨‍⚖️)                                             
           ┌───────────────┴─────────────┬──────────────────────────┐           
  Cardiologist (👨🏽‍⚕️)        Vascular Surgeon (🧑‍⚕️)      Nephrologist (🧑🏽‍⚕️) 


[INFO] Step 2. Initial Opinions
 Agent 1 (👨🏽‍⚕️ cardiologist) : The presentation of the 66-year-old male with a history of myocardial infarction, dyspnea on exertion, elevated jugular venous pressure (JVP), and 2+ pitting edema in the lower extremities is strongly suggestive of heart failure. 

In heart failure, particularly with congestion, there is an increase in capillary hydrostatic pressure due to the heart's inability to effectively pump blood, leading to fluid leaking into the interstitial space. This increase in capillary pressure is what commonly leads to peripheral edema, especially in the lower extremities in this case.

Given these considerations, the most likely explanation for this patient's lower extremity edema is:

(A) Increase in capillary pressure.
 Agent 2 (🧑🏽‍⚕️ nephrologist) : Let's break this down like a team. As a nephrologist, I'm thinking about fluid shifts and what drives them.

Here's my analysis of the patient's presentation and the options:

**Patient Presentation:**

*   **66-year-old male with a history of MI:** This is crucial. Myocardial infarction means his heart isn't pumping efficiently.
*   **Dyspnea on exertion:** This suggests fluid backing up into the lungs, a hallmark of heart failure.
*   **Swollen feet and ankles (2+ pitting edema):** This is fluid accumulating in the interstitial space of his lower extremities.
*   **Elevated JVP (Jugular Venous Pressure):** This indicates increased pressure in the right atrium, which is directly related to impaired cardiac output and fluid overload.

**Understanding Edema:**

Edema, the accumulation of excess fluid in the interstitial space, is governed by Starling forces:

1.  **Capillary Hydrostatic Pressure (or Capillary Pressure):** The pressure pushing fluid out of the capillaries.
2.  **Interstitial Hydrostatic Pressure:** The pressure pushing fluid into the capillaries.
3.  **Plasma Colloid Osmotic Pressure (or Oncotic Pressure):** The pressure drawing fluid into the capillaries, primarily due to plasma proteins (albumin).
4.  **Interstitial Colloid Osmotic Pressure:** The pressure drawing fluid out of the capillaries, due to interstitial proteins.

**Evaluating the Options:**

*   **(A) Increase in capillary pressure:** This is a very strong contender. With a history of MI and likely heart failure, the heart is struggling to pump blood effectively. This leads to a backup of blood in the venous system, increasing pressure within the capillaries (capillary hydrostatic pressure). This increased pressure pushes more fluid out of the capillaries into the interstitial space, causing edema. The elevated JVP directly supports this.

*   **(B) Decrease in plasma proteins:** Conditions like severe liver disease or nephrotic syndrome can lead to a decrease in albumin, reducing plasma colloid osmotic pressure. This would pull less fluid back into the capillaries, contributing to edema. However, the patient's history of MI points more strongly to a cardiac cause. We'd need labs to assess for hypoproteinemia.

*   **(C) Increase in capillary permeability:** This is typically seen in inflammation, allergic reactions, or sepsis. Capillaries become "leaky," allowing proteins and fluid to escape into the interstitial space. While possible, it's not the *most likely* explanation given the cardiac history and elevated JVP.

*   **(D) Increase in colloid osmotic pressure:** This would actually *reduce* edema by pulling more fluid *into* the capillaries. This is the opposite of what's happening.

*   **(E) Increase in interstitial fluid pressure:** This is generally a *consequence* of edema, not a primary cause. As fluid accumulates, the interstitial pressure does increase, which can then create a slight opposing force against further fluid filtration. However, the *initial driver* of the fluid accumulation in this case is likely not an *increase* in interstitial pressure.

**Conclusion:**

Given the patient's history of myocardial infarction, dyspnea on exertion, and elevated JVP, the most likely explanation for his lower extremity edema is **heart failure**. Heart failure leads to a systemic backup of blood, increasing capillary hydrostatic pressure, which drives fluid out of the capillaries into the interstitial space.

Therefore, the most likely explanation for this patient's lower extremity edema is an **increase in capillary pressure**.

The final answer is $\boxed{A}$.
 Agent 3 (🧑‍⚕️ vascular surgeon) : Excellent case presentation. As the vascular surgeon on this team, my initial thought with bilateral lower extremity edema is often chronic venous insufficiency. However, the presence of dyspnea on exertion and an elevated JVP in a patient with a history of MI immediately shifts my focus to a systemic, cardiogenic cause.

Based on the clinical picture, the most likely explanation for this patient's edema is **(A) Increase in capillary pressure**.

Here is my reasoning from a vascular pathophysiology perspective, and how it integrates with what our cardiology colleagues will likely confirm:

1.  **Connecting the Clinical Signs to Pathophysiology:** The patient's history of myocardial infarction is a major risk factor for congestive heart failure (CHF). The dyspnea on exertion suggests left-sided heart failure, while the elevated JVP and peripheral edema are the classic signs of right-sided heart failure. In many cases, left-sided failure leads to right-sided failure.

2.  **The Mechanism of Edema Formation (Starling Forces):**
    *   When the right ventricle fails to pump blood effectively to the lungs, pressure backs up in the systemic venous circulation.
    *   This increased central venous pressure (reflected by the elevated JVP) is transmitted throughout the venous system, all the way down to the capillaries in the lower extremities.
    *   This results in a significant **increase in capillary hydrostatic pressure**. Hydrostatic pressure is the force that pushes fluid *out* of the capillaries and into the interstitial space.
    *   Normally, this outward force is balanced by the plasma colloid osmotic pressure (generated by proteins like albumin), which pulls fluid *into* the capillaries.
    *   In this patient's case, the dramatically increased hydrostatic pressure overwhelms the oncotic pressure, leading to a net movement of fluid out of the vessels and into the tissues, causing the pitting edema observed.

3.  **Evaluating the Other Options:**
    *   **(B) Decrease in plasma proteins:** This would cause edema by lowering colloid osmotic pressure. We would consider this in cases of nephrotic syndrome, severe liver disease, or malnutrition, none of which are suggested by the history.
    *   **(C) Increase in capillary permeability:** This is seen in inflammatory conditions like sepsis, burns, or anaphylaxis. The capillaries become "leaky," allowing both fluid and protein to escape. This doesn't fit the chronic, progressive picture of heart failure.
    *   **(D) Increase in colloid osmotic pressure:** This is incorrect. An *increase* in this pressure would pull more fluid *into* the capillaries and would counteract, not cause, edema.
    *   **(E) Increase in interstitial fluid pressure:** This is a *consequence* of edema, not the primary cause. As fluid accumulates in the interstitium, the pressure there rises, which eventually helps to limit further fluid extravasation.

**My Collaborative Recommendation:**

While the etiology is almost certainly cardiac, it's prudent to rule out any compounding vascular issues. I would recommend compression stockings and leg elevation to help manage the edema symptomatically. If there were any asymmetry, pain, or unilateral swelling, a venous duplex ultrasound to rule out a deep vein thrombosis (DVT) would be essential, but given the symmetric nature, it's less likely.

The primary workup and management, however, fall to our cardiology and primary care team. I would defer to them for an echocardiogram to assess his ejection fraction, BNP levels, and initiation of appropriate therapy, likely including diuretics to reduce the intravascular volume and thereby lower the capillary hydrostatic pressure.

Great case. Please keep me updated on the echo results and his response to diuresis.

[INFO] Step 3. Collaborative Decision Making
== Round 1 ==
[INFO] Participatory Debate
|_Turn 1
 Agent 1 (👨🏽‍⚕️ cardiologist): 🤐
 Agent 2 (🧑🏽‍⚕️ nephrologist) -> Agent 1 (👨🏽‍⚕️ cardiologist) : As a nephrologist, I specialize in fluid balance and kidney function, which are intimately linked to edema formation. While I can assess fluid shifts from a general perspective, the patient's constellation of symptoms—specifically the history of myocardial infarction, dyspnea on exertion, and elevated JVP—strongly points towards a primary cardiac etiology.

**To the Cardiologist:**

I wanted to share my perspective as we consider the cause of this patient's bilateral lower extremity edema. My analysis, focusing on the Starling forces governing fluid exchange, leads me to strongly support **Option (A) Increase in capillary pressure** as the most likely explanation.

Given the patient's history of myocardial infarction, it's highly probable he has developed heart failure. Impaired cardiac output, whether from left or right ventricular dysfunction, leads to a backup of blood in the venous system. This systemic venous congestion directly translates to elevated pressure within the capillaries, particularly in dependent areas like the lower extremities. This increased capillary hydrostatic pressure is the driving force that pushes excess fluid from the vasculature into the interstitial space, manifesting as the observed edema. The elevated JVP is a critical sign supporting this increased systemic venous pressure.

While other causes of edema exist, such as decreased plasma proteins (a nephrologic or hepatic issue) or increased capillary permeability (inflammatory/allergic), the patient's specific cardiac history and signs of volume overload (dyspnea, JVP) make the cardiogenic explanation far more compelling.

I believe focusing our diagnostic and therapeutic efforts on confirming and managing heart failure is paramount, and the initial management should likely involve diuresis to reduce this elevated capillary pressure.
 Agent 2 (🧑🏽‍⚕️ nephrologist) -> Agent 3 (🧑‍⚕️ vascular surgeon) : **To the Vascular Surgeon:**

From my perspective as a nephrologist specializing in fluid balance, the patient's presentation—specifically the history of myocardial infarction, dyspnea on exertion, and elevated JVP alongside bilateral lower extremity edema—strongly suggests a systemic cause for the edema, rather than a primary vascular issue like chronic venous insufficiency.

My analysis of the Starling forces points to **Option (A) Increase in capillary pressure** as the most probable culprit. In the context of likely heart failure secondary to the MI, impaired cardiac pumping leads to increased central venous pressure. This venous congestion transmits to the capillaries, elevating capillary hydrostatic pressure and forcing fluid into the interstitial space.

While I always consider venous stasis as a potential contributor to lower extremity edema, the systemic signs (elevated JVP, dyspnea) in this particular patient make a cardiogenic cause of increased capillary pressure far more likely than isolated venous insufficiency.

I'm confident that the elevated capillary pressure due to cardiac decompensation is the primary driver here. I look forward to your confirmation from a vascular perspective and your input on any complementary vascular management strategies.
 Agent 3 (🧑‍⚕️ vascular surgeon): 🤐

[INFO] Summary Table
+---------+-----------+-----------+-----------+
|         |  Agent 1  |  Agent 2  |  Agent 3  |
+---------+-----------+-----------+-----------+
| Agent 1 |           | ✋ (1<-2) |           |
|         |           |           |           |
| Agent 2 | ✋ (2->1) |           | ✋ (2->3) |
|         |           |           |           |
| Agent 3 |           | ✋ (3<-2) |           |
+---------+-----------+-----------+-----------+

|_Turn 2
 Agent 1 (👨🏽‍⚕️ cardiologist): 🤐
 Agent 2 (🧑🏽‍⚕️ nephrologist): 🤐
 Agent 3 (🧑‍⚕️ vascular surgeon): 🤐
 No agents chose to participate in this turn. End this turn.

[INFO] Moderator Consensus Check
 👨‍⚖️ Moderator consensus check: YES

[INFO] Consensus reached! Ending discussion.

[INFO] Step 4. Final Decision
👨‍⚖️  Moderator's final decision: {0.0: "The most likely explanation for this patient's lower extremity edema is **(A) Increase in capillary pressure**. \n\nThis conclusion is supported by a strong consensus among the multidisciplinary team, including the cardiologist, nephrologist, and vascular surgeon. The patient's history of myocardial infarction and current symptoms of dyspnea on exertion, elevated jugular venous pressure (JVP), and bilateral lower extremity edema indicate a cardiogenic cause. The elevated JVP suggests increased central venous pressure, which leads to increased capillary hydrostatic pressure, resulting in fluid leakage into the interstitial space and causing edema. \n\nThe team's reasoning aligns with the pathophysiology of heart failure, confirming that the primary mechanism driving the edema is indeed an increase in capillary pressure due to impaired cardiac function."}

[INFO] API calls for this sample: 19

[INFO] Sample 41 completed successfully