[INFO] Processing sample 10

[INFO] Step 1. Expert Recruitment
Agent 1 (👨🏽‍⚕️ Trauma Surgeon): Specializes in the surgical treatment of traumatic injuries and urgent surgical interventions.
Agent 2 (🧑‍⚕️ Emergency Medicine Physician): Focuses on the immediate evaluation and treatment of acutely ill or injured patients.
Agent 3 (🧑🏿‍⚕️ Radiologist): Specializes in interpreting medical images, including CT scans and ultrasounds, to assist in diagnosing conditions.

[INFO] Hierarchy Selection
                 moderator (👨‍⚖️)                                                   
          ┌──────────────┴────────────────┐                                         
 Radiologist (🧑🏿‍⚕️)           Trauma Surgeon (👨🏽‍⚕️)                               
                                    └──────────────────────┐                        
                                          Emergency Medicine Physician (🧑‍⚕️)       


[INFO] Step 2. Initial Opinions
 Agent 1 (👨🏽‍⚕️ trauma surgeon) : Given the clinical presentation of the 26-year-old man, he exhibits signs of hypovolemic shock (low blood pressure, high heart rate) and significant abdominal pain with physical exam findings consistent with peritonitis (rigidity, guarding, tenderness). The bedside sonography indicating hemoperitoneum suggests abdominal bleeding, likely from a solid organ injury, particularly given the history of a motor vehicle accident.

His condition is deteriorating despite fluid resuscitation, which is concerning for significant internal bleeding that may require urgent surgical intervention. 

In this scenario, the most appropriate next step is (E) Exploratory laparotomy. This surgical approach is necessary to surgically address the source of hemorrhage and to manage any intra-abdominal injuries effectively. Time is a critical factor due to the patient's worsening status, and an exploratory laparotomy allows for direct evaluation and treatment of the underlying causes of his symptoms and hemodynamic instability.
 Agent 2 (🧑‍⚕️ emergency medicine physician) : The patient presents with signs and symptoms highly suggestive of intra-abdominal hemorrhage, likely from trauma. He is hemodynamically unstable, with worsening hypotension and tachycardia, despite fluid resuscitation. The presence of hemoperitoneum on bedside sonography confirms bleeding. In this scenario, the immediate priority is to address the life-threatening hemorrhage.

Here's a breakdown of why the other options are less appropriate:

*   **(D) Abdominal plain film:** While useful for some abdominal pathologies, plain films are not sensitive for detecting active intra-abdominal bleeding and would delay definitive management.
*   **(B) CT abdomen and pelvis:** A CT scan would be useful in identifying the source of bleeding in a stable patient. However, this patient is actively deteriorating hemodynamically, and transferring him to the CT scanner would delay definitive surgical management and carries the risk of further decompensation.
*   **(A) Normal saline bolus and re-evaluation of hemodynamics after infusion:** While fluid resuscitation is crucial, the patient is showing a poor response, indicating that simple fluid boluses are insufficient to maintain perfusion. The ongoing hemorrhage requires definitive intervention.
*   **(C) Morphine:** Pain management is important, but administering opioids in a hypotensive and tachycardic patient can further depress blood pressure and should not be the immediate priority over addressing the life-threatening bleeding.

**(E) Exploratory laparotomy:** Given the patient's persistent hypotension, tachycardia, abdominal rigidity, guarding, and confirmed hemoperitoneum in the setting of trauma, the most appropriate next step is immediate surgical exploration to identify and control the source of bleeding. This is a life-saving intervention for actively hemorrhaging trauma patients.

The final answer is $\boxed{E}$.
 Agent 3 (🧑🏿‍⚕️ radiologist) : Excellent question. As the radiologist on this trauma team, my role is to interpret the imaging findings and help guide the next steps in management. Based on the information provided, here is my analysis and recommendation:

**Analysis of the Case:**

This patient presents with a classic picture of a life-threatening intra-abdominal hemorrhage following blunt trauma.

1.  **Mechanism and Symptoms:** A high-impact mechanism (motor vehicle accident) coupled with severe, localized left upper quadrant pain is highly suspicious for a solid organ injury, most commonly the spleen.
2.  **Physical Exam:** The findings of rigidity and guarding are signs of peritonitis, indicating significant irritation of the peritoneum, in this case by a large volume of blood.
3.  **Imaging:** The bedside sonography (FAST - Focused Assessment with Sonography in Trauma) is positive for hemoperitoneum. This is a critical finding. The FAST exam is designed to answer one simple question in this setting: "Is there free fluid (blood) in the peritoneum?" In this case, the answer is yes.
4.  **Hemodynamics:** This is the most crucial element. The patient is in Class IV hemorrhagic shock. He presented tachycardic and hypotensive, and despite initial fluid resuscitation, he has become profoundly unstable (BP 82/50 mmHg, HR 180 bpm). This indicates massive, ongoing bleeding that is outpacing resuscitation efforts.

**Evaluation of the Options:**

*   **(A) Normal saline bolus and re-evaluation:** This has already been attempted, and the patient's condition has deteriorated. Continuing with crystalloid fluids alone is futile and can worsen coagulopathy. The patient needs blood products and, more importantly, definitive control of the bleeding source.
*   **(B) CT abdomen and pelvis:** **This is contraindicated.** While a CT scan is the gold standard for identifying and grading specific organ injuries in a *hemodynamically stable* trauma patient, this patient is unstable. Transporting him to the CT scanner would cause a critical delay in definitive treatment and poses a significant risk of cardiac arrest in the scanner, away from the full resources of the trauma bay or operating room. The FAST exam has already provided the necessary information to make a life-saving decision.
*   **(C) Morphine:** Administering morphine, a potent vasodilator and respiratory depressant, to a patient in profound hemorrhagic shock would likely cause further cardiovascular collapse. Pain control is secondary to life-saving resuscitation and surgical intervention.
*   **(D) Abdominal plain film:** This imaging modality has virtually no role in diagnosing solid organ injury or hemoperitoneum in blunt trauma. It would be a waste of critical time.

**Conclusion and Recommendation:**

The combination of hemodynamic instability and a positive FAST exam for hemoperitoneum is an absolute indication for immediate surgical intervention. We have already established that there is life-threatening bleeding in the abdomen; the next step is not to further define the injury with more imaging, but to stop the bleeding.

Therefore, the best next step is:

** (E) Exploratory laparotomy**

This is a surgical emergency. The patient needs to be taken directly to the operating room for the surgeons to find and control the source of the hemorrhage. Any other action would dangerously delay definitive care.

[INFO] Step 3. Collaborative Decision Making
== Round 1 ==
[INFO] Participatory Debate
|_Turn 1
 Agent 1 (👨🏽‍⚕️ trauma surgeon): 🤐
 Agent 2 (🧑‍⚕️ emergency medicine physician) -> Agent 1 (👨🏽‍⚕️ trauma surgeon) : To the Trauma Surgeon:

This patient is profoundly hypotensive (BP 82/50) and tachycardic (HR 180) despite fluid resuscitation, with a positive FAST exam for hemoperitoneum and signs of peritonitis. This clinical picture represents Class IV hemorrhagic shock from intra-abdominal bleeding. Further imaging like CT is contraindicated due to instability, and continued fluid resuscitation alone is insufficient. Therefore, immediate **(E) Exploratory laparotomy** is the only life-saving intervention.
 Agent 3 (🧑🏿‍⚕️ radiologist): 🤐

[INFO] Summary Table
+---------+-----------+-----------+---------+
|         |  Agent 1  |  Agent 2  | Agent 3 |
+---------+-----------+-----------+---------+
| Agent 1 |           | ✋ (1<-2) |         |
|         |           |           |         |
| Agent 2 | ✋ (2->1) |           |         |
|         |           |           |         |
| Agent 3 |           |           |         |
+---------+-----------+-----------+---------+

|_Turn 2
 Agent 1 (👨🏽‍⚕️ trauma surgeon): 🤐
 Agent 2 (🧑‍⚕️ emergency medicine physician): 🤐
 Agent 3 (🧑🏿‍⚕️ radiologist): 🤐
 No agents chose to participate in this turn. End this turn.

[INFO] Moderator Consensus Check
 👨‍⚖️ Moderator consensus check: YES

[INFO] Consensus reached! Ending discussion.

[INFO] Step 4. Final Decision
👨‍⚖️  Moderator's final decision: {0.0: "**Final Answer: (E) Exploratory laparotomy.**\n\nThe unanimous consensus among the trauma surgeon, emergency medicine physician, and radiologist is clear and well-reasoned. The patient is in profound hemorrhagic shock with signs of significant internal bleeding, as indicated by the positive FAST exam for hemoperitoneum and the clinical signs of peritonitis. Given the patient's hemodynamic instability and the failure of fluid resuscitation, immediate surgical intervention is necessary to control the source of bleeding. Further imaging or conservative measures would only delay critical treatment and pose a risk to the patient's life. Therefore, the best next step is indeed exploratory laparotomy."}

[INFO] API calls for this sample: 18

[INFO] Sample 10 completed successfully