[INFO] Processing sample 27

[INFO] Step 1. Expert Recruitment
Agent 1 (🧑🏽‍⚕️ Rheumatologist): Specializes in the diagnosis and treatment of musculoskeletal diseases and autoimmune conditions such as sarcoidosis.
Agent 2 (🧑🏿‍⚕️ Radiologist): Focuses on interpreting medical images and determining the best imaging modality for diagnosis.
Agent 3 (👨‍⚕️ Orthopedic Surgeon): Specializes in the diagnosis and surgical treatment of conditions related to bones and joints.

[INFO] Hierarchy Selection
                 moderator (👨‍⚖️)                                         
          ┌──────────────┴────────────────┐                               
 Radiologist (🧑🏿‍⚕️)           Rheumatologist (🧑🏽‍⚕️)                     
                                    └─────────────────┐                   
                                          Orthopedic Surgeon (👨‍⚕️)       


[INFO] Step 2. Initial Opinions
 Agent 1 (🧑🏽‍⚕️ rheumatologist) : In this clinical scenario, the differential diagnosis for the patient's hip pain could include inflammatory conditions such as sarcoidosis-related arthritis, infection such as septic arthritis, or other causes such as osteonecrosis or avascular necrosis, particularly considering her background with sarcoidosis.

Among the imaging options provided, an MRI of the hip (Option B) is the most sensitive test for assessing conditions such as osteonecrosis, which can occur in patients with sarcoidosis due to corticosteroid use or the disease itself. MRI can also detect bone marrow edema and early signs of inflammation that other imaging modalities may miss.

Therefore, the most sensitive test for this condition is **(B) MRI of the hip**.
 Agent 2 (🧑🏿‍⚕️ radiologist) : The patient presents with subacute hip pain, and a history of sarcoidosis. Sarcoidosis can affect the musculoskeletal system, causing inflammatory arthritis. Given the subacute nature of the pain and the potential for osseous involvement or synovitis, advanced imaging is warranted to assess the hip joint and surrounding structures.

Let's consider the options:

*   **(C) Radiograph of the hip:** While initial radiographs are often the first step in evaluating hip pain, they may not be sensitive for early inflammatory changes or soft tissue abnormalities. In the context of sarcoidosis, early osseous involvement or synovitis might not be apparent on plain films.

*   **(B) MRI of the hip:** MRI is highly sensitive for detecting inflammation of the synovium (synovitis), bone marrow edema (osteitis), and effusions within the hip joint. It can also evaluate surrounding soft tissues, including muscles and tendons, for inflammation or other pathology. Given the patient's history of sarcoidosis and the presentation of progressive hip pain, MRI is excellent for characterizing inflammatory processes.

*   **(E) Ultrasound of the hip:** Ultrasound is good for evaluating superficial structures and fluid collections. It can be useful for assessing synovitis and effusions, but it has limitations in visualizing deeper bone and marrow. While it can be a useful adjunct, it's generally less comprehensive than MRI for evaluating the entire hip joint and surrounding bone in this context.

*   **(D) Radionuclide scan of the hip:** Radionuclide scans (bone scans) can detect areas of increased bone turnover, which can be indicative of inflammation or osseous lesions. However, they are not specific and can be positive in various conditions, including infection, fracture, and metastatic disease. While it might show increased uptake in the hip, it won't provide the detailed anatomical information that MRI can.

*   **(A) CT of the hip:** CT is excellent for visualizing bone detail and is superior to radiographs for detecting subtle fractures or bony erosions. However, it is less sensitive than MRI for evaluating soft tissues and early inflammatory changes within the bone marrow.

Considering the patient's sarcoidosis, which can cause a spectrum of musculoskeletal manifestations including synovitis and osteitis, **MRI of the hip** is the most sensitive imaging modality for detecting these inflammatory processes and providing detailed anatomical information. It will allow for characterization of any synovitis, bone marrow edema, or other inflammatory changes that might be contributing to her hip pain.

The final answer is $\boxed{B}$.
 Agent 3 (👨‍⚕️ orthopedic surgeon) : Excellent case, team. Let's discuss this patient.

Based on the presentation, my primary concern is **Avascular Necrosis (AVN)**, also known as osteonecrosis, of the femoral head.

Here's my reasoning:

1.  **Risk Factors:** The patient has a recent diagnosis of sarcoidosis. While sarcoidosis itself is a rare risk factor for AVN, the cornerstone of treatment for symptomatic sarcoidosis is systemic corticosteroids. Glucocorticoid use is the most common non-traumatic cause of AVN. This is a major red flag in her history.
2.  **Clinical Presentation:** She presents with progressive, non-traumatic groin and hip pain. This is the classic presentation for symptomatic AVN of the hip. The pain is often insidious at first and worsens with weight-bearing.
3.  **Physical Exam:** The finding of pain with manipulation but a preserved range of motion is highly suggestive of an intraosseous pathology (a problem within the bone itself) rather than an intra-articular one like septic arthritis or advanced osteoarthritis, which would typically cause significant stiffness and restricted motion.

Now, to address the question of the most sensitive diagnostic test for this suspected condition. Let's evaluate the options:

*   **(C) Radiograph of the hip:** This is always our initial imaging study for hip pain. However, in the early stages of AVN (Ficat-Arlet stages I and even II), plain radiographs are notoriously insensitive and may appear completely normal. Changes like sclerosis, subchondral lucency (the "crescent sign"), and eventual femoral head collapse only become visible later in the disease process.
*   **(A) CT of the hip:** A CT scan is better than a plain radiograph for delineating bony architecture and can be helpful in staging later-stage disease, especially for assessing the extent of subchondral collapse. However, it is not the most sensitive test for detecting the early marrow edema and ischemia that characterize AVN.
*   **(E) Ultrasound of the hip:** Ultrasound is excellent for evaluating soft tissues and detecting joint effusions but cannot visualize the bone marrow of the femoral head. It has no role in the primary diagnosis of AVN.
*   **(D) Radionuclide scan of the hip:** A technetium bone scan is more sensitive than a plain radiograph and was historically used. It typically shows a "cold spot" (photopenic area) early on, followed by a "hot spot" as revascularization is attempted. However, it is not very specific and has been largely superseded by MRI due to MRI's superior resolution and specificity.

*   **(B) MRI of the hip:** This is the gold standard and the **most sensitive and specific** imaging modality for diagnosing early-stage avascular necrosis. MRI can detect changes in the bone marrow signal intensity long before any structural changes are visible on radiographs or CT. The characteristic finding on a T1-weighted image is a band of low signal intensity outlining the necrotic segment of the femoral head.

**Conclusion:**

Given my strong suspicion for early avascular necrosis, the most sensitive test to confirm the diagnosis is **(B) MRI of the hip**. It will allow us to confirm the diagnosis, determine the size and location of the lesion, and stage the disease, which is critical for guiding our treatment plan. I would recommend ordering a non-contrast MRI of both hips, as AVN is bilateral in over 50% of cases.

[INFO] Step 3. Collaborative Decision Making
== Round 1 ==
[INFO] Participatory Debate
|_Turn 1
 Agent 1 (🧑🏽‍⚕️ rheumatologist): 🤐
 Agent 2 (🧑🏿‍⚕️ radiologist) -> Agent 1 (🧑🏽‍⚕️ rheumatologist) : To the Rheumatologist:

My expertise is in interpreting medical images to determine the best imaging modality for diagnosis. Based on the presented clinical scenario of a 39-year-old African-American woman with progressive hip pain, a history of newly diagnosed sarcoidosis, and findings of pain with manipulation but no restriction of range of motion, I strongly advocate for **(B) MRI of the hip** as the most sensitive test.

My reasoning is that MRI offers superior visualization of early inflammatory changes in the bone marrow and synovium, which are crucial for diagnosing conditions like osteitis or synovitis associated with sarcoidosis. Furthermore, MRI is highly sensitive for detecting early-stage avascular necrosis (AVN), a significant concern given the common treatment of sarcoidosis with corticosteroids, which is a known risk factor for AVN. Radiographs are often insensitive in the early stages of both inflammatory arthropathies and AVN, while CT and ultrasound have limitations in comprehensively evaluating the bone marrow and soft tissues in this context. Therefore, MRI provides the most comprehensive and sensitive assessment for this patient's presentation.
 Agent 3 (👨‍⚕️ orthopedic surgeon): 🤐

[INFO] Summary Table
+---------+-----------+-----------+---------+
|         |  Agent 1  |  Agent 2  | Agent 3 |
+---------+-----------+-----------+---------+
| Agent 1 |           | ✋ (1<-2) |         |
|         |           |           |         |
| Agent 2 | ✋ (2->1) |           |         |
|         |           |           |         |
| Agent 3 |           |           |         |
+---------+-----------+-----------+---------+

|_Turn 2
 Agent 1 (🧑🏽‍⚕️ rheumatologist): 🤐
 Agent 2 (🧑🏿‍⚕️ radiologist): 🤐
 Agent 3 (👨‍⚕️ orthopedic surgeon): 🤐
 No agents chose to participate in this turn. End this turn.

[INFO] Moderator Consensus Check
 👨‍⚖️ Moderator consensus check: YES

[INFO] Consensus reached! Ending discussion.

[INFO] Step 4. Final Decision
👨‍⚖️  Moderator's final decision: {0.0: "Based on the thorough discussion and consensus reached among the multidisciplinary team, the final answer to the question regarding the most sensitive test for the condition presented in this case is **(B) MRI of the hip**. \n\nThe reasoning provided by the rheumatologist, radiologist, and orthopedic surgeon highlights the importance of MRI in detecting early inflammatory changes, bone marrow edema, and conditions such as avascular necrosis (AVN), particularly in the context of the patient's history of sarcoidosis and potential corticosteroid use. All experts agree that MRI is superior to other imaging modalities in this scenario, making it the most appropriate choice for diagnosis. \n\nTherefore, the final decision is: **(B) MRI of the hip**."}

[INFO] API calls for this sample: 18

[INFO] Sample 27 completed successfully