[INFO] Processing sample 22

[INFO] Step 1. Expert Recruitment
Agent 1 (👨🏿‍⚕️ Cardiologist): Focuses on the diagnosis and treatment of heart and vascular diseases, including peripheral artery disease.
Agent 2 (👨🏻‍⚕️ Pharmacologist): Specializes in the mechanisms of drug action and therapeutic use of medications.
Agent 3 (👨🏽‍⚕️ Vascular Surgeon): Specializes in the surgical treatment of conditions affecting the vascular system, including peripheral artery disease.

[INFO] Hierarchy Selection
                   moderator (👨‍⚖️)                                                 
           ┌───────────────┴──────────────┬────────────────────────────┐            
  Cardiologist (👨🏿‍⚕️)         Vascular Surgeon (👨🏽‍⚕️)      Pharmacologist (👨🏻‍⚕️) 


[INFO] Step 2. Initial Opinions
 Agent 1 (👨🏿‍⚕️ cardiologist) : Cilostazol is a medication that primarily works as a phosphodiesterase inhibitor (option E). It specifically inhibits phosphodiesterase type 3 (PDE3), leading to increased levels of cyclic adenosine monophosphate (cAMP) within platelets and vascular smooth muscle cells. This mechanism helps improve blood flow by causing vasodilation and by reducing platelet aggregation, which is beneficial in managing symptoms of intermittent claudication related to peripheral artery disease. Therefore, the correct answer is:

(E) Phosphodiesterase inhibitor.
 Agent 2 (👨🏻‍⚕️ pharmacologist) : This is a classic presentation of intermittent claudication due to peripheral artery disease. The physician has correctly prescribed cilostazol to manage the symptoms. Let's break down why:

**Understanding the Problem: Peripheral Artery Disease (PAD) and Intermittent Claudication**

In PAD, the arteries in the legs become narrowed or blocked, usually by atherosclerosis. This restricts blood flow to the leg muscles. During exercise, these muscles need more oxygen and nutrients. When blood flow is insufficient, it leads to cramping pain, known as intermittent claudication.

**Understanding the Medication: Cilostazol**

Cilostazol is a medication specifically used to treat the symptoms of intermittent claudication in patients with PAD. Its mechanism of action is key to its therapeutic effect.

**Analyzing the Options:**

*   **(A) Irreversible cyclooxygenase inhibitor:** This class includes medications like aspirin. While aspirin is used in PAD to prevent blood clots, it doesn't directly address the symptoms of claudication in the same way cilostazol does.
*   **(B) Glycoprotein IIB/IIIA inhibitor:** These are potent antiplatelet drugs (e.g., abciximab, eptifibatide, tirofiban) primarily used in acute coronary syndromes and percutaneous coronary interventions. They are not the first-line treatment for intermittent claudication.
*   **(C) Thromboxane synthase inhibitor:** These drugs inhibit the production of thromboxane A2, a substance that promotes platelet aggregation and vasoconstriction. While related to vascular health, this is not the primary mechanism of cilostazol.
*   **(D) Adenosine diphosphate receptor inhibitor:** This class includes medications like clopidogrel and prasugrel. Like aspirin, they are antiplatelet agents used for cardiovascular prevention but don't directly alleviate claudication symptoms through vasodilation.
*   **(E) Phosphodiesterase inhibitor:** This is the correct mechanism for cilostazol.

**The Mechanism of Cilostazol: Phosphodiesterase Inhibition**

Cilostazol is a selective inhibitor of phosphodiesterase type 3 (PDE3). PDE3 is an enzyme found in vascular smooth muscle cells and platelets. By inhibiting PDE3, cilostazol leads to:

1.  **Increased intracellular cyclic adenosine monophosphate (cAMP) levels:** cAMP has vasodilatory effects on blood vessels, meaning it helps to relax and widen them. This improved blood flow to the legs can alleviate the ischemic pain during walking.
2.  **Inhibition of platelet aggregation:** Increased cAMP also reduces the tendency of platelets to clump together, which can help prevent further clot formation within the already narrowed arteries.

**Therefore, the mechanism of action of cilostazol is as a phosphodiesterase inhibitor.**

The final answer is $\boxed{E}$.
 Agent 3 (👨🏽‍⚕️ vascular surgeon) : Excellent case presentation. This is a very common and classic scenario we encounter in the vascular clinic. The patient's history of smoking is a major risk factor, and his symptoms of calf pain with exertion that resolves with rest are the hallmark of intermittent claudication due to peripheral artery disease (PAD).

The decision to start cilostazol for symptomatic relief is a standard approach, especially when combined with risk factor modification and an exercise program.

Regarding the question about its mechanism of action, the correct answer is **(E) Phosphodiesterase inhibitor**.

Here’s a breakdown from my perspective as a vascular surgeon:

Cilostazol is a selective inhibitor of **phosphodiesterase type 3 (PDE3)**. Here's why that's important for this patient:

1.  **Vasodilation:** By inhibiting PDE3 in vascular smooth muscle cells, cilostazol prevents the breakdown of cyclic AMP (cAMP). Increased levels of cAMP lead to smooth muscle relaxation and, consequently, vasodilation. This helps to increase blood flow to the extremities, which can alleviate the ischemic pain of claudication.
2.  **Antiplatelet Effect:** Cilostazol also has a reversible antiplatelet effect, again by increasing cAMP within platelets. This inhibits platelet aggregation.

This dual mechanism of vasodilation and platelet inhibition is what makes cilostazol effective in increasing the pain-free walking distance for patients with intermittent claudication.

Let's briefly review why the other options are incorrect:

*   **(A) Irreversible cyclooxygenase inhibitor:** This describes **aspirin**. We use aspirin routinely in our PAD patients, but its primary role is for secondary prevention of major adverse cardiovascular events (like heart attack and stroke), not for direct relief of claudication symptoms.
*   **(B) Glycoprotein IIB/IIIA inhibitor:** These are potent, intravenous antiplatelet agents (e.g., abciximab, tirofiban) used in acute coronary syndromes, typically during cardiac catheterization. They are not used for chronic management of PAD.
*   **(D) Adenosine diphosphate (ADP) receptor inhibitor:** This is the mechanism for drugs like **clopidogrel**. Similar to aspirin, we use clopidogrel frequently in PAD patients for secondary prevention, especially if they are aspirin-intolerant or after an endovascular or surgical procedure. It is not, however, indicated specifically for improving claudication symptoms.
*   **(C) Thromboxane synthase inhibitor:** While this would also have an antiplatelet effect, it is not the mechanism of cilostazol.

It is also crucial to remember that cilostazol has a black box warning and is **contraindicated in patients with heart failure of any severity**, as other PDE3 inhibitors have been shown to increase mortality in this population.

In summary, cilostazol's role as a phosphodiesterase inhibitor provides the vasodilatory and antiplatelet effects that directly address the pathophysiology of intermittent claudication. It's an important tool in our medical armamentarium, complementing the cornerstones of PAD management: supervised exercise therapy and aggressive risk factor modification.

[INFO] Step 3. Collaborative Decision Making
== Round 1 ==
[INFO] Participatory Debate
|_Turn 1
 Agent 1 (👨🏿‍⚕️ cardiologist): 🤐
 Agent 2 (👨🏻‍⚕️ pharmacologist): 🤐
 Agent 3 (👨🏽‍⚕️ vascular surgeon): 🤐
 No agents chose to participate in this turn. End this turn.
 No agents chose to participate in this round. End this round.

[INFO] Step 4. Final Decision
👨‍⚖️  Moderator's final decision: {0.0: 'Based on the thorough discussion and consensus among the experts, the final answer to the question regarding the mechanism of action of cilostazol is:\n\n(E) Phosphodiesterase inhibitor.\n\nAll experts agreed on this mechanism, providing detailed explanations of how cilostazol works by inhibiting phosphodiesterase type 3 (PDE3), leading to increased levels of cyclic adenosine monophosphate (cAMP) in vascular smooth muscle and platelets. This results in vasodilation and reduced platelet aggregation, which are beneficial for patients with intermittent claudication due to peripheral artery disease.'}

[INFO] API calls for this sample: 9

[INFO] Sample 22 completed successfully