[INFO] Processing sample 15

[INFO] Step 1. Expert Recruitment
Agent 1 (🧑🏿‍⚕️ Pediatric Hematologist): Specializes in blood disorders in children and adolescents, particularly in the evaluation of anemias.
Agent 2 (👨🏻‍⚕️ Pediatric Gastroenterologist): Focuses on gastrointestinal disorders in children, including complications of gallstones.
Agent 3 (👨🏿‍⚕️ Pediatrician): Generalist in medical care for infants, children, and adolescents who can provide overall health context and evaluate growth and development.

[INFO] Hierarchy Selection
                              moderator (👨‍⚖️)                                           
                ┌────────────────────┴───────────────────────┐                           
  Pediatric Hematologist (🧑🏿‍⚕️)            Pediatric Gastroenterologist (👨🏻‍⚕️)         
                                                    └───────────────┐                    
                                                           Pediatrician (👨🏿‍⚕️)          


[INFO] Step 2. Initial Opinions
 Agent 1 (🧑🏿‍⚕️ pediatric hematologist) : In this clinical scenario, the key findings suggest a diagnosis of hereditary spherocytosis, a common hereditary hemolytic anemia characterized by the presence of spherocytes in the blood. The patient's symptoms, laboratory findings of normocytic anemia with reticulocytosis, indirect hyperbilirubinemia, negative Coombs test, and increased osmotic fragility all point towards this condition.

Given this context, if a blood smear were obtained, the most likely findings would be:

(D) Spherocytes
 Agent 2 (👨🏻‍⚕️ pediatric gastroenterologist) : The patient's presentation of right upper quadrant abdominal pain and a gallstone in a 14-year-old boy, coupled with laboratory findings of mild normocytic anemia with reticulocytosis and increased RDW, indirect hyperbilirubinemia, and a negative Coombs test, strongly suggests a hemolytic anemia as the underlying cause of the gallstone formation. The subsequent positive osmotic fragility test, showing increased fragility in hypotonic solution, is highly suggestive of hereditary spherocytosis.

Let's analyze the options in the context of hereditary spherocytosis:

*   **(B) Schistocytes:** Schistocytes are fragmented red blood cells typically seen in microangiopathic hemolytic anemias (e.g., DIC, TTP, HUS). This is not characteristic of hereditary spherocytosis.
*   **(C) Sideroblasts:** Sideroblasts are nucleated red blood cell precursors containing excess iron granules. They are found in the bone marrow and are characteristic of sideroblastic anemias, not hereditary spherocytosis.
*   **(D) Spherocytes:** Spherocytes are small, dense red blood cells that lack the central pallor seen in normal erythrocytes. They are the hallmark of hereditary spherocytosis. In this condition, a genetic defect in the red blood cell membrane proteins leads to the formation of spheres that are more fragile and are prematurely destroyed in the spleen, causing hemolytic anemia. The increased osmotic fragility seen in the test directly supports the presence of spherocytes.
*   **(E) Dacrocytes:** Dacrocytes, or tear-drop cells, are typically seen in myelofibrosis or other bone marrow infiltration disorders, where they represent abnormal red blood cell shapes due to extramedullary hematopoiesis. They are not characteristic of hereditary spherocytosis.
*   **(A) Hypersegmented neutrophils:** Hypersegmented neutrophils are seen in megaloblastic anemias, such as vitamin B12 or folate deficiency. This is unrelated to hereditary spherocytosis.

Therefore, given the clinical picture and the results of the diagnostic tests, the most likely finding on a blood smear would be spherocytes.

The final answer is $\boxed{D}$.
 Agent 3 (👨🏿‍⚕️ pediatrician) : Excellent case presentation. This is a classic picture that we often see in pediatric hematology, and it's a great example of how a common pediatric complaint like abdominal pain can lead us to an underlying genetic condition.

Let's break this down as a team.

The correct answer is **(D) Spherocytes**.

### Rationale:

1.  **Initial Clue (The Gallstone):** The first major clue is a 14-year-old boy with gallstones. In the pediatric population, especially in a male without significant risk factors like obesity, we must have a high index of suspicion for a chronic hemolytic anemia. The gallstones are typically pigment stones, formed from the excess bilirubin produced by the constant breakdown of red blood cells.

2.  **Evaluating the Hemolysis:** The lab work confirms our suspicion of hemolysis and helps us narrow down the cause:
    *   **Anemia with Reticulocytosis:** The patient has a mild normocytic anemia, but the bone marrow is responding appropriately by pumping out new, young red blood cells (reticulocytes). This "compensated" or "partially compensated" state is classic for chronic hemolysis.
    *   **Indirect Hyperbilirubinemia:** This is the direct result of red blood cell breakdown (hemolysis). The liver's conjugation pathway is overwhelmed by the sheer volume of heme being processed, leading to a buildup of unconjugated (indirect) bilirubin.
    *   **Negative Coombs Test:** This is a critical piece of the puzzle. It effectively rules out an autoimmune cause for the hemolysis, pushing us toward an intrinsic red blood cell defect.

3.  **Confirming the Specific Defect:**
    *   **Osmotic Fragility Test:** This test is the key to the diagnosis. It reveals that the patient's red blood cells are abnormally fragile and lyse easily in a hypotonic solution. This is the hallmark of **Hereditary Spherocytosis (HS)**. In HS, genetic defects in membrane proteins (like spectrin or ankyrin) cause the red blood cell to lose its flexible, biconcave shape and become a sphere. This spherical shape has a lower surface-area-to-volume ratio, making it rigid and unable to swell, thus "failing" the osmotic fragility test.

4.  **Connecting to the Blood Smear:**
    *   Given the confirmed diagnosis of Hereditary Spherocytosis, the expected finding on a peripheral blood smear is **spherocytes**. These are small, dense (hyperchromic) red blood cells that lack the central area of pallor seen in normal biconcave discs. It's this very shape that makes them prone to being trapped and destroyed by macrophages in the spleen (extravascular hemolysis), causing the anemia and splenomegaly often seen in these patients. The increased RDW is also explained by the presence of both the small spherocytes and the larger, newly-released reticulocytes.

### Why the Other Options are Incorrect:

*   **(A) Hypersegmented neutrophils:** Seen in megaloblastic anemias (B12/folate deficiency), which are characterized by macrocytic (high MCV) anemia, not normocytic anemia with hemolysis.
*   **(B) Schistocytes:** These are fragmented RBCs, indicating intravascular hemolysis from mechanical shearing (e.g., in HUS, TTP, or with a defective heart valve). This patient's picture points more toward extravascular hemolysis.
*   **(C) Sideroblasts:** These are found in the bone marrow, not typically on a peripheral smear, and are associated with disorders of heme synthesis, which present differently.
*   **(E) Dacrocytes (Teardrop cells):** These suggest an issue with the bone marrow itself, such as myelofibrosis, where cells are "squeezed" out. This doesn't fit the clinical picture of a congenital hemolytic anemia.

In summary, the constellation of findings—pigment gallstones in an adolescent, evidence of non-autoimmune extravascular hemolysis, and a positive osmotic fragility test—points definitively to Hereditary Spherocytosis. The pathognomonic finding for this condition on a blood smear is the spherocyte.

[INFO] Step 3. Collaborative Decision Making
== Round 1 ==
[INFO] Participatory Debate
|_Turn 1
 Agent 1 (🧑🏿‍⚕️ pediatric hematologist): 🤐
 Agent 2 (👨🏻‍⚕️ pediatric gastroenterologist) -> Agent 1 (🧑🏿‍⚕️ pediatric hematologist) : To the Pediatric Hematologist:

My clinical reasoning, in conjunction with the presented data, strongly suggests **Hereditary Spherocytosis (HS)** as the underlying diagnosis. The patient's presentation of right upper quadrant pain and gallstone formation in a 14-year-old boy is a classic red flag for chronic hemolytic anemia. The laboratory findings of normocytic anemia with reticulocytosis, indirect hyperbilirubinemia, and a negative Coombs test all point towards an intrinsic red blood cell defect rather than an autoimmune process. The positive osmotic fragility test, showing increased fragility in hypotonic solution, is pathognomonic for hereditary spherocytosis.

Therefore, I am confident that the most likely finding on a peripheral blood smear would be **(D) Spherocytes**. These are the characteristic morphological abnormality in HS, resulting from defects in the red blood cell membrane proteins that lead to a loss of biconcave shape and increased rigidity. The increased RDW is also consistent with a mixed population of spherocytes and reticulocytes.

I believe this aligns with your expertise, and I would value your confirmation of this diagnostic pathway and the expected blood smear findings.
 Agent 3 (👨🏿‍⚕️ pediatrician): 🤐

[INFO] Summary Table
+---------+-----------+-----------+---------+
|         |  Agent 1  |  Agent 2  | Agent 3 |
+---------+-----------+-----------+---------+
| Agent 1 |           | ✋ (1<-2) |         |
|         |           |           |         |
| Agent 2 | ✋ (2->1) |           |         |
|         |           |           |         |
| Agent 3 |           |           |         |
+---------+-----------+-----------+---------+

|_Turn 2
 Agent 1 (🧑🏿‍⚕️ pediatric hematologist): 🤐
 Agent 2 (👨🏻‍⚕️ pediatric gastroenterologist): 🤐
 Agent 3 (👨🏿‍⚕️ pediatrician): 🤐
 No agents chose to participate in this turn. End this turn.

[INFO] Moderator Consensus Check
 👨‍⚖️ Moderator consensus check: YES

[INFO] Consensus reached! Ending discussion.

[INFO] Step 4. Final Decision
👨‍⚖️  Moderator's final decision: {0.0: 'Based on the thorough discussion and consensus reached by the multidisciplinary team, the final answer to the question regarding the expected findings on a peripheral blood smear for the 14-year-old boy diagnosed with Hereditary Spherocytosis is:\n\n**(D) Spherocytes.**\n\nThe reasoning is well-supported by the clinical presentation, laboratory findings, and the positive osmotic fragility test, all of which align with the characteristics of hereditary spherocytosis. The unanimous agreement among the pediatric hematologist, pediatric gastroenterologist, and pediatrician further reinforces the accuracy of this conclusion.'}

[INFO] API calls for this sample: 18

[INFO] Sample 15 completed successfully