[INFO] Processing sample 29

[INFO] Step 1. Expert Recruitment
Agent 1 (👨🏽‍⚕️ Endocrinologist): Specializes in the diagnosis and treatment of hormonal disorders and metabolic conditions, including diabetes and insulin sensitivity.
Agent 2 (🧑🏿‍⚕️ Nutritionist/Dietitian): Focuses on dietary management and nutritional counseling for weight loss and metabolic health.
Agent 3 (👨‍⚕️ Exercise Physiologist): Specializes in the role of physical activity in managing weight and improving insulin sensitivity through exercise interventions.

[INFO] Hierarchy Selection
                     moderator (👨‍⚖️)                                                             
            ┌────────────────┴────────────────┬──────────────────────────────────┐                
 Endocrinologist (👨🏽‍⚕️)         Exercise Physiologist (👨‍⚕️)      Nutritionist/Dietitian (🧑🏿‍⚕️) 


[INFO] Step 2. Initial Opinions
 Agent 1 (👨🏽‍⚕️ endocrinologist) : The appropriate answer for increasing insulin sensitivity in this patient would be: (D) Peroxisome proliferator-activated receptor gamma (PPAR-γ).

PPAR-γ is a type of nuclear receptor that, when activated, plays a crucial role in the regulation of glucose and lipid metabolism. It promotes insulin sensitivity by enhancing the action of insulin in target tissues, including adipose tissue, muscle, and liver. PPAR-γ is commonly targeted by thiazolidinediones, a class of drugs used in the management of type 2 diabetes mellitus, which helps improve insulin sensitivity.

The other options listed would either be associated with insulin resistance or do not play a role in increasing insulin sensitivity:

- (E) TNF-alpha: This is a pro-inflammatory cytokine that is generally associated with insulin resistance.
- (A) Catecholamines: These tend to promote insulin resistance by mobilizing glucose and fatty acids in response to stress or low-energy states.
- (C) Glucocorticoids: These hormones are known to increase blood glucose levels and contribute to insulin resistance.
- (B) Glucagon: This hormone raises blood glucose levels by promoting gluconeogenesis and glycogenolysis, rather than enhancing insulin sensitivity.

Therefore, the correct answer is (D) Peroxisome proliferator-activated receptor gamma (PPAR-γ).
 Agent 2 (🧑🏿‍⚕️ nutritionist/dietitian) : The correct answer is **(D) Peroxisome proliferator-activated receptor gamma**.

Here's why:

*   **The Patient's Condition:** The patient has a BMI of 34 kg/m² (indicating obesity) and impaired glucose tolerance (fasting glucose 120 mg/dL, 2-hour post-glucose 190 mg/dL), classifying her as pre-diabetic. Obesity and pre-diabetes are often linked to insulin resistance.

*   **Goal:** The question asks which molecule or receptor will *increase* insulin sensitivity. This means we're looking for something that counteracts insulin resistance.

Let's analyze the options:

*   **(A) Catecholamines (e.g., adrenaline, noradrenaline):** These hormones, released during stress, generally *decrease* insulin sensitivity by promoting glucose release from the liver and inhibiting glucose uptake by peripheral tissues.
*   **(B) Glucagon:** This hormone's primary role is to *increase* blood glucose levels by stimulating glycogenolysis and gluconeogenesis in the liver. It opposes insulin's action and would not increase insulin sensitivity.
*   **(C) Glucocorticoids (e.g., cortisol):** These hormones are known to *decrease* insulin sensitivity. They promote gluconeogenesis and can impair glucose uptake by muscle and fat tissue, leading to hyperglycemia and insulin resistance.
*   **(D) Peroxisome proliferator-activated receptor gamma (PPARγ):** This is a nuclear receptor that plays a crucial role in regulating glucose and lipid metabolism. **Activation of PPARγ is known to significantly *increase* insulin sensitivity.** It does this by promoting glucose uptake in adipocytes, improving lipid metabolism, and reducing inflammation in adipose tissue. Many anti-diabetic drugs (thiazolidinediones or TZDs) work by activating PPARγ.
*   **(E) TNF-alpha (Tumor Necrosis Factor-alpha):** This cytokine is often elevated in obesity and is a known contributor to **insulin resistance**. It interferes with insulin signaling pathways in muscle and adipose tissue.

**In summary:** PPARγ is the only option that directly promotes increased insulin sensitivity. The other options are generally associated with decreased insulin sensitivity or counter-regulatory effects on glucose.
 Agent 3 (👨‍⚕️ exercise physiologist) : Excellent question for our team to discuss. This patient's presentation is a classic case where early, effective lifestyle intervention is critical. As the exercise physiologist, my focus is on how physical activity can directly and indirectly influence the very signaling pathways at the heart of her condition.

Let's first address the multiple-choice question and then I'll elaborate on how we can use this knowledge to build her care plan.

### Analysis of the Options

The core of this patient's problem is **insulin resistance**. Her body is producing insulin, but the cells (primarily in her muscle, liver, and fat tissue) are not responding to it efficiently. This leads to higher blood glucose levels. Our goal is to find the signaling molecule or receptor from the list that *improves* or *increases* insulin sensitivity.

The correct answer is **(D) Peroxisome proliferator-activated receptor gamma (PPAR-γ)**.

Here is a breakdown of why, along with an explanation for why the other options are incorrect, from my physiological perspective:

*   **Correct: (D) Peroxisome proliferator-activated receptor gamma (PPAR-γ)**
    *   **What it is:** PPAR-γ is a nuclear receptor found predominantly in adipose (fat) tissue.
    *   **Its Role in Insulin Sensitivity:** When activated, PPAR-γ regulates the expression of genes involved in fatty acid metabolism and storage. It promotes the differentiation of small, new fat cells (adipocytes) that are highly insulin-sensitive. It also helps sequester circulating free fatty acids into these adipocytes for safe storage. This is crucial because high levels of free fatty acids in the blood (lipotoxicity) are a primary driver of insulin resistance in muscle and the liver. By safely "locking away" these fats, PPAR-γ activation reduces this lipotoxic burden and dramatically improves systemic insulin sensitivity.
    *   **Clinical Connection:** This receptor is so effective that it's the target for the thiazolidinedione (TZD) class of diabetes medications (e.g., pioglitazone).

*   **Incorrect Options:** These molecules all contribute to or are markers of insulin *resistance*.

    *   **(E) TNF-alpha (Tumor Necrosis Factor-alpha):** This is a pro-inflammatory cytokine. In a state of obesity, particularly with high visceral fat like this patient likely has, adipose tissue becomes dysfunctional and releases inflammatory molecules like TNF-alpha. TNF-alpha directly interferes with the insulin signaling cascade inside the cell (specifically by inhibiting insulin receptor substrate-1, or IRS-1), causing profound insulin resistance. Exercise is a potent tool to *reduce* systemic inflammation and lower TNF-alpha levels.

    *   **(A) Catecholamines (e.g., Epinephrine, Norepinephrine):** These are our "fight-or-flight" hormones. Their primary metabolic goal is to rapidly increase blood glucose to provide fuel for the brain and muscles during stress. They do this by stimulating glucose production in the liver and limiting glucose uptake by peripheral tissues, effectively creating a temporary state of insulin resistance. While acute exercise releases catecholamines, the long-term adaptation to regular exercise is a vast improvement in overall insulin sensitivity.

    *   **(C) Glucocorticoids (e.g., Cortisol):** These are chronic stress hormones. Similar to catecholamines, they raise blood glucose levels by promoting glucose production in the liver (gluconeogenesis) and are well-known to cause significant insulin resistance. High chronic stress can be a major barrier to weight loss and glucose control.

    *   **(B) Glucagon:** This hormone is the direct counter-regulatory hormone to insulin. Secreted by the alpha cells of the pancreas when blood sugar is low, its job is to signal the liver to release stored glucose (glycogenolysis) and produce new glucose. Its actions directly oppose those of insulin. In states of insulin resistance, the liver's response to insulin is blunted, meaning insulin cannot effectively suppress glucagon's action, leading to inappropriately high glucose production even after a meal.

---

### My Recommendations for the Patient's Lifestyle Modification Plan

Based on this physiology, my contribution to this patient's 6-month plan would be a structured, progressive exercise prescription designed to directly combat insulin resistance.

**Primary Goals:**
1.  Increase skeletal muscle glucose uptake.
2.  Reduce visceral adipose tissue and associated inflammation (i.e., lower TNF-alpha).
3.  Improve the efficiency of fat oxidation.
4.  Promote modest, sustainable weight loss.

**Exercise Prescription (FITT Principle):**

1.  **Aerobic Exercise (Foundation of Therapy):**
    *   **Frequency:** At least 5 days per week. Consistency is key.
    *   **Intensity:** Moderate intensity. This corresponds to a brisk walk where she can still hold a conversation but might be slightly breathless (a 5-6 on a 10-point RPE scale).
    *   **Time:** Begin with 30 minutes per session, progressively increasing to 45-60 minutes as her fitness improves. This volume is critical for both improving insulin sensitivity and facilitating weight loss.
    *   **Type:** Any activity she enjoys and can stick with: walking, cycling, swimming, or using an elliptical machine.
    *   **Mechanism:** Aerobic exercise stimulates glucose uptake into muscle through a pathway that is independent of insulin (via AMPK and GLUT4 translocation), providing an immediate blood-sugar-lowering effect after each session. Chronic adaptation leads to increased mitochondrial density, improving the muscle's ability to use fat for fuel.

2.  **Resistance Training (Crucial Complement):**
    *   **Frequency:** 2-3 non-consecutive days per week.
    *   **Intensity:** Moderate effort, performing 2-3 sets of 10-15 repetitions for all major muscle groups (legs, chest, back, shoulders, arms).
    *   **Type:** Bodyweight exercises (squats, push-ups), resistance bands, free weights, or weight machines.
    *   **Mechanism:** Building and maintaining skeletal muscle mass is paramount. Muscle is the largest site of glucose disposal in the body. By increasing her muscle mass, we are essentially building a bigger "fuel tank" to store glucose, preventing it from accumulating in the bloodstream. This directly improves whole-body insulin sensitivity.

I will work with her to create a specific, week-by-week plan that starts slowly to build confidence and prevent injury, and we will monitor her progress towards these goals. This combined approach is the most effective non-pharmacological strategy for targeting the root causes of her prediabetes.

[INFO] Step 3. Collaborative Decision Making
== Round 1 ==
[INFO] Participatory Debate
|_Turn 1
 Agent 1 (👨🏽‍⚕️ endocrinologist): 🤐
 Agent 2 (🧑🏿‍⚕️ nutritionist/dietitian) -> Agent 1 (👨🏽‍⚕️ endocrinologist) : My expertise lies in dietary management and nutritional counseling for weight loss and metabolic health.

Regarding the question about increasing insulin sensitivity in this pre-diabetic patient with obesity, I reiterate that **(D) Peroxisome proliferator-activated receptor gamma (PPAR-γ)** is the correct answer. My reasoning, as previously stated, is that PPAR-γ activation is a key mechanism for improving insulin sensitivity by promoting glucose uptake and enhancing lipid metabolism. This directly counteracts the insulin resistance often seen in obesity and pre-diabetes.

To the Endocrinologist and Exercise Physiologist:

I believe a crucial aspect of addressing this patient's pre-diabetes and weight management is to emphasize the role of dietary interventions that can favorably influence PPAR-γ activation and downstream effects. While the Exercise Physiologist will be developing a vital exercise plan, and you, the Endocrinologist, will consider pharmacological options, a targeted nutritional approach can powerfully synergize these efforts.

Specifically, incorporating foods rich in certain fatty acids and other bioactive compounds known to interact with PPAR-γ can augment the benefits of lifestyle changes. For instance, omega-3 fatty acids found in fatty fish and certain plant oils, as well as some polyphenols, have demonstrated PPAR-γ modulating properties. Focusing on a diet that is calorically appropriate for weight loss, rich in whole, unprocessed foods, and includes these beneficial dietary components can further enhance insulin sensitivity and aid in weight reduction, thereby supporting both your respective plans. This dietary strategy directly supports the goal of increasing insulin sensitivity, which is central to reversing her pre-diabetic state and improving her metabolic health.
 Agent 2 (🧑🏿‍⚕️ nutritionist/dietitian) -> Agent 3 (👨‍⚕️ exercise physiologist) : My expertise is in exercise physiology, focusing on how physical activity can be leveraged to improve metabolic health, including weight management and insulin sensitivity.

I agree with the consensus that **(D) Peroxisome proliferator-activated receptor gamma (PPAR-γ)** is the molecule that increases insulin sensitivity. My previous explanation detailed how PPAR-γ activation leads to improved insulin sensitivity by promoting adipocyte differentiation and fatty acid sequestration, thereby reducing lipotoxicity that drives insulin resistance.

To the Endocrinologist and Nutritionist/Dietitian:

I want to emphasize how critical a well-designed exercise program is in complementing the pharmacological and dietary strategies we are considering. While PPAR-γ activation is a key target, and dietary interventions can support this, regular physical activity is arguably the most potent and accessible modulator of insulin sensitivity for a patient like this.

Specifically, my approach will focus on a combination of aerobic and resistance training. Aerobic exercise directly enhances glucose uptake by muscles via an insulin-independent pathway and improves mitochondrial function, leading to better fat oxidation. Resistance training builds skeletal muscle mass, which is the primary site for glucose disposal. This increased muscle mass directly improves the body's ability to handle glucose, thereby enhancing overall insulin sensitivity. Furthermore, exercise is a powerful tool for reducing systemic inflammation, which directly targets and lowers elevated levels of pro-inflammatory cytokines like **(E) TNF-alpha**. Lowering TNF-alpha, as we know, is crucial for overcoming the insulin resistance that underlies this patient's pre-diabetes.

Therefore, I propose that our integrated plan should prioritize a progressive, sustainable exercise regimen tailored to this patient's current fitness level. This will not only contribute to her weight loss goals but will also actively work to improve her insulin sensitivity at a cellular level, synergizing beautifully with the nutritional strategies from the Dietitian and potential pharmacological targets like PPAR-γ that the Endocrinologist might consider. This holistic approach will maximize our chances of reversing her pre-diabetes within the 6-month follow-up period.
 Agent 3 (👨‍⚕️ exercise physiologist): 🤐

[INFO] Summary Table
+---------+-----------+-----------+-----------+
|         |  Agent 1  |  Agent 2  |  Agent 3  |
+---------+-----------+-----------+-----------+
| Agent 1 |           | ✋ (1<-2) |           |
|         |           |           |           |
| Agent 2 | ✋ (2->1) |           | ✋ (2->3) |
|         |           |           |           |
| Agent 3 |           | ✋ (3<-2) |           |
+---------+-----------+-----------+-----------+

|_Turn 2
 Agent 1 (👨🏽‍⚕️ endocrinologist): 🤐
 Agent 2 (🧑🏿‍⚕️ nutritionist/dietitian): 🤐
 Agent 3 (👨‍⚕️ exercise physiologist): 🤐
 No agents chose to participate in this turn. End this turn.

[INFO] Moderator Consensus Check
 👨‍⚖️ Moderator consensus check: YES

[INFO] Consensus reached! Ending discussion.

[INFO] Step 4. Final Decision
👨‍⚖️  Moderator's final decision: {0.0: "**Final Answer: (D) Peroxisome proliferator-activated receptor gamma (PPAR-γ)**\n\n**Rationale:**\nThe multidisciplinary team, consisting of an endocrinologist, a nutritionist/dietitian, and an exercise physiologist, reached a unanimous consensus that PPAR-γ is the endogenous signaling molecule that increases insulin sensitivity in the context of the patient's pre-diabetes and obesity. \n\n1. **Mechanism of Action**: PPAR-γ is a nuclear receptor that plays a crucial role in regulating glucose and lipid metabolism. Its activation enhances insulin sensitivity by promoting adipocyte differentiation and improving glucose uptake in adipose tissue, which is particularly important in counteracting the insulin resistance associated with obesity.\n\n2. **Comparison with Other Options**:\n   - **TNF-alpha**: This pro-inflammatory cytokine is known to contribute to insulin resistance, making it counterproductive.\n   - **Catecholamines**: These hormones typically decrease insulin sensitivity during stress responses.\n   - **Glucocorticoids**: These hormones promote insulin resistance and increase blood glucose levels.\n   - **Glucagon**: This hormone opposes insulin action and promotes gluconeogenesis, further decreasing insulin sensitivity.\n\n3. **Integrated Approach**: The team emphasized the importance of a comprehensive management plan that includes lifestyle modifications (diet and exercise) to support the activation of PPAR-γ, thereby improving the patient's metabolic health and potentially reversing her pre-diabetic state.\n\nIn conclusion, the collective expertise and reasoning from the team strongly support the selection of PPAR-γ as the key target for increasing insulin sensitivity in this patient."}

[INFO] API calls for this sample: 19

[INFO] Sample 29 completed successfully