[INFO] Processing sample 38

[INFO] Step 1. Expert Recruitment
Agent 1 (👨🏽‍⚕️ Endocrinologist): Specializes in hormone-related disorders and glandular issues, particularly thyroid and adrenal abnormalities.
Agent 2 (👨🏿‍⚕️ Oncologist): Focuses on diagnosing and treating cancers, including recognizing paraneoplastic syndromes associated with endocrine tumors.
Agent 3 (👨🏽‍⚕️ Geneticist): Specializes in hereditary conditions and syndromes, particularly those associated with multiple endocrine neoplasia (MEN) syndromes.

[INFO] Hierarchy Selection
                     moderator (👨‍⚖️)                                       
            ┌────────────────┴───────────┬───────────────────────┐          
 Endocrinologist (👨🏽‍⚕️)         Geneticist (👨🏽‍⚕️)      Oncologist (👨🏿‍⚕️) 


[INFO] Step 2. Initial Opinions
 Agent 1 (👨🏽‍⚕️ endocrinologist) : Based on the clinical presentation and the laboratory findings, the most likely diagnosis is:

**(D) Multiple endocrine neoplasia (MEN) 2B.**

Here's the reasoning for this diagnosis:

1. **Clinical Features:**
   - The patient has symptoms of hypertension, palpitations, and diaphoresis, which are suggestive of catecholamine excess (likely from a pheochromocytoma).
   - She exhibits diffuse thyroid enlargement (thyromegaly) and her elevated calcitonin suggests a medullary thyroid carcinoma, which is a component of MEN 2 syndromes.
   - She also presents with fine tremors and anxiety, indicative of heightened catecholamine levels.

2. **Laboratory Findings:**
   - The elevated 24-hour urinary vanillylmandelic acid (VMA) and metanephrines confirm catecholamine secretion, consistent with a pheochromocytoma.
   - Elevated calcitonin indicates medullary carcinoma of the thyroid, and the presence of hyperparathyroidism would correlate with hyperparathyroid features in MEN syndromes. 

3. **Associated Features:**
   - MEN 2B is characterized by the presence of medullary thyroid carcinoma, pheochromocytomas, and mucosal neuromas. The patient's symptoms and findings align well with these conditions.

While MEN 2A also includes medullary thyroid carcinoma and hyperparathyroidism, the absence of hyperparathyroidism in this case and the emphasis on symptoms relating to catecholamines suggest MEN 2B is more fitting.

In summary, given her symptoms, lab results, and the conditions affected by MEN syndromes, the most comprehensive diagnosis is MEN 2B.
 Agent 2 (👨🏿‍⚕️ oncologist) : The patient presents with a constellation of symptoms and laboratory findings that strongly suggest a diagnosis of a paraneoplastic syndrome associated with endocrine tumors, particularly neuroendocrine tumors. Let's break down the key elements:

**Key Clinical Features:**

*   **Headache, palpitations, episodic diaphoresis, hypertension:** These are classic symptoms of pheochromocytoma, a tumor of the adrenal medulla that secretes catecholamines.
*   **Diffuse thyroid swelling:** This could indicate a thyroid tumor, such as medullary thyroid carcinoma.
*   **Pain in long bones, hypercalcemia:** These findings suggest hyperparathyroidism, which can lead to bone resorption and elevated calcium levels.
*   **Anxiety, apprehension, moist and warm skin, tachycardia (pulse 116/min), elevated blood pressure (196/102 mm Hg), tachypnea (respiratory rate 29/min):** These are all manifestations of excessive catecholamine release.
*   **Fine tremors:** Can be associated with hyperthyroidism or catecholamine excess.
*   **Hyperglycemia:** Catecholamines can also stimulate glycogenolysis, leading to elevated blood glucose.

**Key Laboratory Findings:**

*   **Elevated 24-hour urinary VMA and metanephrines:** These are metabolites of catecholamines and are highly specific for pheochromocytoma.
*   **Elevated serum epinephrine:** Directly confirms excessive catecholamine production.
*   **Elevated serum calcitonin:** Calcitonin is produced by the parafollicular C cells of the thyroid. Elevated levels are indicative of medullary thyroid carcinoma.
*   **Elevated serum parathormone:** Parathyroid hormone regulates calcium and phosphate metabolism. Elevated levels suggest hyperparathyroidism, often due to parathyroid adenoma or hyperplasia.
*   **Hypercalcemia:** The clinical consequence of hyperparathyroidism.
*   **Hyperglycemia:** As noted above, can be caused by catecholamine excess.

**Differential Diagnosis and Reasoning:**

Now let's consider the provided options in light of these findings:

*   **(E) Neurofibromatosis:** While neurofibromatosis can be associated with pheochromocytomas, it doesn't typically present with medullary thyroid carcinoma or hyperparathyroidism as a primary triad.
*   **(B) Multiple endocrine neoplasia (MEN) 1:** MEN1 is characterized by the "3 Ps": parathyroid hyperplasia/adenoma, pituitary adenoma, and pancreatic endocrine tumors (e.g., gastrinoma, insulinoma). While hyperparathyroidism is present, medullary thyroid carcinoma and pheochromocytoma are not characteristic features of MEN1.
*   **(A) Von Hippel-Lindau syndrome (VHL):** VHL is associated with hemangioblastomas of the central nervous system and retina, renal cell carcinoma, pheochromocytomas, and pancreatic neuroendocrine tumors. It does not typically include medullary thyroid carcinoma or primary hyperparathyroidism.
*   **(D) Multiple endocrine neoplasia (MEN) 2B:** MEN2B is characterized by medullary thyroid carcinoma, pheochromocytoma, and ganglioneuromas (often mucosal neuromas, marfanoid habitus). While it includes medullary thyroid carcinoma and pheochromocytoma, hyperparathyroidism is uncommon in MEN2B.
*   **(C) Multiple endocrine neoplasia (MEN) 2A:** MEN2A is characterized by the triad of medullary thyroid carcinoma, pheochromocytoma, and primary hyperparathyroidism. This perfectly matches the patient's clinical presentation and laboratory findings.

**Conclusion:**

The patient's presentation with symptoms and laboratory evidence of pheochromocytoma (elevated VMA, metanephrines, epinephrine), medullary thyroid carcinoma (elevated calcitonin), and hyperparathyroidism (elevated parathormone, hypercalcemia) is classic for Multiple Endocrine Neoplasia type 2A (MEN 2A).

The final answer is $\boxed{C}$.
 Agent 3 (👨🏽‍⚕️ geneticist) : As a geneticist specializing in hereditary endocrine syndromes, I can confidently analyze this complex case. Let's break down the patient's presentation to arrive at the most accurate diagnosis.

### Analysis of Clinical and Laboratory Findings

This patient presents with a constellation of signs, symptoms, and laboratory results that point to the simultaneous overactivity of three different endocrine glands:

1.  **Adrenal Medulla (Pheochromocytoma):**
    *   **Symptoms:** The classic triad of headache, palpitations, and episodic diaphoresis (sweating) is highly suggestive of a pheochromocytoma, a tumor of the adrenal medulla that secretes excess catecholamines (epinephrine and norepinephrine).
    *   **Signs:** The patient's severe hypertension (196/102 mm Hg despite medication), tachycardia (116/min), anxiety, and fine tremors are all signs of a hyperadrenergic state.
    *   **Lab Confirmation:** The elevated 24-hour urinary VMA and metanephrines, along with elevated serum epinephrine, are definitive biochemical proof of a pheochromocytoma.

2.  **Thyroid C-cells (Medullary Thyroid Carcinoma - MTC):**
    *   **Signs:** The diffuse, firm thyromegaly indicates a thyroid pathology.
    *   **Lab Confirmation:** The significantly **elevated serum calcitonin** is a highly specific tumor marker for Medullary Thyroid Carcinoma (MTC), a cancer of the parafollicular C-cells of the thyroid.

3.  **Parathyroid Glands (Primary Hyperparathyroidism - PHPT):**
    *   **Symptoms:** The patient's complaint of pain in the long bones is a classic symptom of hyperparathyroidism, which causes calcium to be leached from the bones.
    *   **Lab Confirmation:** The combination of **elevated serum parathormone (PTH)** and **hypercalcemia** is the biochemical hallmark of Primary Hyperparathyroidism.

### Evaluating the Syndromes

The presence of these three specific tumors—**Pheochromocytoma, Medullary Thyroid Carcinoma, and Primary Hyperparathyroidism**—occurring simultaneously in a single patient strongly points to a genetic syndrome. We must evaluate which of the options fits this triad.

*   **(E) Neurofibromatosis:** Can be associated with pheochromocytoma, but not with MTC or PHPT.
*   **(B) Multiple endocrine neoplasia (MEN) 1:** The classic "3 Ps" of MEN1 are Parathyroid tumors (PHPT), Pituitary adenomas, and Pancreatic neuroendocrine tumors. It does not involve MTC or pheochromocytoma.
*   **(A) Von Hippel-Lindau syndrome:** Is associated with pheochromocytomas, renal cell carcinoma, and hemangioblastomas, but not MTC or PHPT.
*   **(D) Multiple endocrine neoplasia (MEN) 2B:** This syndrome features MTC and pheochromocytoma. However, primary hyperparathyroidism is extremely rare. Instead, MEN2B is characterized by a marfanoid body habitus and mucosal neuromas (on the lips and tongue), which are not described in this patient.
*   **(C) Multiple endocrine neoplasia (MEN) 2A:** Also known as Sipple syndrome, this is an autosomal dominant disorder caused by a germline mutation in the *RET* proto-oncogene. Its diagnosis is defined by the classic triad of:
    1.  **Medullary Thyroid Carcinoma (MTC)** (>95% of patients)
    2.  **Pheochromocytoma** (~50% of patients)
    3.  **Primary Hyperparathyroidism** (20-30% of patients)

### Conclusion

The patient's clinical presentation perfectly matches the classic triad of tumors seen in MEN2A. The combination of biochemically proven pheochromocytoma, medullary thyroid carcinoma, and primary hyperparathyroidism is the hallmark of this syndrome.

Therefore, the most likely diagnosis is **(C) Multiple endocrine neoplasia (MEN) 2A**.

[INFO] Step 3. Collaborative Decision Making
== Round 1 ==
[INFO] Participatory Debate
|_Turn 1
 Agent 1 (👨🏽‍⚕️ endocrinologist) -> Agent 2 (👨🏿‍⚕️ oncologist) : Based on the comprehensive clinical presentation and laboratory findings, I strongly believe the most likely diagnosis is **(C) Multiple endocrine neoplasia (MEN) 2A**.

**Reasoning:**
The patient's symptoms include hypertension with episodes of headache and palpitations consistent with pheochromocytoma. The diffuse thyroid swelling and elevated calcitonin levels indicate the presence of medullary thyroid carcinoma. Additionally, hypercalcemia and elevated parathormone suggest primary hyperparathyroidism. This triad of pheochromocytoma, medullary thyroid carcinoma, and hyperparathyroidism aligns perfectly with the classic characteristics of MEN 2A.

While MEN 2B may also account for the medullary thyroid carcinoma and pheochromocytoma, it is less commonly associated with primary hyperparathyroidism, making MEN 2A the more fitting diagnosis in this case. I encourage you to re-evaluate the importance of the hyperparathyroidism in the context of the presented symptoms and the laboratory findings, as this is a critical piece supporting the MEN 2A diagnosis.
 Agent 1 (👨🏽‍⚕️ endocrinologist) -> Agent 3 (👨🏽‍⚕️ geneticist) : As an endocrinologist specializing in hormone-related disorders, my assessment of the patient's clinical and laboratory findings strongly supports a diagnosis of **(C) Multiple endocrine neoplasia (MEN) 2A**.

**Reasoning:**
The patient's symptoms and laboratory results align with the classic triad of MEN 2A:

1. **Pheochromocytoma**: Her symptoms of headache, palpitations, and diaphoresis, combined with significantly elevated 24-hour urinary VMA and metanephrines, confirm catecholamine excess consistent with pheochromocytoma.

2. **Medullary Thyroid Carcinoma (MTC)**: The diffuse thyroid swelling and elevated serum calcitonin point toward the presence of MTC, a hallmark of MEN 2A.

3. **Primary Hyperparathyroidism**: The combination of hypercalcemia and elevated parathormone levels indicates hyperparathyroidism, which is also affiliated with MEN 2A.

While MEN 2B does include pheochromocytoma and medullary thyroid carcinoma, it is characterized by a lower incidence of hyperparathyroidism compared to MEN 2A. The significant finding of hyperparathyroidism in this patient is critical and strongly aligns with MEN 2A.

In summary, given the classic presentation of pheochromocytoma, medullary thyroid carcinoma, and primary hyperparathyroidism, I firmly believe that MEN 2A is the correct diagnosis. I encourage you to consider how each of these components fits into the syndrome's framework as critical evidence supporting this conclusion.
 Agent 2 (👨🏿‍⚕️ oncologist) -> Agent 1 (👨🏽‍⚕️ endocrinologist) : To the Endocrinologist and Geneticist:

I am confident that the most likely diagnosis for this patient is **(C) Multiple endocrine neoplasia (MEN) 2A**.

My reasoning is based on the classic triad of endocrine tumors presented:

*   **Pheochromocytoma:** Evidenced by the patient's symptoms (headache, palpitations, diaphoresis), severe hypertension, tachycardia, and the confirmatory elevated urinary VMA and metanephrines, as well as serum epinephrine.
*   **Medullary Thyroid Carcinoma (MTC):** Indicated by the diffuse thyroid swelling and significantly elevated serum calcitonin.
*   **Primary Hyperparathyroidism (PHPT):** Strongly suggested by the bone pain, hypercalcemia, and elevated serum parathormone levels.

This precise combination of MTC, pheochromocytoma, and PHPT is the hallmark of MEN 2A. While MEN 2B also involves MTC and pheochromocytoma, it typically lacks PHPT and is associated with distinct features like mucosal neuromas and marfanoid habitus, which are absent here. MEN 1 and VHL syndrome do not include MTC as a primary component. Neurofibromatosis is not associated with this specific triad.

Therefore, the overwhelming evidence points to MEN 2A as the unifying diagnosis.
 Agent 2 (👨🏿‍⚕️ oncologist) -> Agent 3 (👨🏽‍⚕️ geneticist) : To the Oncologist and Geneticist:

I am writing to re-assert my conclusion that the most fitting diagnosis for this patient is **(C) Multiple endocrine neoplasia (MEN) 2A**.

My rationale remains centered on the patient's presentation of a **classic triad**:

*   **Pheochromocytoma:** Confirmed by the symptomatic presentation (headache, palpitations, diaphoresis, severe hypertension) and biochemical markers (elevated urinary VMA/metanephrines, serum epinephrine).
*   **Medullary Thyroid Carcinoma (MTC):** Indicated by the thyroid swelling and the highly specific elevation of serum calcitonin.
*   **Primary Hyperparathyroidism (PHPT):** Evidenced by bone pain, hypercalcemia, and elevated parathormone levels.

This specific combination of MTC, pheochromocytoma, and PHPT is the defining characteristic of MEN 2A. While MEN 2B also involves MTC and pheochromocytoma, it is not typically associated with hyperparathyroidism, and the absence of reported mucosal neuromas or marfanoid habitus makes MEN 2B less likely. The other options (Neurofibromatosis, MEN 1, VHL) do not encompass this tripartite endocrine involvement.

The presence and confirmation of all three components strongly support MEN 2A.
 Agent 3 (👨🏽‍⚕️ geneticist) -> Agent 1 (👨🏽‍⚕️ endocrinologist) : To my endocrinology colleague,

As the geneticist on this case specializing in hereditary endocrine syndromes, I am confident the diagnosis is **(C) Multiple endocrine neoplasia (MEN) 2A**.

My reasoning is that the patient presents the complete classic triad for MEN 2A: biochemically proven pheochromocytoma, medullary thyroid carcinoma, and, crucially, **primary hyperparathyroidism**. The confirmed presence of hyperparathyroidism is the key feature that distinguishes MEN 2A from MEN 2B.

[INFO] Summary Table
+---------+------------+------------+------------+
|         |  Agent 1   |  Agent 2   |  Agent 3   |
+---------+------------+------------+------------+
| Agent 1 |            | ✋ (1<->2) | ✋ (1<->3) |
|         |            |            |            |
| Agent 2 | ✋ (2<->1) |            | ✋ (2->3)  |
|         |            |            |            |
| Agent 3 | ✋ (3<->1) | ✋ (3<-2)  |            |
+---------+------------+------------+------------+

|_Turn 2
 Agent 1 (👨🏽‍⚕️ endocrinologist): 🤐
 Agent 2 (👨🏿‍⚕️ oncologist) -> Agent 1 (👨🏽‍⚕️ endocrinologist) : To the Endocrinologist and Geneticist:

I am convinced that the diagnosis is **(C) Multiple endocrine neoplasia (MEN) 2A**.

My reasoning is that the patient presents with the classic triad of **medullary thyroid carcinoma** (elevated calcitonin, thyroid swelling), **pheochromocytoma** (symptoms, elevated VMA/metanephrines/epinephrine, hypertension), and **primary hyperparathyroidism** (bone pain, hypercalcemia, elevated parathormone). This combination is the hallmark of MEN 2A. While MEN 2B includes MTC and pheochromocytoma, it typically lacks hyperparathyroidism and presents with other features not described here. The other differential diagnoses are not consistent with this specific tripartite endocrine involvement.
 Agent 2 (👨🏿‍⚕️ oncologist) -> Agent 3 (👨🏽‍⚕️ geneticist) : To the Geneticist and Oncologist:

I am confident in our consensus diagnosis of **(C) Multiple endocrine neoplasia (MEN) 2A**.

My reiteration stems from the critical finding of **primary hyperparathyroidism**, evidenced by elevated parathormone and hypercalcemia, alongside the confirmed pheochromocytoma and medullary thyroid carcinoma. This specific triad is pathognomonic for MEN 2A. As the Geneticist correctly pointed out, the absence of hyperparathyroidism in MEN 2B, coupled with the lack of characteristic features like mucosal neuromas, makes it a less likely diagnosis. The Oncologist's breakdown also highlights how MEN 2A perfectly encompasses all the presented endocrine abnormalities. Therefore, MEN 2A remains the most accurate and unifying diagnosis.
 Agent 3 (👨🏽‍⚕️ geneticist): 🤐

[INFO] Summary Table
+---------+-----------+-----------+-----------+
|         |  Agent 1  |  Agent 2  |  Agent 3  |
+---------+-----------+-----------+-----------+
| Agent 1 |           | ✋ (1<-2) |           |
|         |           |           |           |
| Agent 2 | ✋ (2->1) |           | ✋ (2->3) |
|         |           |           |           |
| Agent 3 |           | ✋ (3<-2) |           |
+---------+-----------+-----------+-----------+

|_Turn 3
 Agent 1 (👨🏽‍⚕️ endocrinologist): 🤐
 Agent 2 (👨🏿‍⚕️ oncologist): 🤐
 Agent 3 (👨🏽‍⚕️ geneticist): 🤐
 No agents chose to participate in this turn. End this turn.

[INFO] Moderator Consensus Check
 👨‍⚖️ Moderator consensus check: YES

[INFO] Consensus reached! Ending discussion.

[INFO] Step 4. Final Decision
👨‍⚖️  Moderator's final decision: {0.0: "Based on the comprehensive discussion and consensus reached by the multidisciplinary team, the final diagnosis for the patient is **(C) Multiple endocrine neoplasia (MEN) 2A**.\n\n### Rationale:\n1. **Pheochromocytoma**: The patient's symptoms of headache, palpitations, and diaphoresis, along with significantly elevated 24-hour urinary VMA and metanephrines, confirm the presence of a catecholamine-secreting tumor.\n\n2. **Medullary Thyroid Carcinoma (MTC)**: The diffuse thyroid swelling and elevated serum calcitonin levels are indicative of MTC, a hallmark of MEN 2A.\n\n3. **Primary Hyperparathyroidism (PHPT)**: The patient's bone pain, hypercalcemia, and elevated parathormone levels further support the diagnosis of primary hyperparathyroidism, which is also associated with MEN 2A.\n\nThe combination of these three endocrine tumors—pheochromocytoma, medullary thyroid carcinoma, and primary hyperparathyroidism—aligns perfectly with the classic triad of MEN 2A. The team has effectively ruled out other syndromes such as MEN 2B, MEN 1, Neurofibromatosis, and Von Hippel-Lindau syndrome based on the specific clinical and laboratory findings.\n\nThus, the final answer is **(C) Multiple endocrine neoplasia (MEN) 2A**."}

[INFO] API calls for this sample: 30

[INFO] Sample 38 completed successfully