[INFO] Processing sample 39

[INFO] Step 1. Expert Recruitment
Agent 1 (👨🏽‍⚕️ Cardiologist): Focuses on the diagnosis and treatment of heart and blood vessel-related conditions.
Agent 2 (👨🏽‍⚕️ Epidemiologist): Specializes in the study of the distribution and determinants of health-related states in populations.
Agent 3 (👨‍⚕️ Biostatistician): Expert in the application of statistics to biological and health sciences data analysis.

[INFO] Hierarchy Selection
                   moderator (👨‍⚖️)                                               
           ┌───────────────┴─────────────┬───────────────────────────┐            
  Cardiologist (👨🏽‍⚕️)         Biostatistician (👨‍⚕️)      Epidemiologist (👨🏽‍⚕️) 


[INFO] Step 2. Initial Opinions
 Agent 1 (👨🏽‍⚕️ cardiologist) : To determine the significance of the association between low educational status and the risk of myocardial infarction (MI) in young individuals, we need to analyze the provided odds ratio (OR) and its confidence interval (CI).

The odds ratio of 2.1 suggests that individuals with low educational status are more than twice as likely to experience MI compared to those with high educational status. However, the confidence interval of 0.9 to 9.7 indicates that the range includes 1. This means that it is possible there is no association (since an OR of 1 implies no effect).

Since the confidence interval includes 1, we conclude that the association is not statistically significant. Thus, while low education may appear to be associated with an increased risk of MI, we cannot conclude that it is a true risk factor based solely on this study.

Given this analysis, the appropriate inference is:
(A) The association is not statistically significant, and low education is not a risk factor.
 Agent 2 (👨🏽‍⚕️ epidemiologist) : The question describes a case-control study investigating risk factors for myocardial infarction (MI) at a young age. A chi-square test was performed, and an odds ratio (OR) of 2.1 was computed for the association between low education and the risk of MI, with a 95% confidence interval (CI) of 0.9–9.7.

Here's how to interpret the findings:

*   **Odds Ratio (OR):** An OR of 2.1 suggests that individuals with low educational status are 2.1 times more likely to have had a MI at a young age compared to those with high educational status. An OR greater than 1 indicates a potential increased risk.

*   **Confidence Interval (CI):** The 95% CI for the OR is 0.9–9.7. A statistically significant association is generally considered present if the CI does *not* include the null value, which is 1 for an odds ratio. In this case, the CI includes 1 (since it ranges from 0.9 to 9.7). This means that the true odds ratio could plausibly be 1, indicating no association, or even a value less than 1, indicating a protective effect, although the point estimate is 2.1. The upper limit of 9.7 suggests a potentially large effect size if it were statistically significant.

*   **Statistical Significance:** Because the 95% confidence interval includes 1, the association between low education and young age MI is *not statistically significant* at the 0.05 level. This means that the observed association of 2.1 could be due to random chance.

*   **Inference on Risk Factor:** Even though the association is not statistically significant, the point estimate of the OR is 2.1, which is greater than 1. This suggests that, within the observed data, low education is associated with an increased risk. However, due to the lack of statistical significance, we cannot definitively conclude that low education is a *proven* risk factor based on this study alone.

Let's analyze the options:

*   **(E) The association is statistically significant, and low education is a risk factor.** Incorrect. The CI includes 1, so it's not statistically significant.
*   **(A) The association is not statistically significant, and low education is not a risk factor.** Incorrect. While the association is not statistically significant, the OR is 2.1, suggesting a potential increased risk. We cannot definitively say it's *not* a risk factor, just that this study didn't prove it to be one.
*   **(C) The association is not statistically significant, but low education is a risk factor.** This is the most nuanced and accurate interpretation. The association is not statistically significant, meaning we cannot confidently say it's a risk factor based on this study. However, the point estimate of 2.1 *suggests* it might be. In epidemiological terms, a non-significant finding does not automatically mean there is no risk. It means the study lacked sufficient power to detect a statistically significant association, or the true association is weak or absent. Given the options, this one best reflects the situation where the evidence points towards a risk, but it's not statistically conclusive.
*   **(B) The association is statistically significant, but low education is not a risk factor.** Incorrect. The association is not statistically significant.
*   **(D) One can not comment, as the p-value is not given.** While a p-value is not explicitly given, the confidence interval for the odds ratio provides enough information to determine statistical significance. A 95% CI that includes 1 corresponds to a p-value > 0.05. Therefore, we can comment.

Considering the options and standard epidemiological interpretation:

The association is **not statistically significant** because the 95% CI (0.9–9.7) includes 1.
However, the point estimate of the odds ratio (2.1) is greater than 1, suggesting a potential for increased risk.

Therefore, the most appropriate inference is that the association is not statistically significant, but the observed data hints at low education potentially being a risk factor. Option (C) best captures this. It acknowledges the lack of statistical significance but also the direction of the observed effect.

The final answer is $\boxed{C}$.
 Agent 3 (👨‍⚕️ biostatistician) : Of course. As a biostatistician on the team, let's break down these results methodically.

The correct inference is **(A) The association is not statistically significant, and low education is not a risk factor.**

Here is a detailed explanation of the statistical reasoning, presented as I would to our clinical colleagues.

### Biostatistician's Analysis

To interpret these findings, we need to look at two key pieces of information you've provided: the **Odds Ratio (OR)** and its **95% Confidence Interval (CI)**.

**1. What does the Odds Ratio (OR) tell us?**

*   The OR is our *point estimate* or "best guess" of the strength of the association from our sample data.
*   An OR of 2.1 means that, in this specific study, the odds of having a myocardial infarction at a young age were 2.1 times higher for individuals with low educational status compared to those with high educational status.
*   An OR greater than 1.0 suggests that the exposure (low education) is a potential risk factor.

**2. What does the Confidence Interval (CI) tell us?**

*   The CI gives us a range of plausible values for the *true* odds ratio in the entire population, not just in our sample of 90 people. We are 95% confident that the true OR lies within this range.
*   The CI here is 0.9–9.7.

**3. How do we determine Statistical Significance?**

*   This is the most critical step. For an odds ratio, the "null value" is **1.0**. An OR of 1.0 means there is no association—the odds are the same in both groups.
*   **The Rule:** If the 95% confidence interval **includes the null value of 1.0**, the association is **not statistically significant** at the p < 0.05 level.
*   **Applying the Rule:** Our CI is (0.9 – 9.7). Since this range crosses 1.0, we cannot rule out the possibility that the true odds ratio is 1.0. Therefore, the result is **not statistically significant**.

**4. Can we make an inference without the p-value? (Addressing option D)**

*   Yes, absolutely. The 95% CI and the p-value are intrinsically linked. Because the 95% CI contains 1.0, we can be certain that the p-value is greater than 0.05. We do not need the exact p-value to determine significance. So, option (D) is incorrect.

### Evaluating the Options:

*   **(E) The association is statistically significant, and low education is a risk factor.** Incorrect. The CI includes 1.0, so it is not significant.
*   **(A) The association is not statistically significant, and low education is not a risk factor.** Correct. The CI includes 1.0, making the result not statistically significant. Because we failed to show a significant association, we cannot conclude from this data that low education is a risk factor in the population.
*   **(C) The association is not statistically significant, but low education is a risk factor.** Incorrect. This is a common trap. While the *point estimate* (2.1) suggests a risk, the lack of statistical significance means we cannot make the definitive statement that it *is* a risk factor for the population. Our data is too uncertain.
*   **(B) The association is statistically significant, but low education is not a risk factor.** Incorrect. The result is not significant, and the point estimate suggests it *is* a risk factor.
*   **(D) One can not comment, as the p-value is not given.** Incorrect. The confidence interval provides all the information needed to assess significance at the 0.05 level.

### Clinical Summary & Recommendation

Team, my conclusion from this analysis is that while the data from our sample showed that those with lower education had double the odds of an MI (OR=2.1), this finding was **not statistically significant**.

The wide confidence interval (0.9 to 9.7) tells us that our estimate is very imprecise, which is common in studies with a relatively small sample size (n=90). While the "true" effect could be a strong risk (like an OR of 9.7), it could also be non-existent (OR=1.0) or even slightly protective (OR=0.9).

Therefore, based on this study alone, we do not have sufficient evidence to conclude that low educational status is a risk factor for MI in this young population. This trend is interesting and might warrant investigation in a larger, more powered study, but we cannot make a definitive claim from these results.

[INFO] Step 3. Collaborative Decision Making
== Round 1 ==
[INFO] Participatory Debate
|_Turn 1
 Agent 1 (👨🏽‍⚕️ cardiologist): 🤐
 Agent 2 (👨🏽‍⚕️ epidemiologist): 🤐
 Agent 3 (👨‍⚕️ biostatistician) -> Agent 1 (👨🏽‍⚕️ cardiologist) : As the team's biostatistician, my expertise lies in the correct interpretation and application of statistical methods to clinical data.

To my cardiology colleague, I have carefully reviewed your conclusion. While I agree with your assessment that the finding is not statistically significant, I must strongly advise against selecting option (C).

My opinion is that the only statistically sound conclusion is **(A) The association is not statistically significant, and low education is not a risk factor.**

Here is my reasoning: The statement "low education is a risk factor" is a definitive conclusion that requires statistically significant evidence. Because our confidence interval (0.9-9.7) includes the null value of 1.0, we have explicitly failed to find that evidence. Therefore, we cannot make that claim. The most accurate statement is that our study did not find sufficient evidence to classify low education as a risk factor.

[INFO] Summary Table
+---------+-----------+---------+-----------+
|         |  Agent 1  | Agent 2 |  Agent 3  |
+---------+-----------+---------+-----------+
| Agent 1 |           |         | ✋ (1<-3) |
|         |           |         |           |
| Agent 2 |           |         |           |
|         |           |         |           |
| Agent 3 | ✋ (3->1) |         |           |
+---------+-----------+---------+-----------+

|_Turn 2
 Agent 1 (👨🏽‍⚕️ cardiologist): 🤐
 Agent 2 (👨🏽‍⚕️ epidemiologist): 🤐
 Agent 3 (👨‍⚕️ biostatistician): 🤐
 No agents chose to participate in this turn. End this turn.

[INFO] Moderator Consensus Check
 👨‍⚖️ Moderator consensus check: YES

[INFO] Consensus reached! Ending discussion.

[INFO] Step 4. Final Decision
👨‍⚖️  Moderator's final decision: {0.0: '(A) The association is not statistically significant, and low education is not a risk factor.'}

[INFO] API calls for this sample: 18

[INFO] Sample 39 completed successfully