[INFO] Processing sample 31

[INFO] Step 1. Expert Recruitment
Agent 1 (👨‍⚕️ Pediatrician): Specializes in the medical care of infants, children, and adolescents.
Agent 2 (🧑‍⚕️ Otolaryngologist (ENT specialist)): Focuses on conditions of the ear, nose, and throat, particularly relevant in managing nosebleeds.
Agent 3 (👨🏽‍⚕️ Hematologist): Specializes in blood disorders and can provide insight into potential bleeding disorders.

[INFO] Hierarchy Selection
                   moderator (👨‍⚖️)                                                       
           ┌───────────────┴──────────────┐                                               
  Hematologist (👨🏽‍⚕️)           Pediatrician (👨‍⚕️)                                      
                                     └─────────────────────────┐                          
                                            Otolaryngologist (ENT specialist) (🧑‍⚕️)      


[INFO] Step 2. Initial Opinions
 Agent 1 (👨‍⚕️ pediatrician) : The most appropriate initial therapy for the management of this boy's spontaneous anterior epistaxis (nosebleed) is (E) Squeezing the nostrils manually for 10 minutes with the head elevated.

In cases of anterior nosebleeds, the first-line management includes direct pressure, applied by pinching the nostrils together for about 10 minutes. This helps achieve hemostasis by compressing the blood vessels and allows clot formation. Elevating the head can help reduce blood flow to the area.

If the bleeding persists after this initial management, other therapeutic options can be considered, such as using oxymetazoline for vasoconstriction, cauterization, or packing; however, these are usually reserved for cases that do not resolve with direct pressure.
 Agent 2 (🧑‍⚕️ otolaryngologist (ent specialist)) : This is a common scenario in the emergency department. As an otolaryngologist, my approach to managing this 12-year-old boy with a persistent anterior nosebleed would prioritize safety, effectiveness, and minimally invasive techniques initially. Let's break down the options:

*   **(E) Squeezing the nostrils manually for 10 minutes with the head elevated:** This is the **most appropriate initial therapy**. The vast majority of anterior nosebleeds, especially in children, originate from Kiesselbach's plexus in the anterior nasal septum. Direct, continuous pressure is the cornerstone of hemostasis. Elevating the head helps prevent blood from pooling in the pharynx, which can lead to gagging and aspiration. Holding pressure for a sustained period (10 minutes) is crucial as initial attempts may be too brief.

*   **(B) Oxymetazoline nasal spray:** This is a vasoconstrictor and can be a useful adjunct to manual pressure. It works by constricting blood vessels in the nasal mucosa. However, it's not the primary *initial* therapy. It would typically be applied *after* initial attempts at manual pressure, or to help facilitate visualization if needed.

*   **(D) Silver nitrate cauterization of the bleeding vessel and surrounding vessels:** Cauterization is an effective treatment for persistent, visible bleeding points, but it is *not* the initial therapy. It requires visualization of the bleeding source, which may be obscured by active bleeding. Furthermore, it's an invasive procedure that is typically reserved for cases that don't respond to conservative measures like direct pressure.

*   **(C) Placement of an epinephrine gauze in the left nostril:** Similar to oxymetazoline, epinephrine is a vasoconstrictor. While it can be effective, it's less commonly used as a first-line therapy in the ED compared to simple manual pressure. There are also concerns about systemic absorption and potential cardiovascular effects, especially if the gauze is left in too long or if the patient has underlying cardiac issues (though less likely in a 12-year-old without a history).

*   **(A) Anterior packing and topical antibiotics:** Anterior packing (e.g., with a nasal tampon or balloon catheter) is a more advanced intervention used when manual pressure alone fails to control the bleeding. It's not the initial approach. Topical antibiotics are not indicated for an acute nosebleed unless there's evidence of infection or as part of a follow-up management plan after packing.

Therefore, the immediate and most effective step in managing an anterior nosebleed is direct, continuous pressure.

The final answer is $\boxed{E}$.
 Agent 3 (👨🏽‍⚕️ hematologist) : Excellent question. As the hematologist on the team, my primary focus is to evaluate for an underlying bleeding disorder. However, the immediate priority in any bleeding patient is to achieve hemostasis. I will first collaborate with my Emergency Department colleagues on the acute management and then provide my hematologic assessment.

### Acute Management: Concurrence with ED Protocol

The patient presents with a classic case of anterior epistaxis (nosebleed), likely originating from Kiesselbach's plexus on the anterior nasal septum. The management of this condition follows a stepwise approach, starting with the least invasive measures.

**The most appropriate initial therapy is (E) Squeezing the nostrils manually for 10 minutes with the head elevated.**

Here is the breakdown of why this is the correct first step and why the other options are subsequent steps in the treatment algorithm:

*   **(E) Squeezing the nostrils manually for 10 minutes:** This is the cornerstone of initial management. Direct pressure is the most effective and least invasive method to control bleeding from Kiesselbach's plexus.
    *   **Correction on Technique:** I would advise the team and family that the patient should be sitting upright and *leaning forward*, not hyperextending his head. Leaning forward prevents blood from draining into the pharynx, which can cause nausea, vomiting, or aspiration. The fleshy part of the nose (the alae) should be pinched firmly and continuously for at least 10-15 minutes.
*   **(B) Oxymetazoline nasal spray & (C) Placement of an epinephrine gauze:** These are both excellent second-line options if direct pressure fails. They are topical vasoconstrictors that shrink the blood vessels to help stop the bleeding. They are typically applied after clearing clots from the nostril and before reapplying pressure.
*   **(D) Silver nitrate cauterization:** This is a third-line option. It is only effective if direct pressure and vasoconstrictors have failed *and* a discrete bleeding point can be visualized. It is more invasive and should be performed by a clinician experienced with the technique.
*   **(A) Anterior packing and topical antibiotics:** This is reserved for refractory bleeding that does not respond to the above measures. It is the most invasive of the options listed and is uncomfortable for the patient, requiring follow-up for removal and carrying a small risk of complications like toxic shock syndrome.

### Hematologist's Perspective: Is There an Underlying Disorder?

While the immediate management is straightforward, my role is to consider the "why." A spontaneous nosebleed lasting an hour is significant enough to warrant consideration of an underlying hemostatic defect, even if this is the first episode.

**Factors Arguing AGAINST a Bleeding Disorder:**

*   **First Episode:** This is the patient's first significant nosebleed. Patients with moderate-to-severe bleeding disorders typically present earlier or have a history of other bleeding issues (easy bruising, gum bleeding, prolonged bleeding from cuts).
*   **No Family History:** The absence of a family history makes common inherited disorders like Von Willebrand Disease or hemophilia less likely, though not impossible (spontaneous mutations or autosomal recessive patterns can occur).
*   **Unilateral Bleeding:** The bleeding is confined to one nostril. While not definitive, bleeding from systemic disorders often manifests bilaterally or at other sites. Unilateral bleeding strongly points to a local cause (e.g., trauma from nose-picking, local inflammation, dry mucosa).

**Factors that Warrant Hematologic Consideration:**

*   **Spontaneous Onset and Duration:** A bleed that starts without clear trauma and lasts for an hour is a mild red flag.
*   **Age:** While nosebleeds are common in children, a new onset of prolonged bleeding in an adolescent warrants a thought process for acquired or mild congenital disorders.

### My Recommendations to the Team:

1.  **Proceed with Stepwise Local Control:** I fully support starting with proper direct pressure (head flexed forward), followed by topical vasoconstrictors if needed.
2.  **Laboratory Evaluation if Needed:** If this simple nosebleed proves difficult to control with first-line measures, or if the patient requires packing, we should obtain baseline coagulation studies before he is discharged. I would recommend:
    *   **Complete Blood Count (CBC):** To check platelet count and assess for anemia from the blood loss.
    *   **Prothrombin Time (PT/INR) and Activated Partial Thromboplastin Time (aPTT):** To screen the coagulation cascade.
3.  **Plan for Follow-Up:** Assuming the bleeding stops with simple measures, the patient can be safely discharged. However, I would recommend outpatient follow-up with his primary care physician. If he experiences any recurrent epistaxis, easy bruising, or other bleeding symptoms, a formal hematology consultation would be warranted. At that time, we would consider a more detailed workup, including a **von Willebrand panel (VWF antigen, VWF activity, Factor VIII)**, as Von Willebrand Disease is the most common inherited bleeding disorder and epistaxis is a classic symptom.

**In summary:** The immediate action is proper first aid with direct pressure. From a hematology perspective, the pre-test probability of a significant bleeding disorder is low, but the duration of the bleed merits vigilance. We should be prepared to perform a basic workup if the bleeding is refractory to simple measures.

[INFO] Step 3. Collaborative Decision Making
== Round 1 ==
[INFO] Participatory Debate
|_Turn 1
 Agent 1 (👨‍⚕️ pediatrician): 🤐
 Agent 2 (🧑‍⚕️ otolaryngologist (ent specialist)) -> Agent 1 (👨‍⚕️ pediatrician) : As an otolaryngologist, my expertise lies in the ear, nose, and throat, with a particular focus on managing conditions like epistaxis. I've reviewed the case and the opinions of the pediatrician and hematologist.

I want to talk to the **pediatrician**.

My opinion to the pediatrician is as follows:

I agree that **(E) Squeezing the nostrils manually for 10 minutes with the head elevated** is the most appropriate initial therapy. My reasoning aligns with standard otolaryngology practice for anterior epistaxis. Direct pressure is the cornerstone of hemostasis, and holding it for a sustained period is critical. While the hematologist correctly noted to lean the patient forward, the principle of direct pressure to the anterior nasal septum remains paramount. My concern is that in the initial presentation, the patient was described as hyperextending his head, which should be corrected to prevent aspiration. However, the act of squeezing the nostrils itself is the correct initial maneuver.
 Agent 3 (👨🏽‍⚕️ hematologist): 🤐

[INFO] Summary Table
+---------+-----------+-----------+---------+
|         |  Agent 1  |  Agent 2  | Agent 3 |
+---------+-----------+-----------+---------+
| Agent 1 |           | ✋ (1<-2) |         |
|         |           |           |         |
| Agent 2 | ✋ (2->1) |           |         |
|         |           |           |         |
| Agent 3 |           |           |         |
+---------+-----------+-----------+---------+

|_Turn 2
 Agent 1 (👨‍⚕️ pediatrician): 🤐
 Agent 2 (🧑‍⚕️ otolaryngologist (ent specialist)): 🤐
 Agent 3 (👨🏽‍⚕️ hematologist): 🤐
 No agents chose to participate in this turn. End this turn.

[INFO] Moderator Consensus Check
 👨‍⚖️ Moderator consensus check: YES

[INFO] Consensus reached! Ending discussion.

[INFO] Step 4. Final Decision
👨‍⚖️  Moderator's final decision: {0.0: 'The final answer to the question regarding the most appropriate initial therapy for the 12-year-old boy with persistent anterior epistaxis is:\n\n**(E) Squeezing the nostrils manually for 10 minutes with the head elevated.**\n\nThis decision is based on a strong consensus among the multidisciplinary team, including the pediatrician, otolaryngologist, and hematologist. All experts agree that direct pressure is the cornerstone of managing anterior nosebleeds, particularly in this case where the bleeding is unilateral and there is no significant history suggesting a bleeding disorder. \n\nThe experts emphasized the importance of proper technique, specifically that the patient should be instructed to lean forward while applying pressure to prevent aspiration. This approach is non-invasive, simple to implement, and aligns with current clinical guidelines for managing anterior epistaxis effectively.\n\nTherefore, the final answer is $\\boxed{E}$.'}

[INFO] API calls for this sample: 18

[INFO] Sample 31 completed successfully