[INFO] Processing sample 13

[INFO] Step 1. Expert Recruitment
Agent 1 (👨🏽‍⚕️ Obstetrician): Specializes in the care of pregnant women and management of childbirth.
Agent 2 (🧑🏽‍⚕️ Medical Geneticist): Specializes in the study of genetic disorders and chromosomal abnormalities.
Agent 3 (🧑🏿‍⚕️ Pediatrician): Focuses on the medical care of infants, children, and adolescents, including congenital disorders.

[INFO] Hierarchy Selection
                   moderator (👨‍⚖️)                                                 
           ┌───────────────┴────────────┬────────────────────────────┐              
  Obstetrician (👨🏽‍⚕️)         Pediatrician (🧑🏿‍⚕️)      Medical Geneticist (🧑🏽‍⚕️) 


[INFO] Step 2. Initial Opinions
 Agent 1 (👨🏽‍⚕️ obstetrician) : Based on the described condition of the stillborn infant, which includes a small pelvis, shallow intergluteal cleft, club feet, and significant spinal malformations (absence of the sacrum and lumbar vertebrae), the clinical findings suggest a likely diagnosis of caudal regression syndrome or a related congenital disorder. 

Among the listed options, the strongest predisposing factor for the congenital anomalies described is:

(B) Intrauterine alcohol exposure.

Intrauterine alcohol exposure is associated with a range of congenital anomalies and fetal alcohol syndrome, which can include skeletal abnormalities similar to what has been described. While maternal diabetes and chromosomal abnormalities can also lead to various congenital issues, the specific combination of deformities presented aligns more closely with the effects of alcohol exposure during pregnancy, especially considering the absence of significant prenatal care which might have led to undetected exposures or complications.
 Agent 2 (🧑🏽‍⚕️ medical geneticist) : The question describes a stillborn infant with a constellation of congenital anomalies including a small pelvis, shallow intergluteal cleft, club feet, and most significantly, absence of the sacrum and lumbar vertebrae. This latter finding points strongly to a severe vertebral and spinal malformation. Let's analyze the options:

(A) Maternal oligohydramnios can contribute to certain fetal deformities, particularly limb positioning and lung development, but it's not the primary cause of severe vertebral defects like sacral and lumbar agenesis.

(B) Intrauterine alcohol exposure (Fetal Alcohol Syndrome) can cause a range of birth defects, including central nervous system abnormalities, facial dysmorphism, and growth restriction. While some skeletal abnormalities can occur, the specific pattern of sacral and lumbar agenesis is not a hallmark of FAS.

(C) Chromosome 13 trisomy (Patau syndrome) is associated with severe developmental abnormalities, including intellectual disability, microcephaly, polydactyly, and visceral defects. While spinal abnormalities can occur, they are not as consistently and severely represented as the absence of the sacrum and lumbar vertebrae in this case.

(D) Maternal diabetes, particularly poorly controlled diabetes during pregnancy, is a well-established risk factor for various congenital anomalies, including cardiac defects, neural tube defects (like spina bifida), limb abnormalities (including club feet), and caudal regression syndrome. Caudal regression syndrome is a spectrum of abnormalities of the lower spine and spinal cord, legs, and feet, and it is characterized by partial or complete absence of the lumbosacral vertebrae, sacrum, and coccyx, which directly matches the described findings.

(E) Chromosome 18 trisomy (Edwards syndrome) is associated with multiple congenital anomalies, including intellectual disability, distinctive facial features, heart defects, and limb abnormalities. However, severe lumbosacral agenesis is not a primary or strongly associated feature of trisomy 18.

Considering the presented symptoms, particularly the absence of the sacrum and lumbar vertebrae, and the other associated findings (small pelvis, shallow intergluteal cleft, club feet), caudal regression syndrome is the most fitting diagnosis. Maternal diabetes is a significant predisposing factor for caudal regression syndrome.

The final answer is $\boxed{D}$.
 Agent 3 (🧑🏿‍⚕️ pediatrician) : As a pediatrician specializing in congenital disorders, I'd be happy to discuss this case with the team.

### Case Analysis

The clinical presentation of this stillborn infant is a classic example of **Caudal Regression Syndrome (CRS)**, also known as sacral agenesis. The key diagnostic features presented are:

*   **Skeletal Defects:** Absence of the sacrum and lumbar vertebrae, a small pelvis.
*   **External Findings:** Shallow intergluteal cleft and club feet (talipes equinovarus).

This constellation of findings points to a severe disruption of the caudal mesoderm during early embryonic development (around the 3rd week of gestation), which is responsible for forming the lower spine, limbs, and parts of the urogenital and gastrointestinal systems.

### Evaluation of Predisposing Factors

Now, let's evaluate the options provided to determine the strongest predisposing factor for Caudal Regression Syndrome.

*   **(A) Maternal oligohydramnios:** While oligohydramnios can lead to fetal compression and deformities like club feet (as part of the Potter sequence), it is not the primary cause of the fundamental skeletal defect of vertebral agenesis. It's more often a consequence, not a cause, of severe congenital anomalies.

*   **(B) Intrauterine alcohol exposure:** Fetal Alcohol Syndrome (FAS) is associated with a range of birth defects, including cardiac and skeletal anomalies. However, CRS is not a characteristic or common feature of FAS.

*   **(C) Chromosome 13 trisomy (Patau syndrome):** This condition is characterized by midline defects like holoprosencephaly, clefting, and polydactyly. It is not typically associated with sacral agenesis.

*   **(E) Chromosome 18 trisomy (Edwards syndrome):** Key features include rocker-bottom feet, clenched fists, and severe cardiac defects. Again, this specific pattern of caudal regression is not a hallmark of Edwards syndrome.

*   **(D) Maternal diabetes:** This is the correct answer. There is a very strong and well-documented association between poorly controlled pre-gestational maternal diabetes and the development of Caudal Regression Syndrome. The risk is estimated to be 200-400 times higher than in the general population. The hyperglycemic environment is thought to be teratogenic to the developing caudal mesoderm during the critical early weeks of organogenesis. The fact that the mother had no prenatal care makes undiagnosed or uncontrolled diabetes a highly probable underlying factor.

### Conclusion

The clinical picture is pathognomonic for Caudal Regression Syndrome. The single strongest predisposing risk factor for this rare and severe condition is pre-existing maternal diabetes, especially when glycemic control is poor during the periconceptional period.

Therefore, the correct option is **(D) Maternal diabetes**. This tragic case underscores the critical importance of preconception counseling and early prenatal care to manage maternal health conditions and optimize fetal outcomes.

[INFO] Step 3. Collaborative Decision Making
== Round 1 ==
[INFO] Participatory Debate
|_Turn 1
 Agent 1 (👨🏽‍⚕️ obstetrician): 🤐
 Agent 2 (🧑🏽‍⚕️ medical geneticist): 🤐
 Agent 3 (🧑🏿‍⚕️ pediatrician): 🤐
 No agents chose to participate in this turn. End this turn.
 No agents chose to participate in this round. End this round.

[INFO] Step 4. Final Decision
👨‍⚖️  Moderator's final decision: {0.0: 'After reviewing the conversation history and the reasoning provided by the multidisciplinary team, it is clear that the consensus among the experts points towards maternal diabetes as the strongest predisposing factor for the condition observed in the stillborn infant.\n\nThe obstetrician initially suggested intrauterine alcohol exposure, but the medical geneticist and pediatrician both provided strong arguments supporting maternal diabetes as the primary risk factor for Caudal Regression Syndrome (CRS). They highlighted the well-documented association between poorly controlled maternal diabetes and the development of severe spinal malformations, including the absence of the sacrum and lumbar vertebrae, which aligns with the clinical findings in this case.\n\nThe pediatrician emphasized the critical role of maternal diabetes in the teratogenic effects on the developing caudal mesoderm, which is responsible for the observed anomalies. The absence of prenatal care further supports the likelihood of undiagnosed or uncontrolled diabetes being a significant factor.\n\nGiven the quality of reasoning and the convergence of opinions among the experts, the final decision is:\n\n**(D) Maternal diabetes**.'}

[INFO] API calls for this sample: 9

[INFO] Sample 13 completed successfully