[INFO] Processing sample 20

[INFO] Step 1. Expert Recruitment
Agent 1 (👨🏿‍⚕️ Cardiologist): Focuses on the diagnosis and treatment of heart and blood vessel-related conditions, including management of hyperlipidemia.
Agent 2 (👨🏽‍⚕️ Pharmacologist): Specializes in the study of drugs, their mechanisms of action, and side effects, particularly in regard to lipid-altering medications like niacin.
Agent 3 (👨‍⚕️ Dermatologist): Expert in skin-related issues and side effects of medications that may cause flushing or other skin reactions.

[INFO] Hierarchy Selection
                   moderator (👨‍⚖️)                                             
           ┌───────────────┴────────────┬──────────────────────────┐            
  Cardiologist (👨🏿‍⚕️)         Dermatologist (👨‍⚕️)      Pharmacologist (👨🏽‍⚕️) 


[INFO] Step 2. Initial Opinions
 Agent 1 (👨🏿‍⚕️ cardiologist) : The side effect that the physician is trying to avoid by recommending aspirin in conjunction with high-dose niacin is likely due to the release of prostaglandins (Option C). Niacin can cause flushing and other vascular side effects, which are primarily attributed to the release of prostaglandins. Aspirin, as an anti-inflammatory and antipyretic medication, can inhibit the production of prostaglandins by blocking cyclooxygenase, thereby helping to mitigate this particular side effect when taken with niacin.
 Agent 2 (👨🏽‍⚕️ pharmacologist) : As a pharmacologist specializing in lipid-altering medications, I can explain the rationale behind prescribing aspirin with niacin.

The primary side effect that high-dose niacin is notorious for, and that aspirin helps to mitigate, is **flushing**. This is a sensation of warmth, redness, and itching, often felt most intensely on the face, neck, and chest.

The mechanism believed to be responsible for niacin-induced flushing involves the **release of prostaglandins**. Niacin stimulates the release of prostaglandins (specifically PGE2 and PGD2) from skin cells. These prostaglandins then bind to receptors on local blood vessels, causing vasodilation and leading to the characteristic flushing.

Aspirin, by inhibiting cyclooxygenase (COX) enzymes, reduces the synthesis of prostaglandins. Therefore, co-administering aspirin with niacin can significantly attenuate the flushing side effect.

Let's consider why the other options are less likely:

*   **(B) Immune complex formation:** This is typically associated with autoimmune diseases or reactions to certain infections or drugs, not the common side effects of niacin.
*   **(E) T cell activation:** While immune responses involve T cells, the acute flushing from niacin is not primarily mediated by T cell activation.
*   **(D) Mast cell degranulation:** Mast cell degranulation is involved in allergic reactions and the release of histamine. While histamine can cause vasodilation, the primary mediator of niacin flushing is prostaglandins.
*   **(A) Bile deposition in the dermis:** This is not a known side effect of niacin or related to the flushing phenomenon.

Therefore, the side effect the physician is trying to avoid (flushing) is thought to be mediated by **release of prostaglandins**.

The final answer is $\boxed{C}$.
 Agent 3 (👨‍⚕️ dermatologist) : Excellent question from the team. As the dermatologist, I can provide a detailed perspective on this common and classic pharmacologic reaction.

The correct answer is **(C) Release of prostaglandins**.

### Dermatological Explanation

This is a textbook case of managing the "niacin flush," a very common cutaneous side effect that is a major reason for patient non-compliance with this effective lipid-lowering therapy.

1.  **The Clinical Presentation (The "Niacin Flush"):**
    Within 20-30 minutes of ingesting an immediate-release, high-dose niacin tablet, the patient often experiences a sudden onset of intense erythema (redness), a sensation of warmth, and sometimes pruritus (itching) and tingling. This reaction characteristically affects the face, neck, and upper trunk—the so-called "blush area." While alarming for the patient, it is a harmless and transient phenomenon.

2.  **The Underlying Mechanism:**
    The niacin flush is not a true allergic reaction (like one mediated by mast cells or T-cells). Instead, it's a direct pharmacological effect.
    *   Niacin (nicotinic acid) binds to a specific G-protein coupled receptor called **GPR109A** (also known as HCA2), which is highly expressed on Langerhans cells in the epidermis and keratinocytes.
    *   Activation of this receptor leads to the rapid synthesis and release of **prostaglandins**, primarily **Prostaglandin D2 (PGD2)** and to a lesser extent, Prostaglandin E2 (PGE2).
    *   These prostaglandins diffuse into the dermis, where they act on receptors on the vascular smooth muscle of cutaneous blood vessels, causing potent vasodilation.
    *   This rapid increase in superficial blood flow is what manifests clinically as the erythema and sensation of heat that we call the flush.

3.  **The Rationale for Aspirin Co-administration:**
    The physician's recommendation to take aspirin beforehand is a clever and effective prophylactic strategy based on this mechanism.
    *   Aspirin is a non-steroidal anti-inflammatory drug (NSAID) that works by **irreversibly inhibiting cyclooxygenase (COX) enzymes**, particularly COX-1.
    *   The COX enzymes are essential for converting arachidonic acid into prostaglandins.
    *   By taking a low dose of aspirin (e.g., 325 mg) about 30 minutes before the niacin dose, the patient effectively blocks the COX-1 enzyme in the Langerhans cells. This prevents the synthesis of PGD2 and PGE2, thereby averting the subsequent vasodilation and flush.

### Analysis of Incorrect Options:

*   **(A) Bile deposition in the dermis:** This mechanism is responsible for the intense, often intractable pruritus seen in patients with cholestatic liver disease (obstructive jaundice). It does not cause flushing.
*   **(B) Immune complex formation:** This is a Type III hypersensitivity reaction, which can lead to conditions like serum sickness or cutaneous vasculitis. These reactions are delayed, systemic, and involve different clinical signs (e.g., palpable purpura) than the acute niacin flush.
*   **(D) Mast cell degranulation:** This is the hallmark of a Type I hypersensitivity (allergic) reaction, releasing histamine. While histamine is a vasodilator and can cause flushing and urticaria (hives), the niacin flush is primarily prostaglandin-mediated. We don't typically see the prominent wheals of urticaria with a niacin flush.
*   **(E) T cell activation:** This is a Type IV or delayed-type hypersensitivity reaction, which takes 24-72 hours to develop. It is the mechanism behind allergic contact dermatitis (e.g., poison ivy) and presents as an eczematous rash, not an acute flush.

**In summary for the team:** The physician is preemptively treating a predictable, prostaglandin-mediated cutaneous reaction. By inhibiting prostaglandin synthesis with aspirin, we can significantly improve the patient's tolerance and adherence to niacin therapy. This is a perfect example of how understanding the pathophysiology of a skin reaction allows for targeted and effective management.

[INFO] Step 3. Collaborative Decision Making
== Round 1 ==
[INFO] Participatory Debate
|_Turn 1
 Agent 1 (👨🏿‍⚕️ cardiologist): 🤐
 Agent 2 (👨🏽‍⚕️ pharmacologist) -> Agent 1 (👨🏿‍⚕️ cardiologist) : My expertise lies in pharmacology, specifically the mechanisms of action and side effects of lipid-altering medications like niacin.

To the cardiologist and dermatologist:

I want to reiterate that the flushing associated with high-dose niacin is a well-established pharmacologic side effect primarily mediated by the **release of prostaglandins**, specifically PGD2 and PGE2, in the skin. These prostaglandins cause vasodilation. Aspirin's role is to inhibit the cyclooxygenase enzymes responsible for prostaglandin synthesis, thereby mitigating this flush. This mechanism is consistent across pharmacological and dermatological understanding, and it explains why aspirin is recommended to improve patient tolerance to niacin.
 Agent 2 (👨🏽‍⚕️ pharmacologist) -> Agent 3 (👨‍⚕️ dermatologist) : My expertise is in pharmacology, focusing on drug mechanisms and side effects.

To the dermatologist:

I concur with your detailed explanation. The mechanism of niacin-induced flushing, as you've articulated, is directly linked to the activation of GPR109A receptors on skin cells, leading to the release of prostaglandins (PGD2 and PGE2). Aspirin's effectiveness in preventing this flush is due to its COX-inhibitory action, which blocks prostaglandin synthesis. This shared understanding reinforces that **(C) Release of prostaglandins** is the correct mechanism the physician is trying to avoid.
 Agent 3 (👨‍⚕️ dermatologist): 🤐

[INFO] Summary Table
+---------+-----------+-----------+-----------+
|         |  Agent 1  |  Agent 2  |  Agent 3  |
+---------+-----------+-----------+-----------+
| Agent 1 |           | ✋ (1<-2) |           |
|         |           |           |           |
| Agent 2 | ✋ (2->1) |           | ✋ (2->3) |
|         |           |           |           |
| Agent 3 |           | ✋ (3<-2) |           |
+---------+-----------+-----------+-----------+

|_Turn 2
 Agent 1 (👨🏿‍⚕️ cardiologist): 🤐
 Agent 2 (👨🏽‍⚕️ pharmacologist): 🤐
 Agent 3 (👨‍⚕️ dermatologist): 🤐
 No agents chose to participate in this turn. End this turn.

[INFO] Moderator Consensus Check
 👨‍⚖️ Moderator consensus check: YES

[INFO] Consensus reached! Ending discussion.

[INFO] Step 4. Final Decision
👨‍⚖️  Moderator's final decision: {0.0: 'The final answer to the question regarding the mechanism behind the side effect the physician is trying to avoid with high-dose niacin is:\n\n**(C) Release of prostaglandins.**\n\nThis conclusion is supported by a strong consensus among the multidisciplinary team, including the cardiologist, pharmacologist, and dermatologist. They all agree that the flushing associated with niacin is primarily mediated by the release of prostaglandins (specifically PGD2 and PGE2), which leads to vasodilation and the characteristic flushing sensation. The use of aspirin is recommended to inhibit the cyclooxygenase enzymes responsible for prostaglandin synthesis, thereby mitigating this side effect. The reasoning provided by each expert reinforces the pharmacological understanding of this mechanism, confirming that option (C) is indeed the correct choice.'}

[INFO] API calls for this sample: 19

[INFO] Sample 20 completed successfully