[INFO] Processing sample 17

[INFO] Step 1. Expert Recruitment
Agent 1 (👨🏽‍⚕️ Biostatistician): Specializes in the application of statistical methods to biological and health-related studies.
Agent 2 (👨🏻‍⚕️ Pulmonologist): Specializes in the diagnosis and treatment of respiratory system disorders, including asthma.
Agent 3 (👨🏽‍⚕️ Clinical Researcher): Focuses on the design, implementation, and analysis of clinical trials and research studies.

[INFO] Hierarchy Selection
                     moderator (👨‍⚖️)                                                 
            ┌────────────────┴───────────────┬────────────────────────────┐           
 Biostatistician (👨🏽‍⚕️)        Clinical Researcher (👨🏽‍⚕️)     Pulmonologist (👨🏻‍⚕️) 


[INFO] Step 2. Initial Opinions
 Agent 1 (👨🏽‍⚕️ biostatistician) : The correct answer is (B) A type 1 error occurs when the null hypothesis is true but is rejected in error.

Explanation:
- A type 1 error, also known as a false positive, occurs when researchers incorrectly conclude that there is a significant effect or difference when, in fact, there is none (i.e., the null hypothesis is true). 
- The other options are not accurate definitions or descriptions of a type 1 error:
  - (A) refers to study power, which is related to the likelihood of correctly rejecting a false null hypothesis (type 2 error, not type 1).
  - (C) describes a type 2 error (false negative), where the null hypothesis is false but is not rejected.
  - (D) incorrectly labels a type 1 error as a beta error, which is actually related to type 2 errors (denoted as β).
  - (E) suggests that a type 1 error depends on the confidence interval, which is not accurate; type 1 error is controlled by the significance level (alpha, α), typically set at 0.05.
 Agent 2 (👨🏻‍⚕️ pulmonologist) : Rationale:
The question asks to identify the true statement about a Type 1 error in the context of the provided research abstract. Let's analyze each option:

(A) A Type 1 error is related to rejecting a true null hypothesis, not necessarily a lack of statistical power. A lack of statistical power relates more to Type 2 errors (failing to reject a false null hypothesis).

(B) This statement accurately defines a Type 1 error. In hypothesis testing, the null hypothesis often states there is no difference or effect. Rejecting it when it is actually true means concluding there is a difference or effect when there isn't one. The abstract reports statistically significant findings (p<0.001 for exacerbation rates, p=0.02 and p=0.03 for FEV1, p<0.001 for SGRQ and ACQ-5), suggesting the researchers rejected the null hypothesis of no difference. If they made a Type 1 error, it means they incorrectly rejected this null hypothesis.

(C) This describes a Type 2 error, where a false null hypothesis is accepted in error.

(D) A Type 1 error is denoted by alpha (α), not beta (β). Beta (β) represents the probability of a Type 2 error. Standard alpha levels are typically 0.05 or 0.01, not 0.1 or 0.2.

(E) Confidence intervals are directly related to hypothesis testing and the possibility of Type 1 and Type 2 errors. However, this statement is vague. A confidence interval can indicate whether a null hypothesis (e.g., of no difference) is likely to be rejected, but the definition of a Type 1 error itself is about the incorrect rejection of the null hypothesis. Option (B) provides a direct and correct definition.

Therefore, the most accurate statement regarding a Type 1 error is (B). If a Type 1 error had occurred in this study, it would mean that the observed significant reductions in exacerbations, improvements in FEV1, SGRQ, and ACQ-5 were due to chance, and in reality, mepolizumab had no effect compared to placebo.

The final answer is $\boxed{B}$.
 Agent 3 (👨🏽‍⚕️ clinical researcher) : As a clinical researcher on the team, I can clarify this statistical concept. The correct answer is **(B)**.

Here's a detailed breakdown of why, and an explanation of the other options:

### Correct Answer

**(B) A type 1 error occurs when the null hypothesis is true but is rejected in error.**

*   **Null Hypothesis (H₀) for this study:** The null hypothesis would be that there is no difference in the rate of asthma exacerbations between patients receiving mepolizumab and those receiving a placebo.
*   **The Study's Finding:** The researchers found a statistically significant difference (p<0.001). Because the p-value was below the typical threshold of 0.05, they **rejected the null hypothesis**.
*   **What a Type 1 Error Would Mean:** If the researchers made a Type 1 error, it would mean that in reality, mepolizumab has no effect (the null hypothesis is true), but due to random chance in this specific sample of patients, the data showed a significant effect. They would have concluded the drug works when it actually doesn't. This is also known as a **false positive**. Option (B) is the precise statistical definition of this event.

### Incorrect Options

*   **(A) A type 1 error means the study is not significantly powered to detect a true difference between study groups.**
    *   This describes a study at high risk for a **Type II error**, not a Type I error. Study power is the ability to detect a true effect if one exists. Low power increases the chance of a "false negative" (a Type II error).

*   **(C) A type 1 error occurs when the null hypothesis is false, yet is accepted in error.**
    *   This is the definition of a **Type II error** (a "false negative"). In this scenario, the drug really works (the null hypothesis is false), but the study failed to detect this effect and incorrectly concluded it doesn't work.

*   **(D) A type 1 error is a beta (β) error and is usually 0.1 or 0.2.**
    *   This statement is incorrect on two levels. A Type I error is an **alpha (α)** error. A **beta (β)** error is a Type II error. Furthermore, the acceptable level for alpha is typically set at 0.05 (a 5% chance), while beta is often set at 0.1 or 0.2 (for 90% or 80% power, respectively).

*   **(E) A type 1 error is dependent on the confidence interval of a study.**
    *   This is misleading. The risk of a Type I error (the alpha level, e.g., 0.05) is chosen by the researchers *before* the study begins. This alpha level then dictates the confidence level of the interval (e.g., alpha of 0.05 corresponds to a 95% confidence interval). While a confidence interval that does not cross the null value (e.g., a rate ratio of 1.0) indicates statistical significance, it is a *result* of the analysis, not the *definition* of the error itself. The error is the discrepancy between the study's conclusion and the actual truth.

In summary, if this successful trial had inadvertently produced a Type 1 error, it would mean we celebrated a positive result that was purely due to chance, and the drug is not actually effective. Option (B) correctly defines this situation.

[INFO] Step 3. Collaborative Decision Making
== Round 1 ==
[INFO] Participatory Debate
|_Turn 1
 Agent 1 (👨🏽‍⚕️ biostatistician): 🤐
 Agent 2 (👨🏻‍⚕️ pulmonologist): 🤐
 Agent 3 (👨🏽‍⚕️ clinical researcher): 🤐
 No agents chose to participate in this turn. End this turn.
 No agents chose to participate in this round. End this round.

[INFO] Step 4. Final Decision
👨‍⚖️  Moderator's final decision: {0.0: 'The final answer to the question regarding the definition of a type 1 error, based on the consensus and reasoning provided by the experts, is:\n\n**(B) A type 1 error occurs when the null hypothesis is true but is rejected in error.**\n\nThis option accurately captures the essence of a type 1 error, which is a false positive conclusion in hypothesis testing. The experts provided clear explanations and reasoning that support this choice, while the other options were effectively debunked as incorrect or misleading. Therefore, the final decision is to affirm option (B) as the correct answer.'}

[INFO] API calls for this sample: 9

[INFO] Sample 17 completed successfully