[INFO] Processing sample 14

[INFO] Step 1. Expert Recruitment
Agent 1 (🧑🏽‍⚕️ Gastroenterologist): Specializes in the diagnosis and management of gastrointestinal disorders, including liver-related conditions and bleeding.
Agent 2 (👨🏿‍⚕️ Cardiologist): Focuses on the diagnosis and treatment of heart and blood vessel-related conditions, particularly in relation to hemodynamics and shock.
Agent 3 (👩🏼‍⚕️ Oncologist): Specializes in the treatment of cancers, including the assessment of potential malignancies that may contribute to gastrointestinal bleeding and liver dysfunction.

[INFO] Hierarchy Selection
                 moderator (👨‍⚖️)                                       
          ┌──────────────┴──────────────────┐                           
  Oncologist (👩🏼‍⚕️)           Gastroenterologist (🧑🏽‍⚕️)               
                                     └───────────────┐                  
                                            Cardiologist (👨🏿‍⚕️)        


[INFO] Step 2. Initial Opinions
 Agent 1 (🧑🏽‍⚕️ gastroenterologist) : This patient presents with signs of significant volume depletion, likely due to gastrointestinal bleeding and possibly secondary to chronic alcohol use, which can lead to liver dysfunction. The classic signs you've provided—such as hypotension (85/59 mm Hg), tachycardia (pulse of 122/min), pallor, and delayed capillary refill—suggest a state of shock, likely hypovolemic due to blood loss.

In this particular context, it's important to consider how the body responds to the shock due to loss of blood volume. The systemic vascular resistance (SVR) typically increases in response to hypovolemia in an attempt to maintain blood flow to vital organs. This can result from compensatory mechanisms like vasoconstriction mediated by neurohumoral responses (like increased sympathetic tone, and increased renin-angiotensin system activation).

Now, let's analyze the options given:

- (E) Cardiac inotropy: It's likely that inotropy is maintained or increased due to compensatory mechanisms in response to hypovolemia, not decreased.
  
- (D) Pulmonary vascular resistance: This is typically not directly impacted by hypovolemia and can be influenced by other factors (e.g., oxygen levels, other lung conditions).

- (A) Systemic vascular resistance: This typically increases in the setting of hypovolemic shock as a compensatory mechanism, thus is not decreased.

- (B) Fractional tissue oxygen extraction: This could potentially increase as tissues extract more oxygen due to reduced blood flow, so it is not correct to say it is decreased.

- (C) Carotid baroreceptor firing activity: In the setting of hypotension (like in this patient who has low blood pressure), the firing rate of carotid baroreceptors would decrease due to lower blood pressure.

Thus, in this patient with hypovolemia and hypotension, the most likely option that is decreased is:

**(C) Carotid baroreceptor firing activity.**
 Agent 2 (👨🏿‍⚕️ cardiologist) : The patient presents with symptoms suggestive of upper gastrointestinal bleeding (bloody vomitus with black specks) in the setting of chronic heavy alcohol use, which is a significant risk factor for conditions like esophageal varices and gastritis. His vital signs (tachycardia, hypotension, narrowed pulse pressure) and physical exam findings (pale appearance, decreased radial pulses, delayed capillary refill, distended abdomen, spider angiomata) are indicative of hypovolemic shock, likely secondary to blood loss. He is also disoriented, suggesting poor cerebral perfusion.

Let's analyze the options in the context of hypovolemic shock:

*   **C) Carotid baroreceptor firing activity:** Baroreceptors are stretch receptors in blood vessels that sense changes in blood pressure. In a hypotensive state, there is decreased stretch, leading to **decreased** baroreceptor firing. This decreased firing signals the central nervous system to activate compensatory mechanisms, such as increasing heart rate and systemic vascular resistance. Therefore, carotid baroreceptor firing activity is likely decreased in this patient.

*   **A) Systemic vascular resistance (SVR):** In response to hypovolemic shock, the body attempts to maintain blood pressure by constricting peripheral blood vessels, which **increases** SVR. This is a compensatory mechanism to redirect blood flow to vital organs.

*   **E) Cardiac inotropy:** Cardiac inotropy refers to the contractility of the heart muscle. While the body will try to increase cardiac output, the primary problem is volume depletion. The direct effect of hypovolemia might initially lead to decreased cardiac output due to reduced preload. However, the autonomic nervous system will stimulate increased inotropy (contractility) through sympathetic activation to compensate. So, while the initial state might be compromised, the *response* to the condition is to increase inotropy. The question asks what is *decreased compared to a healthy adult* in response to the condition. While overall cardiac output might be reduced due to decreased preload, the *inotropic state* is generally stimulated in shock.

*   **D) Pulmonary vascular resistance (PVR):** PVR is the resistance to blood flow through the pulmonary circulation. In hypovolemic shock, the focus of vasoconstriction is in the systemic circulation to maintain blood pressure. PVR might decrease slightly due to reduced overall blood volume or remain relatively unchanged, but it's not typically the primary mechanism that is decreased in response to hypovolemia.

*   **B) Fractional tissue oxygen extraction:** Fractional tissue oxygen extraction is the amount of oxygen extracted from the blood by tissues. In states of shock where oxygen delivery is compromised, tissues will **increase** their extraction of oxygen to meet their metabolic demands. Therefore, fractional tissue oxygen extraction is likely increased, not decreased.

Considering the question asks what is *most likely decreased* in response to the current condition compared to a healthy adult, the decrease in carotid baroreceptor firing activity due to hypotension is the most direct and expected consequence of the patient's hypovolemic shock.

The final answer is $\boxed{C}$.
 Agent 3 (👩🏼‍⚕️ oncologist) : Excellent case, team. Let's break this down.

**Initial Assessment & Synthesis**

This patient is presenting with a classic picture of a massive upper gastrointestinal bleed, leading to severe **hemorrhagic shock**. The etiology is almost certainly related to complications of end-stage liver disease, specifically portal hypertension causing esophageal varices.

Here's the evidence:

*   **Massive GI Bleed:** Hematemesis ("bloody and black specks" indicating fresh and digested blood).
*   **Hemorrhagic Shock:** Hypotension (85/59 mmHg), tachycardia (122/min), and signs of poor end-organ perfusion (pallor, decreased pulses, delayed capillary refill, altered mental status).
*   **Decompensated Cirrhosis:** The history of heavy alcohol use combined with physical exam findings of spider angiomata and a distended abdomen (likely ascites) are strong indicators of chronic liver disease. The altered mental status may also be compounded by hepatic encephalopathy.

**Answering the Question**

The question asks what physiological parameter is *decreased* in response to this patient's condition. We need to analyze the body's compensatory mechanisms for hemorrhagic shock.

The fundamental problem is a rapid loss of intravascular volume, leading to decreased venous return (preload), which causes a drop in cardiac output and, consequently, a severe drop in mean arterial pressure (MAP). The body's immediate goal is to restore this pressure.

Let's evaluate the options in this context:

*   **(A) Systemic vascular resistance (SVR):** In response to hypotension, the sympathetic nervous system is strongly activated. This causes widespread arteriolar vasoconstriction to shunt blood to vital organs (brain, heart) and increase blood pressure. Therefore, SVR would be markedly **increased**.
*   **(B) Fractional tissue oxygen extraction:** With decreased blood flow (low cardiac output), the tissues are starved for oxygen. To compensate, they extract a much higher percentage of oxygen from the hemoglobin in the blood that does pass through. Therefore, the arteriovenous oxygen difference widens, and fractional oxygen extraction is **increased**.
*   **(D) Pulmonary vascular resistance (PVR):** The systemic sympathetic response can cause a mild increase in PVR, and hypoxia from poor perfusion can also induce pulmonary vasoconstriction. It is certainly not expected to decrease.
*   **(E) Cardiac inotropy:** Sympathetic activation via β1-adrenergic receptors works to **increase** cardiac contractility (inotropy) and heart rate to maximize cardiac output from the limited available blood volume.

This leaves us with the correct answer:

*   **(C) Carotid baroreceptor firing activity:** The carotid and aortic baroreceptors are stretch-sensitive neurons that monitor arterial blood pressure. When blood pressure is high, the arterial wall stretches, and the baroreceptors fire rapidly. In this patient's state of severe hypotension, the arterial wall is under-filled and has reduced stretch. This leads to a significant **decrease** in the firing rate of the carotid baroreceptors. This decreased firing is the critical signal to the brainstem that triggers the powerful sympathetic compensatory response we discussed above (increased heart rate, inotropy, and SVR).

**Conclusion**

In this patient with hemorrhagic shock, the primary afferent signal of the problem is a **decrease in carotid baroreceptor firing activity** due to low arterial pressure. This signal initiates the compensatory mechanisms that cause an increase in systemic vascular resistance, cardiac inotropy, and tissue oxygen extraction.

**Next Steps from a Clinical Standpoint**

Our immediate priorities are resuscitation (ABCs, two large-bore IVs, fluids, blood products) and stabilization. We need to protect his airway given his altered mental status. Once he is more stable, he will need an urgent endoscopy to identify and treat the source of bleeding, which is likely variceal banding. We should also involve our GI/Hepatology colleagues immediately. Long-term, if he survives this acute event, he needs management for his alcohol use disorder and complications of cirrhosis, including screening for hepatocellular carcinoma.

[INFO] Step 3. Collaborative Decision Making
== Round 1 ==
[INFO] Participatory Debate
|_Turn 1
 Agent 1 (🧑🏽‍⚕️ gastroenterologist): 🤐
 Agent 2 (👨🏿‍⚕️ cardiologist) -> Agent 1 (🧑🏽‍⚕️ gastroenterologist) : As a cardiologist focusing on hemodynamics and shock, I want to discuss the patient's current state of hypovolemic shock and its impact on baroreceptor activity.

To the gastroenterologist:

Given the patient's presentation of hematemesis and signs of hemorrhagic shock, it's highly probable he has bleeding esophageal varices secondary to chronic alcohol-induced liver disease, evidenced by the spider angiomata and distended abdomen. My concern is the hemodynamic response to this significant blood loss.

In response to his profound hypotension (BP 85/59 mmHg), the carotid baroreceptors, which sense arterial stretch, would be significantly under-stimulated. This reduced stretch leads to a **decreased firing rate of the carotid baroreceptors**. This decrease is the primary trigger for the sympathetic nervous system to initiate compensatory mechanisms, such as increasing systemic vascular resistance and heart rate, in an attempt to maintain perfusion pressure. Therefore, option (C) Carotid baroreceptor firing activity is most likely decreased compared to a healthy adult.

I believe this interpretation of the baroreceptor reflex in the context of shock is critical for understanding the subsequent physiological cascade and guiding our immediate management.
 Agent 3 (👩🏼‍⚕️ oncologist): 🤐

[INFO] Summary Table
+---------+-----------+-----------+---------+
|         |  Agent 1  |  Agent 2  | Agent 3 |
+---------+-----------+-----------+---------+
| Agent 1 |           | ✋ (1<-2) |         |
|         |           |           |         |
| Agent 2 | ✋ (2->1) |           |         |
|         |           |           |         |
| Agent 3 |           |           |         |
+---------+-----------+-----------+---------+

|_Turn 2
 Agent 1 (🧑🏽‍⚕️ gastroenterologist): 🤐
 Agent 2 (👨🏿‍⚕️ cardiologist): 🤐
 Agent 3 (👩🏼‍⚕️ oncologist): 🤐
 No agents chose to participate in this turn. End this turn.

[INFO] Moderator Consensus Check
 👨‍⚖️ Moderator consensus check: YES

[INFO] Consensus reached! Ending discussion.

[INFO] Step 4. Final Decision
👨‍⚖️  Moderator's final decision: {0.0: "Based on the thorough discussion and consensus among the multidisciplinary team, the final answer to the question regarding which physiological parameter is most likely decreased in this patient in response to his current condition compared to a healthy adult is:\n\n**(C) Carotid baroreceptor firing activity.**\n\nThe reasoning is well-supported by the experts' insights into the patient's state of hemorrhagic shock, characterized by profound hypotension and reduced intravascular volume. The carotid baroreceptors, which respond to arterial stretch, would indeed exhibit decreased firing activity due to the low blood pressure and volume, triggering compensatory mechanisms in the body. This conclusion aligns with the physiological understanding of baroreceptor function in the context of shock."}

[INFO] API calls for this sample: 18

[INFO] Sample 14 completed successfully