[INFO] Processing sample 45

[INFO] Step 1. Expert Recruitment
Agent 1 (👩🏻‍⚕️ Rheumatologist): Specializes in autoimmune diseases and conditions, particularly those affecting connective tissues.
Agent 2 (👨🏿‍⚕️ Oncologist): Focuses on the diagnosis and treatment of cancer, including hematologic malignancies and solid tumors.
Agent 3 (🧑🏽‍⚕️ Immunologist): Specializes in the immune system and related diseases, including autoimmune disorders.

[INFO] Hierarchy Selection
                     moderator (👨‍⚖️)                                         
            ┌────────────────┴────────────┬────────────────────────┐          
  Rheumatologist (👩🏻‍⚕️)         Immunologist (🧑🏽‍⚕️)      Oncologist (👨🏿‍⚕️) 


[INFO] Step 2. Initial Opinions
 Agent 1 (👩🏻‍⚕️ rheumatologist) : This patient's presentation is consistent with Sjögren's syndrome, an autoimmune condition characterized by dry mouth (xerostomia) and dry eyes (xerophthalmia), often accompanied by parotid gland enlargement. The presence of anti-Ro (anti-SS-A) and anti-La (anti-SS-B) autoantibodies further supports the diagnosis of Sjögren's syndrome. 

One of the known complications of Sjögren's syndrome is an increased risk of certain lymphoproliferative disorders, particularly non-Hodgkin lymphoma. Patients with Sjögren's syndrome are at a significantly higher risk for developing lymphoma, especially B cell lymphomas. 

Considering the provided options, the patient is most at risk for developing:

(B) Non-Hodgkin lymphoma

Thus, the correct answer is (B) Non-Hodgkin lymphoma.
 Agent 2 (👨🏿‍⚕️ oncologist) : The patient presents with classic symptoms of Sjögren's syndrome, characterized by dry eyes (keratoconjunctivitis sicca) and dry mouth (xerostomia), as well as tender parotid glands and dry mucous membranes. The history of a grandmother with systemic lupus erythematosus and the presence of high titers of anti-Ro and anti-La antibodies are highly suggestive of Sjögren's syndrome, which is an autoimmune disease that primarily affects the exocrine glands.

Now, let's consider the potential complications of Sjögren's syndrome and how they relate to the given options:

*   **Non-Hodgkin lymphoma (NHL):** Sjögren's syndrome is a well-established risk factor for the development of B-cell lymphomas, particularly extranodal marginal zone B-cell lymphoma (MALT lymphoma) which commonly affects salivary glands. Patients with Sjögren's syndrome have a significantly increased risk of developing NHL compared to the general population.

*   **Adenocarcinoma of the lung, Pancreatic adenocarcinoma, Gastric carcinoma, and Invasive ductal carcinoma of the breast:** While certain autoimmune diseases can be associated with an increased risk of some cancers, there isn't a strong, direct, and well-established association between Sjögren's syndrome and an increased risk of these specific solid tumors that would be as prominent as the risk for lymphoma. The autoimmune inflammatory process in Sjögren's syndrome is more directly linked to lymphoid tissue proliferation and subsequent malignant transformation.

Given the strong association between Sjögren's syndrome and an increased risk of lymphoma, particularly non-Hodgkin lymphoma, this is the most likely complication this patient is at risk for developing in the future.

The final answer is $\boxed{B}$.
 Agent 3 (🧑🏽‍⚕️ immunologist) : Excellent case presentation. This is a classic clinical picture, and you've done a thorough initial workup. Let's break this down from an immunological and rheumatological perspective.

### Diagnosis and Rationale

The patient's presentation of severe xerostomia (dry mouth) and keratoconjunctivitis sicca (dry eyes), combined with tender parotid glands and the presence of high-titer anti-Ro (SSA) and anti-La (SSB) autoantibodies, is pathognomonic for **Sjögren's syndrome**. This is an autoimmune disease where the immune system, particularly lymphocytes, mistakenly attacks the body's moisture-producing exocrine glands, primarily the salivary and lacrimal glands. The family history of SLE further supports a genetic predisposition to autoimmunity.

### Answering the Question

Now, to address your specific question about her future risks. Given the primary diagnosis of Sjögren's syndrome, the correct answer is:

** (B) Non-Hodgkin lymphoma**

### Immunological Explanation for the Team

The link between Sjögren's syndrome and Non-Hodgkin lymphoma (NHL) is one of the most well-established and significant long-term complications of the disease. Here is the underlying immunological mechanism:

1.  **Chronic B-Cell Hyperactivity:** Sjögren's syndrome is fundamentally a disease of B-cell hyperactivity. These B-cells produce the autoantibodies (anti-Ro, anti-La, Rheumatoid Factor, etc.) that we use as diagnostic markers.
2.  **Lymphocytic Infiltration:** The hallmark of the disease is the intense infiltration of exocrine glands by lymphocytes, primarily CD4+ T-cells and B-cells. This chronic inflammatory environment provides constant stimulation to the B-cells.
3.  **Clonal Expansion and Malignant Transformation:** This persistent, high level of B-cell activation and proliferation significantly increases the risk of a somatic mutation occurring. A single B-cell clone can acquire a "pro-survival" mutation, escape normal regulation, and undergo malignant transformation. This process is a classic example of inflammation-driven cancer.
4.  **MALT Lymphoma:** The most common type of lymphoma seen in Sjögren's patients is **MALT (Mucosa-Associated Lymphoid Tissue) lymphoma**. This makes perfect sense, as it often arises directly within the infiltrated salivary glands (e.g., the parotid gland), which are mucosal-associated tissues.

The lifetime risk for developing NHL in a patient with Sjögren's is estimated to be **15 to 44 times higher** than in the general population. It is the most serious potential complication we must monitor for.

### Clinical Implications for Patient Management

Our long-term management plan must include vigilant monitoring for this transformation. We should educate the patient and watch for clinical red flags, such as:

*   Persistent, firm, or progressively enlarging salivary glands (especially the parotids)
*   The appearance of new lymphadenopathy
*   Constitutional "B symptoms" (unexplained fever, night sweats, significant weight loss)
*   Development of purpura or skin vasculitis
*   Certain serologic markers like cryoglobulinemia or low C4 complement levels can also indicate a higher risk for lymphoma development.

### Why Other Options Are Less Likely

*   **(A) Gastric carcinoma, (C) Pancreatic adenocarcinoma, (E) Adenocarcinoma of the lung:** While autoimmune diseases can slightly alter the risk for various malignancies due to chronic inflammation, there is no strong, direct, or high-magnitude association between Sjögren's and these specific adenocarcinomas. The link to NHL is orders of magnitude stronger.
*   **(D) Invasive ductal carcinoma of the breast:** This is a common cancer in postmenopausal women, but its risk is not specifically and significantly increased by Sjögren's syndrome itself. She should continue standard age-appropriate breast cancer screening, but it is not the primary malignant risk conferred by her autoimmune diagnosis.

In summary, the pathophysiology of Sjögren's syndrome directly predisposes this patient to the development of Non-Hodgkin lymphoma. This is a critical point for long-term surveillance and patient education. Great case. Let's coordinate with rheumatology for ongoing management.

[INFO] Step 3. Collaborative Decision Making
== Round 1 ==
[INFO] Participatory Debate
|_Turn 1
 Agent 1 (👩🏻‍⚕️ rheumatologist): 🤐
 Agent 2 (👨🏿‍⚕️ oncologist): 🤐
 Agent 3 (🧑🏽‍⚕️ immunologist): 🤐
 No agents chose to participate in this turn. End this turn.
 No agents chose to participate in this round. End this round.

[INFO] Step 4. Final Decision
👨‍⚖️  Moderator's final decision: {0.0: "Based on the thorough discussion among the experts, the consensus is clear regarding the patient's diagnosis of Sjögren's syndrome and the associated risks. The rheumatologist, oncologist, and immunologist all agree that the most significant risk factor for this patient, given her diagnosis, is the development of Non-Hodgkin lymphoma (NHL). \n\nThe reasoning provided by the experts highlights the well-established link between Sjögren's syndrome and an increased risk of lymphoproliferative disorders, particularly B-cell lymphomas. The immunological mechanisms discussed, including chronic B-cell hyperactivity and the potential for malignant transformation, further support this conclusion.\n\nOther options presented (adenocarcinoma of the lung, pancreatic adenocarcinoma, gastric carcinoma, and invasive ductal carcinoma of the breast) do not have a strong or direct association with Sjögren's syndrome, making them less likely risks for this patient.\n\nTherefore, the final decision is:\n\n**(B) Non-Hodgkin lymphoma**"}

[INFO] API calls for this sample: 9

[INFO] Sample 45 completed successfully