[INFO] Processing sample 7

[INFO] Step 1. Expert Recruitment
Agent 1 (🧑🏽‍⚕️ Rheumatologist): Specializes in the diagnosis and treatment of autoimmune diseases and musculoskeletal disorders.
Agent 2 (👩🏼‍⚕️ Neurologist): Focuses on disorders of the nervous system, including peripheral neuropathies that may cause tingling sensations.
Agent 3 (👩🏻‍⚕️ Psychiatrist): Specializes in the diagnosis and treatment of mental health disorders and may provide insight into pain management and medication effects.

[INFO] Hierarchy Selection
                     moderator (👨‍⚖️)                                         
            ┌────────────────┴────────────┬────────────────────────┐          
  Rheumatologist (🧑🏽‍⚕️)         Psychiatrist (👩🏻‍⚕️)     Neurologist (👩🏼‍⚕️) 


[INFO] Step 2. Initial Opinions
 Agent 1 (🧑🏽‍⚕️ rheumatologist) : Based on the clinical presentation of the patient, she is experiencing widespread muscle and joint pain, morning stiffness, fatigue, and a tingling sensation in the lower limbs, which could suggest a condition like fibromyalgia or another similar musculoskeletal disorder. The laboratory results show that her inflammatory markers are within normal limits (with a low ESR), which is not typical for inflammatory arthritides. 

Given these findings, the most appropriate therapy to address her chronic pain and improve her sleep would likely be an antidepressant with analgesic properties. Among the options provided, **Amitriptyline** (D) is commonly used for fibromyalgia and is effective in treating chronic pain as well as aiding sleep. 

Thus, the correct answer is (D) Amitriptyline.
 Agent 2 (👩🏼‍⚕️ neurologist) : The patient presents with a complex constellation of symptoms: widespread muscle and joint pain, morning stiffness, fatigue, and paresthesias (tingling) in the lower limbs. These symptoms have been ongoing for five months. She has a history of hypertension and migraines, and her current medications are propranolol and sumatriptan. Her physical examination reveals symmetric muscular tenderness, but her strength and reflexes are normal. Laboratory studies are largely unremarkable, with a normal hemoglobin, leukocyte count, platelet count, mean corpuscular volume, erythrocyte sedimentation rate, glucose, creatinine, and TSH.

As a neurologist specializing in peripheral neuropathies and other neurological disorders, the tingling sensation in her lower limbs immediately raises concern for a peripheral neuropathy. However, the widespread muscle and joint pain, morning stiffness, and fatigue also suggest a systemic inflammatory or rheumatological condition. The lack of objective findings like weakness or reflex abnormalities, and normal inflammatory markers (ESR), makes certain diagnoses less likely or points towards conditions where these might be absent or subtle.

Let's analyze the differential diagnoses and how the options relate to them:

The patient's symptoms could be indicative of a few conditions:

1.  **Fibromyalgia:** This is a chronic condition characterized by widespread musculoskeletal pain, fatigue, sleep disturbances, and often cognitive difficulties. The patient's description of variable pain location and intensity, morning stiffness, and fatigue strongly aligns with fibromyalgia. Paresthesias are also common in fibromyalgia.

2.  **Peripheral Neuropathy:** The tingling in the lower limbs points to this. However, the absence of motor or sensory deficits, normal reflexes, and normal nerve conduction studies (though not explicitly mentioned, this would typically be part of a workup if neuropathy was strongly suspected) might suggest a milder or early form, or a neuropathy with predominantly sensory symptoms. Given the widespread pain and other symptoms, a diffuse process affecting both the musculoskeletal system and peripheral nerves should be considered.

3.  **Rheumatological Conditions (e.g., early inflammatory arthritis, connective tissue disease):** While the ESR is normal, which makes overt inflammatory arthritis less likely, some autoimmune conditions can present with diffuse pain, stiffness, and fatigue, and may have neurological manifestations. However, the presentation is not classic for rheumatoid arthritis, lupus, or other common rheumatological diseases.

Now let's evaluate the treatment options in light of these possibilities:

*   **(A) Bupropion:** This is an antidepressant primarily used for depression and smoking cessation. While it can sometimes be used off-label for pain, it's not a first-line treatment for diffuse pain syndromes like fibromyalgia or neuropathic pain.

*   **(B) Temazepam:** This is a benzodiazepine used for short-term treatment of insomnia. While sleep disturbance is a symptom, temazepam would only address the symptom and not the underlying cause of pain and fatigue. Long-term benzodiazepine use can also have side effects.

*   **(C) Vitamin B12:** Vitamin B12 deficiency can cause neurological symptoms, including peripheral neuropathy (tingling, numbness) and fatigue. However, her MCV is normal, and there's no mention of megaloblastic anemia. While it's a consideration for neurological symptoms, her overall presentation, especially the widespread musculoskeletal pain and morning stiffness, is more suggestive of fibromyalgia. Supplementation would only be appropriate if a deficiency is confirmed or strongly suspected, which isn't evident here.

*   **(D) Amitriptyline:** This is a tricyclic antidepressant (TCA). TCAs, including amitriptyline, are well-established as effective treatments for fibromyalgia, particularly for pain and sleep disturbances. They are also used to manage neuropathic pain by modulating pain pathways in the central nervous system. Given the strong possibility of fibromyalgia contributing to her widespread pain, fatigue, and possibly even the paresthesias, amitriptyline is a very appropriate choice. It can improve pain, stiffness, and sleep quality, which are her primary complaints.

*   **(E) Methotrexate:** This is an immunosuppressant and disease-modifying antirheumatic drug (DMARD). It is used to treat inflammatory and autoimmune conditions like rheumatoid arthritis and lupus. Since her inflammatory markers are normal and her presentation is not suggestive of a specific autoimmune inflammatory disease that would warrant immunosuppression, methotrexate is not an appropriate choice at this stage.

Considering the patient's symptoms, which strongly overlap with fibromyalgia, and the known efficacy of amitriptyline in managing fibromyalgia symptoms, including pain, stiffness, and sleep disturbances, this medication is the most appropriate therapy among the choices provided. While a peripheral neuropathy might be present, amitriptyline can also help with neuropathic pain, and it addresses the broader fibromyalgia symptoms that are also prominent.

The final answer is $\boxed{D}$.
 Agent 3 (👩🏻‍⚕️ psychiatrist) : Excellent. This is a classic case, and a great opportunity for our team to collaborate. As the consulting psychiatrist, I'll provide my analysis of the patient's presentation and rationale for the most appropriate therapy.

### Psychiatric and Pain Management Assessment

**1. Diagnostic Impression:**

The patient's clinical presentation is highly characteristic of **Fibromyalgia**. This is not a classic psychiatric disorder in the DSM-5 sense, but it falls squarely within the domain of central sensitization syndromes, which often have significant psychiatric comorbidities and are managed with psychotropic medications.

My reasoning for this diagnosis includes:

*   **Core Symptoms:** She presents with the classic triad of fibromyalgia:
    *   **Chronic Widespread Pain:** Present for 5 months, varying in location and intensity.
    *   **Fatigue:** Significant daytime fatigue.
    *   **Sleep Disturbance:** Non-restorative sleep, which she correctly intuits is contributing to her fatigue.
*   **Associated Features:** The tingling in her limbs (paresthesias), morning stiffness, bloating, and comorbid migraines are all very common in fibromyalgia.
*   **Physical Examination:** The presence of symmetric muscular tenderness ("tender points") is a hallmark finding, while the normal strength and reflexes help rule out primary neurologic or muscular diseases.
*   **Laboratory Findings:** Crucially, her inflammatory markers (ESR) and other labs are normal. This argues strongly against an inflammatory rheumatologic condition like rheumatoid arthritis or polymyalgia rheumatica and points towards a non-inflammatory, central pain disorder.

While her symptoms could overlap with a somatic symptom disorder or major depression, fibromyalgia is the most fitting primary diagnosis for the pain syndrome itself. We should, of course, screen her for depression and anxiety, as they are common comorbidities and can exacerbate her symptoms.

**2. Analysis of Treatment Options:**

Let's evaluate the proposed therapies from a psychopharmacological and pain management perspective.

*   **(A) Bupropion:** This is an NDRI antidepressant. While effective for depression and sometimes used for fatigue, it has weak evidence for treating neuropathic pain or fibromyalgia. Its primary mechanism (norepinephrine and dopamine reuptake inhibition) is not as effective for central pain modulation as medications that also target serotonin. It can sometimes be overly activating and may interfere with sleep. Not a first-line choice here.

*   **(B) Temazepam:** This is a benzodiazepine hypnotic. While it might help the patient fall asleep initially, it is a poor choice for chronic management. Benzodiazepines disrupt healthy sleep architecture, particularly by suppressing deep, restorative (slow-wave) sleep. This would likely worsen her non-restorative sleep and daytime fatigue. Furthermore, they carry risks of tolerance, dependence, and cognitive side effects. This is generally contraindicated for the sleep disturbance in fibromyalgia.

*   **(C) Vitamin B12:** Deficiency can cause fatigue and paresthesias. However, her labs are normal, including a normal MCV, making a significant B12 deficiency unlikely to be the primary driver of this entire syndrome. Supplementation would not address the core pathophysiology of fibromyalgia.

*   **(E) Methotrexate:** This is a disease-modifying antirheumatic drug (DMARD) used for inflammatory autoimmune diseases. Given her normal ESR and the clinical picture, there is no indication for immunosuppressive therapy. This would be inappropriate and expose her to unnecessary risk.

*   **(D) Amitriptyline:** This is a tricyclic antidepressant (TCA) and is considered a **first-line treatment for fibromyalgia**.
    *   **Mechanism:** At low doses, it potently increases serotonin and norepinephrine levels in the central nervous system, which enhances the descending inhibitory pain pathways. This directly targets the central sensitization thought to be the cause of fibromyalgia pain.
    *   **Symptom Targeting:** It is highly effective for the key symptoms: it reduces pain, improves deep sleep (due to its sedative antihistaminic properties), and can subsequently reduce fatigue.
    *   **Dosing:** For fibromyalgia, we use low doses (e.g., 10-25 mg at bedtime), which minimizes side effects while still being effective for pain and sleep. This is a much lower dose than typically used for depression.

### Recommendation

My recommendation for the team is to initiate treatment with **(D) Amitriptyline**.

**Comprehensive Plan:**

1.  **Pharmacotherapy:** Start amitriptyline 10 mg at bedtime. We can titrate the dose upwards every 1-2 weeks as needed for symptom control, balancing efficacy with side effects (like dry mouth, constipation, morning grogginess). Other excellent options if she cannot tolerate a TCA would include SNRIs like duloxetine or milnacipran, or anticonvulsants like pregabalin.
2.  **Non-Pharmacological Intervention (Crucial):** Medication is only one part of effective fibromyalgia management. I strongly recommend we also refer her for:
    *   **Patient Education:** Explaining that fibromyalgia is a real, chronic "volume control" problem in the nervous system, not a degenerative disease or a sign of damage. This is vital for reducing anxiety and promoting self-efficacy.
    *   **Physical Therapy/Graded Exercise:** A gentle, graded aerobic exercise program (e.g., walking, swimming, tai chi) is one of the most effective treatments for improving pain, function, and sleep.
    *   **Cognitive-Behavioral Therapy (CBT):** To help her develop coping strategies for chronic pain, improve sleep hygiene (CBT-I is excellent), and manage any co-existing mood or anxiety symptoms.

By combining low-dose amitriptyline with a robust non-pharmacological plan, we can offer this patient the best chance of significant improvement in her pain, sleep, and overall quality of life.

[INFO] Step 3. Collaborative Decision Making
== Round 1 ==
[INFO] Participatory Debate
|_Turn 1
 Agent 1 (🧑🏽‍⚕️ rheumatologist): 🤐
 Agent 2 (👩🏼‍⚕️ neurologist) -> Agent 1 (🧑🏽‍⚕️ rheumatologist) : To the Rheumatologist and Psychiatrist:

My expertise as a neurologist leads me to concur with the consensus that **Amitriptyline (D)** is the most appropriate therapy for this patient. The tingling in her lower limbs is a significant neurological symptom that, while potentially indicative of a peripheral neuropathy, is also very common in the context of fibromyalgia. Given the absence of objective neurological deficits and normal inflammatory markers, a primary diagnosis of fibromyalgia, as strongly supported by your perspectives, is most fitting. Amitriptyline is a well-established first-line treatment for fibromyalgia, effectively addressing the core symptoms of widespread pain, fatigue, and sleep disturbance by modulating central pain pathways. Its benefits for neuropathic symptoms also align with the patient's paresthesias, making it a comprehensive choice for her complex presentation.
 Agent 2 (👩🏼‍⚕️ neurologist) -> Agent 3 (👩🏻‍⚕️ psychiatrist) : To the Psychiatrist and Rheumatologist:

My neurology perspective strongly supports **Amitriptyline (D)** as the optimal therapy. While the tingling in her lower limbs could suggest a peripheral neuropathy, the absence of objective neurological findings (normal strength, reflexes) and normal inflammatory markers makes a primary neurological disorder less likely. Instead, the constellation of widespread pain, fatigue, morning stiffness, and paresthesias aligns compellingly with fibromyalgia. Amitriptyline is a cornerstone in managing fibromyalgia due to its efficacy in modulating central pain sensitization and improving sleep, directly addressing her primary complaints. It also offers potential benefit for the reported paresthesias.
 Agent 3 (👩🏻‍⚕️ psychiatrist): 🤐

[INFO] Summary Table
+---------+-----------+-----------+-----------+
|         |  Agent 1  |  Agent 2  |  Agent 3  |
+---------+-----------+-----------+-----------+
| Agent 1 |           | ✋ (1<-2) |           |
|         |           |           |           |
| Agent 2 | ✋ (2->1) |           | ✋ (2->3) |
|         |           |           |           |
| Agent 3 |           | ✋ (3<-2) |           |
+---------+-----------+-----------+-----------+

|_Turn 2
 Agent 1 (🧑🏽‍⚕️ rheumatologist): 🤐
 Agent 2 (👩🏼‍⚕️ neurologist): 🤐
 Agent 3 (👩🏻‍⚕️ psychiatrist): 🤐
 No agents chose to participate in this turn. End this turn.

[INFO] Moderator Consensus Check
 👨‍⚖️ Moderator consensus check: YES

[INFO] Consensus reached! Ending discussion.

[INFO] Step 4. Final Decision
👨‍⚖️  Moderator's final decision: {0.0: "The final decision, based on the consensus and reasoning provided by the multidisciplinary team, is:\n\n**(D) Amitriptyline.**\n\nThis choice is supported by the following key points:\n\n1. **Diagnosis of Fibromyalgia:** The patient's symptoms, including chronic widespread pain, fatigue, morning stiffness, and the absence of inflammatory markers, align with a diagnosis of fibromyalgia. The normal examination findings further support this diagnosis.\n\n2. **Expert Consensus:** All specialists (rheumatologist, neurologist, and psychiatrist) agree that fibromyalgia is the most fitting diagnosis and that amitriptyline is an effective treatment option. Amitriptyline is recognized as a first-line therapy for fibromyalgia, addressing pain, sleep disturbances, and fatigue.\n\n3. **Mechanism of Action:** Amitriptyline works by modulating central pain pathways and improving sleep quality, which are critical for managing the patient's symptoms.\n\n4. **Inappropriateness of Other Options:** Other treatment options, such as methotrexate, temazepam, bupropion, and vitamin B12, are not suitable given the patient's diagnosis and clinical presentation.\n\nIn conclusion, the most appropriate therapy for this patient is **(D) Amitriptyline**, as it effectively targets her primary complaints and aligns with the expert consensus."}

[INFO] API calls for this sample: 19

[INFO] Sample 7 completed successfully