[INFO] Processing sample 34

[INFO] Step 1. Expert Recruitment
Agent 1 (🧑‍⚕️ **Graduate Medical Education Expert**): Specializes in the regulations and standards for residency and fellowship training programs.
Agent 2 (🧑🏿‍⚕️ **Legal Expert in Healthcare**): Focuses on the legal aspects of medical practice and residency training, including moonlighting regulations.
Agent 3 (👨🏽‍⚕️ **Patient Safety Specialist**): Specializes in protocols and practices aimed at ensuring patient safety in healthcare settings.

[INFO] Hierarchy Selection
                                           moderator (👨‍⚖️)                                                                             
                       ┌───────────────────────────┴────────────────────┬──────────────────────────────────────────┐                    
  **Graduate Medical Education Expert** (🧑‍⚕️)        **Patient Safety Specialist** (👨🏽‍⚕️)      **Legal Expert in Healthcare** (🧑🏿‍⚕️) 


[INFO] Step 2. Initial Opinions
 Agent 1 (🧑‍⚕️ **graduate medical education expert**) : Based on the current standards set by the Accreditation Council for Graduate Medical Education (ACGME), the most accurate statement regarding this resident's moonlighting and patient safety would be: 

**(A) He is already overcommitting and must reduce the number of hours.**

The ACGME limits the total work hours for residents to a maximum of 80 hours per week, averaged over a four-week period. Since the resident is already working 60 hours as a resident and an additional 10 hours outside of residency obligations each week, he is already at 70 hours. If he works more hours on Sundays, he would exceed the 80-hour limit, which could compromise his well-being, educational effectiveness, and, importantly, patient safety. Therefore, he should reduce the total hours worked to remain compliant with ACGME guidelines.
 Agent 2 (🧑🏿‍⚕️ **legal expert in healthcare**) : Here's an analysis of the resident's situation and the ACGME's standards regarding moonlighting:

**Understanding ACGME Standards and Moonlighting:**

The ACGME has a primary focus on resident well-being and patient safety. While the specific hour limits can vary slightly by specialty and program, there are general principles:

*   **Duty Hour Limitations:** The ACGME generally limits residents to a maximum of **80 duty hours per week**, averaged over a four-week period. This is a foundational rule.
*   **Moonlighting:** Moonlighting refers to work performed by a resident outside of their official residency program. The ACGME views moonlighting with a focus on how it impacts the resident's ability to fulfill their primary residency responsibilities and, crucially, patient safety.
*   **Program Director Approval:** Most programs require **program director approval** for any moonlighting activities. This is to ensure the moonlighting does not interfere with the resident's training and well-being.
*   **Impact on Patient Care:** The overarching concern is always patient safety. If a resident's total work hours (including moonlighting) compromise their ability to provide safe and effective care, it is unacceptable.

**Analyzing the Resident's Situation:**

*   **Current Residency Hours:** 60 hours/week
*   **Current Moonlighting Hours:** 10 hours/week (Saturday)
*   **Total Current Hours:** 70 hours/week

**Evaluating the Options:**

*   **(D) He may work more hours on Sundays:** This is a plausible option. The resident has Sundays free. The ACGME limits duty hours to 80 per week. If he works 70 hours currently, he has 10 hours of room within the 80-hour limit. Working on Sundays would allow him to potentially utilize some of that remaining capacity, provided it's approved and doesn't lead to exceeding the 80-hour average.

*   **(C) He may work longer shifts:** This is not the most accurate statement. The ACGME's focus is on *total* duty hours and ensuring adequate rest, not necessarily the length of individual shifts. While longer shifts can contribute to exceeding duty hour limits and fatigue, simply saying he "may work longer shifts" is less precise than addressing the overall hour capacity.

*   **(E) He may work up to 20 more hours:** This is incorrect. He is already working 70 hours per week. The ACGME limit is *averaged* over four weeks to 80 hours. This means he has a maximum of 10 more hours *on average* per week to reach the 80-hour limit. He cannot simply add 20 hours to his current schedule without a significant risk of exceeding the limit.

*   **(A) He is already overcommitting and must reduce the number of hours:** This is incorrect. He is currently working 70 hours per week, which is within the ACGME's 80-hour average limit. While it's a high number of hours, it's not automatically considered overcommitment based solely on this figure.

*   **(B) He is not allowed to work outside the scope of his residency training:** This is generally false. Moonlighting *is* permitted by the ACGME, but it's subject to strict conditions and program director approval.

**Why (D) is the Most Accurate:**

The resident has a clear capacity within the ACGME's 80-hour average limit to work more hours. Since Sundays are free, this is the most straightforward way he could potentially increase his work hours without immediately violating the overall duty hour restrictions. However, it's crucial to remember that this would require program director approval and would still need to be managed to ensure it doesn't negatively impact his residency performance or patient safety.

**The Final Answer is $\boxed{D}$**
 Agent 3 (👨🏽‍⚕️ **patient safety specialist**) : As a patient safety specialist, my primary focus is on interpreting regulations through the lens of mitigating risk and preventing patient harm. Let's analyze this resident's situation based on the ACGME Common Program Requirements.

The most accurate statement is **(A) He is already overcommitting and must reduce the number of hours.**

Here is a detailed breakdown from a patient safety perspective:

### Analysis of the Resident's Hours

First, we must calculate the resident's total weekly work hours according to ACGME rules. The ACGME is unequivocal that all clinical work, both within the residency program and external activities (moonlighting), must be combined and counted toward the weekly limit.

*   **Residency Hours:** 60 hours/week
*   **External Moonlighting Hours:** 10 hours/week
*   **Total Clinical and Educational Work Hours:** 60 + 10 = **70 hours/week**

### Rationale for Choosing (A)

The ACGME sets a hard cap of **80 hours per week**, averaged over a four-week period. While the resident's 70 hours are technically under this 80-hour limit, option (A) is the *most accurate statement regarding patient safety*.

1.  **The Spirit vs. the Letter of the Law:** The 80-hour rule is a ceiling, not a target. Its purpose is to prevent the extreme fatigue that leads to medical errors. A workload of 70 hours per week is substantial and places any physician at a high risk for burnout and fatigue-related cognitive impairment. From a safety culture perspective, this level of work is an "overcommitment" that introduces unnecessary risk to both the resident and their patients.
2.  **"Must Reduce" Interpretation:** While the resident is not currently violating the 80-hour rule, the ACGME also requires Program Directors to ensure that moonlighting activities do not interfere with the resident's fitness for duty or compromise patient safety. A patient safety specialist would argue that a 70-hour work week, sustained over time, inherently challenges a resident's fitness for duty. Therefore, intervention to reduce hours is a necessary and justifiable safety measure.

### Why Other Options Are Incorrect and Unsafe

*   **(B) He is not allowed to work outside the scope of his residency training:** This is incorrect. The ACGME allows for moonlighting with program permission. The rules are primarily concerned with work *hours* and their impact on education and safety, not the specific clinical *scope* of the external work (which is governed by state licensure and the credentialing of the moonlighting institution).

*   **(C) He may work longer shifts:** This is dangerous advice. The ACGME has separate, strict rules on shift length (e.g., a 24-hour maximum continuous duty for PGY-2 and above). Suggesting "longer shifts" without context is contrary to all modern patient safety science, which shows a direct correlation between extended shift duration and increased medical error rates.

*   **(D) He may work more hours on Sundays:** This is a direct violation of a core ACGME rule. Residents must have at least **one day in seven free from all clinical and educational obligations**, averaged over four weeks. Working on his only designated day off would eliminate this critical period for rest and recovery, drastically increasing the risk of cumulative fatigue.

*   **(E) He may work up to 20 more hours:** This is factually incorrect and would constitute a major violation.
    *   Current Hours: 70
    *   Adding 20 Hours: 70 + 20 = 90 hours
    *   ACGME Limit: 80 hours
    *   Working 90 hours would place him 10 hours over the mandatory weekly limit, creating a significant patient safety risk and a clear non-compliance issue.

### Conclusion from a Patient Safety Standpoint

The fundamental goal of work hour regulations is to protect patients from errors made by fatigued physicians. While the resident is technically compliant with the 80-hour cap, a 70-hour week is a significant safety concern. Option (A) is the only choice that reflects a proactive, safety-first culture by identifying the high workload as an "overcommitment" that warrants reduction to ensure the resident remains fit for duty and that patient care is not compromised.

[INFO] Step 3. Collaborative Decision Making
== Round 1 ==
[INFO] Participatory Debate
|_Turn 1
 Agent 1 (🧑‍⚕️ **graduate medical education expert**): 🤐
 Agent 2 (🧑🏿‍⚕️ **legal expert in healthcare**) -> Agent 1 (🧑‍⚕️ **graduate medical education expert**) : My expertise is in healthcare law, specifically focusing on medical practice and residency training regulations, including moonlighting.

Here's my opinion to the chosen experts:

To the Graduate Medical Education Expert and Patient Safety Specialist:

I understand the emphasis on the ACGME's 80-hour per week average duty hour limit, and the legal interpretation that 70 hours is technically compliant. However, I believe option **(A) He is already overcommitting and must reduce the number of hours** is the most accurate when considering the *holistic intent* of ACGME regulations concerning patient safety and resident well-being.

While 70 hours is below the hard cap, the ACGME Common Program Requirements also stress that residents must be afforded adequate time for rest, personal activities, and learning. Furthermore, program directors have a responsibility to ensure that moonlighting does not compromise a resident's ability to perform their duties safely. A sustained 70-hour work week, even if compliant on paper, presents a significant risk for fatigue and burnout, which are direct threats to patient safety. Prioritizing a proactive approach to resident well-being, which intrinsically supports patient safety, leads to the conclusion that this resident is indeed overcommitted, and a reduction in hours is the most responsible course of action, even if it means not utilizing the full 80-hour allowance.
 Agent 2 (🧑🏿‍⚕️ **legal expert in healthcare**) -> Agent 3 (👨🏽‍⚕️ **patient safety specialist**) : My expertise lies in the realm of **Graduate Medical Education**, specifically focusing on the regulations and standards governing residency and fellowship training programs as set forth by the ACGME.

To the Legal Expert in Healthcare and Patient Safety Specialist:

While acknowledging the legal interpretation of the ACGME's 80-hour average duty hour limit and the current 70-hour weekly total, I advocate for option **(A) He is already overcommitting and must reduce the number of hours.**

My reasoning stems from the ACGME's overarching commitment to resident well-being and patient safety. The 80-hour rule is a *maximum*, not a target. A consistent 70-hour work week, especially when including external moonlighting, significantly increases the risk of fatigue, burnout, and impaired cognitive function. These factors directly compromise a resident's ability to provide safe, high-quality patient care. Therefore, from an educational and safety perspective, this level of commitment is considered an overcommitment that requires intervention to ensure the resident remains fit for duty and that patient safety is not jeopardized. This proactive stance on well-being is fundamental to the spirit of the ACGME requirements.
 Agent 3 (👨🏽‍⚕️ **patient safety specialist**) -> Agent 1 (🧑‍⚕️ **graduate medical education expert**) : As a **patient safety specialist**, my focus is on mitigating risks to patients, with physician fatigue being one of the most significant.

To my colleagues, the Graduate Medical Education Expert and the Legal Expert in Healthcare:

After reviewing the ACGME common program requirements and considering the primary goal of ensuring patient safety, I am confident that the most accurate statement is **(A) He is already overcommitting and must reduce the number of hours.**

My reasoning is twofold: First, any suggestion of working on Sunday, as in option (D), is a direct and dangerous violation of the ACGME's "one day off in seven" rule, which is a non-negotiable safeguard against cumulative fatigue. Second, a sustained 70-hour work week, while technically under the 80-hour cap, represents a significant fatigue risk that compromises cognitive function and patient safety. From a safety management perspective, this is an unacceptable "overcommitment" that requires intervention.
 Agent 3 (👨🏽‍⚕️ **patient safety specialist**) -> Agent 2 (🧑🏿‍⚕️ **legal expert in healthcare**) : As a **patient safety specialist**, my focus is on mitigating risks to patients, with physician fatigue being one of the most significant.

To my colleagues, the Graduate Medical Education Expert and the Legal Expert in Healthcare:

After reviewing the ACGME common program requirements and considering the primary goal of ensuring patient safety, I am confident that the most accurate statement is **(A) He is already overcommitting and must reduce the number of hours.**

My reasoning is twofold: First, any suggestion of working on Sunday, as in option (D), is a direct and dangerous violation of the ACGME's "one day off in seven" rule, which is a non-negotiable safeguard against cumulative fatigue. Second, a sustained 70-hour work week, while technically under the 80-hour cap, represents a significant fatigue risk that compromises cognitive function and patient safety. From a safety management perspective, this is an unacceptable "overcommitment" that requires intervention.

[INFO] Summary Table
+---------+-----------+------------+------------+
|         |  Agent 1  |  Agent 2   |  Agent 3   |
+---------+-----------+------------+------------+
| Agent 1 |           | ✋ (1<-2)  | ✋ (1<-3)  |
|         |           |            |            |
| Agent 2 | ✋ (2->1) |            | ✋ (2<->3) |
|         |           |            |            |
| Agent 3 | ✋ (3->1) | ✋ (3<->2) |            |
+---------+-----------+------------+------------+

|_Turn 2
 Agent 1 (🧑‍⚕️ **graduate medical education expert**): 🤐
 Agent 2 (🧑🏿‍⚕️ **legal expert in healthcare**) -> Agent 1 (🧑‍⚕️ **graduate medical education expert**) : My expertise is in healthcare law, focusing on the regulations governing medical practice and residency training, including moonlighting.

To the Graduate Medical Education Expert and the Patient Safety Specialist:

I concur with your shared emphasis on **(A) He is already overcommitting and must reduce the number of hours.** While my legal analysis correctly identified the ACGME's 80-hour average duty limit and that the resident is currently at 70 hours, it is your combined perspectives that highlight the critical deficiency in this strict adherence to the letter of the law.

The core principle we all agree on is that resident well-being is inextricably linked to patient safety. A 70-hour work week, even if technically compliant, introduces a substantial risk of fatigue that directly undermines this principle. The ACGME's regulations are designed to *prevent* harm, not merely to define its minimum threshold. Therefore, from both an educational and patient safety standpoint, identifying this workload as an "overcommitment" requiring reduction is the most accurate and responsible interpretation. This proactive approach ensures that the resident is not only compliant but also optimally positioned to provide safe, effective care and benefit from their training.
 Agent 2 (🧑🏿‍⚕️ **legal expert in healthcare**) -> Agent 3 (👨🏽‍⚕️ **patient safety specialist**) : My expertise is in healthcare law, specifically focusing on the regulations governing medical practice and residency training, including moonlighting.

To the Graduate Medical Education Expert and the Patient Safety Specialist:

I have reviewed your perspectives and find them highly persuasive. While my initial legal analysis focused on the technical compliance with the 80-hour ACGME duty hour limit, your emphasis on the *spirit* and *intent* of these regulations, particularly regarding resident well-being and patient safety, is paramount.

I now agree that option **(A) He is already overcommitting and must reduce the number of hours** is the most accurate statement. My legal framework recognizes that while the 80-hour rule is a critical benchmark, it is not the sole determinant of a safe environment. The sustained workload of 70 hours per week, even if below the maximum, carries significant risks of fatigue and burnout, directly impacting patient care. Your combined insights underscore that proactive measures to ensure resident fitness for duty, by reducing hours, are essential for upholding patient safety standards. This aligns with the ACGME's broader mandate beyond mere numerical compliance.
 Agent 3 (👨🏽‍⚕️ **patient safety specialist**): 🤐

[INFO] Summary Table
+---------+-----------+-----------+-----------+
|         |  Agent 1  |  Agent 2  |  Agent 3  |
+---------+-----------+-----------+-----------+
| Agent 1 |           | ✋ (1<-2) |           |
|         |           |           |           |
| Agent 2 | ✋ (2->1) |           | ✋ (2->3) |
|         |           |           |           |
| Agent 3 |           | ✋ (3<-2) |           |
+---------+-----------+-----------+-----------+

|_Turn 3
 Agent 1 (🧑‍⚕️ **graduate medical education expert**): 🤐
 Agent 2 (🧑🏿‍⚕️ **legal expert in healthcare**): 🤐
 Agent 3 (👨🏽‍⚕️ **patient safety specialist**): 🤐
 No agents chose to participate in this turn. End this turn.

[INFO] Moderator Consensus Check
 👨‍⚖️ Moderator consensus check: YES

[INFO] Consensus reached! Ending discussion.

[INFO] Step 4. Final Decision
👨‍⚖️  Moderator's final decision: {0.0: "**Final Answer: (A) He is already overcommitting and must reduce the number of hours.**\n\n### Rationale:\nThe multidisciplinary team, consisting of experts in graduate medical education, healthcare law, and patient safety, reached a consensus that the resident's current workload of 70 hours per week (60 hours in residency and 10 hours in moonlighting) poses significant risks to both his well-being and patient safety. \n\n1. **ACGME Regulations**: While the resident is technically compliant with the ACGME's 80-hour maximum duty hour limit, the spirit of these regulations emphasizes the importance of resident well-being and the prevention of fatigue-related errors. A sustained workload of 70 hours is considered excessive and can lead to burnout and impaired cognitive function.\n\n2. **Patient Safety Concerns**: The patient safety specialist highlighted that fatigue is a major risk factor for medical errors. The consensus among the experts is that the resident's current hours represent an overcommitment that jeopardizes his ability to provide safe patient care.\n\n3. **Legal and Ethical Considerations**: The legal expert acknowledged that while moonlighting is permissible, it must not interfere with the resident's training or lead to unsafe working conditions. The recommendation to reduce hours aligns with both legal standards and ethical responsibilities to ensure patient safety.\n\n4. **One Day Off in Seven Rule**: The suggestion to work additional hours on Sundays would violate the ACGME's requirement for at least one day off in seven, further emphasizing the need for the resident to reduce his overall workload.\n\nIn conclusion, the decision to classify the resident as overcommitted and recommend a reduction in hours is supported by a thorough analysis of the risks involved, the intent of ACGME regulations, and the overarching priority of patient safety."}

[INFO] API calls for this sample: 28

[INFO] Sample 34 completed successfully