[INFO] Processing sample 33

[INFO] Step 1. Expert Recruitment
Agent 1 (👩🏼‍⚕️ Pediatrician): Specializes in the medical care of infants, children, and adolescents.
Agent 2 (👨‍⚕️ Endocrinologist): Focuses on hormonal disorders and the endocrine system.
Agent 3 (👨🏻‍⚕️ Psychiatrist): Specializes in diagnosing and treating mental health disorders, including those involving stress, eating behaviors, and body image.

[INFO] Hierarchy Selection
                    moderator (👨‍⚖️)                                     
           ┌───────────────┴───────────────┐                             
  Psychiatrist (👨🏻‍⚕️)            Pediatrician (👩🏼‍⚕️)                   
                                      └────────────────┐                 
                                             Endocrinologist (👨‍⚕️)      


[INFO] Step 2. Initial Opinions
 Agent 1 (👩🏼‍⚕️ pediatrician) : Based on the presented information, the 17-year-old woman is likely experiencing symptoms associated with binge eating, and the physical findings of enlarged cheeks and calluses on the dorsum of her hands suggest possible hyperphagia and self-induced vomiting (which may relate to bulimia nervosa). In patients with bulimia nervosa, one commonly observed finding is erosion of tooth enamel due to the acidic environment created by frequent vomiting.

Thus, the expected finding in this patient would be:

(C) Erosion of tooth enamel

This finding is consistent with the behavior associated with binge eating and purging, and it correlates with her physical exam findings and history of stress and changes in eating behaviors.
 Agent 2 (👨‍⚕️ endocrinologist) : The patient presents with secondary amenorrhea (cessation of menstruation for 4 months) in a previously regular menstruating 17-year-old. She denies pregnancy and has a normal BMI, ruling out significant malnutrition or obesity as primary causes. However, several other findings are suggestive of a specific endocrine disorder.

Let's analyze the clues:
*   **Enlarged cheeks bilaterally:** This is a classic sign of ** Cushing's syndrome**, which is characterized by excess cortisol.
*   **Calluses on the dorsum of her hands:** This can be related to self-induced trauma, often seen in individuals with eating disorders, particularly **bulimia nervosa**. Binge eating is also mentioned.
*   **Stress with school:** While stress can affect the menstrual cycle, the combination of other symptoms points towards a more specific underlying issue.
*   **Binge eating:** This further supports the possibility of an eating disorder like bulimia nervosa, which can also have hormonal consequences.

Now let's consider the options in the context of these findings:

*   **(A) Malar rash:** A malar rash is characteristic of **lupus erythematosus**, an autoimmune disease. While stress can exacerbate autoimmune conditions, it's not directly linked to the symptoms described here.
*   **(B) Increased blood glucose level:** Excess cortisol (Cushing's syndrome) causes **hyperglycemia** due to increased gluconeogenesis and insulin resistance.
*   **(C) Erosion of tooth enamel:** This is a consequence of recurrent vomiting, a common behavior in **bulimia nervosa**.
*   **(D) Enlarged thyroid:** An enlarged thyroid (goiter) can be associated with various thyroid conditions (hypothyroidism, hyperthyroidism, autoimmune thyroiditis), but it's not directly suggested by the patient's presentation.
*   **(E) Elevated estrogen levels:** Secondary amenorrhea can be caused by low estrogen levels (e.g., hypothalamic amenorrhea due to excessive exercise or stress) or by conditions that disrupt the normal hormonal feedback loop, such as polycystic ovary syndrome (PCOS) or hyperprolactinemia. However, the physical signs point away from typical low estrogen or PCOS presentations.

Considering the combination of enlarged cheeks (suggesting Cushing's) and binge eating/calluses (suggesting bulimia nervosa), it's important to recognize that these two conditions can sometimes coexist or mimic each other. However, the question asks for *another* expected finding.

Let's re-evaluate:

If the patient has Cushing's syndrome, **increased blood glucose levels** are a very common finding.
If the patient has bulimia nervosa, **erosion of tooth enamel** is a common finding.

The question describes symptoms suggestive of *both* Cushing's syndrome (enlarged cheeks) and potentially bulimia nervosa (binge eating, calluses). We need to pick the *most likely* additional finding among the options.

Let's consider the implications of each condition on the menstrual cycle:
*   **Cushing's syndrome:** Excess cortisol can suppress the hypothalamic-pituitary-gonadal axis, leading to amenorrhea.
*   **Bulimia nervosa:** The stress of the disorder and potential nutritional imbalances can also disrupt the HPG axis and cause amenorrhea.

Given the "enlarged cheeks" as a prominent physical sign, Cushing's syndrome is a strong consideration. If Cushing's syndrome is present, then **increased blood glucose level** is a highly expected associated finding.

While bulimia nervosa is also a strong possibility given the binge eating and calluses, the enlarged cheeks are less directly explained by bulimia alone unless there are complications or comorbidities.

Therefore, focusing on the most direct implications of the presented symptoms:

The enlarged cheeks strongly suggest Cushing's syndrome. A hallmark metabolic consequence of excess cortisol is **increased blood glucose level**.

The final answer is $\boxed{B}$.
 Agent 3 (👨🏻‍⚕️ psychiatrist) : Excellent case presentation. This is a classic, albeit complex, clinical picture that requires careful integration of physical and psychological findings. As the consulting psychiatrist on this case, my analysis points strongly toward a specific diagnosis.

Based on the information provided, the correct answer is **(C) Erosion of tooth enamel**.

### Rationale:

The patient's constellation of symptoms—binge eating, amenorrhea despite a normal BMI (21 kg/m²), bilateral parotid gland enlargement ("enlarged cheeks"), and calluses on the dorsum of her hands (a classic finding known as **Russell's sign** from self-induced vomiting)—is highly indicative of **Bulimia Nervosa, purging type**.

Here is a breakdown of the findings and why erosion of tooth enamel is the most likely associated finding:

1.  **Diagnosis of Bulimia Nervosa:** The patient's admission of binge eating, coupled with the physical signs of purging (Russell's sign and parotid gland enlargement), points to this diagnosis. Unlike Anorexia Nervosa, individuals with Bulimia Nervosa are typically of normal or slightly above normal weight.
2.  **Erosion of Tooth Enamel (Perimylolysis):** This is a direct consequence of the purging behavior. When an individual self-induces vomiting, the teeth are repeatedly exposed to highly acidic gastric contents. This acid erodes the tooth enamel, particularly on the lingual (tongue-facing) surfaces of the maxillary (upper) teeth. This is a hallmark physical finding and a significant cause of long-term morbidity in patients with bulimia.
3.  **Amenorrhea:** The menstrual irregularity is likely a form of functional hypothalamic amenorrhea. Even with a normal BMI, the significant physiological stress of the binge-purge cycle, electrolyte imbalances, and fluctuating nutrition can disrupt the hypothalamic-pituitary-ovarian (HPO) axis, leading to anovulation and amenorrhea.

### Analysis of Incorrect Options:

*   **(A) Malar rash:** This "butterfly rash" is characteristic of systemic lupus erythematosus (SLE), an autoimmune disease. It does not fit the clinical picture of an eating disorder.
*   **(B) Increased blood glucose level:** While binge eating episodes often involve high-sugar foods, chronic hyperglycemia is not a defining feature of bulimia. In fact, patients can experience reactive hypoglycemia after a binge due to a large insulin surge. The most common metabolic disturbances are electrolyte abnormalities (hypokalemia, hypochloremia, metabolic alkalosis) due to vomiting.
*   **(D) Enlarged thyroid:** This would suggest a primary thyroid disorder, such as goiter. While thyroid dysfunction can cause menstrual changes, it doesn't explain the specific combination of binge eating, Russell's sign, and parotid swelling.
*   **(E) Elevated estrogen levels:** The patient's amenorrhea is due to suppression of the HPO axis, which would lead to **low or low-normal estrogen levels**, not elevated ones.

### Conclusion and Next Steps:

The presence of Russell's sign and parotid gland hypertrophy strongly suggests this patient is engaging in self-induced vomiting as a compensatory behavior for her binge eating. Therefore, erosion of tooth enamel is a highly expected comorbidity.

As part of the collaborative team, I would recommend we:
1.  Obtain baseline lab work, including a comprehensive metabolic panel to check for electrolyte disturbances (especially potassium).
2.  Arrange for a dental consultation to assess for and manage enamel erosion.
3.  Discuss a comprehensive, multidisciplinary treatment plan involving psychotherapy (specifically Cognitive Behavioral Therapy for Eating Disorders), nutritional counseling, and medical monitoring.

[INFO] Step 3. Collaborative Decision Making
== Round 1 ==
[INFO] Participatory Debate
|_Turn 1
 Agent 1 (👩🏼‍⚕️ pediatrician): 🤐
 Agent 2 (👨‍⚕️ endocrinologist) -> Agent 1 (👩🏼‍⚕️ pediatrician) : To the pediatrician:

I understand your strong leaning towards bulimia nervosa given the Russell's sign and parotid hypertrophy. My initial thought also considered Cushing's syndrome due to the "enlarged cheeks," and I reasoned that increased blood glucose would be a strong associated finding. However, upon further consideration and in light of your expertise in adolescent medicine and the strong indicators for an eating disorder, I agree that the presence of calluses on the hands is a more definitive sign of self-induced vomiting, leading me to favor **(C) Erosion of tooth enamel**.

My reasoning is that while "enlarged cheeks" can be associated with Cushing's, they are also a common manifestation of parotid gland enlargement in bulimia nervosa, which directly correlates with the act of purging. The calluses are a highly specific marker for this behavior. Therefore, the most direct and expected consequence of this behavior among the options provided is dental erosion. While Cushing's can cause amenorrhea, the totality of the physical findings, particularly the calluses, makes bulimia nervosa the more likely primary diagnosis, and dental erosion the most expected associated finding.
 Agent 3 (👨🏻‍⚕️ psychiatrist) -> Agent 1 (👩🏼‍⚕️ pediatrician) : As the team's psychiatrist, specializing in eating disorders, I am confident in our shared assessment.

The patient's presentation, particularly the combination of binge eating with the physical signs of purging—parotid hypertrophy and Russell's sign (calluses on the hands)—is a classic picture of Bulimia Nervosa. Given this diagnosis, the most direct and expected physical consequence of repeated self-induced vomiting is **(C) Erosion of tooth enamel** due to exposure to gastric acid.

[INFO] Summary Table
+---------+-----------+-----------+-----------+
|         |  Agent 1  |  Agent 2  |  Agent 3  |
+---------+-----------+-----------+-----------+
| Agent 1 |           | ✋ (1<-2) | ✋ (1<-3) |
|         |           |           |           |
| Agent 2 | ✋ (2->1) |           |           |
|         |           |           |           |
| Agent 3 | ✋ (3->1) |           |           |
+---------+-----------+-----------+-----------+

|_Turn 2
 Agent 1 (👩🏼‍⚕️ pediatrician): 🤐
 Agent 2 (👨‍⚕️ endocrinologist) -> Agent 1 (👩🏼‍⚕️ pediatrician) : To the pediatrician:

I am confident in our shared conclusion that the patient's presentation is most consistent with **Bulimia Nervosa, purging type**, and that **(C) Erosion of tooth enamel** is the most likely additional finding. My initial focus on Cushing's syndrome was due to the "enlarged cheeks," but I now recognize that parotid gland hypertrophy secondary to vomiting is a more fitting explanation in the context of the other symptoms, particularly the calluses (Russell's sign). The direct link between self-induced vomiting and dental erosion makes option (C) the most probable outcome. Thank you for guiding me to this more accurate diagnostic pathway.
 Agent 3 (👨🏻‍⚕️ psychiatrist): 🤐

[INFO] Summary Table
+---------+-----------+-----------+---------+
|         |  Agent 1  |  Agent 2  | Agent 3 |
+---------+-----------+-----------+---------+
| Agent 1 |           | ✋ (1<-2) |         |
|         |           |           |         |
| Agent 2 | ✋ (2->1) |           |         |
|         |           |           |         |
| Agent 3 |           |           |         |
+---------+-----------+-----------+---------+

|_Turn 3
 Agent 1 (👩🏼‍⚕️ pediatrician): 🤐
 Agent 2 (👨‍⚕️ endocrinologist): 🤐
 Agent 3 (👨🏻‍⚕️ psychiatrist): 🤐
 No agents chose to participate in this turn. End this turn.

[INFO] Moderator Consensus Check
 👨‍⚖️ Moderator consensus check: YES

[INFO] Consensus reached! Ending discussion.

[INFO] Step 4. Final Decision
👨‍⚖️  Moderator's final decision: {0.0: "Based on the thorough discussion and consensus reached by the multidisciplinary team, the final answer to the question regarding the expected finding in this patient is:\n\n**(C) Erosion of tooth enamel**\n\nThe reasoning behind this conclusion is well-supported by the clinical presentation of the patient, which includes signs indicative of Bulimia Nervosa, specifically the presence of calluses on the hands (Russell's sign) and parotid gland enlargement. These findings are directly associated with self-induced vomiting, which leads to erosion of tooth enamel due to repeated exposure to gastric acid. The team has effectively ruled out other potential diagnoses, such as Cushing's syndrome, in favor of a diagnosis of Bulimia Nervosa, purging type, making erosion of tooth enamel the most probable additional finding."}

[INFO] API calls for this sample: 25

[INFO] Sample 33 completed successfully