[INFO] Processing sample 42

[INFO] Step 1. Expert Recruitment
Agent 1 (🧑🏽‍⚕️ Obstetrician): Gynecologist - Specializes in women's reproductive health, including pregnancy and childbirth.
Agent 2 (🧑🏿‍⚕️ Medical Geneticist): Specializes in the study of genes and hereditary conditions, important for understanding chromosomal abnormalities.
Agent 3 (👨🏽‍⚕️ Pathologist): Focuses on the diagnosis of disease through the examination of tissue samples and aspirates, relevant for interpreting the results from the dilation and evacuation procedure.

[INFO] Hierarchy Selection
                   moderator (👨‍⚖️)                                               
           ┌───────────────┴───────────┬───────────────────────────┐              
  Obstetrician (🧑🏽‍⚕️)        Pathologist (👨🏽‍⚕️)      Medical Geneticist (🧑🏿‍⚕️) 


[INFO] Step 2. Initial Opinions
 Agent 1 (🧑🏽‍⚕️ obstetrician) : Based on the clinical information provided, the patient presents with symptoms suggestive of a possible gestational trophoblastic disease (GTD), possibly a hydatidiform mole. The key points include:

- The absence of fetal heart sounds.
- The presence of a grape-like mass protruding from the vagina.
- The enlarged uterus at the level of the umbilicus without evidence of a fetus.
- The vital signs indicating hypertension (160/100 mm Hg) which may be associated with conditions like preeclampsia or gestational trophoblastic disease.
- The last menstrual period was 4 months ago, suggesting the uterus is enlarged due to abnormal placental tissue rather than a viable pregnancy.

In cases of complete hydatidiform mole, typically the genotype is 46 chromosomes, where all chromosomes are derived from the father, leading to the genotype of 69XXY. This results from the fertilization of an empty egg by two sperm.

Considering the options presented:

(A) 69XXY - This aligns with the typical genotype of a complete hydatidiform mole.
(B) 45XO - This indicates Turner syndrome but is not consistent with GTD.
(C) 23XX - This is not consistent with the findings.
(D) 47XYY - This indicates a male karyotype but is not relevant to the case.
(E) 46XX - This represents a normal female genotype but does not correspond to the characteristics of a molar pregnancy.

Thus, the most appropriate answer is (A) 69XXY.
 Agent 2 (🧑🏿‍⚕️ medical geneticist) : **Rationale:**

The patient's presentation is highly suggestive of a hydatidiform mole, a type of gestational trophoblastic disease. Key indicators include:

*   **Amenorrhea of 4 months:** This is longer than expected for a normal pregnancy, but also longer than the typical duration of a normal pregnancy for symptoms to present this way.
*   **Grape-like mass protruding from the vagina:** This is a classic sign of a hydatidiform mole, as the molar tissue can distend the uterus and even protrude through the cervix.
*   **Fundus of the uterus at the level of the umbilicus:** This indicates significant uterine enlargement, disproportionate to the gestational age if it were a normal pregnancy.
*   **No fetal heart sounds heard:** This is expected in a molar pregnancy as there is no viable fetus.
*   **Hypertension (160/100 mm Hg) and tachycardia (108/min):** These can be signs of pre-eclampsia, which is more common in molar pregnancies.
*   **USG showing no fetal parts:** This further supports the diagnosis of a molar pregnancy, where the abnormal placental tissue replaces the fetus.

Hydatidiform moles are caused by abnormal fertilization events, leading to a genetic abnormality in the conception. There are two main types of molar pregnancies:

*   **Complete hydatidiform mole:** This occurs when a sperm fertilizes an empty egg. The chromosomes of the egg are lost, and the paternal chromosomes are duplicated, resulting in a 46XX genotype, with all chromosomes originating from the father.
*   **Partial hydatidiform mole:** This occurs when a normal egg is fertilized by two sperm. This results in triploidy, meaning there are three sets of chromosomes. The most common triploid genotype in partial molar pregnancies is 69XXY.

Given the information, particularly the significant uterine enlargement and absence of fetal parts, a complete or partial hydatidiform mole is strongly suspected. While a complete mole is more common, a partial mole with triploidy (69XXY) is also a significant possibility that would result in molar tissue. The question asks for the genotype of the *substance* aspirated during dilation and evacuation, which refers to the abnormal placental tissue itself.

Let's analyze the options:

*   **(A) 69XXY:** This represents triploidy and is characteristic of a partial hydatidiform mole.
*   **(B) 45XO:** This is Turner syndrome, a chromosomal abnormality in females where they have only one X chromosome. It is not associated with molar pregnancies.
*   **(C) 23XX:** This would represent a haploid set of X chromosomes, which is not a viable genotype for conception.
*   **(D) 47XYY:** This is a sex chromosome aneuploidy where males have an extra Y chromosome. It is not associated with molar pregnancies.
*   **(E) 46XX:** This represents a normal female genotype. While a complete mole *originates* from a paternal contribution leading to this genotype in terms of chromosome origin from father, the resulting molar tissue itself is a consequence of abnormal fertilization. However, the most common *abnormal* genotype found in molar tissue leading to symptoms like these is often triploid, especially in partial moles, or a complete mole with duplicated paternal chromosomes. Considering the options provided and the typical genetic origins of molar pregnancies, 69XXY (partial mole) or a paternal duplication resulting in a 46XX-like structure where all chromosomes are paternal are the most relevant. However, the wording "substance which will be aspirated" refers to the molar tissue. In the context of partial moles, triploidy like 69XXY is a direct cause of the molar development.

Given the clinical presentation, and the common genetic causes of hydatidiform moles, a triploid genotype (69XXY) is a very strong possibility for the aspirated tissue in a partial hydatidiform mole. While a complete mole has a paternal origin leading to a 46XX genotype (all paternal), the triploid form (partial mole) is also very common and directly results in abnormal tissue with the 69XXY karyotype. Among the choices provided, 69XXY directly represents a common genetic aberration found in the aspirated material of a hydatidiform mole.

**Final Answer is (A).**

The final answer is $\boxed{A}$.
 Agent 3 (👨🏽‍⚕️ pathologist) : Excellent, let's discuss this case as a team.

From my perspective as the pathologist who will be examining the tissue from the D&E, this clinical presentation is a textbook example of a **Complete Hydatidiform Mole (CHM)**.

Here's my breakdown of the findings and how they lead to the answer:

1.  **Clinical Correlation:**
    *   **Uterine size greater than dates:** The fundus is at the umbilicus (approx. 20 weeks size), while her LMP suggests ~16 weeks gestation. This rapid uterine growth is caused by the extensive proliferation of trophoblastic tissue and hydropic swelling of chorionic villi.
    *   **Absence of Fetal Parts/Heart Tones:** This is a key feature distinguishing a complete mole from a partial mole or a normal pregnancy. The ultrasound confirms no fetus is present.
    *   **"Grape-like mass":** This is the pathognomonic gross finding of hydropic (swollen, fluid-filled) chorionic villi being passed. When the specimen arrives in my lab, this is exactly what I'll be looking for.
    *   **Early-onset, Severe Pre-eclampsia:** Her blood pressure of 160/100 mmHg at this stage is highly characteristic of a molar pregnancy, which can cause this condition to develop earlier and more severely than in a normal pregnancy, likely due to the excessive production of placental hormones.

2.  **Pathophysiology and Genetics:**
    Now, let's address the core question about the genotype. The genetic makeup is the defining feature of molar pregnancies.

    *   A **Complete Hydatidiform Mole** is characterized by a diploid set of chromosomes, but crucially, **all the genetic material is of paternal origin (androgenetic)**.
    *   This most commonly occurs (~90% of cases) when an anucleated "empty" ovum is fertilized by a single haploid sperm (23,X), which then duplicates its own chromosomes. This process results in a **46,XX** genotype.
    *   Less commonly (~10% of cases), an empty ovum is fertilized by two different sperm (dispermy), one 23,X and one 23,Y, resulting in a 46,XY genotype.

    *   A **Partial Mole**, by contrast, is triploid (69 chromosomes), resulting from a normal ovum being fertilized by two sperm. This would lead to genotypes like 69,XXY, 69,XXX, or 69,XYY. However, the clinical picture here—especially the absence of any fetal parts—strongly argues against a partial mole.

3.  **Evaluating the Options:**
    *   (A) 69,XXY: This is triploid, indicative of a partial mole.
    *   (B) 45,XO: This is Turner Syndrome, a fetal aneuploidy.
    *   (C) 23,XX: This is a normal haploid gamete (ovum).
    *   (D) 47,XYY: This is Jacobs Syndrome, a fetal aneuploidy.
    *   **(E) 46,XX:** This is the most common diploid genotype for a complete hydatidiform mole, which perfectly fits the patient's presentation.

**Conclusion:**

Based on the overwhelming clinical evidence pointing to a complete hydatidiform mole, the most probable genotype of the tissue we will aspirate during the dilation and evacuation procedure is **(E) 46,XX**.

Once the D&E is complete and the specimen is sent to pathology, I will confirm the diagnosis with histopathology. I'll be looking for diffuse hydropic villi and marked trophoblastic proliferation. We can also use p57kip2 immunostaining; it will be negative in a complete mole, confirming the androgenetic origin of the tissue. This will be critical for her follow-up and management regarding the risk of persistent gestational trophoblastic neoplasia.

[INFO] Step 3. Collaborative Decision Making
== Round 1 ==
[INFO] Participatory Debate
|_Turn 1
 Agent 1 (🧑🏽‍⚕️ obstetrician): 🤐
 Agent 2 (🧑🏿‍⚕️ medical geneticist) -> Agent 1 (🧑🏽‍⚕️ obstetrician) : My expertise is in medical genetics, focusing on genes and hereditary conditions, including chromosomal abnormalities.

I wish to speak with the **Pathologist**.

**Opinion for the Pathologist:**

Pathologist, considering the classic clinical presentation of a complete hydatidiform mole (enlarged uterus disproportionate to dates, grape-like mass, absent fetal heart tones, early pre-eclampsia), the aspirated tissue will most likely have a **46,XX** genotype. This is because complete moles are typically androgenetic, with all chromosomes originating from the father, most commonly resulting from an empty egg fertilized by a single sperm that then duplicates its chromosomes. This directly aligns with option (E).
 Agent 2 (🧑🏿‍⚕️ medical geneticist) -> Agent 3 (👨🏽‍⚕️ pathologist) : My medical expertise is in medical genetics, with a specialization in chromosomal abnormalities and their role in hereditary conditions.

I wish to speak with the **Obstetrician-Gynecologist**.

**Opinion for the Obstetrician-Gynecologist:**

Obstetrician-Gynecologist, based on the clinical presentation of a significantly enlarged uterus (fundus at the umbilicus), vaginal bleeding with a protruding grape-like mass, absence of fetal heart sounds, and early severe hypertension, the strong suspicion is a complete hydatidiform mole. My genetic analysis confirms that the typical genotype for a complete hydatidiform mole, which is the most fitting diagnosis given these signs, is **46,XX**, as this represents the androgenetic origin of all chromosomal material. This genetic makeup is consistent with the aspirated tissue.
 Agent 3 (👨🏽‍⚕️ pathologist): 🤐

[INFO] Summary Table
+---------+-----------+-----------+-----------+
|         |  Agent 1  |  Agent 2  |  Agent 3  |
+---------+-----------+-----------+-----------+
| Agent 1 |           | ✋ (1<-2) |           |
|         |           |           |           |
| Agent 2 | ✋ (2->1) |           | ✋ (2->3) |
|         |           |           |           |
| Agent 3 |           | ✋ (3<-2) |           |
+---------+-----------+-----------+-----------+

|_Turn 2
 Agent 1 (🧑🏽‍⚕️ obstetrician): 🤐
 Agent 2 (🧑🏿‍⚕️ medical geneticist) -> Agent 1 (🧑🏽‍⚕️ obstetrician) : My medical expertise is in medical genetics, with a specialization in chromosomal abnormalities and their role in hereditary conditions.

I wish to speak with the **Pathologist**.

**Opinion for the Pathologist:**

Pathologist, I have reviewed the clinical information and the opinions of the Obstetrician-Gynecologist and my own initial assessment. Based on the combined clinical picture—particularly the absence of fetal parts on ultrasound—the diagnosis strongly favors a **Complete Hydatidiform Mole**. As you know, complete moles are typically androgenetic, meaning they are formed from paternal chromosomes only. The most common karyotype for a complete mole is **46,XX**, which arises from an anucleated egg fertilized by a sperm that then duplicates its chromosomes. Therefore, the substance aspirated during the D&E is expected to carry this genotype, fitting option (E).
 Agent 2 (🧑🏿‍⚕️ medical geneticist) -> Agent 3 (👨🏽‍⚕️ pathologist) : My expertise is in medical genetics, focusing on chromosomal abnormalities and their impact on hereditary conditions.

I wish to speak with the **Obstetrician-Gynecologist**.

**Opinion for the Obstetrician-Gynecologist:**

Obstetrician-Gynecologist, the clinical presentation you've outlined is highly indicative of a Complete Hydatidiform Mole. The significant uterine enlargement, absence of fetal heart sounds and parts on ultrasound, and early severe hypertension are classic signs. From a genetic standpoint, this diagnosis corresponds to an androgenetic conception, most commonly resulting in a **46,XX** karyotype derived entirely from paternal genetic material. This genetic makeup is the expected genotype of the aspirated tissue.
 Agent 3 (👨🏽‍⚕️ pathologist): 🤐

[INFO] Summary Table
+---------+-----------+-----------+-----------+
|         |  Agent 1  |  Agent 2  |  Agent 3  |
+---------+-----------+-----------+-----------+
| Agent 1 |           | ✋ (1<-2) |           |
|         |           |           |           |
| Agent 2 | ✋ (2->1) |           | ✋ (2->3) |
|         |           |           |           |
| Agent 3 |           | ✋ (3<-2) |           |
+---------+-----------+-----------+-----------+

|_Turn 3
 Agent 1 (🧑🏽‍⚕️ obstetrician): 🤐
 Agent 2 (🧑🏿‍⚕️ medical geneticist): 🤐
 Agent 3 (👨🏽‍⚕️ pathologist): 🤐
 No agents chose to participate in this turn. End this turn.

[INFO] Moderator Consensus Check
 👨‍⚖️ Moderator consensus check: YES

[INFO] Consensus reached! Ending discussion.

[INFO] Step 4. Final Decision
👨‍⚖️  Moderator's final decision: {0.0: 'Based on the thorough discussion and consensus reached among the multidisciplinary team, the final answer to the question regarding the genotype of the substance that will be aspirated during dilation and evacuation is:\n\n**(E) 46XX**.\n\nThis conclusion is supported by the clinical presentation indicative of a Complete Hydatidiform Mole, characterized by the absence of fetal parts, significant uterine enlargement, and the presence of a grape-like mass. The genetic analysis confirms that the expected genotype for this condition is **46,XX**, which aligns with the findings from the obstetrician, medical geneticist, and pathologist.'}

[INFO] API calls for this sample: 25

[INFO] Sample 42 completed successfully