[INFO] Processing sample 21

[INFO] Step 1. Expert Recruitment
Agent 1 (👨🏿‍⚕️ Cardiologist): Focuses on the diagnosis and treatment of heart and blood vessel-related conditions.
Agent 2 (👨🏻‍⚕️ Emergency Medicine Physician): Specializes in acute care and management of emergencies, including hypertensive crises.
Agent 3 (👩🏻‍⚕️ Vascular Surgeon): Specializes in diseases of the circulatory system, including the management of vascular disorders and blood pressure regulation.

[INFO] Hierarchy Selection
                   moderator (👨‍⚖️)                                                               
           ┌───────────────┴──────────────┬───────────────────────────────────┐                   
  Cardiologist (👨🏿‍⚕️)         Vascular Surgeon (👩🏻‍⚕️)      Emergency Medicine Physician (👨🏻‍⚕️) 


[INFO] Step 2. Initial Opinions
 Agent 1 (👨🏿‍⚕️ cardiologist) : The clinical scenario describes a hypertensive emergency in which the patient presents with severely elevated blood pressure, headache, chest pain, vomiting, papilledema, and altered consciousness. The treatment initiated is an intravenous (IV) medication that releases nitric oxide (NO) as a metabolite, leading to vasodilation via activation of guanylate cyclase and increased production of cyclic GMP (cGMP) in vascular smooth muscle.

The medication described is likely nitroglycerin or another nitric oxide donor. The primary effects of this class of medications include:

1. **Vasodilation**: This leads to decreased systemic vascular resistance (SVR), reducing afterload on the heart.
2. **Decreased cardiac preload**: Nitric oxide donors primarily vasodilate veins, which decreases venous return and preload.
3. **Improved blood flow and oxygenation**: This can help alleviate symptoms such as chest pain.

Regarding the specific effects from the options provided:

- (A) Decreased cardiac contractility: This is not a primary effect of nitroglycerin. It does not reduce contractility directly.
- (B) Increased left ventricular end-diastolic pressure: This is unlikely due to decreased venous return.
- (C) Decreased stroke volume: This would not typically occur; stroke volume might decrease due to reduced preload, but not directly attributed to the mechanism of action of NO.
- (D) Decreased pulmonary capillary wedge pressure: This would be expected as a result of decreased preload and venous return, making this the most likely effect.
- (E) Increased systemic vascular resistance: This is contrary to the expected effects of nitric oxide donors which primarily cause a decrease in systemic vascular resistance.

Considering the above, the option that reflects the expected clinical effect of the medication would be:

**(D) Decreased pulmonary capillary wedge pressure.**
 Agent 2 (👨🏻‍⚕️ emergency medicine physician) : The patient presents with a hypertensive emergency, characterized by a severely elevated blood pressure (220/140 mmHg) and evidence of end-organ damage (headache, chest pain, vomiting, papilledema, depressed level of consciousness). The described mechanism of action of the IV medication (releasing nitric oxide, activating guanylate cyclase, increasing cGMP) is characteristic of **nitroprusside**.

Let's analyze the effects of nitroprusside and how they relate to the options:

*   **Mechanism of Action:** Nitroprusside is a potent arterial and venous vasodilator. By releasing nitric oxide, it causes relaxation of vascular smooth muscle, leading to a decrease in both systemic vascular resistance (SVR) and preload (venous return).

*   **Effect on Blood Pressure:** The primary goal of treating a hypertensive emergency is to lower blood pressure. Vasodilation by nitroprusside directly reduces SVR, thus lowering blood pressure.

*   **Effect on Cardiac Function:**
    *   **Decreased SVR:** This is a direct consequence of vasodilation.
    *   **Decreased Preload:** Venous dilation reduces the amount of blood returning to the heart, thus decreasing left ventricular end-diastolic pressure (LVEDP) and pulmonary capillary wedge pressure (PCWP).
    *   **Afterload Reduction:** Lowering SVR reduces the resistance against which the left ventricle must pump, improving stroke volume and cardiac output, *unless* there is severe underlying cardiac dysfunction or excessive venodilation leads to a drop in preload that compromises filling.
    *   **Contractility:** While nitroprusside is primarily a vasodilator, reflex sympathetic activation can occur due to the drop in blood pressure, which could lead to an increase in contractility. However, the direct effect is vasodilation.

Now let's evaluate the options:

*   **(A) Decreased cardiac contractility:** Nitroprusside itself doesn't directly decrease contractility. Reflex tachycardia can sometimes increase contractility.
*   **(B) Increased left ventricular end-diastolic pressure:** As a venous vasodilator, nitroprusside decreases venous return, which would lead to a *decrease*, not an increase, in LVEDP.
*   **(C) Decreased stroke volume:** While significant venodilation and a rapid drop in preload *could* potentially decrease stroke volume, the primary effect of afterload reduction is to improve ventricular emptying and thus *increase* stroke volume, assuming adequate filling pressures. This is not the most expected primary effect.
*   **(D) Decreased pulmonary capillary wedge pressure:** PCWP is a reflection of left atrial pressure and LVEDP. Since nitroprusside causes venous dilation and reduces preload, it would be expected to *decrease* PCWP.
*   **(E) Increased systemic vascular resistance:** Nitroprusside is a potent vasodilator, meaning it *decreases* systemic vascular resistance, not increases it.

Considering the direct vasodilatory effects of nitroprusside:

*   Arterial vasodilation leads to decreased SVR and afterload.
*   Venous vasodilation leads to decreased preload, LVEDP, and PCWP.

The most direct and expected clinical effect of a potent vasodilator like nitroprusside, which reduces both arterial and venous tone, is a decrease in vascular resistance and filling pressures.

**The final answer is $\boxed{D}$**
 Agent 3 (👩🏻‍⚕️ vascular surgeon) : Excellent case presentation. This is a classic hypertensive emergency with clear evidence of end-organ damage—specifically hypertensive encephalopathy, potential myocardial ischemia, and malignant hypertension given the papilledema. Immediate but controlled reduction of blood pressure is critical.

Let's collaborate on this. As a vascular surgeon, I focus heavily on the hemodynamics of the vasculature, and this question is right in that wheelhouse.

### Analysis of the Medication

The medication described is a direct-acting vasodilator. The mechanism of action—releasing nitric oxide (NO), which activates guanylate cyclase to increase cyclic GMP (cGMP)—is the classic pathway for agents like **sodium nitroprusside** and, to a lesser extent, nitroglycerin. In a hypertensive emergency of this magnitude, sodium nitroprusside is a very common choice.

The key feature of nitroprusside is that it is a potent, balanced vasodilator, meaning it relaxes smooth muscle in both **arterioles** and **venules**.

1.  **Arterial Vasodilation:** This directly reduces the resistance against which the left ventricle must pump. This effect is known as **afterload reduction**. Consequently, Systemic Vascular Resistance (SVR) decreases significantly.
2.  **Venous Vasodilation (Venodilation):** This increases the capacitance of the venous system. More blood pools in the veins, which decreases the volume of blood returning to the heart. This effect is known as **preload reduction**.

### Evaluating the Clinical Effects

Now, let's apply this understanding to the options provided:

*   **(E) Increased systemic vascular resistance:** This is incorrect. The drug is a potent arterial vasodilator, which directly *decreases* SVR (afterload).
*   **(A) Decreased cardiac contractility:** This is incorrect. This medication acts directly on vascular smooth muscle. It has no primary direct effect on myocardial contractility (inotropy). Beta-blockers or calcium channel blockers would affect contractility, but not NO donors.
*   **(B) Increased left ventricular end-diastolic pressure:** This is incorrect. Left ventricular end-diastolic pressure (LVEDP) is a direct measure of preload. As we established, the drug's venodilating properties *decrease* preload.
*   **(C) Decreased stroke volume:** This is not the most predictable effect and is likely incorrect in this context. Stroke volume is determined by preload, afterload, and contractility. While the drug decreases preload (which can lower stroke volume), it also dramatically decreases afterload. In a heart straining against a pressure of 220/140, reducing this massive afterload often makes it much easier for the ventricle to eject blood, which can *increase* or maintain stroke volume. The net effect is variable, but a primary decrease is not the expected outcome.

*   **(D) Decreased pulmonary capillary wedge pressure:** **This is the correct answer.** The pulmonary capillary wedge pressure (PCWP) is our clinical surrogate for left atrial pressure, which in turn reflects left ventricular end-diastolic pressure—our measure of **left ventricular preload**. Because the medication is a potent venodilator, it decreases venous return to the heart, thereby directly reducing preload and, consequently, the PCWP.

### Conclusion

The administration of a nitric oxide-donating vasodilator like sodium nitroprusside will cause both arterial and venous dilation. The venodilation reduces venous return and cardiac preload. The most direct and certain clinical measure of this effect among the choices is a **(D) Decreased pulmonary capillary wedge pressure**.

This is a critical effect, especially in patients who may have concurrent heart failure, as it helps to relieve pulmonary congestion. We would, of course, need to monitor this patient closely with an arterial line for continuous blood pressure measurement and be prepared to titrate the infusion carefully to avoid hypotension.

[INFO] Step 3. Collaborative Decision Making
== Round 1 ==
[INFO] Participatory Debate
|_Turn 1
 Agent 1 (👨🏿‍⚕️ cardiologist): 🤐
 Agent 2 (👨🏻‍⚕️ emergency medicine physician): 🤐
 Agent 3 (👩🏻‍⚕️ vascular surgeon): 🤐
 No agents chose to participate in this turn. End this turn.
 No agents chose to participate in this round. End this round.

[INFO] Step 4. Final Decision
👨‍⚖️  Moderator's final decision: {0.0: "The final answer to the question regarding the expected clinical effect from the administration of the IV medication that releases nitric oxide and is used to treat this patient's hypertensive emergency is:\n\n**(D) Decreased pulmonary capillary wedge pressure.**\n\nThis conclusion is supported by the consensus among the experts, who all emphasized the vasodilatory effects of the medication, leading to decreased preload and subsequently a reduction in pulmonary capillary wedge pressure. The reasoning provided by the cardiologist, emergency medicine physician, and vascular surgeon aligns, highlighting the expected physiological changes resulting from the administration of a nitric oxide donor like sodium nitroprusside in the context of a hypertensive emergency."}

[INFO] API calls for this sample: 9

[INFO] Sample 21 completed successfully