[INFO] Processing sample 5

[INFO] Step 1. Expert Recruitment
Agent 1 (🧑🏽‍⚕️ Endocrinologist): Specializes in the diagnosis and treatment of hormonal disorders, including adrenal insufficiency.
Agent 2 (👨🏿‍⚕️ Gastroenterologist): Focuses on the diagnosis and management of gastrointestinal disorders, which may help interpret abdominal pain and constipation in this context.
Agent 3 (👨🏽‍⚕️ Internal Medicine Physician): Provides comprehensive health care and manages complex cases, which will help in evaluating overall health and suspected systemic issues.

[INFO] Hierarchy Selection
                     moderator (👨‍⚖️)                                                               
            ┌────────────────┴───────────────────┬───────────────────────────────────┐              
 Endocrinologist (🧑🏽‍⚕️)        Internal Medicine Physician (👨🏽‍⚕️)      Gastroenterologist (👨🏿‍⚕️) 


[INFO] Step 2. Initial Opinions
 Agent 1 (🧑🏽‍⚕️ endocrinologist) : The symptoms and signs presented in this case are suggestive of primary adrenal insufficiency (Addison's disease). The copper-colored skin (bronzing), fatigue, weight loss, abdominal pain, constipation, and hypotension (low blood pressure) all point towards this diagnosis. 

Before initiating any treatment, it is crucial to confirm the diagnosis of adrenal insufficiency. The most appropriate next step in the management of this patient is to order an ACTH stimulation test (Option E) to evaluate the adrenal glands' response to adrenocorticotropic hormone (ACTH), which will help to determine whether the patient has primary or secondary adrenal insufficiency.

After confirming the diagnosis, appropriate treatment can be initiated, which generally involves glucocorticoids (hydrocortisone) and potentially mineralocorticoids (fludrocortisone) as well, depending on the severity of the condition. However, confirmation of the diagnosis with testing is the priority at this stage.
 Agent 2 (👨🏿‍⚕️ gastroenterologist) : As a gastroenterologist on this multidisciplinary team, the constellation of symptoms presented by this 30-year-old male raises significant concern for an underlying endocrine disorder, specifically affecting the adrenal glands. The patient's fatigue, weakness, abdominal pain, constipation, and unintentional weight loss are all classic, albeit non-specific, symptoms that can be indicative of adrenal insufficiency.

The most striking finding, however, is the **bronze discoloration of the skin**. This is a highly suggestive sign of elevated adrenocorticotropic hormone (ACTH) levels. In primary adrenal insufficiency (Addison's disease), the adrenal glands are unable to produce sufficient cortisol. The pituitary gland, sensing the low cortisol levels, increases ACTH production in an attempt to stimulate the adrenal glands. ACTH also stimulates melanocytes, leading to increased pigmentation of the skin and mucous membranes.

Given the high suspicion for adrenal insufficiency, the next best step is to confirm this diagnosis and, if confirmed, initiate appropriate management. Let's analyze the provided options:

*   **(A) Administer intravenous hydrocortisone** and **(D) Start him on both hydrocortisone and fludrocortisone therapy**: While hydrocortisone and fludrocortisone are the treatments for adrenal insufficiency, initiating treatment without a definitive diagnosis can mask the underlying problem and complicate further diagnostic testing. Furthermore, the urgency of intravenous administration might not be immediately apparent if the patient is hemodynamically stable, although his low blood pressure (99/70 mmHg) is a point of concern.

*   **(B) Administer intravenous fludrocortisone**: Fludrocortisone is a mineralocorticoid that replaces the mineralocorticoid deficiency seen in adrenal insufficiency. However, it doesn't address the glucocorticoid deficiency, which is the primary driver of many of the patient's symptoms like fatigue and weakness.

*   **(C) Start him on androgen replacement treatment**: Androgen deficiency can occur in primary adrenal insufficiency due to the zona reticularis's involvement, but it's not the primary or most urgent concern to address initially. This would be a secondary consideration after glucocorticoid and mineralocorticoid replacement.

*   **(E) Order an ACTH stimulation test**: This is the **gold standard diagnostic test for adrenal insufficiency**. The test involves measuring baseline cortisol levels and then administering synthetic ACTH (cosyntropin). Blood cortisol levels are then re-measured at specific intervals (e.g., 30 and 60 minutes). In healthy individuals, cortisol levels will rise significantly after ACTH administration. In primary adrenal insufficiency, the cortisol response will be blunted or absent, confirming the diagnosis. This test will also help differentiate between primary and secondary adrenal insufficiency.

Considering the clinical presentation, especially the bronze discoloration, the most appropriate next step is to definitively diagnose adrenal insufficiency. Therefore, the ACTH stimulation test is the priority. Once the diagnosis is confirmed, treatment with glucocorticoids (like hydrocortisone) and mineralocorticoids (like fludrocortisone) will be initiated. If the patient were hypotensive and unstable, immediate IV hydrocortisone would be a consideration, but the current presentation, while concerning for hypotension, does not definitively demand immediate emergent treatment before diagnostic confirmation.

The final answer is $\boxed{E}$.
 Agent 3 (👨🏽‍⚕️ internal medicine physician) : As an internal medicine physician on this collaborative team, I've reviewed the case. Here is my assessment and recommendation for the next step.

### Case Summary
This is a 30-year-old male presenting with a constellation of symptoms including fatigue, weakness, weight loss, abdominal pain, and constipation. Key physical exam findings include hypotension (99/70 mmHg) and bronze skin discoloration (hyperpigmentation) in the absence of sun exposure.

### Differential Diagnosis & Clinical Reasoning
The combination of symptoms and signs is highly suggestive of **primary adrenal insufficiency**, also known as Addison's disease. Let's break down why:

*   **Glucocorticoid (Cortisol) Deficiency:** Accounts for the fatigue, weakness, weight loss, abdominal pain, and hypotension. Cortisol is essential for maintaining blood pressure, blood glucose, and vascular tone.
*   **Mineralocorticoid (Aldosterone) Deficiency:** Contributes significantly to the hypotension through sodium wasting and subsequent volume depletion. This can also lead to electrolyte abnormalities like hyponatremia and hyperkalemia (though not yet tested for).
*   **Hyperpigmentation:** This is the hallmark sign that points specifically to a *primary* adrenal problem. The low cortisol level from the failing adrenal glands removes the negative feedback on the pituitary gland. The pituitary then secretes a large amount of Adrenocorticotropic Hormone (ACTH) in an attempt to stimulate the adrenals. The precursor molecule for ACTH (pro-opiomelanocortin or POMC) is also cleaved to produce melanocyte-stimulating hormone (MSH). The excess ACTH and MSH stimulate melanocytes, leading to the characteristic bronze discoloration of the skin.

While other conditions can cause some of these symptoms (e.g., hemochromatosis for skin color, malignancy for weight loss), no other single diagnosis fits this entire clinical picture as well as primary adrenal insufficiency.

### Evaluation of Options
The central question is whether to treat empirically based on high clinical suspicion or to confirm the diagnosis first. The patient is hypotensive but not in an acute, life-threatening crisis (i.e., shock, obtundation). Therefore, the priority is to establish a definitive diagnosis before committing him to lifelong steroid replacement therapy.

*   **(A) Administer intravenous hydrocortisone:** This is the treatment for an acute adrenal crisis. While necessary if the patient were in shock, starting it now would interfere with diagnostic testing.
*   **(B) Administer intravenous fludrocortisone:** Fludrocortisone replaces mineralocorticoid activity. It is part of the long-term treatment but is not the initial emergency intervention and does not address the life-threatening cortisol deficiency.
*   **(C) Start him on androgen replacement treatment:** Androgen (DHEA) replacement is not a primary or initial treatment and is generally reserved for women with adrenal insufficiency to improve libido and well-being. Men have adequate androgen production from the testes.
*   **(D) Start him on both hydrocortisone and fludrocortisone therapy:** This is the correct long-term oral therapy for confirmed primary adrenal insufficiency. However, the diagnosis has not yet been confirmed with laboratory testing.
*   **(E) Order an ACTH stimulation test:** This is the correct next step. This test is the gold standard for diagnosing adrenal insufficiency. It involves measuring a baseline cortisol level, administering synthetic ACTH (cosyntropin), and then measuring the cortisol response. A failure of the cortisol level to rise adequately after stimulation confirms the diagnosis of primary adrenal insufficiency.

### Conclusion and Next Step

The clinical suspicion for primary adrenal insufficiency is extremely high. However, before initiating lifelong glucocorticoid and mineralocorticoid therapy, the diagnosis must be confirmed.

**The next best step in the management of this patient is (E) Order an ACTH stimulation test.**

In parallel with ordering this test, it would also be prudent to draw baseline labs including a morning cortisol, plasma ACTH, renin, aldosterone, and a complete metabolic panel to check for the expected hyponatremia and hyperkalemia. However, the ACTH stimulation test is the key diagnostic maneuver.

[INFO] Step 3. Collaborative Decision Making
== Round 1 ==
[INFO] Participatory Debate
|_Turn 1
 Agent 1 (🧑🏽‍⚕️ endocrinologist): 🤐
 Agent 2 (👨🏿‍⚕️ gastroenterologist) -> Agent 1 (🧑🏽‍⚕️ endocrinologist) : My expertise is in gastroenterology. The patient's presenting symptoms of fatigue, weakness, abdominal pain, constipation, and unintentional weight loss, coupled with the crucial finding of bronze skin discoloration and hypotension, are highly suggestive of primary adrenal insufficiency (Addison's disease).

While I specialize in gastrointestinal issues, the abdominal pain and constipation can be extraglandular manifestations of adrenal insufficiency. My primary concern is the systemic implications of this potential endocrine disorder.

Therefore, I agree with the consensus that the **next best step is to order an ACTH stimulation test (Option E)**. This is the definitive diagnostic test for adrenal insufficiency, and initiating treatment without confirmation could mask the underlying condition and complicate diagnosis. Confirming adrenal insufficiency is paramount before starting replacement therapy.
 Agent 2 (👨🏿‍⚕️ gastroenterologist) -> Agent 3 (👨🏽‍⚕️ internal medicine physician) : My expertise is in internal medicine. This patient presents with a classic constellation of symptoms and signs highly suggestive of **primary adrenal insufficiency (Addison's disease)**. The fatigue, weakness, weight loss, abdominal pain, constipation, hypotension, and the most specific finding of hyperpigmentation (bronze discoloration) all point towards this diagnosis. The elevated ACTH, a result of the adrenal glands' inability to produce cortisol, is responsible for the hyperpigmentation.

While the patient is hypotensive, he is not in overt shock or an acute adrenal crisis that would necessitate immediate empirical treatment without diagnosis. Therefore, **ordering an ACTH stimulation test (Option E)** is the most appropriate next step. This diagnostic test will confirm adrenal insufficiency by assessing the adrenal glands' response to exogenous ACTH. Once confirmed, appropriate glucocorticoid and mineralocorticoid replacement can be initiated. Starting treatment empirically without confirmation can hinder accurate diagnosis and assessment of disease severity.
 Agent 3 (👨🏽‍⚕️ internal medicine physician): 🤐

[INFO] Summary Table
+---------+-----------+-----------+-----------+
|         |  Agent 1  |  Agent 2  |  Agent 3  |
+---------+-----------+-----------+-----------+
| Agent 1 |           | ✋ (1<-2) |           |
|         |           |           |           |
| Agent 2 | ✋ (2->1) |           | ✋ (2->3) |
|         |           |           |           |
| Agent 3 |           | ✋ (3<-2) |           |
+---------+-----------+-----------+-----------+

|_Turn 2
 Agent 1 (🧑🏽‍⚕️ endocrinologist): 🤐
 Agent 2 (👨🏿‍⚕️ gastroenterologist): 🤐
 Agent 3 (👨🏽‍⚕️ internal medicine physician): 🤐
 No agents chose to participate in this turn. End this turn.

[INFO] Moderator Consensus Check
 👨‍⚖️ Moderator consensus check: YES

[INFO] Consensus reached! Ending discussion.

[INFO] Step 4. Final Decision
👨‍⚖️  Moderator's final decision: {0.0: "Based on the thorough discussion and consensus reached by the multidisciplinary team, the final decision is to **order an ACTH stimulation test (Option E)**. \n\nThe reasoning behind this decision is well-supported by the clinical presentation of the patient, which includes symptoms indicative of primary adrenal insufficiency (Addison's disease), such as fatigue, weakness, weight loss, abdominal pain, constipation, and notably, bronze skin discoloration. The team emphasized the importance of confirming the diagnosis before initiating treatment, as starting hormone replacement therapy without a definitive diagnosis could obscure the clinical picture and complicate future management.\n\nThe unanimous agreement among the endocrinologist, gastroenterologist, and internal medicine physician highlights the critical nature of this diagnostic step. Therefore, the next best step in the management of this patient is to **order the ACTH stimulation test**."}

[INFO] API calls for this sample: 19

[INFO] Sample 5 completed successfully