[INFO] Processing sample 0

[INFO] Step 1. Expert Recruitment
Agent 1 (👨🏿‍⚕️ Infectious Disease Specialist): Focuses on diagnosing and treating infections caused by bacteria, viruses, parasites, and fungi.
Agent 2 (🧑🏽‍⚕️ Travel Medicine Specialist): Expert in health issues related to travel, including infectious diseases prevalent in specific geographic areas.
Agent 3 (👨🏽‍⚕️ Hematologist): Specializes in blood disorders, which can provide insights into the patient’s leukopenia and thrombocytopenia.

[INFO] Hierarchy Selection
                    moderator (👨‍⚖️)                                                         
           ┌───────────────┴───────────────────────┐                                         
  Hematologist (👨🏽‍⚕️)           Infectious Disease Specialist (👨🏿‍⚕️)                       
                                          └──────────────────────┐                           
                                                 Travel Medicine Specialist (🧑🏽‍⚕️)          


[INFO] Step 2. Initial Opinions
 Agent 1 (👨🏿‍⚕️ infectious disease specialist) : The clinical presentation of the patient, along with his recent travel history to Vietnam and Cambodia, is suggestive of a viral infection. 

Key points from the case:

1. **Fever (102.5°F)**: Indicates some form of infection.
2. **Headache, malaise, joint pain**: Common viral infection symptoms. 
3. **Maculopapular rash**: Can be associated with several viral infections, including dengue and chikungunya.
4. **Leukopenia (3,200/mm^3)** and **thrombocytopenia (112,000/mm^3)**: These laboratory findings are notable. Thrombocytopenia is especially common with dengue fever. 
5. **Elevated transaminases (AST and ALT)**: This indicates liver involvement, which can occur with viral infections.

Now, analyzing the options:

- **Dengue Fever**: This aligns with the recent travel history, the symptoms of fever, retro-orbital headache, muscle and joint pain (arthralgia), and thrombocytopenia. Dengue is endemic in Southeast Asia, including Vietnam and Cambodia.
  
- **Chikungunya**: This is also a possibility, as it presents with fever and severe joint pain, but typically does not cause significant leukopenia which is present in this case.

- **Hepatitis A**: This could explain the elevated liver enzymes, but it typically doesn't present with joint pain.

- **Epstein-Barr Virus**: This is less likely given the presentation and recent travel history.

- **Typhoid Fever**: While this could cause a fever and might result from travel, it typically does not cause the joint symptoms or the specific lab findings like the notable leukopenia and rash.

Considering all of these factors, the most likely diagnosis for this patient is **Dengue fever (option B)**.
 Agent 2 (🧑🏽‍⚕️ travel medicine specialist) : As a travel medicine specialist, I would analyze this case in the context of the patient's recent travel history and presenting symptoms. The key elements to consider are:

*   **Travel History:** 2 weeks in Vietnam and Cambodia. These are endemic areas for several tropical diseases.
*   **Symptoms:** Fatigue, worsening headache, malaise, pain in hands and wrists (arthralgias), fever (102.5°F), maculopapular rash on trunk and upper thighs, and tenderness over metacarpophalangeal joints.
*   **Laboratory Findings:** Leukopenia (low white blood cell count of 3,200/mm³), thrombocytopenia (low platelet count of 112,000/mm³), and elevated AST/ALT (liver enzymes). The tourniquet test being negative is also important.

Now, let's consider the differential diagnoses provided:

*   **(A) Chikungunya:** This viral illness is transmitted by mosquitoes and is endemic in Southeast Asia. Classic symptoms include sudden onset of fever, severe joint pain (often debilitating and affecting multiple joints), headache, muscle pain, rash, and fatigue. Leukopenia and mild thrombocytopenia can also be seen. The patient's symptoms, particularly the severe arthralgias, fever, rash, and travel to an endemic area, make Chikungunya a strong contender.

*   **(B) Dengue fever:** Also transmitted by mosquitoes and prevalent in Southeast Asia. Dengue often presents with fever, severe headache (often retro-orbital), muscle and joint pain, rash, nausea, and vomiting. Leukopenia and thrombocytopenia are characteristic findings. A positive tourniquet test is suggestive but not always present. The rash can be maculopapular or petechial. Dengue is also a significant possibility given the symptoms and location.

*   **(C) Epstein-Barr virus (EBV):** This virus causes infectious mononucleosis, typically presenting with fever, sore throat, fatigue, and swollen lymph nodes. While fatigue and fever are present, the severe arthralgias, rash pattern, and the specific travel history make EBV less likely as the primary cause.

*   **(D) Hepatitis A:** This viral hepatitis is transmitted through contaminated food and water, common in endemic areas. Symptoms include fatigue, jaundice, fever, nausea, vomiting, abdominal pain, and elevated liver enzymes. While the patient has elevated liver enzymes, the prominent arthralgias, rash, leukopenia, and thrombocytopenia are not typical of Hepatitis A.

*   **(E) Typhoid fever:** A bacterial infection transmitted through contaminated food and water. Symptoms include sustained fever, headache, abdominal pain, fatigue, and sometimes a rash (rose spots). Leukopenia can occur, but significant thrombocytopenia is less common, and severe arthralgias are not a hallmark of typhoid fever.

**Comparing Dengue and Chikungunya:**

Both Dengue and Chikungunya fit well with the travel history, fever, rash, and lab findings (leukopenia and thrombocytopenia). However, the *prominent and specific complaint of pain in the hands and wrists with tenderness over the metacarpophalangeal joints* is particularly characteristic of Chikungunya, which often causes severe, debilitating arthralgias, often affecting peripheral joints. While Dengue can cause myalgias and arthralgias, they are typically less pronounced and debilitating than those seen in Chikungunya. The negative tourniquet test makes Dengue slightly less definitive, though not exclusionary.

Given the constellation of symptoms, especially the pronounced arthralgias affecting the hands and wrists, and the travel to an endemic region for arboviruses, Chikungunya is the most likely diagnosis.

The final answer is $\boxed{A}$.
 Agent 3 (👨🏽‍⚕️ hematologist) : As a hematologist on this collaborative team, my focus is on the patient's blood counts and what they reveal about the underlying disease process. Let's analyze the key findings.

**Hematologic Assessment**

*   **Leukocyte count:** 3,200/mm^3 (Normal range typically ~4,500-11,000/mm^3). The patient has **leukopenia** (a low white blood cell count). In the context of an acute febrile illness, this often points towards a viral etiology, as many viruses can suppress bone marrow production of white cells. Certain intracellular bacteria, like *Salmonella Typhi*, can also cause leukopenia, but it is a classic feature of many arboviral infections.
*   **Platelet count:** 112,000/mm^3 (Normal range typically ~150,000-450,000/mm^3). The patient has mild to moderate **thrombocytopenia** (a low platelet count). This is also a very common finding in systemic viral infections, particularly those prevalent in Southeast Asia. The mechanism is often multifactorial, including bone marrow suppression and increased peripheral destruction or consumption of platelets.
*   **Hemoglobin/Hematocrit:** 14 g/dL and 44%. These are normal, indicating no current anemia or significant hemoconcentration (which would be a warning sign in Dengue fever).

**Collaboration and Differential Diagnosis**

Integrating my hematologic analysis with the full clinical picture presented by my colleagues (Infectious Disease, Internal Medicine):

1.  **Clinical Presentation:** The patient presents with a classic triad of high fever, a maculopapular rash, and severe polyarthralgia, particularly affecting the small joints of the hands and wrists.
2.  **Epidemiology:** Crucially, he just returned from Vietnam and Cambodia, a region where mosquito-borne illnesses are endemic. The incubation period fits perfectly for such an infection.
3.  **Lab Findings:** The combination of leukopenia, thrombocytopenia, and mild transaminitis (elevated AST/ALT) strongly supports a systemic viral process.

**Evaluating the Options:**

*   **(D) Hepatitis A:** While possible due to travel, it typically presents with more significant liver enzyme elevation (>1000s) and GI symptoms. The prominent joint pain is not characteristic.
*   **(C) Epstein-Barr virus (EBV):** This is less likely. EBV usually presents with pharyngitis and lymphadenopathy, and hematologically, we often see a lymphocytosis with atypical lymphocytes, not the frank leukopenia seen here.
*   **(B) Dengue fever:** This is a very strong possibility. It is common in Southeast Asia and classically presents with fever, headache, rash, leukopenia, and thrombocytopenia. Myalgia is prominent ("break-bone fever"). A negative tourniquet test does not rule it out.
*   **(E) Typhoid fever:** This bacterial infection can cause fever and leukopenia, but the severe, inflammatory-type joint pain is not a typical feature. The clinical picture is less consistent.
*   **(A) Chikungunya:** This arbovirus, also transmitted by *Aedes* mosquitoes in Southeast Asia, is notorious for causing an almost identical illness to Dengue, but with one key distinguishing feature: **severe, often debilitating, polyarthralgia/arthritis**. The patient's specific complaint of pain in his hands and wrists, with tenderness over the metacarpophalangeal joints, is the clinical hallmark that points more strongly to Chikungunya than Dengue.

**Conclusion**

From a hematological standpoint, both Dengue and Chikungunya are highly likely, as they both classically cause leukopenia and thrombocytopenia. However, when combined with the clinical presentation, the defining feature is the severe, symmetric polyarthralgia affecting the small joints. This symptom is the most specific indicator for Chikungunya among the choices provided.

Therefore, the most likely diagnosis is **(A) Chikungunya**.

[INFO] Step 3. Collaborative Decision Making
== Round 1 ==
[INFO] Participatory Debate
|_Turn 1
 Agent 1 (👨🏿‍⚕️ infectious disease specialist): 🤐
 Agent 2 (🧑🏽‍⚕️ travel medicine specialist): 🤐
 Agent 3 (👨🏽‍⚕️ hematologist): 🤐
 No agents chose to participate in this turn. End this turn.
 No agents chose to participate in this round. End this round.

[INFO] Step 4. Final Decision
👨‍⚖️  Moderator's final decision: {0.0: "After reviewing the multidisciplinary team discussion and considering the reasoning provided by the experts, the final decision is as follows:\n\nThe patient presents with a combination of symptoms including fever, headache, malaise, joint pain, and a maculopapular rash, alongside laboratory findings of leukopenia and thrombocytopenia. The recent travel history to Vietnam and Cambodia is crucial in narrowing down the differential diagnosis.\n\n1. **Dengue Fever**: This was strongly considered due to the endemic nature in Southeast Asia, the presence of fever, headache, rash, and the characteristic lab findings. However, the negative tourniquet test and the specific joint pain symptoms were noted.\n\n2. **Chikungunya**: This diagnosis was emphasized by the travel medicine specialist and the hematologist, particularly due to the severe arthralgia affecting the hands and wrists, which is a hallmark of Chikungunya. The symptoms align well with the typical presentation of this viral infection, and the recent travel history supports this diagnosis.\n\n3. **Other Options**: Hepatitis A, Epstein-Barr virus, and Typhoid fever were deemed less likely due to the specific symptomatology and lab findings that do not align as closely with the patient's presentation.\n\nGiven the consensus among the experts, particularly the emphasis on the severe joint pain and the travel history, the most likely diagnosis for this patient is **Chikungunya (option A)**.\n\nFinal Answer: **(A) Chikungunya**."}

[INFO] API calls for this sample: 9

[INFO] Sample 0 completed successfully