[INFO] Processing sample 37

[INFO] Step 1. Expert Recruitment
Agent 1 (👨🏻‍⚕️ Pediatrician): Specializes in the medical care of infants, children, and adolescents.
Agent 2 (👨‍⚕️ Neonatologist): Focuses on the care of newborn infants, especially those who are born prematurely or have medical issues at birth.
Agent 3 (🧑🏽‍⚕️ Pediatric Gastroenterologist): Specializes in the diagnosis and treatment of digestive system disorders in infants and children.

[INFO] Hierarchy Selection
moderator (👨‍⚖️)                                                                  
   └───────────────────────────────┐                                              
                          Pediatrician (👨🏻‍⚕️)                                    
                   ┌───────────────┴───────────────────────┐                      
          Neonatologist (👨‍⚕️)            Pediatric Gastroenterologist (🧑🏽‍⚕️)    


[INFO] Step 2. Initial Opinions
 Agent 1 (👨🏻‍⚕️ pediatrician) : The infant described in your scenario has signs of jaundice, which is common in newborns, especially in the first week of life due to physiological neonatal jaundice. In this case, the key points are that the infant is full-term, born vaginally, and exclusively breastfed, with no signs of dehydration or inadequate feeding.

In most cases of physiological neonatal jaundice, which is usually due to immature hepatic processing of bilirubin, the best approach is to continue normal breastfeeding while monitoring the bilirubin levels. Breastfeeding is encouraged because it helps with proper hydration and nutrition, which can help reduce bilirubin levels.

Given the options presented, the best treatment for this condition is:

(E) Continue normal breast feeding.

If the jaundice were to worsen or if bilirubin levels reached a concerning threshold, other treatments like phototherapy might be indicated, but it is not the first-line approach in this scenario.
 Agent 2 (👨‍⚕️ neonatologist) : The question describes a one-week-old, full-term infant with jaundice, noted by the mother. The infant is otherwise well, feeding well on breast milk, and sleeping appropriately. This presentation is highly suggestive of **physiologic jaundice**, which is a common and benign condition in newborns.

Let's analyze the options:

*   **(A) Phototherapy:** Phototherapy is indicated for hyperbilirubinemia that reaches certain thresholds, depending on the infant's age and bilirubin levels. While it's a treatment for jaundice, it's not always the first-line or necessary treatment for mild, physiologic jaundice. Without knowing the infant's specific bilirubin level, it's hard to definitively say if phototherapy is *the best* treatment. However, if the jaundice is progressing or bilirubin levels are elevated, phototherapy would be a consideration.

*   **(B) Phenobarbital administration:** Phenobarbital is an enzyme inducer that can help increase the conjugation and excretion of bilirubin. It is typically used for more severe or persistent cases of jaundice, or in specific situations like breast milk jaundice if other measures fail. It's not the initial or best treatment for uncomplicated physiologic jaundice.

*   **(C) Plasma exchange:** Plasma exchange is a highly invasive procedure reserved for severe cases of hyperbilirubinemia, such as those caused by ABO incompatibility or hemolytic disease, where bilirubin levels are dangerously high and phototherapy is insufficient. This is clearly not indicated for a well-appearing infant with what is likely physiologic jaundice.

*   **(D) Switch from breast milk to formula:** While it's true that a temporary switch to formula can sometimes reduce bilirubin in cases of breast milk jaundice (which is a specific type of prolonged jaundice that occurs after the first week of life), it is not the best initial treatment for what is described here. The infant is only one week old, and exclusively breastfeeding is recommended. Switching to formula is a more drastic measure and is not typically indicated for physiologic jaundice. Furthermore, the mother reports good breastfeeding.

*   **(E) Continue normal breast feeding:** Physiologic jaundice typically peaks around 3-5 days of life and gradually resolves within 1-2 weeks. For a one-week-old infant with apparent physiologic jaundice, continuing normal breastfeeding is the recommended course of action, provided the infant is feeding well and gaining weight. Adequate hydration and caloric intake from breastfeeding help promote the passage of stool and urine, which are crucial for bilirubin excretion. Close monitoring for signs of worsening jaundice or other concerning symptoms is important.

Given the information provided, the most appropriate and conservative approach is to continue breastfeeding and monitor the infant closely. If bilirubin levels were to rise to concerning levels, then phototherapy would be considered. However, based solely on the description of a well-appearing, breastfeeding infant with yellowing skin at one week of age, continuing normal breastfeeding is the best initial management.

The final answer is $\boxed{E}$.
 Agent 3 (🧑🏽‍⚕️ pediatric gastroenterologist) : Excellent question. As a pediatric gastroenterologist, I frequently collaborate with my general pediatrics colleagues on cases of neonatal jaundice, as it often ties directly into feeding and gastrointestinal function. Let's break down this case together.

### Clinical Assessment

This is a classic presentation that requires careful evaluation. The key elements are:
*   **Age:** One-week-old. Jaundice is peaking now, which can be seen in several conditions.
*   **Feeding:** Exclusively breastfed.
*   **Red Flag:** The infant is sleeping for 7-8 hours uninterrupted at night. For a one-week-old, this is a significant warning sign. Newborns should be waking to feed every 2-4 hours, including overnight. This long sleep duration suggests the infant may be excessively sleepy (lethargic) from insufficient caloric intake, not "a good sleeper."
*   **Mother's Perception:** She *feels* he is feeding well. This is subjective and often misleading. We need objective data like the number of wet/dirty diapers per day and, most importantly, a weight check.

### Differential Diagnosis & Likely Cause

The most likely diagnosis here is **"suboptimal intake jaundice,"** often referred to as **"breastfeeding jaundice"** (which is a bit of a misnomer, as the problem isn't the milk itself, but the lack of it).

The pathophysiology is straightforward:
1.  **Inadequate Milk Intake:** The infant isn't feeding frequently or effectively enough.
2.  **Dehydration & Caloric Deprivation:** Leads to lethargy (prolonged sleep) and decreased stool output.
3.  **Increased Enterohepatic Circulation:** With fewer stools, the bilirubin that has been excreted into the gut gets reabsorbed back into the bloodstream instead of being eliminated.

This is distinct from "breast milk jaundice," which typically peaks later (at 2-3 weeks) in a thriving, well-fed infant who is gaining weight appropriately. The infant in this vignette is showing signs of *not* thriving.

### Evaluation of Treatment Options

Based on the likely diagnosis of jaundice secondary to suboptimal intake, let's analyze the choices:

*   **(A) Phototherapy:** This is a treatment for the symptom (hyperbilirubinemia), not the cause. We would certainly check a total and direct bilirubin level, and if it exceeds the threshold for the infant's age and risk factors, phototherapy would be initiated. However, it doesn't address the underlying feeding problem.
*   **(B) Phenobarbital administration:** An outdated treatment used to induce hepatic enzymes. It is not standard of care due to its side effects and the efficacy of other treatments.
*   **(C) Plasma exchange:** This refers to an exchange transfusion, which is an emergency procedure reserved for dangerously high levels of bilirubin that don't respond to intensive phototherapy and are posing a risk of kernicterus. It is absolutely not indicated here.
*   **(D) Switch from breast milk to formula:** This would likely solve the jaundice by ensuring adequate hydration and caloric intake, but it is not the *best* initial approach. It can undermine the mother's confidence and unnecessarily interrupt the establishment of a successful breastfeeding relationship. Supplementation may be needed, but a complete switch is a drastic step.

### Best Treatment Course

*   **(E) Continue normal breast feeding:** This option is the most appropriate, but it comes with a critical, unspoken caveat. It should be interpreted as **"Continue with the *modality* of breastfeeding, but with immediate and intensive support and correction."**

The "best treatment" is to fix the underlying problem, which is poor milk transfer. The management plan should be:
1.  **Educate the Mother:** Explain that the prolonged sleep is a sign of low energy and the baby needs to be fed more frequently.
2.  **Increase Feeding Frequency:** Instruct the mother to wake the infant to breastfeed at least every 2-3 hours, around the clock, until feeding is well-established and weight gain is appropriate.
3.  **Lactation Consultation:** Arrange for an urgent evaluation by a lactation consultant to assess latch, positioning, and milk transfer.
4.  **Monitor:** Track the number of wet and dirty diapers and obtain a current weight to assess the degree of the problem.

Therefore, among the given choices, continuing breastfeeding (as opposed to stopping it) is the cornerstone of therapy. The other options are either inappropriate or address a symptom rather than the root cause.

**Final Answer: (E) Continue normal breast feeding**, with the understanding that this means actively managing and improving the frequency and efficacy of the feedings, not passively continuing the current, suboptimal pattern.

[INFO] Step 3. Collaborative Decision Making
== Round 1 ==
[INFO] Participatory Debate
|_Turn 1
 Agent 1 (👨🏻‍⚕️ pediatrician): 🤐
 Agent 2 (👨‍⚕️ neonatologist): 🤐
 Agent 3 (🧑🏽‍⚕️ pediatric gastroenterologist): 🤐
 No agents chose to participate in this turn. End this turn.
 No agents chose to participate in this round. End this round.

[INFO] Step 4. Final Decision
👨‍⚖️  Moderator's final decision: {0.0: "Based on the multidisciplinary team discussion, the consensus among the experts is that the infant is likely experiencing physiologic jaundice, which is common in newborns and typically resolves on its own. The key points from the conversation include:\n\n1. **Pediatrician's Perspective:** Emphasized the importance of continuing normal breastfeeding as the best initial approach, given that the infant is otherwise well and feeding adequately.\n\n2. **Neonatologist's Input:** Supported the idea that phototherapy is not necessary at this stage unless bilirubin levels rise significantly. The neonatologist also highlighted the importance of monitoring the infant's condition while continuing breastfeeding.\n\n3. **Pediatric Gastroenterologist's Analysis:** Provided a more nuanced view, suggesting that the infant's prolonged sleep could indicate inadequate feeding, which could lead to increased bilirubin levels. However, the gastroenterologist also concluded that continuing breastfeeding is essential, but with an emphasis on improving feeding frequency and effectiveness.\n\nThe overall agreement among the experts is that the best treatment option is to **continue normal breastfeeding** while ensuring that the mother is educated on the importance of frequent feedings and possibly seeking lactation support to improve feeding effectiveness. \n\nTherefore, the final decision is:\n\n**Final Answer: (E) Continue normal breast feeding.**"}

[INFO] API calls for this sample: 9

[INFO] Sample 37 completed successfully