[INFO] Processing sample 6

[INFO] Step 1. Expert Recruitment
Agent 1 (👨🏽‍⚕️ Dermatologist): Specializes in skin, hair, and nail disorders, including cutaneous changes related to malignancy.
Agent 2 (🧑‍⚕️ Oral Surgeon): Focuses on surgical procedures related to the mouth, jaws, and face, with expertise in diagnosing oral lesions.
Agent 3 (👨🏽‍⚕️ Oncologist): Specializes in the diagnosis and treatment of cancers, including oral cancers like squamous cell carcinoma.

[INFO] Hierarchy Selection
                   moderator (👨‍⚖️)                                       
           ┌───────────────┴───────────┬───────────────────────┐          
 Dermatologist (👨🏽‍⚕️)         Oncologist (👨🏽‍⚕️)     Oral Surgeon (🧑‍⚕️) 


[INFO] Step 2. Initial Opinions
 Agent 1 (👨🏽‍⚕️ dermatologist) : Based on the provided information, the most likely diagnosis for the painless lesion on the patient's lower lip is (A) Squamous cell carcinoma (SCC). 

Several factors suggest this diagnosis:

1. **Age and Demographics**: The patient is a 58-year-old white man, which places him at a higher risk for skin malignancies, including SCC.

2. **Risk Factors**: He has a significant smoking history (one pack of cigarettes daily for 20 years), which is a well-known risk factor for developing oral cancers, including SCC.

3. **Occupation**: Working as a fruit picker may indicate prolonged sun exposure, contributing to the risk of actinic keratosis and squamous cell carcinoma, especially on sun-exposed areas like the lips.

4. **Nature of the Lesion**: The lesion is described as a painless ulcer near the vermillion border of the lip. SCC often presents as a non-healing ulcer or a sore that does not heal, which aligns with this description.

Other options can be ruled out based on the details provided:
- (B) Herpes labialis typically causes painful vesicular lesions, not a painless ulcer.
- (C) Aphthous stomatitis presents as painful, shallow ulcers in the oral cavity, not specifically at the vermillion border.
- (D) Actinic keratosis may appear as rough, scaly patches but typically does not present as an ulcer.
- (E) Traumatic ulcer would typically have a history of trauma or can be painful, which does not match the symptom of a painless lesion.

In conclusion, the characteristics of the lesion, alongside the patient's history and risk factors, point towards squamous cell carcinoma as the most likely diagnosis.
 Agent 2 (🧑‍⚕️ oral surgeon) : The patient presents with a 3-month history of a painless ulcer on his lower lip. He is a 58-year-old white man with significant risk factors for oral cancer, including a history of smoking, occupational exposure (likely to sun, though not explicitly stated as such, fruit picking is an outdoor occupation), and age. The location on the lower lip, near the vermillion border, is a common site for squamous cell carcinoma. The duration of the lesion (3 months) and its painless nature are also characteristic of malignancy.

Let's consider the differential diagnoses:

(A) **Squamous cell carcinoma (SCC):** This is a malignant neoplasm of the epithelium and is the most common type of oral cancer. Risk factors include smoking, alcohol consumption, and sun exposure. The presentation of a persistent, painless ulcer on the lip is highly suggestive of SCC.

(B) **Herpes labialis:** This is a viral infection caused by herpes simplex virus. It typically presents as a cluster of small, painful vesicles that rupture and form crusts. Lesions are usually acute and recurrent, rather than a single, chronic ulcer.

(C) **Aphthous stomatitis (canker sores):** These are benign, recurrent ulcers that typically occur on the non-keratinized mucosa of the oral cavity (e.g., inside the cheeks, on the tongue, floor of the mouth). They are usually painful and heal within a few weeks. A solitary, painless lesion on the lip that has been present for 3 months is not typical for aphthous stomatitis.

(D) **Actinic keratosis:** This is a pre-malignant lesion that occurs on sun-exposed skin. While it can occur on the lips (actinic cheilitis), it typically presents as a rough, scaly patch, not an ulcer. Actinic keratosis is considered a precursor to SCC. If this were actinic keratosis, the ulceration would suggest progression to SCC.

(E) **Traumatic ulcer:** These ulcers are caused by physical injury (e.g., biting the lip, ill-fitting dentures, sharp teeth). They are usually painful and resolve within a few weeks once the source of trauma is removed. A 3-month history of a painless ulcer makes a simple traumatic ulcer less likely, especially without a clear history of trauma.

Given the patient's age, the duration and character of the lesion (painless ulcer on the lower lip), and his risk factors (smoking), squamous cell carcinoma is the most concerning and likely diagnosis. A biopsy would be necessary to confirm the diagnosis.

The final answer is $\boxed{A}$.
 Agent 3 (👨🏽‍⚕️ oncologist) : Excellent case. Thank you for looping me in. As the team's oncologist, I've reviewed the patient's history and examination findings. My assessment aligns strongly with one particular diagnosis.

**The correct option is (A) Squamous cell carcinoma.**

Here is my reasoning for this conclusion and my thoughts on the differential diagnoses:

### Rationale for Squamous Cell Carcinoma (SCC)

This patient's presentation is a textbook example of SCC of the lip. Several factors point directly to this diagnosis:

1.  **The Lesion's Characteristics:** A chronic (3-month), non-healing, painless ulcer is a classic red flag for malignancy. Benign or infectious lesions are typically painful and resolve within a few weeks. The painless nature can be deceptive, leading to delays in seeking care, as seen here.
2.  **Location:** The lower lip, particularly the vermillion border, is the most common site for lip cancer (~90% of cases). This is directly attributable to its high level of cumulative sun exposure.
3.  **Key Risk Factors:** This patient has a powerful combination of the two most significant risk factors for oral SCC:
    *   **Chronic Sun Exposure:** His 25-year occupation as a fruit picker has resulted in extensive, chronic ultraviolet (UV) radiation exposure, a primary driver of SCC on sun-exposed skin and the lips.
    *   **Tobacco Use:** His 20-pack-year smoking history is a major independent risk factor for cancers of the oral cavity. The combination of tobacco and sun exposure has a synergistic effect, further increasing his risk.
4.  **Demographics:** He is a 58-year-old white male. SCC of the lip is most common in fair-skinned males over the age of 50.

### Analysis of Other Options (Differential Diagnosis)

*   **(B) Herpes labialis (Cold Sore):** This is an acute viral infection. It presents as painful vesicles that rupture and crust over, typically healing completely within 7-14 days. A painless lesion present for 3 months is inconsistent with this diagnosis.
*   **(C) Aphthous stomatitis (Canker Sore):** These are typically very painful ulcers found on non-keratinized oral mucosa (e.g., inside the cheeks, under the tongue). They are not typically found on the vermillion border and heal within 1-2 weeks. This patient's lesion is painless, chronic, and in the wrong location.
*   **(D) Actinic keratosis (AK):** While AK is on the same pathological spectrum and is also caused by sun damage, it is a *pre-malignant* lesion. It usually presents as a dry, scaly, rough patch (actinic cheilitis on the lip). The presence of a persistent ulcer suggests that the lesion has already progressed from a pre-malignant state to an invasive carcinoma.
*   **(E) Traumatic ulcer:** A traumatic ulcer from a bite or other injury would be expected to heal within 2-3 weeks, especially once the source of irritation is removed. A non-healing ulcer present for 3 months is no longer considered a simple traumatic ulcer; it requires investigation to rule out malignancy.

### Conclusion and Next Steps

Given the compelling evidence, a diagnosis of Squamous Cell Carcinoma must be presumed until proven otherwise.

My immediate recommendation for the team is to proceed with an **incisional or excisional biopsy** of the ulcer. This is the only way to obtain a definitive histopathologic diagnosis, which is essential for staging and planning treatment. We should not delay.

[INFO] Step 3. Collaborative Decision Making
== Round 1 ==
[INFO] Participatory Debate
|_Turn 1
 Agent 1 (👨🏽‍⚕️ dermatologist): 🤐
 Agent 2 (🧑‍⚕️ oral surgeon) -> Agent 1 (👨🏽‍⚕️ dermatologist) : As an oral surgeon, I specialize in conditions affecting the mouth, jaws, and face, including the diagnosis of oral lesions and their surgical management.

To the Dermatologist and Oncologist:

I want to emphasize the high suspicion for **Squamous Cell Carcinoma (SCC)** in this patient, aligning with my differential diagnosis. The combination of a 3-month, painless ulcer on the lower lip, coupled with significant risk factors (20-pack-year smoking history and 25 years of outdoor work as a fruit picker), strongly points towards SCC. The lower lip vermillion border is a common site for lip cancers, directly related to chronic sun exposure, and his age and demographic further support this. While other conditions were considered, their typical presentations (acute, painful, or rapidly resolving) do not fit the clinical picture of this chronic, painless lesion. A biopsy is crucial for definitive diagnosis and subsequent management.
 Agent 2 (🧑‍⚕️ oral surgeon) -> Agent 3 (👨🏽‍⚕️ oncologist) : As an oral surgeon, I am an expert in diagnosing and surgically managing diseases of the mouth, jaws, and face, including oral lesions and their potential for malignancy.

To the Dermatologist and Oncologist:

My assessment strongly favors **Squamous Cell Carcinoma (SCC)**, aligning with our shared initial diagnostic impressions. The patient's presentation of a 3-month, painless ulcer on the lower lip, especially in conjunction with his significant smoking history and prolonged outdoor occupational exposure, is highly indicative of lip SCC. The location on the vermillion border, coupled with his age and demographic, further reinforces this concern. Given these converging factors, prompt biopsy for definitive diagnosis is paramount.
 Agent 3 (👨🏽‍⚕️ oncologist): 🤐

[INFO] Summary Table
+---------+-----------+-----------+-----------+
|         |  Agent 1  |  Agent 2  |  Agent 3  |
+---------+-----------+-----------+-----------+
| Agent 1 |           | ✋ (1<-2) |           |
|         |           |           |           |
| Agent 2 | ✋ (2->1) |           | ✋ (2->3) |
|         |           |           |           |
| Agent 3 |           | ✋ (3<-2) |           |
+---------+-----------+-----------+-----------+

|_Turn 2
 Agent 1 (👨🏽‍⚕️ dermatologist): 🤐
 Agent 2 (🧑‍⚕️ oral surgeon): 🤐
 Agent 3 (👨🏽‍⚕️ oncologist): 🤐
 No agents chose to participate in this turn. End this turn.

[INFO] Moderator Consensus Check
 👨‍⚖️ Moderator consensus check: YES

[INFO] Consensus reached! Ending discussion.

[INFO] Step 4. Final Decision
👨‍⚖️  Moderator's final decision: {0.0: "The final diagnosis for the 58-year-old man with a 3-month history of a painless ulcer on his lower lip, considering the consensus and reasoning provided by the multidisciplinary team, is **(A) Squamous cell carcinoma (SCC)**.\n\nThe reasoning is supported by several key factors:\n1. **Duration and Nature of the Lesion**: The ulcer has persisted for three months and is painless, which raises concern for malignancy.\n2. **Risk Factors**: The patient's significant smoking history (20-pack-year) and prolonged occupational sun exposure as a fruit picker are substantial risk factors for SCC, particularly on sun-exposed areas like the lips.\n3. **Location**: The ulcer's location at the vermillion border of the lower lip is a common site for SCC, further reinforcing the diagnosis.\n\nOther potential diagnoses were considered and ruled out based on their typical presentations and the chronicity of the lesion. The unanimous agreement among the oral surgeon, dermatologist, and oncologist strengthens the conclusion.\n\nTherefore, the final answer is $\\boxed{A}$."}

[INFO] API calls for this sample: 19

[INFO] Sample 6 completed successfully