[INFO] Processing sample 28

[INFO] Step 1. Expert Recruitment
Agent 1 (👨🏽‍⚕️ Pulmonologist): Specializes in the diagnosis and treatment of respiratory system disorders.
Agent 2 (👨🏻‍⚕️ Anesthesiologist): Focuses on anesthesia management and postoperative care, particularly in patients recovering from general anesthesia.
Agent 3 (👩🏻‍⚕️ Intensivist): Specializes in the care of critically ill patients, particularly those requiring intensive monitoring and advanced life support.

[INFO] Hierarchy Selection
                   moderator (👨‍⚖️)                                             
           ┌───────────────┴───────────┬──────────────────────────┐             
 Pulmonologist (👨🏽‍⚕️)        Intensivist (👩🏻‍⚕️)      Anesthesiologist (👨🏻‍⚕️) 


[INFO] Step 2. Initial Opinions
 Agent 1 (👨🏽‍⚕️ pulmonologist) : In this scenario, we have a patient who has become unresponsive shortly after extubation following an open cholecystectomy and is exhibiting significant hypoxemia (oxygen saturation of 73%) despite being on a non-rebreather mask with 100% oxygen. His arterial blood gas analysis shows metabolic acidosis (pH 7.32) with a low partial pressure of carbon dioxide (PCO2 33 mm Hg), indicating a primary or partially compensated metabolic acidosis.

Given the severity of the hypoxemia, unresponsiveness, and the potential for respiratory failure in this patient, the best next step in management would be to ensure adequate oxygenation and ventilatory support. 

While options like BiPAP may be considered in some patients with respiratory distress, in this case, the patient's level of unresponsiveness and significant hypoxemia suggests that he is at risk for airway compromise. Therefore, the most appropriate action is to secure the airway through reintubation to facilitate adequate ventilation and oxygenation.

The best next step in the management of this patient is:
(C) Reintubate.
 Agent 2 (👨🏻‍⚕️ anesthesiologist) : The patient is a 74-year-old male with significant comorbidities (diabetes, CAD, hypertension) who underwent an open cholecystectomy under general anesthesia. He was extubated but subsequently became unresponsive with hypoxemia (SpO2 73%) and was placed on 100% FiO2 via a non-rebreather mask. Despite this, he remains unresponsive and hypoxemic, with an arterial blood gas (ABG) showing a pH of 7.32, PCO2 of 33 mm Hg, PO2 of 73 mm Hg, and HCO3 of 22 mEq/L. The low PO2 despite 100% FiO2 indicates a significant intrapulmonary shunt or severe V/Q mismatch. The patient's unresponsiveness, hypoxemia, and failure to improve with a non-rebreather mask suggest inadequate respiratory function and an inability to maintain a patent airway and adequate ventilation.

Let's analyze the options:

(A) Perform tracheostomy: A tracheostomy is a surgical procedure to create an opening in the trachea. This is typically considered for long-term airway management or in cases where prolonged mechanical ventilation is anticipated. It is not the immediate next step in this acute situation.

(B) Continue using the non-rebreather mask: The patient has already been on a non-rebreather mask with 100% FiO2 for 3 minutes and has not improved. Continuing this approach is unlikely to be effective and delays definitive management.

(C) Reintubate: Reintubation is indicated when a patient is unable to maintain a patent airway, adequate ventilation, or oxygenation. This patient is unresponsive, hypoxemic despite maximal oxygen therapy, and his ABG demonstrates significant impairment in oxygenation. Reintubation will allow for mechanical ventilation, ensuring adequate oxygenation and ventilation, and protecting the airway.

(D) Close observation only: Given the patient's unresponsiveness and hypoxemia, close observation alone is insufficient. The patient requires immediate intervention to support his respiratory function.

(E) Start BiPAP: BiPAP (Bilevel Positive Airway Pressure) is a form of non-invasive ventilation. While it can be beneficial in certain respiratory failure scenarios, it requires the patient to be able to cooperate and protect their airway. This patient is unresponsive, making BiPAP an unlikely effective or safe option at this stage. Furthermore, the severe hypoxemia suggests a need for more definitive airway management and ventilatory support than BiPAP can typically provide in an unresponsive patient.

The patient's clinical presentation, including unresponsiveness and persistent hypoxemia despite high FiO2, clearly indicates respiratory failure requiring immediate intervention to secure the airway and provide ventilatory support. Reintubation is the most appropriate and safest next step to address these issues.

The final answer is $\boxed{C}$.
 Agent 3 (👩🏻‍⚕️ intensivist) : Alright team, let's look at this case. We have a complex patient with a critical post-operative event.

**Patient Summary:**
This is a 74-year-old man with a significant history of CAD, hypertension, diabetes, and a 40-pack-year smoking history who has just undergone an open cholecystectomy. He was extubated but rapidly deteriorated, becoming unresponsive with severe hypoxemia.

**Analysis of the Clinical Data:**
The most alarming findings here are his unresponsiveness and profound hypoxemia.
*   **Mental Status:** Unresponsive. This is a critical sign of end-organ dysfunction, likely severe cerebral hypoxia. It also means he cannot protect his airway.
*   **Oxygenation:** His oxygen saturation is 73% *despite* being on a 100% FiO2 non-rebreather mask.
*   **Arterial Blood Gas (ABG):** This is the definitive piece of evidence.
    *   A **PaO2 of 73 mm Hg on 100% FiO2** is catastrophic. This gives us a P/F ratio (PaO2/FiO2) of 73/1.0 = 73. A P/F ratio less than 100 indicates severe ARDS-like physiology or a massive shunt. He is failing to oxygenate despite maximal non-invasive oxygen delivery.
    *   His **PCO2 of 33 mm Hg** shows us that this is not a failure of ventilation (clearing CO2), but a failure of oxygenation. He is tachypneic and blowing off CO2 in a desperate attempt to compensate for the severe hypoxia.
    *   The **pH of 7.32** shows a developing acidemia, likely a mix of his respiratory alkalosis (from blowing off CO2) and an underlying metabolic acidosis from lactate production due to tissue hypoxia.

**Differential Diagnosis:**
The timing, immediately post-extubation, points towards several possibilities:
1.  **Aspiration Pneumonitis:** Aspiration during emergence from anesthesia or extubation.
2.  **Negative Pressure Pulmonary Edema:** Forceful inspiration against a closed glottis (laryngospasm) can cause a rapid fluid shift into the alveoli.
3.  **Massive Atelectasis:** Common after upper abdominal surgery, especially in a long-term smoker.
4.  **Laryngospasm:** While this would cause obstruction, his low PCO2 suggests he is still moving some air, but it's a definite possibility that could be contributing.

**Evaluation of Management Options:**

*   **(B) Continue using the non-rebreather mask / (D) Close observation:** These are not viable options. The patient has already failed this level of support. His condition is life-threatening, and delaying definitive management will lead to anoxic brain injury and cardiac arrest.
*   **(E) Start BiPAP:** Non-invasive ventilation (NIV) like BiPAP is **absolutely contraindicated** in an unresponsive patient. He cannot protect his airway, and applying positive pressure with a mask carries an extremely high risk of gastric insufflation and aspiration, which would be fatal.
*   **(A) Perform tracheostomy:** This is a surgical airway intended for long-term ventilator management or in cases where intubation from above is impossible. It is not the appropriate first-line intervention for acute respiratory failure.
*   **(C) Reintubate:** This is the only correct and safe course of action. The patient has clear indications for intubation:
    1.  **Failure to Oxygenate:** He has severe, refractory hypoxemia (P/F ratio < 100).
    2.  **Inability to Protect Airway:** He is unresponsive.
    3.  **Clinical Deterioration:** He is hemodynamically unstable (tachycardia) and has a declining neurological status.

Re-intubation will allow us to secure his airway, provide positive pressure ventilation, and most importantly, apply Positive End-Expiratory Pressure (PEEP) to help recruit collapsed alveoli and improve the V/Q mismatch or shunt that is causing his profound hypoxemia.

### Conclusion and Next Steps

The best next step in management is immediate re-intubation.

**My recommendation is:**
** (C) Reintubate**

Our immediate plan should be to call for anesthesia/airway assistance, prepare for a rapid sequence intubation, and secure the airway. Once he is intubated and stabilized on the ventilator, we will obtain a chest X-ray, perform a full assessment to determine the etiology, and begin targeted therapy.

[INFO] Step 3. Collaborative Decision Making
== Round 1 ==
[INFO] Participatory Debate
|_Turn 1
 Agent 1 (👨🏽‍⚕️ pulmonologist): 🤐
 Agent 2 (👨🏻‍⚕️ anesthesiologist) -> Agent 1 (👨🏽‍⚕️ pulmonologist) : To the Pulmonologist and Intensivist,

As the Anesthesiologist on this case, my primary concern is the immediate post-operative airway management and respiratory status of this 74-year-old patient. He has rapidly deteriorated after extubation, presenting with unresponsiveness and profound hypoxemia (SpO2 73% on 100% FiO2, P/F ratio of 73). The ABG confirms severe oxygenation failure without significant ventilatory failure.

Given his unresponsiveness, he cannot protect his airway, and the persistent hypoxemia despite maximal oxygen delivery via a non-rebreather mask indicates a significant intrapulmonary shunt or severe V/Q mismatch. Continuing with non-invasive support or observation would be to delay definitive care in a critically deteriorating patient. BiPAP is contraindicated in an unresponsive patient due to the risk of aspiration. Tracheostomy is a more definitive surgical airway and is not the emergent step needed here.

Therefore, my strong recommendation, consistent with our shared focus on critical care, is to **reintubate the patient immediately (Option C)**. This will allow us to secure his airway, provide mechanical ventilation with PEEP to address the oxygenation deficit, and prevent further harm.

I am confident that this is the most prudent and life-saving intervention at this juncture.
 Agent 2 (👨🏻‍⚕️ anesthesiologist) -> Agent 3 (👩🏻‍⚕️ intensivist) : To the Anesthesiologist and Intensivist,

As the Pulmonologist, I've reviewed the case and the critical situation this patient is in. My primary focus is on the patient's respiratory failure.

This 74-year-old male, post-cholecystectomy, has rapidly developed unresponsiveness and severe hypoxemia (SpO2 73% on 100% FiO2, P/F ratio of 73). The ABG confirms a significant oxygenation deficit, which is not improving with maximal non-invasive oxygen. His unresponsiveness means he cannot maintain a patent airway or effectively ventilate.

The options of continuing the non-rebreather mask or close observation are clearly insufficient given the lack of improvement and the severity of his condition. BiPAP is contraindicated in an unresponsive patient due to the inability to protect their airway and the high risk of aspiration. A tracheostomy is a temporizing measure for long-term ventilation, not the immediate intervention needed for acute respiratory collapse.

Therefore, my expert opinion, aligning with the need for immediate respiratory support and airway protection, is that **reintubation (Option C) is the most critical and appropriate next step.** This will allow for definitive management of his hypoxemia with mechanical ventilation, including the application of PEEP, which is essential for improving oxygenation in the context of a shunt or V/Q mismatch, and to protect his airway from further compromise.
 Agent 3 (👩🏻‍⚕️ intensivist): 🤐

[INFO] Summary Table
+---------+-----------+-----------+-----------+
|         |  Agent 1  |  Agent 2  |  Agent 3  |
+---------+-----------+-----------+-----------+
| Agent 1 |           | ✋ (1<-2) |           |
|         |           |           |           |
| Agent 2 | ✋ (2->1) |           | ✋ (2->3) |
|         |           |           |           |
| Agent 3 |           | ✋ (3<-2) |           |
+---------+-----------+-----------+-----------+

|_Turn 2
 Agent 1 (👨🏽‍⚕️ pulmonologist): 🤐
 Agent 2 (👨🏻‍⚕️ anesthesiologist): 🤐
 Agent 3 (👩🏻‍⚕️ intensivist): 🤐
 No agents chose to participate in this turn. End this turn.

[INFO] Moderator Consensus Check
 👨‍⚖️ Moderator consensus check: YES

[INFO] Consensus reached! Ending discussion.

[INFO] Step 4. Final Decision
👨‍⚖️  Moderator's final decision: {0.0: "Based on the thorough discussion and consensus reached among the multidisciplinary team, the best next step in the management of this patient is to **reintubate (Option C)**. \n\nThe reasoning behind this decision is as follows:\n\n1. **Unresponsiveness**: The patient has become unresponsive, indicating an inability to protect his airway. This is a critical factor that necessitates immediate intervention to prevent aspiration and further respiratory compromise.\n\n2. **Severe Hypoxemia**: The patient exhibits profound hypoxemia, with an oxygen saturation of 73% despite being on 100% FiO2. The arterial blood gas analysis confirms significant oxygenation failure, which is not improving with non-invasive measures.\n\n3. **Inadequacy of Non-Invasive Support**: Continuing with a non-rebreather mask or using BiPAP is insufficient given the patient's critical condition. BiPAP is contraindicated in an unresponsive patient due to the risk of aspiration, and merely observing the patient would be negligent.\n\n4. **Need for Mechanical Ventilation**: The consensus among the anesthesiologist, pulmonologist, and intensivist is that reintubation is necessary to secure the airway and provide mechanical ventilation, which is essential for addressing the severe hypoxemia and ensuring adequate oxygenation.\n\n5. **Immediate Action Required**: The clinical situation is urgent, and the team agrees that reintubation is the most appropriate and life-saving intervention at this juncture.\n\nIn conclusion, the final decision is to **reintubate the patient (Option C)**, as it is the most critical step to ensure airway protection and adequate respiratory support in this life-threatening scenario."}

[INFO] API calls for this sample: 19

[INFO] Sample 28 completed successfully