[INFO] Processing sample 48

[INFO] Step 1. Expert Recruitment
Agent 1 (🧑🏿‍⚕️ Cardiologist): Focuses on the diagnosis and treatment of heart and blood vessel-related conditions.
Agent 2 (👨‍⚕️ Endocrinologist): Specializes in the management of diabetes and related metabolic disorders.
Agent 3 (👨🏻‍⚕️ Pharmacologist): Expertise in the effects and mechanisms of medications, particularly antihypertensives.

[INFO] Hierarchy Selection
                   moderator (👨‍⚖️)                                               
           ┌───────────────┴─────────────┬───────────────────────────┐            
  Cardiologist (🧑🏿‍⚕️)         Pharmacologist (👨🏻‍⚕️)      Endocrinologist (👨‍⚕️) 


[INFO] Step 2. Initial Opinions
 Agent 1 (🧑🏿‍⚕️ cardiologist) : Based on the scenario presented, the patient is a 45-year-old male with a history of diabetes and poorly controlled hypertension who was prescribed an additional antihypertensive medication. One month later, he returns with complaints of new-onset lower extremity swelling.

Among the options provided:

(A) Metoprolol - a beta-blocker, typically does not cause peripheral edema.
(B) Verapamil - a calcium channel blocker that can cause some degree of peripheral edema but is less likely compared to dihydropyridine calcium channel blockers.
(C) Nifedipine - a dihydropyridine calcium channel blocker, which is well-known for causing peripheral edema and is often used to treat hypertension. 
(D) Hydrochlorothiazide - a thiazide diuretic that typically causes fluid loss and would not usually lead to swelling.
(E) Spironolactone - a potassium-sparing diuretic that can lead to some forms of swelling but is more often used in heart failure or when there is a need for a diuretic effect.

Given that the patient has developed lower extremity swelling after the addition of a new medication, the most likely choice is (C) Nifedipine, as it is commonly associated with peripheral edema as a side effect.
 Agent 2 (👨‍⚕️ endocrinologist) : The patient has poorly controlled hypertension despite being on enalapril (an ACE inhibitor) and metformin (for diabetes). His blood pressure is 155/90 mmHg. The physician adds another antihypertensive medication. One month later, he develops new-onset lower extremity swelling.

Let's analyze the options and their potential side effects:

*   **(A) Metoprolol:** This is a beta-blocker. Beta-blockers can sometimes cause peripheral edema, but it's not their most characteristic or common side effect compared to some other classes.
*   **(B) Verapamil:** This is a non-dihydropyridine calcium channel blocker. While calcium channel blockers can cause peripheral edema, verapamil is less likely to cause significant peripheral edema compared to dihydropyridines. It also has negative chronotropic and inotropic effects, which are not directly related to edema.
*   **(C) Nifedipine:** This is a dihydropyridine calcium channel blocker. Dihydropyridine calcium channel blockers, like nifedipine, are well-known to cause peripheral edema, particularly in the lower extremities, due to vasodilation of the afferent arteriole, leading to increased capillary hydrostatic pressure.
*   **(D) Hydrochlorthiazide:** This is a thiazide diuretic. Diuretics are generally used to *treat* edema and would be unlikely to cause it as a side effect.
*   **(E) Spironolactone:** This is a potassium-sparing diuretic and an aldosterone antagonist. While it can cause hyperkalemia and gynecomastia, it's not typically associated with significant peripheral edema as a primary side effect. In fact, it can sometimes be used to *manage* edema in certain conditions.

Given the new onset of lower extremity swelling, a dihydropyridine calcium channel blocker is the most likely culprit among the choices. The physician added another antihypertensive to manage his poorly controlled BP. Nifedipine fits this profile and is a common cause of peripheral edema.

The final answer is $\boxed{C}$.
 Agent 3 (👨🏻‍⚕️ pharmacologist) : Excellent question for our team to review. As the pharmacologist, I can provide a detailed breakdown of the mechanisms behind the potential side effects of these medications.

Based on the clinical presentation, the most likely medication prescribed is **(C) Nifedipine**.

Here is my detailed rationale for the team.

### Pharmacologist's Detailed Rationale

**Bottom Line:** The new onset of peripheral, gravity-dependent lower extremity edema is a classic and very common side effect of the dihydropyridine class of calcium channel blockers (CCBs), which includes nifedipine and amlodipine.

---

#### **Mechanism of Nifedipine-Induced Edema**

The edema caused by dihydropyridine CCBs is not due to systemic fluid retention (like in heart failure or kidney disease) but rather a localized fluid shift due to its specific vascular effects.

1.  **Potent Arteriolar Vasodilation:** Nifedipine exerts its antihypertensive effect by blocking L-type calcium channels in the smooth muscle of arterioles. This causes potent relaxation and dilation of these pre-capillary resistance vessels.
2.  **Minimal Venular Dilation:** Critically, nifedipine has a much weaker effect on the post-capillary vessels (venules). They do not dilate to the same extent as the arterioles.
3.  **Increased Capillary Hydrostatic Pressure:** This imbalance—significant pre-capillary dilation without corresponding post-capillary dilation—leads to a surge of blood flow into the capillary bed. This dramatically increases the hydrostatic pressure within the capillaries.
4.  **Fluid Extravasation:** According to Starling's forces, this elevated intracapillary pressure forces fluid out of the vessels and into the surrounding interstitial tissue, leading to edema.
5.  **Clinical Presentation:** This effect is gravity-dependent, which is why it characteristically presents as bilateral swelling in the ankles and lower legs.

---

#### **Analysis of Other Options (Why they are less likely)**

*   **(D) Hydrochlorothiazide (HCTZ) & (E) Spironolactone:** These are both **diuretics**. Their primary function is to *remove* excess fluid from the body by increasing sodium and water excretion via the kidneys. They are used to *treat* edema, not cause it. Prescribing either of these would be expected to decrease, not induce, lower extremity swelling.

*   **(A) Metoprolol:** This is a beta-blocker. Its primary mechanisms for lowering blood pressure include decreasing cardiac output and inhibiting renin release. Metoprolol does not typically cause peripheral edema through vasodilation. While edema can be a sign of worsening heart failure, which can be precipitated by the negative inotropic effects of a beta-blocker, this patient has no other signs or symptoms of heart failure (e.g., shortness of breath, fatigue). Therefore, this is not the most direct or likely cause.

*   **(B) Verapamil:** This is a non-dihydropyridine calcium channel blocker. While it is in the same general class as nifedipine, it has a key pharmacological difference. Verapamil is less selective for vascular smooth muscle and has significant effects on the heart (negative chronotropy and inotropy). Because its peripheral vasodilatory effect is less potent than that of the dihydropyridines (like nifedipine), the incidence and severity of peripheral edema are significantly lower with verapamil. While it *can* cause edema, it is far more characteristic of the dihydropyridine subclass.

### Team Collaboration Note

This is a very common clinical scenario. It's important to differentiate this benign, mechanism-based edema from more systemic causes like heart failure, renal disease, or venous insufficiency.

An interesting pharmacological point for the team is that co-administration of an ACE inhibitor (like the enalapril this patient is already taking) or an ARB can sometimes mitigate CCB-induced edema. These drugs cause venodilation, which can help balance the hydrostatic pressures in the capillary bed. However, in this case, the addition of the nifedipine still proved sufficient to cause the side effect.

For this patient, if the edema is bothersome, switching to a different class of antihypertensive or lowering the dose of nifedipine would be appropriate next steps.

[INFO] Step 3. Collaborative Decision Making
== Round 1 ==
[INFO] Participatory Debate
|_Turn 1
 Agent 1 (🧑🏿‍⚕️ cardiologist): 🤐
 Agent 2 (👨‍⚕️ endocrinologist) -> Agent 1 (🧑🏿‍⚕️ cardiologist) : As an endocrinologist specializing in diabetes and metabolic disorders, I am focused on the management of patients with these conditions, which often include hypertension. My opinion is that **(C) Nifedipine** was the most likely medication added. This is based on the common side effect profile of dihydropyridine calcium channel blockers. The addition of another antihypertensive was necessary given the patient's uncontrolled blood pressure on enalapril. The development of new-onset lower extremity swelling one month later is a classic presentation of peripheral edema caused by the arteriolar vasodilation characteristic of nifedipine. While other antihypertensives can cause edema, it is a particularly prominent and well-documented side effect of this drug class.
 Agent 2 (👨‍⚕️ endocrinologist) -> Agent 3 (👨🏻‍⚕️ pharmacologist) : To the Cardiologist:

My expertise lies in the management of diabetes and its metabolic complications, which frequently intersect with cardiovascular health, including hypertension. My assessment aligns with the consensus that **(C) Nifedipine** is the most probable medication. The patient's poorly controlled hypertension necessitated an additional agent, and the subsequent development of lower extremity edema is a hallmark side effect of dihydropyridine calcium channel blockers like nifedipine. This class of drugs causes arteriolar vasodilation, leading to increased capillary hydrostatic pressure and fluid extravasation, a mechanism that directly explains the observed symptom. While other antihypertensives can have varied effects on fluid balance, nifedipine's specific vasodilatory profile makes it the leading candidate for causing this presentation.
 Agent 3 (👨🏻‍⚕️ pharmacologist): 🤐

[INFO] Summary Table
+---------+-----------+-----------+-----------+
|         |  Agent 1  |  Agent 2  |  Agent 3  |
+---------+-----------+-----------+-----------+
| Agent 1 |           | ✋ (1<-2) |           |
|         |           |           |           |
| Agent 2 | ✋ (2->1) |           | ✋ (2->3) |
|         |           |           |           |
| Agent 3 |           | ✋ (3<-2) |           |
+---------+-----------+-----------+-----------+

|_Turn 2
 Agent 1 (🧑🏿‍⚕️ cardiologist): 🤐
 Agent 2 (👨‍⚕️ endocrinologist): 🤐
 Agent 3 (👨🏻‍⚕️ pharmacologist): 🤐
 No agents chose to participate in this turn. End this turn.

[INFO] Moderator Consensus Check
 👨‍⚖️ Moderator consensus check: YES

[INFO] Consensus reached! Ending discussion.

[INFO] Step 4. Final Decision
👨‍⚖️  Moderator's final decision: {0.0: "The final answer to the question regarding which medication was likely prescribed to the patient, given the development of new-onset lower extremity swelling after the addition of an antihypertensive, is **(C) Nifedipine**.\n\nThis conclusion is supported by a thorough consensus among the multidisciplinary team, including the endocrinologist, cardiologist, and pharmacologist. Each expert provided a well-reasoned analysis of the patient's clinical presentation and the pharmacological profiles of the medications in question. The specific side effect of peripheral edema associated with dihydropyridine calcium channel blockers, particularly nifedipine, was highlighted as a classic manifestation in this scenario. Other options were effectively ruled out based on their mechanisms and typical side effect profiles.\n\nThus, the final decision is: **(C) Nifedipine.**"}

[INFO] API calls for this sample: 19

[INFO] Sample 48 completed successfully