[INFO] Processing sample 47

[INFO] Step 1. Expert Recruitment
Agent 1 (🧑‍⚕️ Immunologist): Specializes in the immune system and vaccine development.
Agent 2 (👩🏼‍⚕️ Pediatrician): Focuses on the medical care of infants and children, particularly related to vaccine efficacy.
Agent 3 (🧑🏽‍⚕️ Microbiologist): Specializes in bacteria and their interaction with the immune system, providing insight into capsular polysaccharides.

[INFO] Hierarchy Selection
                     moderator (👨‍⚖️)                                   
            ┌────────────────┴──────────────┐                           
  Microbiologist (🧑🏽‍⚕️)           Immunologist (🧑‍⚕️)                  
                                       └───────────────┐                
                                              Pediatrician (👩🏼‍⚕️)      


[INFO] Step 2. Initial Opinions
 Agent 1 (🧑‍⚕️ immunologist) : The best response to the medical student's question about why capsular polysaccharides are conjugated to protein carriers during vaccine development is: **(E) Conjugation with a protein carrier provides effective protection to infants.**

This is because polysaccharide antigens alone typically induce a T cell-independent immune response, which leads to the production of IgM antibodies, but this response is not sufficient to provide long-lasting immunity, especially in infants whose immune systems are still developing. 

By conjugating polysaccharides to protein carriers, the vaccine can elicit a T cell-dependent response, promoting the generation of IgG antibodies and a more robust, long-lasting adaptive immune response. This is particularly important for young children who may not respond adequately to polysaccharide vaccines alone. Thus, the conjugation improves immunogenicity and provides effective protection against serious bacterial infections in infants.
 Agent 2 (👩🏼‍⚕️ pediatrician) : The best response to the medical student's question is **(E) Conjugation with a protein carrier provides effective protection to infants**. Here's why, with a pediatrician's focus on vaccine efficacy in children:

*   **Understanding the Problem:** Infants and young children have immature immune systems. Pure polysaccharide vaccines (like early pneumococcal or meningococcal vaccines) are not very effective in this age group because their B cells cannot effectively respond to these T cell-independent antigens. They lack the robust T cell help needed for a strong and long-lasting antibody response.

*   **The Role of Conjugation:** Conjugating a capsular polysaccharide to a protein carrier is a clever strategy to overcome this limitation.
    *   **T Cell Dependent Response:** The protein carrier is recognized by T helper cells. This interaction then allows the B cells, which have recognized the polysaccharide, to receive the necessary signals from T cells to undergo robust activation, class switching, and affinity maturation. This results in a much stronger and more durable antibody response, including the production of memory B cells.
    *   **IgG Production and Class Switching:** This T cell help leads to the production of high-affinity IgG antibodies, which are crucial for opsonization (making bacteria easier for phagocytes to engulf) and neutralization of bacterial toxins. While the question mentions IgG2 dominance, the primary goal is a strong IgG response in general, which is essential for effective protection.
    *   **Protection in Infants:** This enhanced immune response is particularly important in infants and young children, who are most vulnerable to invasive bacterial infections caused by *H. influenzae* type b, *N. meningitidis*, and *S. pneumoniae*. Without conjugation, the immune response in this age group would be weak and short-lived, offering insufficient protection.

*   **Why Other Options Are Incorrect:**
    *   **(C) Polysaccharides conjugated with proteins are T cell-independent antigens:** This is **incorrect**. The addition of the protein carrier makes the conjugate a **T cell-dependent** antigen. This is the entire point of conjugation!
    *   **(A) Conjugation with a protein carrier generates IgG2 dominant antibody responses:** While IgG2 is often a significant component of the antibody response to capsular polysaccharides, it's not the *sole* or *defining* outcome. The primary benefit is the generation of a *stronger* and *more protective* IgG response overall, along with memory. Saying "IgG2 dominant" is too specific and might not always be the most accurate generalization for all conjugate vaccines or all individuals. The key is the *generation of effective protection*.
    *   **(B) Conjugation with a protein carrier generates IgM dominant antibody responses:** This is **incorrect**. T cell-dependent responses, which are induced by conjugate vaccines, lead to IgG production and class switching, not sustained IgM production. IgM is typically the initial antibody produced in response to an antigen.
    *   **(D) Conjugation with a protein carrier improves vaccine stability:** While the manufacturing process and formulation can impact stability, the primary immunological reason for conjugation is not stability. The immunological enhancement of the response is the driving force.

**In summary, from a pediatrician's perspective, the most critical outcome of conjugating capsular polysaccharides to protein carriers is the induction of a robust, T cell-dependent immune response that provides meaningful and protective immunity in infants and young children who are highly susceptible to these dangerous bacterial infections.**
 Agent 3 (🧑🏽‍⚕️ microbiologist) : Excellent question. It gets to the very heart of why these conjugate vaccines are a landmark achievement in immunology and public health. As your senior colleague, I'm happy to walk you through this.

The best response is **(E) Conjugation with a protein carrier provides effective protection to infants.**

Let's break down why this is the correct answer and why the others are not.

### The Detailed Explanation

The core of the issue lies in how different types of antigens are processed by the immune system, especially the still-developing immune system of an infant.

1.  **Capsular Polysaccharides as Antigens:**
    The bacterial capsule, made of polysaccharides (long chains of sugar molecules), is a major virulence factor that helps bacteria like *H. influenzae* type b evade the immune system, particularly phagocytosis. The goal of the vaccine is to generate antibodies against this capsule, which will then tag the bacteria for destruction (a process called opsonization).

    However, polysaccharides, when presented alone, are classified as **T-cell-independent (TI) antigens**.

2.  **The Problem with T-cell-independent (TI) Antigens in Infants:**
    A TI response has several critical limitations:
    *   It primarily stimulates B-cells to produce **IgM antibodies**.
    *   It does **not** effectively induce "isotype switching" to produce high-affinity **IgG antibodies**, which are crucial for long-term immunity and opsonization.
    *   It does **not** generate **immunological memory** (memory B-cells). This means protection is short-lived, and subsequent exposures don't elicit a faster, stronger "booster" response.
    *   **Most importantly**, the immune systems of infants and children under the age of two are immature and **cannot mount an effective response to TI antigens**.

    This is precisely why the original, unconjugated polysaccharide vaccines against Hib and *Streptococcus pneumoniae* were ineffective in the very age group most vulnerable to life-threatening infections from these bacteria.

3.  **The Solution: Conjugation (The "Hapten-Carrier Effect")**
    To overcome this, we use a brilliant immunological trick. We covalently link the polysaccharide (which is a poor immunogen in infants, acting as a "hapten") to a robust protein carrier (like tetanus toxoid or diphtheria toxoid), which is a **T-cell-dependent (TD) antigen**.

    This conjugation fundamentally changes how the immune system sees the polysaccharide:
    *   A B-cell uses its B-cell receptor to recognize and bind to the **polysaccharide** portion of the vaccine conjugate.
    *   The B-cell then internalizes the entire conjugate molecule (polysaccharide + protein).
    *   Inside the B-cell, the **protein carrier** is broken down into peptides, which are then presented on the B-cell's surface via MHC class II molecules.
    *   A specific T-helper cell, which recognizes the protein peptide, can now "help" the B-cell.
    *   This T-cell help is the critical signal that drives a powerful, mature immune response, including **isotype switching to produce high-affinity IgG** and the **generation of long-lasting memory B-cells**.

By converting the polysaccharide into a T-cell-dependent antigen, the conjugate vaccine successfully induces a robust, protective, and long-lasting immune response **even in infants**. This is why the introduction of the Hib conjugate vaccine dramatically reduced the incidence of invasive Hib disease, like meningitis, in children.

### Why the Other Options Are Incorrect:

*   **(A) Conjugation with a protein carrier generates IgG2 dominant antibody responses:** While the response to some polysaccharides can be skewed towards the IgG2 subclass, the key achievement of conjugation is the switch from IgM to IgG *in general* and the generation of memory. Stating it's "IgG2 dominant" is an oversimplification and not the primary reason for doing it. The goal is a protective IgG response, period.
*   **(B) Conjugation with a protein carrier generates IgM dominant antibody responses:** This is the opposite of the truth. An IgM-dominant response is characteristic of the T-cell-*independent* response that we are trying to overcome.
*   **(C) Polysaccharides conjugated with proteins are T cell-independent antigens:** This is factually incorrect. The entire purpose of conjugation is to convert the polysaccharide from a T-cell-independent antigen into a T-cell-dependent one.
*   **(D) Conjugation with a protein carrier improves vaccine stability:** While formulation and stability are always concerns in vaccine development, the primary immunological reason for conjugation is to enhance immunogenicity, not for stability.

In summary, we conjugate polysaccharides to protein carriers to trick the immune system into treating the sugar as if it were a protein, thereby unlocking the powerful T-cell-dependent pathway that is essential for generating protective immunity in infants.

It's a fantastic question that demonstrates a key principle of modern vaccinology. Keep thinking critically like this.

[INFO] Step 3. Collaborative Decision Making
== Round 1 ==
[INFO] Participatory Debate
|_Turn 1
 Agent 1 (🧑‍⚕️ immunologist): 🤐
 Agent 2 (👩🏼‍⚕️ pediatrician): 🤐
 Agent 3 (🧑🏽‍⚕️ microbiologist): 🤐
 No agents chose to participate in this turn. End this turn.
 No agents chose to participate in this round. End this round.

[INFO] Step 4. Final Decision
👨‍⚖️  Moderator's final decision: {0.0: 'The final answer to the question regarding why capsular polysaccharides are conjugated to protein carriers during vaccine development is:\n\n**(E) Conjugation with a protein carrier provides effective protection to infants.**\n\nThis response is supported by a consensus among the experts, including immunologists, pediatricians, and microbiologists, who emphasized the importance of converting polysaccharide antigens from T-cell-independent to T-cell-dependent antigens through conjugation. This process enhances the immune response, particularly in infants, who have immature immune systems and cannot mount effective responses to polysaccharide-only vaccines. The conjugation leads to the production of high-affinity IgG antibodies and the generation of immunological memory, which are crucial for long-lasting protection against serious bacterial infections. \n\nThe other options were deemed incorrect for various reasons, primarily because they misrepresented the immunological mechanisms involved or focused on aspects that were not the primary purpose of conjugation. Thus, option (E) encapsulates the key rationale behind the conjugation strategy in vaccine development effectively.'}

[INFO] API calls for this sample: 9

[INFO] Sample 47 completed successfully