[INFO] Processing sample 2

[INFO] Step 1. Expert Recruitment
Agent 1 (👩🏼‍⚕️ Gynecologic Oncologist): Specializes in diagnosing and treating cancers of the female reproductive system.
Agent 2 (🧑🏿‍⚕️ Pathologist): Focuses on diagnosing diseases by examining tissues and cells under a microscope.
Agent 3 (👨‍⚕️ Reproductive Endocrinologist): Specializes in hormonal functioning related to reproduction and infertility.

[INFO] Hierarchy Selection
                             moderator (👨‍⚖️)                                                       
                ┌────────────────────┴───────────────────┬───────────────────────────────┐          
  Gynecologic Oncologist (👩🏼‍⚕️)        Reproductive Endocrinologist (👨‍⚕️)     Pathologist (🧑🏿‍⚕️) 


[INFO] Step 2. Initial Opinions
 Agent 1 (👩🏼‍⚕️ gynecologic oncologist) : In this case, the 47-year-old woman presents with postcoital vaginal bleeding and a polypoid mass on the anterior wall of the vagina. Given her mother's history of receiving diethylstilbestrol (DES) during pregnancy, there is a notable association with certain types of cancers in women exposed to DES in utero.

Among the potential diagnoses, the most likely malignant tumor associated with in utero DES exposure is **clear cell adenocarcinoma**. This specific type of adenocarcinoma has been closely linked to women who were exposed to diethylstilbestrol during pregnancy. 

Other options like squamous cell carcinoma (SCC) and verrucous carcinoma are possibilities for vaginal malignancies but are not specifically tied to DES exposure. Similarly, botryoid sarcoma and melanoma are less common and not typically linked to DES exposure.

Therefore, the most likely malignant tumor in this patient is **(A) Clear cell adenocarcinoma**.
 Agent 2 (🧑🏿‍⚕️ pathologist) : As a pathologist, I would analyze this case by considering the patient's history, the clinical presentation, and the histopathological findings.

**Patient History and Presentation:**

*   **Age:** 47-year-old woman.
*   **Symptoms:** Postcoital vaginal bleeding for 8 months, occasional intermenstrual watery, blood-tinged discharge. These are concerning symptoms that can be associated with various gynecological conditions, including malignancy.
*   **Family History:** Negative for malignancies and inherited disorders. This reduces the likelihood of certain genetic predispositions.
*   **Maternal History:** Mother received diethylstilbestrol (DES) during pregnancy in the 1960s. This is a *critical* piece of information. DES is a synthetic estrogen that was prescribed to pregnant women to prevent miscarriage. It is now known to cause a range of adverse health effects in the offspring, particularly in females, including an increased risk of vaginal and cervical abnormalities and cancers.
*   **Pelvic Examination:** Polypoid mass on the anterior wall of the vagina. This is a specific location and morphology of a lesion.
*   **Bimanual Examination:** Negative for adnexal masses. This suggests the problem is likely localized to the vagina or cervix and not widespread to the ovaries or fallopian tubes.
*   **Pathology Report:** Confirmed the presence of malignant cells.

**Differential Diagnosis based on the above:**

The key to this diagnosis lies in the **maternal DES exposure**. Women exposed to DES in utero have a significantly increased risk of developing specific types of vaginal and cervical abnormalities and cancers. The most well-documented and strongly associated malignancy in DES-exposed individuals is **clear cell adenocarcinoma (CCA)** of the vagina and cervix.

Let's consider the options provided:

*   **(A) Clear cell adenocarcinoma (CCA):** This is strongly associated with in utero DES exposure. Vaginal CCA typically arises in the upper two-thirds of the vagina, often in the anterior wall. The polypoid appearance is also consistent with CCA. Given the patient's history, this is a very strong contender.
*   **(B) Melanoma:** Primary vaginal melanoma is rare. While it can present as a polypoid mass and cause bleeding, there is no specific link to DES exposure.
*   **(C) Botryoid sarcoma:** This is a rare tumor, a type of rhabdomyosarcoma, that can occur in the vagina, more commonly in children. It typically presents as multiple, grape-like masses. It's not specifically associated with DES exposure.
*   **(D) Verrucous carcinoma:** This is a well-differentiated squamous cell carcinoma that typically arises in the cervix or vulva, often associated with chronic irritation or HPV infection. While it can present as a polypoid mass and cause bleeding, it's not specifically linked to DES exposure and is less common in the vagina compared to CCA in DES-exposed individuals.
*   **(E) Squamous cell carcinoma (SCC):** This is the most common type of vaginal cancer overall, but it is *not* typically associated with DES exposure. SCC in DES-exposed women is less common than CCA.

**Pathologist's Interpretation:**

The presence of a polypoid mass on the anterior vaginal wall in a 47-year-old woman with a history of in utero DES exposure, coupled with the confirmation of malignant cells, overwhelmingly points towards **clear cell adenocarcinoma (CCA)**. The characteristic columnar cells with clear or optically clear cytoplasm, often forming papillary or glandular structures, would be seen on microscopic examination. These features are highly specific to CCA arising in the context of DES exposure.

**Conclusion:**

Based on the constellation of symptoms, the specific location of the vaginal lesion, and most importantly, the patient's history of maternal DES exposure, clear cell adenocarcinoma is the most likely malignant tumor.

The final answer is $\boxed{A}$.
 Agent 3 (👨‍⚕️ reproductive endocrinologist) : Excellent case. As the team's reproductive endocrinologist, my focus is on the hormonal and developmental aspects of this presentation. Based on the patient's history and clinical findings, the most likely diagnosis is **(A) Clear cell adenocarcinoma**.

Here is my breakdown for the team:

### Primary Rationale

The cornerstone of this diagnosis is the patient's history of **in utero exposure to diethylstilbestrol (DES)**. This is a classic, pathognomonic association in gynecology.

*   **DES and Clear Cell Adenocarcinoma (CCA):** DES was an estrogen agonist prescribed from the 1940s to the early 1970s to prevent miscarriage. It was later discovered to be a potent teratogen. Its use led to a significant increase in a previously rare cancer, CCA of the vagina and cervix, in the daughters of women who took the drug during pregnancy.
*   **Mechanism:** DES exposure during fetal development disrupts the normal differentiation of the Müllerian ducts. This can lead to the persistence of glandular tissue (adenosis) in the vagina, where squamous epithelium is normally found. This adenosis is the precursor lesion for CCA.
*   **Patient Presentation:** Our patient's symptoms—postcoital bleeding and a watery, blood-tinged discharge—are classic for vaginal or cervical cancer. The finding of a polypoid mass on the anterior vaginal wall is also consistent with the typical location for DES-related CCA.

### Analysis of Other Options

Let's review why the other options are less likely in this specific clinical context:

*   **(E) Squamous cell carcinoma (SCC):** While SCC is the most common type of primary vaginal cancer overall (~85%), the strong history of DES exposure makes CCA significantly more likely *in this particular patient*. It is important to note that DES exposure also increases the risk for squamous dysplasia (a precursor to SCC), but the direct link to CCA is much stronger and more specific.
*   **(C) Botryoid sarcoma (Embryonal Rhabdomyosarcoma):** This is incorrect primarily due to the patient's age. Sarcoma botryoides is a tumor of infants and young children, typically presenting before the age of 5 with a "bunch of grapes" appearance protruding from the vagina. It would be exceedingly rare in a 47-year-old.
*   **(B) Melanoma:** Vaginal melanoma is a rare malignancy, typically occurring in postmenopausal women. It usually presents as a pigmented lesion on the posterior wall of the lower third of the vagina. There is no known association with DES exposure.
*   **(D) Verrucous carcinoma:** This is a rare, slow-growing, well-differentiated variant of SCC. It is strongly associated with HPV infection and typically has a warty, cauliflower-like appearance. It is not specifically linked to DES.

### Clinical Pearls & Further Considerations for Our Team

1.  **Age of Presentation:** The peak incidence for DES-related CCA is typically between ages 15 and 22. However, a bimodal age distribution is recognized, with a second, smaller peak occurring in women in their 40s and 50s, like our patient. We should not be dissuaded by her age.
2.  **Other DES-Related Findings:** As her REI, I would also be mindful of other structural abnormalities associated with DES exposure, even if fertility is no longer a concern. These include a T-shaped uterus, uterine hypoplasia, cervical hood, and a "cockscomb" cervix. These findings are relevant to her overall gynecologic history.
3.  **Next Steps:** The pathology confirmation of malignancy is critical. The immediate next step is a referral to our colleagues in **gynecologic oncology** for staging (which will likely involve an MRI of the pelvis and possibly a PET/CT) and definitive management. Treatment will depend on the stage but often involves a combination of radical surgery, radiation, and/or chemotherapy.

In summary, the specific history of maternal DES use is the key piece of data that points directly to Clear Cell Adenocarcinoma over the other, more common, or age-inappropriate malignancies.

Please let me know if there are other aspects of her endocrine or reproductive history you'd like me to weigh in on.

[INFO] Step 3. Collaborative Decision Making
== Round 1 ==
[INFO] Participatory Debate
|_Turn 1
 Agent 1 (👩🏼‍⚕️ gynecologic oncologist): 🤐
 Agent 2 (🧑🏿‍⚕️ pathologist) -> Agent 1 (👩🏼‍⚕️ gynecologic oncologist) : To the Gynecologic Oncologist:

My diagnostic opinion, as a pathologist, strongly supports **(A) Clear cell adenocarcinoma**. This conclusion is primarily driven by the patient's history of in utero diethylstilbestrol (DES) exposure, which is a well-established risk factor for clear cell adenocarcinoma of the vagina and cervix. The clinical presentation of postcoital bleeding, the presence of a polypoid vaginal mass on the anterior wall, and the confirmed presence of malignant cells all align perfectly with this diagnosis. While other vaginal malignancies exist, the DES link makes clear cell adenocarcinoma the overwhelming probability in this specific patient. I trust your expertise in confirming the staging and guiding treatment based on this likely diagnosis.
 Agent 3 (👨‍⚕️ reproductive endocrinologist): 🤐

[INFO] Summary Table
+---------+-----------+-----------+---------+
|         |  Agent 1  |  Agent 2  | Agent 3 |
+---------+-----------+-----------+---------+
| Agent 1 |           | ✋ (1<-2) |         |
|         |           |           |         |
| Agent 2 | ✋ (2->1) |           |         |
|         |           |           |         |
| Agent 3 |           |           |         |
+---------+-----------+-----------+---------+

|_Turn 2
 Agent 1 (👩🏼‍⚕️ gynecologic oncologist): 🤐
 Agent 2 (🧑🏿‍⚕️ pathologist): 🤐
 Agent 3 (👨‍⚕️ reproductive endocrinologist): 🤐
 No agents chose to participate in this turn. End this turn.

[INFO] Moderator Consensus Check
 👨‍⚖️ Moderator consensus check: YES

[INFO] Consensus reached! Ending discussion.

[INFO] Step 4. Final Decision
👨‍⚖️  Moderator's final decision: {0.0: "Based on the thorough discussion and consensus among the multidisciplinary team, the final answer to the question regarding the most likely malignant tumor in this patient is:\n\n**(A) Clear Cell Adenocarcinoma**\n\nThis conclusion is supported by the following key points:\n\n1. **Maternal History of DES Exposure**: The patient's mother took diethylstilbestrol (DES) during pregnancy, which is a well-established risk factor for clear cell adenocarcinoma of the vagina and cervix. This historical context is critical in guiding the diagnosis.\n\n2. **Clinical Presentation**: The patient exhibits symptoms such as postcoital vaginal bleeding and a polypoid mass on the anterior vaginal wall, which align with the typical presentation of clear cell adenocarcinoma.\n\n3. **Pathology Confirmation**: The biopsy results confirmed the presence of malignant cells, further supporting the diagnosis of clear cell adenocarcinoma.\n\n4. **Expert Consensus**: All specialists, including the gynecologic oncologist, pathologist, and reproductive endocrinologist, agree on this diagnosis, emphasizing the strong link between DES exposure and clear cell adenocarcinoma, while ruling out other malignancies that are less likely given the patient's age and clinical context.\n\nIn conclusion, the overwhelming evidence and expert agreement lead to the final decision that the most likely malignant tumor in this patient is **(A) Clear Cell Adenocarcinoma**."}

[INFO] API calls for this sample: 18

[INFO] Sample 2 completed successfully