[INFO] Processing sample 46

[INFO] Step 1. Expert Recruitment
Agent 1 (🧑🏿‍⚕️ Cardiologist): Focuses on the diagnosis and treatment of heart and blood vessel-related conditions.
Agent 2 (👨🏽‍⚕️ Endocrinologist): Specializes in the diagnosis and treatment of hormone-related disorders, including thyroid dysfunction.
Agent 3 (👩🏻‍⚕️ Pharmacologist): Expertise in the effects and mechanisms of drugs, including cardiovascular medications.

[INFO] Hierarchy Selection
                   moderator (👨‍⚖️)                                               
           ┌───────────────┴─────────────┬───────────────────────────┐            
  Cardiologist (🧑🏿‍⚕️)         Pharmacologist (👩🏻‍⚕️)     Endocrinologist (👨🏽‍⚕️) 


[INFO] Step 2. Initial Opinions
 Agent 1 (🧑🏿‍⚕️ cardiologist) : The symptoms presented by the patient, including intermittent episodes of heart palpitations, irregularly irregular pulse, and signs of hyperthyroidism (such as fine tremor, digital swelling, and retraction of the left upper eyelid), suggest that she may have atrial fibrillation secondary to hyperthyroidism. 

In such cases where the patient presents with atrial fibrillation and hyperthyroid symptoms, the most appropriate initial treatment is to control the heart rate. The options given include medications that are used in managing atrial fibrillation.

- **Diltiazem**: A calcium channel blocker that can slow down heart rate, but it is not the first line for hyperthyroid patients.
- **Propranolol**: A non-selective beta-blocker that is effective for controlling heart rate and also has the added benefit of alleviating symptoms related to hyperthyroidism (like tremors). 
- **Digoxin**: Typically used to control heart rate in atrial fibrillation, but not the first line in hyperthyroid patients due to its potential for toxicity and slower action.
- **Amiodarone**: An antiarrhythmic agent that can be used for rhythm control, but in this case, we first want to control her heart rate.
- **Warfarin**: An anticoagulant that is typically used to prevent thromboembolism in atrial fibrillation but does not address the immediate heart rate control.

Given the scenario where the patient shows clear signs of hyperthyroidism and atrial fibrillation, **(A) Propranolol** would be the most appropriate pharmacotherapy to manage her heart rate and alleviate symptoms associated with thyrotoxicosis.
 Agent 2 (👨🏽‍⚕️ endocrinologist) : The patient presents with symptoms and signs highly suggestive of hyperthyroidism, specifically Graves' disease, given the eyelid retraction. The palpitations, irregularly irregular pulse (suggesting atrial fibrillation), tremor, and potentially elevated blood pressure are all consistent with an overactive thyroid.

The core issue that needs immediate management is the cardiac arrhythmia (atrial fibrillation) and the tachycardia, which are likely exacerbated by the hyperthyroidism.

Let's consider the options:

*   **(A) Propranolol:** This is a beta-blocker. Beta-blockers are excellent for controlling the adrenergic symptoms of hyperthyroidism, such as tachycardia, palpitations, tremor, and anxiety. They can also help to manage atrial fibrillation by slowing the ventricular rate. In the context of hyperthyroidism with atrial fibrillation, beta-blockers are often a first-line choice for symptom control.

*   **(B) Digoxin:** Digoxin is used to control ventricular rate in atrial fibrillation, especially in patients with heart failure. However, it is less effective in rate control when the underlying cause is a hypermetabolic state like hyperthyroidism, and its effectiveness can be blunted. Also, in hyperthyroid patients, there is an increased risk of digoxin toxicity. It doesn't address the underlying thyroid issue or the adrenergic symptoms.

*   **(C) Amiodarone:** Amiodarone is a potent antiarrhythmic that can be used for atrial fibrillation. However, it has a significant side effect profile, including thyroid dysfunction (both hypo- and hyperthyroidism, and exacerbation of existing hyperthyroidism), pulmonary fibrosis, and liver toxicity. It's generally reserved for more refractory cases or when other options have failed or are contraindicated, and it doesn't address the adrenergic symptoms directly.

*   **(D) Warfarin:** Warfarin is an anticoagulant used to prevent stroke in patients with atrial fibrillation, especially if the risk factors for stroke are present. While stroke risk is a concern in atrial fibrillation, the immediate priority is to control the heart rate and manage the symptoms of hyperthyroidism. Anticoagulation is typically initiated once the rate control is established and the diagnosis of atrial fibrillation is confirmed, and often after the hyperthyroid state is treated.

*   **(E) Diltiazem:** Diltiazem is a non-dihydropyridine calcium channel blocker. It can be used for rate control in atrial fibrillation and also has some effect on reducing adrenergic symptoms. However, beta-blockers like propranolol are generally considered more effective and preferred for symptom management in hyperthyroidism due to their direct blockade of catecholamine effects.

Given the patient's presentation with tachycardia, irregular pulse (atrial fibrillation), tremor, and nervousness, the most appropriate *initial* pharmacotherapy is to manage the adrenergic symptoms and control the heart rate. Propranolol directly addresses these issues effectively in the setting of hyperthyroidism. It will slow the heart rate, reduce palpitations, and alleviate the tremor and anxiety. While definitive treatment for the hyperthyroidism (e.g., anti-thyroid drugs, radioactive iodine, or surgery) will be necessary, symptom management with a beta-blocker is crucial for immediate relief and to prevent complications.

The final answer is $\boxed{A}$.
 Agent 3 (👩🏻‍⚕️ pharmacologist) : Of course. As the team's pharmacologist, I can break down the options and provide a rationale for the most appropriate choice.

### Correct Answer

**(A) Propranolol**

### Bottom Line

The patient presents with classic signs and symptoms of hyperthyroidism (thyrotoxicosis) which has precipitated new-onset atrial fibrillation with a rapid ventricular response (RVR). Propranolol is the most appropriate initial therapy because, as a beta-blocker, it not only controls the heart rate by blocking the AV node but also directly counteracts the systemic hyperadrenergic symptoms of hyperthyroidism (tremor, anxiety, palpitations).

---

### Detailed Pharmacological Rationale

#### 1. Establishing the Clinical Picture

First, let's synthesize the clinical information to understand the underlying pathophysiology:

*   **Arrhythmia:** The irregularly irregular pulse at 110/min is the hallmark of **atrial fibrillation (AFib)** with a **rapid ventricular response (RVR)**. This explains her chief complaint of palpitations.
*   **Underlying Cause:** The constellation of findings strongly points to **hyperthyroidism**:
    *   **Cardiovascular:** Tachycardia, palpitations, high-output state (warm extremities, flow murmur).
    *   **Neurologic/Psychiatric:** Nervousness, fine tremor.
    *   **Ophthalmologic:** Left upper eyelid retraction (a sign of thyroid-associated orbitopathy, common in Graves' disease).
    *   **General:** The entire picture is of a hypermetabolic, hyperadrenergic state.

#### 2. Defining the Immediate Therapeutic Goal

The immediate priority is to manage the patient's symptoms, which are driven by the rapid heart rate and the systemic effects of excess thyroid hormone. Therefore, the goal is twofold:
1.  **Rate Control:** Slow the ventricular response to the AFib to alleviate palpitations and reduce myocardial oxygen demand.
2.  **Symptomatic Relief:** Alleviate the tremor, anxiety, and other adrenergic symptoms.

#### 3. Analysis of Pharmacotherapy Options

Let's evaluate each drug based on its mechanism of action and its suitability for this specific clinical scenario.

*   **(A) Propranolol (Correct Choice)**
    *   **Class:** Non-selective beta-adrenergic antagonist (beta-blocker).
    *   **Mechanism of Action:**
        1.  **Cardioselective (Beta-1) Blockade:** It blocks beta-1 receptors in the SA and AV nodes, slowing AV nodal conduction. This is highly effective for controlling the ventricular rate in AFib.
        2.  **Systemic (Beta-1 & Beta-2) Blockade:** It blocks beta-receptors throughout the body, directly antagonizing the effects of the catecholamine surge caused by hyperthyroidism. This effectively treats the tremor, anxiety, and diaphoresis.
        3.  **Specific Thyroid Effect:** Propranolol (especially at higher doses) has the unique additional benefit of inhibiting the peripheral conversion of thyroxine (T4) to the more metabolically active triiodothyronine (T3).
    *   **Conclusion:** Propranolol is the ideal agent because it addresses both the arrhythmia and the systemic symptoms of the underlying disease.

*   **(E) Diltiazem**
    *   **Class:** Non-dihydropyridine calcium channel blocker.
    *   **Mechanism of Action:** Slows conduction through the AV node by blocking L-type calcium channels. It is an effective agent for rate control in AFib.
    *   **Why it's not the best choice:** While it would control the heart rate, it does not address the systemic hyperadrenergic symptoms (tremor, anxiety). It is considered a second-line agent for rate control in thyrotoxicosis if beta-blockers are contraindicated (e.g., severe asthma).

*   **(B) Digoxin**
    *   **Class:** Cardiac glycoside.
    *   **Mechanism of Action:** Primarily increases vagal tone to the AV node, which slows conduction.
    *   **Why it's not the best choice:** The effects of digoxin are easily overridden by high sympathetic states, such as exercise, fever, or, in this case, thyrotoxicosis. It would be largely ineffective at controlling her heart rate in this hyperadrenergic state.

*   **(C) Amiodarone**
    *   **Class:** Class III antiarrhythmic agent (with broad-spectrum properties).
    *   **Mechanism of Action:** Primarily blocks potassium channels to prolong the cardiac action potential. It is a potent agent for both rate and rhythm control.
    *   **Why it's not the best choice:**
        1.  **Toxicity:** It has a significant side-effect profile, including pulmonary fibrosis, hepatotoxicity, and, importantly, **thyroid dysfunction** (both hyper- and hypothyroidism) due to its high iodine content. Using a drug known to affect the thyroid to treat a thyroid-induced problem is not a first-line approach.
        2.  **Indication:** It is generally reserved for rhythm control or for rate control when other agents fail or are contraindicated, particularly in patients with structural heart disease like heart failure.

*   **(D) Warfarin**
    *   **Class:** Anticoagulant (Vitamin K antagonist).
    *   **Mechanism of Action:** Prevents the synthesis of active clotting factors II, VII, IX, and X.
    *   **Why it's not the best choice:** Warfarin is used for stroke prevention in patients with AFib. While this patient will need to be assessed for anticoagulation (using the CHA₂DS₂-VASc score), it does absolutely nothing to address her acute symptoms of palpitations and tachycardia. Rate control is the immediate priority.

### Summary for the Team

To summarize, this patient's AFib is a direct consequence of thyrotoxicosis. **Propranolol** is the superior initial therapy as it provides excellent rate control while simultaneously treating the bothersome systemic symptoms of the underlying condition. Our next steps should be to confirm the thyroid diagnosis with TSH and free T4 levels and initiate definitive therapy for her hyperthyroidism. We will also need to address long-term anticoagulation.

[INFO] Step 3. Collaborative Decision Making
== Round 1 ==
[INFO] Participatory Debate
|_Turn 1
 Agent 1 (🧑🏿‍⚕️ cardiologist): 🤐
 Agent 2 (👨🏽‍⚕️ endocrinologist) -> Agent 1 (🧑🏿‍⚕️ cardiologist) : To the Cardiologist and Pharmacologist,

I am presenting a case of a 35-year-old woman with new-onset palpitations, which are irregularly irregular and accompanied by symptoms highly suggestive of hyperthyroidism, including tremor, nervousness, eyelid retraction, and warm extremities. The physical exam reveals tachycardia and a systolic ejection murmur.

My primary concern, aligning with our shared expertise, is the immediate management of her symptomatic atrial fibrillation (AFib) in the context of likely thyrotoxicosis. While definitive diagnosis of hyperthyroidism is pending, the clinical presentation strongly supports it.

The most appropriate initial pharmacotherapy is **Propranolol (A)**. My rationale is that beta-blockers, particularly propranolol, are crucial for simultaneously addressing the rapid ventricular response of AFib and the adrenergic symptoms of hyperthyroidism. Propranolol not only slows the heart rate by acting on the AV node but also effectively mitigates the tremor, palpitations, and anxiety driven by excess catecholamines. Furthermore, propranolol has the added benefit of inhibiting peripheral conversion of T4 to T3, which can be particularly helpful in managing thyrotoxic symptoms.

While diltiazem could provide rate control, it does not offer the same benefit for the hyperadrenergic symptoms. Digoxin is less effective in hyperthyroid-induced AFib and carries a risk of toxicity. Amiodarone has a significant side effect profile and is not a first-line choice for this scenario. Warfarin is for anticoagulation, which is a subsequent consideration after rate control is achieved.

Therefore, I strongly advocate for Propranolol as the initial pharmacotherapy to stabilize the patient and alleviate her acute symptoms, pending further investigation and definitive treatment of her underlying thyroid condition.
 Agent 2 (👨🏽‍⚕️ endocrinologist) -> Agent 3 (👩🏻‍⚕️ pharmacologist) : To the Cardiologist and Pharmacologist,

I am reiterating my recommendation for **Propranolol (A)** as the most appropriate initial pharmacotherapy for this patient. My expertise as an endocrinologist confirms that the constellation of symptoms—palpitations, irregularly irregular pulse, tremor, nervousness, eyelid retraction, warm extremities, and tachycardia—is highly indicative of hyperthyroidism, likely Graves' disease.

The immediate challenge is to manage the resulting atrial fibrillation with rapid ventricular response and the accompanying adrenergic symptoms. Propranolol excels in this dual role:
1.  **Rate Control:** It effectively slows the ventricular rate in AFib by blocking beta-1 receptors in the AV node.
2.  **Symptomatic Relief:** It directly counteracts the hyperadrenergic state caused by excess thyroid hormone, alleviating tremor, anxiety, and palpitations more comprehensively than other agents.

While the cardiologist's focus will be on the cardiac rhythm and the pharmacologist on drug mechanisms, my endocrinological perspective highlights that the hypermetabolic state itself drives these symptoms. Propranolol's ability to blunt the effects of excess catecholamines and its specific role in reducing T4 to T3 conversion make it uniquely suited as an initial intervention in thyrotoxic AFib. It provides rapid symptomatic relief and helps stabilize the patient while we pursue definitive diagnosis and treatment of the underlying hyperthyroidism.
 Agent 3 (👩🏻‍⚕️ pharmacologist): 🤐

[INFO] Summary Table
+---------+-----------+-----------+-----------+
|         |  Agent 1  |  Agent 2  |  Agent 3  |
+---------+-----------+-----------+-----------+
| Agent 1 |           | ✋ (1<-2) |           |
|         |           |           |           |
| Agent 2 | ✋ (2->1) |           | ✋ (2->3) |
|         |           |           |           |
| Agent 3 |           | ✋ (3<-2) |           |
+---------+-----------+-----------+-----------+

|_Turn 2
 Agent 1 (🧑🏿‍⚕️ cardiologist): 🤐
 Agent 2 (👨🏽‍⚕️ endocrinologist): 🤐
 Agent 3 (👩🏻‍⚕️ pharmacologist): 🤐
 No agents chose to participate in this turn. End this turn.

[INFO] Moderator Consensus Check
 👨‍⚖️ Moderator consensus check: YES

[INFO] Consensus reached! Ending discussion.

[INFO] Step 4. Final Decision
👨‍⚖️  Moderator's final decision: {0.0: "The final decision, based on the consensus and reasoning provided by the multidisciplinary team, is that the most appropriate pharmacotherapy for the 35-year-old woman presenting with atrial fibrillation likely secondary to hyperthyroidism is **(A) Propranolol**.\n\nThis decision is supported by the following key points:\n\n1. **Symptomatic Management**: Propranolol effectively addresses both the rapid ventricular response associated with atrial fibrillation and the adrenergic symptoms of hyperthyroidism, such as tremors and anxiety.\n\n2. **Rate Control**: As a beta-blocker, Propranolol slows the heart rate by blocking beta-1 receptors in the AV node, which is crucial for managing the irregularly irregular pulse observed in this patient.\n\n3. **Thyroid-Specific Benefits**: Propranolol also inhibits the peripheral conversion of T4 to T3, providing additional symptomatic relief in the context of hyperthyroidism.\n\n4. **Expert Consensus**: The cardiologist, endocrinologist, and pharmacologist all agree on the efficacy and appropriateness of Propranolol for this patient's condition, highlighting its dual action in managing both the arrhythmia and the underlying hyperadrenergic state.\n\nIn conclusion, the final answer is **(A) Propranolol**."}

[INFO] API calls for this sample: 19

[INFO] Sample 46 completed successfully