[INFO] Processing sample 49

[INFO] Step 1. Expert Recruitment
Agent 1 (🧑‍⚕️ Endocrinologist): Specializes in the treatment of diabetes and hormonal disorders.
Agent 2 (🧑🏽‍⚕️ Diabetes Educator): Focuses on patient education and management of diabetes, including insulin therapy and lifestyle modifications.
Agent 3 (👨🏽‍⚕️ Clinical Psychologist): Specializes in the psychological impact of chronic diseases, including managing anxiety and sleep disturbances related to diabetes.

[INFO] Hierarchy Selection
                           moderator (👨‍⚖️)                                         
               ┌───────────────────┴────────────────┐                               
 Clinical Psychologist (👨🏽‍⚕️)           Endocrinologist (🧑‍⚕️)                     
                                              └─────────────────┐                   
                                                    Diabetes Educator (🧑🏽‍⚕️)       


[INFO] Step 2. Initial Opinions
 Agent 1 (🧑‍⚕️ endocrinologist) : Given the symptoms described—frequent nighttime awakenings, excessive sweating, hand tremors, and weakness—the patient is likely experiencing hypoglycemic episodes during the night, which is often referred to as nocturnal hypoglycemia. This aligns with the presentation of a patient with type 1 diabetes on insulin therapy.

His morning blood glucose readings are high, which could be due to several factors such as the "Somogyi effect" (rebound hyperglycemia after a hypoglycemic episode), poor insulin management, or dawn phenomenon (increased insulin resistance in the morning).

In this case, the most appropriate intervention would be to **reduce the daily insulin dose (Option E)**. This adjustment can help prevent nocturnal hypoglycemia and stabilize blood glucose levels throughout the night.

Other options such as increasing the insulin dose would exacerbate the hypoglycemic events, while adding diazepam or pramlintide is not the primary solution to these symptoms, and reassurance alone would not address the underlying problem. 

Therefore, the optimal intervention for this patient condition is to **reduce the daily insulin dose (E)**.
 Agent 2 (🧑🏽‍⚕️ diabetes educator) : The patient's symptoms of excessive sweating, hand tremors, and weakness upon waking, coupled with repeatedly high morning blood glucose readings, are classic signs of the Somogyi effect, also known as rebound hyperglycemia. This phenomenon occurs when the body's blood glucose levels drop too low during the night (nocturnal hypoglycemia), triggering a counterregulatory hormone response (like cortisol and glucagon) that causes the liver to release stored glucose. This leads to a surge in blood sugar, resulting in high readings in the morning.

Given this, the optimal intervention is to address the underlying nocturnal hypoglycemia. Let's analyze the options:

*   **(D) Increasing daily insulin dose:** This would likely worsen the nocturnal hypoglycemia, leading to even lower blood sugar levels at night and a more pronounced Somogyi effect.
*   **(E) Reducing daily insulin dose:** This is the most appropriate intervention. By reducing the insulin dose, particularly the long-acting (basal) insulin taken before bed, the risk of nocturnal hypoglycemia is decreased. This, in turn, will prevent the counterregulatory response and the subsequent morning hyperglycemia.
*   **(B) Adding diazepam:** Diazepam is a benzodiazepine used for anxiety and sedation. It is not indicated for managing blood glucose fluctuations in diabetes.
*   **(C) Adding pramlintide:** Pramlintide is an amylin analog that can be used as an adjunct to insulin therapy in both type 1 and type 2 diabetes. While it helps with postprandial glucose control and can reduce mealtime insulin doses, it doesn't directly address the cause of nocturnal hypoglycemia leading to the Somogyi effect. In fact, it can increase the risk of hypoglycemia if not carefully managed.
*   **(A) Reassurance:** This is not appropriate as the patient is experiencing significant symptoms and has abnormal blood glucose readings that require management.

Therefore, reducing the daily insulin dose is the most direct and effective way to address the Somogyi effect in this patient.

The final answer is $\boxed{E}$.
 Agent 3 (👨🏽‍⚕️ clinical psychologist) : Excellent. This is a classic and important case that perfectly illustrates the interplay between the physiological and psychological aspects of diabetes management. As the team's clinical psychologist, here is my analysis and contribution to the care plan.

---

### Analysis of the Clinical Presentation

Thank you for looping me in. From my perspective, this patient's constellation of symptoms—nocturnal episodes of sweating, tremors, and weakness, followed by high morning blood glucose—is a textbook presentation of the **Somogyi effect**, or rebound hyperglycemia.

1.  **The Physiology:** The patient's insulin dose (likely his long-acting or evening dose) is causing his blood glucose to drop too low during the night (nocturnal hypoglycemia).
2.  **The Body's Response:** His body perceives this as a danger and mounts a counter-regulatory response, releasing hormones like glucagon, epinephrine, cortisol, and growth hormone. These hormones trigger the liver to release stored glucose.
3.  **The Result:** This hormonal surge overcorrects the low, leading to high blood glucose levels in the morning. The symptoms he experiences upon waking (sweating, tremors, weakness) are the classic signs of the adrenergic response to hypoglycemia.

### Evaluation of the Proposed Interventions

Based on this understanding, let's evaluate the options from an integrated care standpoint.

*   **(A) Reassurance:** While reassurance is a crucial part of our therapeutic alliance, it is wholly insufficient as a primary intervention. The patient is experiencing a real and dangerous physiological event. Reassuring him without taking action would be negligent and would undermine his trust in our team.

*   **(B) Adding diazepam:** I would strongly advise against this. The patient's symptoms are not a primary anxiety disorder; they are the body's appropriate physiological alarm bells for dangerously low blood sugar. Medicating these symptoms with a sedative like diazepam would be masking a critical warning sign and could prevent him from waking up during a severe hypoglycemic event, which could be life-threatening. The anxiety he feels is *secondary* to these frightening physiological events.

*   **(C) Adding pramlintide:** This medication primarily targets post-meal glucose spikes. It is not the appropriate tool to correct an issue with overnight basal insulin dosing.

*   **(D) Increasing daily insulin dose:** This is the most dangerous option. A provider might mistakenly see the high morning glucose and think the patient needs *more* insulin. This would worsen the nocturnal hypoglycemia, leading to a more severe counter-regulatory response and potentially a medical emergency.

*   **(E) Reducing daily insulin dose:** **This is the optimal medical intervention.** By reducing the insulin dose that is active overnight, we can prevent the initial drop into hypoglycemia. This will, in turn, prevent the body's hormonal overcorrection, and his morning glucose levels should normalize.

### The Psychologist's Role and Integrated Care Plan

My primary role here is to address the significant psychological fallout from these events and support the patient through the medical adjustment. These nocturnal episodes are terrifying and can create a powerful fear response.

Here is my proposed plan, to be implemented concurrently with the medical adjustment managed by the endocrinologist or PCP:

1.  **Psychoeducation:** I will meet with the patient to explain the Somogyi effect in simple, non-alarming terms. Helping him understand *why* this is happening—that it's his body's protective mechanism overreacting to a correctable medication issue—can immediately reduce his anxiety and confusion. Knowledge empowers him and reframes him as an active participant in his own care rather than a passive victim of a mysterious condition.

2.  **Addressing Health Anxiety and Sleep Disturbance:**
    *   **Fear of Sleep:** The patient has likely developed a conditioned fear of going to sleep, anticipating another one of these episodes. This can lead to insomnia and hypervigilance.
    *   **Intervention:** We can use techniques from Cognitive Behavioral Therapy for Insomnia (CBT-I), specifically tailored for diabetes. This includes:
        *   **Cognitive Restructuring:** Challenging catastrophic thoughts like, "What if I don't wake up next time?" and replacing them with more adaptive thoughts based on the new, safer treatment plan.
        *   **Relaxation Techniques:** Teaching him diaphragmatic breathing or progressive muscle relaxation to use before bed to calm his physiological arousal and counter the anxiety response.
        *   **Sleep Hygiene:** Reinforcing good sleep habits that are now disrupted by fear.

3.  **Behavioral Strategies for Empowerment:** We need to help him regain a sense of control. I will work with him and the diabetes educator to:
    *   Reinforce the importance of a consistent bedtime snack containing complex carbohydrates, protein, and fat to help stabilize overnight glucose.
    *   Ensure he is comfortable and confident in checking his blood sugar if he wakes up, or in using a Continuous Glucose Monitor (CGM) if he has one, to see the pattern for himself. A CGM would be an invaluable tool here.

**In summary for the team:**

The correct immediate intervention is **(E) Reducing the daily insulin dose.**

My role will be to manage the significant anxiety, fear of sleep, and sense of helplessness these episodes have caused. By addressing the physiological problem and its psychological consequences simultaneously, we can prevent this from spiraling into long-term sleep avoidance, generalized anxiety, and burnout with diabetes management.

[INFO] Step 3. Collaborative Decision Making
== Round 1 ==
[INFO] Participatory Debate
|_Turn 1
 Agent 1 (🧑‍⚕️ endocrinologist): 🤐
 Agent 2 (🧑🏽‍⚕️ diabetes educator) -> Agent 1 (🧑‍⚕️ endocrinologist) : Dear Endocrinologist,

As a diabetes educator, I've analyzed the case of the 42-year-old male with type 1 diabetes experiencing nocturnal symptoms of sweating, tremors, and weakness, followed by high morning blood glucose. My assessment points strongly to the **Somogyi effect**.

The patient's symptoms are classic indicators of nocturnal hypoglycemia, where the body triggers a counterregulatory response, leading to rebound hyperglycemia. Therefore, the optimal intervention is to **reduce the daily insulin dose (E)**, specifically targeting the basal insulin to prevent this nocturnal drop in blood glucose.

I believe this is the most direct and effective approach to resolve the Somogyi effect.
 Agent 3 (👨🏽‍⚕️ clinical psychologist): 🤐

[INFO] Summary Table
+---------+-----------+-----------+---------+
|         |  Agent 1  |  Agent 2  | Agent 3 |
+---------+-----------+-----------+---------+
| Agent 1 |           | ✋ (1<-2) |         |
|         |           |           |         |
| Agent 2 | ✋ (2->1) |           |         |
|         |           |           |         |
| Agent 3 |           |           |         |
+---------+-----------+-----------+---------+

|_Turn 2
 Agent 1 (🧑‍⚕️ endocrinologist): 🤐
 Agent 2 (🧑🏽‍⚕️ diabetes educator): 🤐
 Agent 3 (👨🏽‍⚕️ clinical psychologist): 🤐
 No agents chose to participate in this turn. End this turn.

[INFO] Moderator Consensus Check
 👨‍⚖️ Moderator consensus check: YES

[INFO] Consensus reached! Ending discussion.

[INFO] Step 4. Final Decision
👨‍⚖️  Moderator's final decision: {0.0: "Based on the thorough discussion and consensus among the multidisciplinary team, the optimal intervention for the 42-year-old man with type 1 diabetes experiencing symptoms indicative of the Somogyi effect is to **reduce the daily insulin dose (E)**. \n\nThe reasoning provided by the endocrinologist, diabetes educator, and clinical psychologist all point to the same conclusion: the patient's nocturnal hypoglycemia is causing a counter-regulatory response that leads to rebound hyperglycemia in the morning. Reducing the insulin dose will address the root cause of the hypoglycemic episodes, thereby stabilizing the patient's blood glucose levels and improving his overall quality of life.\n\nTherefore, the final answer is:\n\n**(E) Reducing daily insulin dose.**"}

[INFO] API calls for this sample: 18

[INFO] Sample 49 completed successfully