[INFO] Processing sample 44

[INFO] Step 1. Expert Recruitment
Agent 1 (👨🏽‍⚕️ Trauma Surgeon): Specializes in the surgical treatment of traumatic injuries, including gunshot wounds.
Agent 2 (👩🏼‍⚕️ Vascular Surgeon): Focuses on the diagnosis and treatment of vascular conditions, including injuries to blood vessels.
Agent 3 (🧑🏿‍⚕️ Emergency Medicine Physician): Trained in the immediate assessment and treatment of acute medical conditions and trauma cases in the emergency setting.

[INFO] Hierarchy Selection
                                   moderator (👨‍⚖️)                                         
                   ┌───────────────────────┴────────────────┐                               
  Emergency Medicine Physician (🧑🏿‍⚕️)           Trauma Surgeon (👨🏽‍⚕️)                     
                                                      └─────────────────┐                   
                                                             Vascular Surgeon (👩🏼‍⚕️)       


[INFO] Step 2. Initial Opinions
 Agent 1 (👨🏽‍⚕️ trauma surgeon) : In the case of a gunshot wound at the level of L3, assessing potential vascular injuries is crucial, especially given the patient’s appearance of shock.

At the level of L3, the primary vascular structure that could potentially be injured is the **inferior vena cava (IVC)** (Option A). 

The renal arteries (Option D) originate at the level of L1-L2, which makes them less likely to be directly affected by a wound at L3. The internal iliac artery (Option B) and internal iliac vein (Option C) lie further down in the pelvis, so while they could be involved depending on the trajectory of the bullet, they are typically not the most immediate concern at L3. The portal vein (Option E) is located anterior to the spine and does not run at the lumbar level, making it a less likely candidate as well.

Thus, the best answer in this context is **(A) Inferior vena cava**.
 Agent 2 (👩🏼‍⚕️ vascular surgeon) : As a vascular surgeon, I'd approach this case systematically. A penetrating wound at the level of L3, especially in a patient in shock, immediately raises concern for injury to major vascular structures in that retroperitoneal region.

Let's analyze the options in the context of the L3 vertebral level:

*   **(A) Inferior vena cava:** The inferior vena cava is a large vein that runs in the retroperitoneum, generally to the right of the aorta. The level of L3 is directly adjacent to the retroperitoneum where the IVC resides. Injury to the IVC can cause significant bleeding and contribute to shock.

*   **(B) Internal iliac artery:** The internal iliac arteries (also known as hypogastric arteries) branch off the common iliac arteries. The common iliac arteries bifurcate at the level of L4-L5, meaning the internal iliac arteries would typically originate slightly below the L3 level. However, given the variability of anatomy and the trajectory of a gunshot wound, it's not impossible for it to be involved, but perhaps less likely than structures at the L3 level.

*   **(C) Internal iliac vein:** Similar to the internal iliac artery, the internal iliac veins would be below the L3 level.

*   **(D) Renal artery:** The renal arteries arise from the aorta at the level of L1 and L2. While L3 is close, the renal arteries themselves are typically a bit superior to this precise level. However, the aorta at the L3 level is the source from which the renal arteries branch, and the aorta itself is a prime suspect for injury. If the bullet caused injury to the aorta at L3, it could also potentially injure branches originating nearby.

*   **(E) Portal vein:** The portal vein is part of the hepatic portal system and is located in the upper abdomen, primarily associated with the liver and spleen. It is far superior to the L3 vertebral level.

Considering the location at L3 and the signs of shock (indicating significant blood loss), the most likely vascular structure to be injured among the options, directly at or in close proximity to the L3 level, is the **inferior vena cava**. Injury to the aorta itself at this level would also be a major concern, and the aorta gives rise to the renal arteries. However, the question asks which vascular structure *might have been injured*, and the IVC is a significant vessel situated at that vertebral level.

Therefore, based on the anatomical location of L3, the **Inferior vena cava** is a highly probable injured structure.

The final answer is $\boxed{A}$.
 Agent 3 (🧑🏿‍⚕️ emergency medicine physician) : Excellent question. This is a critical scenario, and a rapid, accurate anatomical assessment is key to anticipating the next steps.

Based on the location of the injury at the L3 vertebral level, my assessment points to the **(A) Inferior vena cava**.

Here is my reasoning for the team:

1.  **Anatomy at L3:** At the L3 level, the two great vessels—the abdominal aorta and the inferior vena cava (IVC)—are situated directly anterior to the vertebral column. The IVC lies just to the right of the midline. A penetrating wound at this level, especially one that tracks posteriorly, has a very high likelihood of injuring one of these structures. An IVC injury would lead to massive, rapid hemorrhage, consistent with the patient's presentation in shock.

2.  **Evaluating the Other Options:**
    *   **(D) Renal Artery:** The renal arteries typically branch off the aorta superior to this level, usually around L1-L2. While an unusual trajectory or anatomical variant is possible, it's a less likely primary injury at the L3 level.
    *   **(B) Internal Iliac Artery & (C) Internal Iliac Vein:** These are pelvic vessels. The aorta bifurcates into the common iliac arteries at L4, and the common iliac veins join to form the IVC at L5. The internal iliacs are located much lower in the pelvis, making them an incorrect choice for an L3-level injury.
    *   **(E) Portal Vein:** The portal vein is formed posterior to the neck of the pancreas (around L1-L2) and then ascends toward the liver within the hepatoduodenal ligament. It is located superior and more anterior to the great vessels at the L3 level, making it an unlikely target.

**Conclusion:**

Given the options and the anatomical landmarks, the **Inferior Vena Cava** is the most probable major vascular injury in this case. We need to be prepared for massive retroperitoneal hemorrhage. Let's activate the massive transfusion protocol and get a trauma surgeon to the bedside immediately. We should anticipate a direct trip to the operating room for an exploratory laparotomy.

[INFO] Step 3. Collaborative Decision Making
== Round 1 ==
[INFO] Participatory Debate
|_Turn 1
 Agent 1 (👨🏽‍⚕️ trauma surgeon): 🤐
 Agent 2 (👩🏼‍⚕️ vascular surgeon) -> Agent 1 (👨🏽‍⚕️ trauma surgeon) : As a vascular surgeon, my expertise lies in the intricate network of blood vessels and the management of vascular injuries.

To the Trauma Surgeon: My assessment of the gunshot wound at the L3 level in a patient with signs of shock strongly points to the **Inferior Vena Cava (A)** as the most likely injured vascular structure. Anatomically, the IVC is situated directly anterior to the L3 vertebra and injury to this large vessel would readily explain the profound hemorrhage and shock observed. While other retroperitoneal vessels are in the vicinity, the IVC's position makes it the primary suspect.
 Agent 3 (🧑🏿‍⚕️ emergency medicine physician): 🤐

[INFO] Summary Table
+---------+-----------+-----------+---------+
|         |  Agent 1  |  Agent 2  | Agent 3 |
+---------+-----------+-----------+---------+
| Agent 1 |           | ✋ (1<-2) |         |
|         |           |           |         |
| Agent 2 | ✋ (2->1) |           |         |
|         |           |           |         |
| Agent 3 |           |           |         |
+---------+-----------+-----------+---------+

|_Turn 2
 Agent 1 (👨🏽‍⚕️ trauma surgeon): 🤐
 Agent 2 (👩🏼‍⚕️ vascular surgeon): 🤐
 Agent 3 (🧑🏿‍⚕️ emergency medicine physician): 🤐
 No agents chose to participate in this turn. End this turn.

[INFO] Moderator Consensus Check
 👨‍⚖️ Moderator consensus check: YES

[INFO] Consensus reached! Ending discussion.

[INFO] Step 4. Final Decision
👨‍⚖️  Moderator's final decision: {0.0: "Based on the thorough discussion and unanimous consensus among the multidisciplinary team of experts, the final answer to the question regarding which vascular structure might have been injured in the gunshot victim with a penetrating wound at the level of L3 is:\n\n**(A) Inferior vena cava**\n\nThe reasoning is well-supported by anatomical knowledge, as the inferior vena cava is located directly anterior to the L3 vertebra. An injury to this vessel would explain the patient's state of shock due to massive hemorrhage. The other options were systematically ruled out based on their anatomical positions relative to L3, reinforcing the conclusion that the inferior vena cava is the most likely structure to be injured in this scenario. \n\nTherefore, the final answer is $\\boxed{A}$."}

[INFO] API calls for this sample: 18

[INFO] Sample 44 completed successfully