[INFO] Processing sample 23

[INFO] Step 1. Expert Recruitment
Agent 1 (👨🏽‍⚕️ Orthopedist): Specializes in the diagnosis and treatment of musculoskeletal disorders, including back and hip pain.
Agent 2 (👩🏻‍⚕️ Neurologist): Focuses on diagnosing and treating conditions of the nervous system, including nerve-related pain and conditions such as sciatica.
Agent 3 (👨🏽‍⚕️ Physical Medicine and Rehabilitation Specialist (Physiatrist)): Specializes in restoring function and improving quality of life for patients with musculoskeletal issues and pain management.

[INFO] Hierarchy Selection
                 moderator (👨‍⚖️)                                                                                         
          ┌──────────────┴────────────────────────────────────┬────────────────────────────────────────────────┐          
 Orthopedist (👨🏽‍⚕️)        Physical Medicine and Rehabilitation Specialist (Physiatrist) (👨🏽‍⚕️)     Neurologist (👩🏻‍⚕️) 


[INFO] Step 2. Initial Opinions
 Agent 1 (👨🏽‍⚕️ orthopedist) : Based on the provided information, the patient is experiencing lower back pain that radiates to the buttocks and down the leg, which is suggestive of radicular pain, possibly indicating a herniated disc or nerve root irritation. 

Among the options provided, the most helpful maneuver to confirm a diagnosis associated with radiculopathy is:

(C) Straight leg raise. 

The straight leg raise test is commonly used to assess for lumbar nerve root irritation, particularly for L4-S1, which would correspond with the patient's report of pain radiating down the leg. A positive straight leg raise test would elicit pain that travels down the leg, supporting the diagnosis of nerve root involvement due to a herniated disc or other pathology. 

Therefore, (C) Straight leg raise is most likely to help confirm the diagnosis.
 Agent 2 (👩🏻‍⚕️ neurologist) : The patient's presentation of sudden onset lower back pain, radiating into the buttocks and down the leg with an "electrical" quality, is highly suggestive of sciatica. Sciatica is a symptom, not a diagnosis itself, and it commonly results from compression or irritation of the sciatic nerve or its nerve roots. This compression can be caused by various conditions, including a herniated disc, spinal stenosis, or piriformis syndrome.

Let's analyze the provided options in the context of confirming a diagnosis related to sciatica:

*   **C) Straight leg raise:** This is a classic provocative test for sciatica. When the leg is passively raised with the knee extended, it stretches the sciatic nerve and its roots. A positive straight leg raise test (eliciting or reproducing the patient's radicular pain) strongly suggests nerve root irritation, a common cause of sciatica.

*   **A) Palpating the paraspinus muscle:** While muscle tension can contribute to back pain, palpating the paraspinus muscles is more generally related to evaluating for lumbar muscle strain or spasm. It's not as specific for confirming the diagnosis of sciatica itself, which involves nerve involvement.

*   **B) Flexion, abduction, and external rotation of the thigh:** This combination of movements is suggestive of the **Paturel's Test** or **Faber Test**, which is primarily used to evaluate for hip joint pathology (like osteoarthritis or labral tears) or sacroiliac joint dysfunction. While these conditions can sometimes refer pain to the buttock, they are not the primary maneuvers to confirm nerve root compression causing sciatica.

*   **D) Internal rotation of the extended hip:** This maneuver also primarily assesses the hip joint and surrounding structures, including the external rotators of the hip. It can be used to assess for femoroacetabular impingement or tightness of the hip capsule. While piriformis syndrome (a potential cause of sciatica) involves the piriformis muscle (an external rotator), internal rotation of the extended hip isn't the most direct or sensitive test for nerve root compression.

*   **E) Radiography:** While radiography (X-rays) can be helpful in evaluating for bony abnormalities, fractures, or significant degenerative changes in the spine, it is often normal in cases of acute disc herniation, a common cause of sciatica. It doesn't directly confirm nerve root compression. MRI is typically the gold standard imaging modality for visualizing soft tissues like intervertebral discs and nerve roots to identify the cause of sciatica.

Given the patient's description, the straight leg raise test is the most direct and relevant physical examination maneuver to help confirm the presence of nerve root irritation causing the sciatica.

The final answer is $\boxed{C}$.
 Agent 3 (👨🏽‍⚕️ physical medicine and rehabilitation specialist (physiatrist)) : Excellent question. As a physiatrist, my primary goal is to arrive at a precise diagnosis to guide a functional and restorative treatment plan. Let's break down this case from a musculoskeletal and neurologic perspective.

The patient presents with a classic story for acute lumbar radiculopathy, commonly known as sciatica. The key features are:

*   **Mechanism of Injury:** Acute onset after lifting a heavy object, which increases intradiscal pressure and can lead to disc herniation.
*   **Pain Pattern:** Low back and buttock pain that radiates down the leg.
*   **Pain Character:** Described as "electrical," which is highly suggestive of nerve root irritation (neuropathic pain).

My leading diagnosis is a herniated nucleus pulposus (HNP) at the L4-L5 or L5-S1 level, causing compression and inflammation of the corresponding nerve root.

Now, let's evaluate the options to determine which is most likely to help confirm this diagnosis:

---

### **Correct Answer: (C) Straight leg raise**

**My Rationale:**

The Straight Leg Raise (SLR) test, or Lasègue's sign, is the classic physical examination maneuver to detect nerve root tension in the lower lumbar spine, specifically for the L5 and S1 nerve roots which are the most commonly affected.

*   **How it Works:** By passively flexing the patient's hip with the knee extended, we place the sciatic nerve and its nerve roots under tension.
*   **A Positive Test:** If a nerve root is compressed or inflamed (e.g., by a herniated disc), this maneuver will reproduce the patient's characteristic radicular pain—the sharp, "electrical" pain shooting down the leg, typically below the knee. Pain localized only to the back or hamstring is not considered a positive sign for radiculopathy. A positive SLR is highly suggestive of a lumbar disc herniation.

### **Evaluation of Other Options:**

*   **(A) Palpating the paraspinus muscle:** I would certainly do this as part of my comprehensive exam. It would likely reveal muscle spasm and tenderness. However, this finding is non-specific. Muscle guarding is a common reaction to nearly any cause of back pain, including a simple muscle strain. It tells us there is a pain generator in the area but does not confirm nerve root involvement.

*   **(B) Flexion, abduction, and external rotation of the thigh (FABER Test):** This is also known as Patrick's test. This maneuver stresses the hip joint and the sacroiliac (SI) joint. A positive test (pain in the groin or SI joint area) would point towards hip pathology (like osteoarthritis) or SI joint dysfunction as the source of pain. In this case, it would be a useful test to help *rule out* other causes of hip/buttock pain, but it would not help *confirm* a lumbar radiculopathy.

*   **(D) Internal rotation of the extended hip:** This is a component of the hip examination used to assess for intra-articular hip pathology. It is not a provocative test for lumbar radiculopathy.

*   **(E) Radiography (X-ray):** While an X-ray might be ordered later, especially if symptoms persist or if red flags are present, it is not the *best initial step to confirm the diagnosis*. Radiographs are excellent for visualizing bone but do not show soft tissues like intervertebral discs or nerves. An X-ray could show degenerative changes or spondylolisthesis, but it cannot confirm an acute disc herniation causing nerve root compression. An MRI would be the imaging modality of choice for that, but the physical exam, specifically the SLR, is the most direct clinical tool to support the diagnosis at the initial visit.

### **Conclusion for the Team:**

Based on the patient's history, the **Straight Leg Raise** is the most specific and valuable diagnostic maneuver among the choices provided. A positive result would significantly increase our clinical suspicion of lumbar radiculopathy secondary to disc herniation and would guide our initial management strategy, which would focus on pain control, gentle mobilization, and education to restore function.

[INFO] Step 3. Collaborative Decision Making
== Round 1 ==
[INFO] Participatory Debate
|_Turn 1
 Agent 1 (👨🏽‍⚕️ orthopedist): 🤐
 Agent 2 (👩🏻‍⚕️ neurologist) -> Agent 1 (👨🏽‍⚕️ orthopedist) : As a neurologist, my expertise lies in the assessment of nerve-related conditions, including neuropathic pain and nerve root compression. The patient's description of "electrical" pain radiating down his leg, following an acute event of lifting a heavy object, is highly indicative of sciatica, likely due to nerve root irritation.

To the Orthopedist and Physiatrist:

My opinion is that the **Straight Leg Raise (SLR) test (C)** is the most crucial maneuver to help confirm the diagnosis. The "electrical" nature of the pain and its radiation down the leg are classic signs of nerve root compression. The SLR test directly assesses for tension on the sciatic nerve and its roots, and a positive response (reproduction of the radicular pain) strongly supports the diagnosis of lumbar radiculopathy, which is the underlying cause of sciatica in this scenario. While other physical exam findings like muscle palpation are important, and imaging might be necessary later, the SLR is the most direct clinical test to confirm nerve involvement given the symptoms.
 Agent 2 (👩🏻‍⚕️ neurologist) -> Agent 3 (👨🏽‍⚕️ physical medicine and rehabilitation specialist (physiatrist)) : As a neurologist, my expertise is in evaluating nerve function and diagnosing conditions affecting the nervous system, including neuropathic pain and radiculopathy. The patient's report of sudden onset, "electrical" pain radiating down his leg after lifting a heavy object is highly characteristic of sciatica, strongly suggesting irritation or compression of a nerve root in the lumbar spine.

To the Orthopedist and Physiatrist:

I firmly believe that the **Straight Leg Raise (C)** is the most critical test to confirm the diagnosis. The "electrical" quality and radiation pattern of the pain are hallmarks of neuropathic involvement. The SLR test directly stresses the sciatic nerve and its roots. A positive SLR, which reproduces the patient's radicular pain, provides strong clinical evidence for nerve root compression, such as that caused by a herniated disc, which is likely the cause of his sciatica. While other assessments are valuable, the SLR offers the most direct confirmation of nerve root irritation in this presentation.
 Agent 3 (👨🏽‍⚕️ physical medicine and rehabilitation specialist (physiatrist)): 🤐

[INFO] Summary Table
+---------+-----------+-----------+-----------+
|         |  Agent 1  |  Agent 2  |  Agent 3  |
+---------+-----------+-----------+-----------+
| Agent 1 |           | ✋ (1<-2) |           |
|         |           |           |           |
| Agent 2 | ✋ (2->1) |           | ✋ (2->3) |
|         |           |           |           |
| Agent 3 |           | ✋ (3<-2) |           |
+---------+-----------+-----------+-----------+

|_Turn 2
 Agent 1 (👨🏽‍⚕️ orthopedist): 🤐
 Agent 2 (👩🏻‍⚕️ neurologist): 🤐
 Agent 3 (👨🏽‍⚕️ physical medicine and rehabilitation specialist (physiatrist)): 🤐
 No agents chose to participate in this turn. End this turn.

[INFO] Moderator Consensus Check
 👨‍⚖️ Moderator consensus check: YES

[INFO] Consensus reached! Ending discussion.

[INFO] Step 4. Final Decision
👨‍⚖️  Moderator's final decision: {0.0: 'Based on the thorough discussion and consensus among the multidisciplinary team, the final answer to the question regarding which maneuver is most likely to help confirm the diagnosis in this clinical scenario is **(C) Straight leg raise**.\n\nThe reasoning provided by the neurologist, orthopedist, and physiatrist highlights the significance of the Straight Leg Raise (SLR) test in assessing nerve root involvement, particularly in the context of the patient\'s symptoms of "electrical" pain radiating down the leg, which is characteristic of lumbar radiculopathy. The unanimous agreement among the experts reinforces the diagnostic value of this test in confirming the presence of nerve root compression, likely due to a herniated disc following the acute lifting incident.\n\nTherefore, the final decision is:\n\n**Answer: (C) Straight leg raise**.'}

[INFO] API calls for this sample: 19

[INFO] Sample 23 completed successfully