[INFO] Processing sample 43

[INFO] Step 1. Expert Recruitment
Agent 1 (👨🏻‍⚕️ Hematologist): Specializes in blood disorders and their effects on the blood system.
Agent 2 (🧑🏽‍⚕️ Medical Geneticist): Specializes in the study of genetic mutations and inherited disorders.
Agent 3 (👨🏽‍⚕️ Pathologist): Focuses on diagnosing diseases by examining cells and tissues, including blood smears.

[INFO] Hierarchy Selection
                   moderator (👨‍⚖️)                                               
           ┌───────────────┴───────────┬───────────────────────────┐              
  Hematologist (👨🏻‍⚕️)        Pathologist (👨🏽‍⚕️)      Medical Geneticist (🧑🏽‍⚕️) 


[INFO] Step 2. Initial Opinions
 Agent 1 (👨🏻‍⚕️ hematologist) : In a patient with thalassemia intermedia due to a mutation in the Kozak sequence of the Beta-globin gene, the expected finding on a blood smear would be (C) Microcytic red blood cells. 

Thalassemia intermedia is characterized by a moderate reduction in beta-globin production, leading to insufficient hemoglobin synthesis. As a result, the red blood cells produced are typically smaller than normal (microcytic) due to the insufficient hemoglobin content. Other potential findings in thalassemia can include target cells, but the microcytic nature of the red blood cells is a hallmark feature associated with this condition.
 Agent 2 (🧑🏽‍⚕️ medical geneticist) : The question describes a mutation in the Kozak sequence of the Beta-globin gene that leads to **decreased translation of Beta-globin mRNA**. This means there will be **less Beta-globin protein produced**. Beta-globin is a crucial component of hemoglobin. Reduced production of Beta-globin leads to a **reduction in functional hemoglobin**, which is characteristic of **thalassemia**.

Now let's consider the options in the context of thalassemia:

*   **(A) Macrocytic red blood cells:** Macrocytosis (large red blood cells) is typically seen in conditions like megaloblastic anemia (Vitamin B12 or folate deficiency) or liver disease, not thalassemia.
*   **(B) Hyperchromic red blood cells:** Hyperchromia (red blood cells with more hemoglobin than normal) is not a typical finding in thalassemia. In fact, thalassemia is often associated with hypochromia.
*   **(C) Microcytic red blood cells:** In thalassemia, the bone marrow struggles to produce enough hemoglobin due to the lack of sufficient globin chains. This results in the production of red blood cells that are smaller than normal, a condition known as **microcytosis**.
*   **(D) Bite cells:** Bite cells are typically seen in conditions where red blood cells are damaged by the spleen, such as in G6PD deficiency or after splenectomy. They are not a primary feature of thalassemia.
*   **(E) Ringed sideroblasts:** Ringed sideroblasts are red blood cell precursors found in the bone marrow that contain iron granules arranged in a ring around the nucleus. This is characteristic of **sideroblastic anemia**, a different type of anemia where iron is not effectively incorporated into hemoglobin.

Given that the mutation leads to reduced Beta-globin production and thus impaired hemoglobin synthesis, the resulting red blood cells will be smaller and paler (hypochromic). Therefore, microcytosis is the expected finding.

The final answer is $\boxed{C}$.
 Agent 3 (👨🏽‍⚕️ pathologist) : Excellent question, team. Let's break this down from a hematopathology perspective.

Based on the clinical information provided—a mutation in the Kozak sequence of the beta-globin gene leading to decreased translation and a thalassemia intermedia phenotype—the correct answer is **(C) Microcytic red blood cells**.

Here is the reasoning behind this conclusion, detailing what we would expect to see on the peripheral blood smear:

### Pathophysiological Basis

1.  **The Core Defect:** The fundamental problem in beta-thalassemia is the reduced or absent synthesis of beta-globin chains, which are essential components of adult hemoglobin (HbA, α₂β₂). The described mutation impairs the initiation of translation, leading to a significant decrease in beta-globin protein production.

2.  **Impaired Hemoglobinization:** With fewer beta-globin chains available, the overall production of hemoglobin within each developing red blood cell (erythroblast) is severely reduced. Hemoglobin is the main determinant of a red blood cell's volume and color.

3.  **Resulting Morphology:** The bone marrow attempts to compensate for the low hemoglobin content by allowing the erythroblasts to undergo an extra cell division before maturation. This process results in red blood cells that are smaller than normal, a finding we call **microcytosis** (low Mean Corpuscular Volume, or MCV). Because each small cell also contains less hemoglobin, it appears pale with an increased area of central pallor, a feature we call **hypochromia** (low Mean Corpuscular Hemoglobin, or MCH).

### Expected Blood Smear Findings in Thalassemia Intermedia

While microcytosis is the key feature, a patient with thalassemia intermedia would show a much more dramatic picture than someone with a simple thalassemia trait. We would expect to see:

*   **Marked Microcytosis and Hypochromia:** The red cells will be noticeably small and pale.
*   **Significant Anisopoikilocytosis:** There will be a high degree of variation in both the size (anisocytosis) and shape (poikilocytosis) of the red blood cells.
*   **Target Cells (Codocytes):** These are very characteristic of thalassemia. They appear due to an excess of cell membrane relative to the cell's hemoglobin content.
*   **Basophilic Stippling:** Fine or coarse blue granules within the cytoplasm of the red cells, representing aggregated ribosomes.
*   **Teardrop Cells (Dacrocytes):** Often seen due to the cells being damaged as they pass through an enlarged spleen (extramedullary hematopoiesis).
*   **Nucleated Red Blood Cells (Normoblasts):** The bone marrow is under extreme stress to produce red cells, and it may release immature forms into the circulation.

### Evaluation of Other Options

*   **(A) Macrocytic red blood cells:** Incorrect. Macrocytosis (large RBCs) is characteristic of megaloblastic anemias (B12/folate deficiency) or liver disease, not disorders of hemoglobin synthesis like thalassemia.
*   **(B) Hyperchromic red blood cells:** Incorrect. Hyperchromia (loss of central pallor) is a feature of spherocytes, seen in conditions like hereditary spherocytosis. Thalassemia causes *hypochromia* due to a lack of hemoglobin.
*   **(D) Bite cells:** Incorrect. Bite cells are classically associated with G6PD deficiency, where splenic macrophages remove Heinz bodies (precipitated, denatured hemoglobin) from the RBCs. While thalassemia does involve precipitation of excess alpha-chains, "bite cells" are not the defining or typical feature on a standard Wright-Giemsa stain.
*   **(E) Ringed sideroblasts:** Incorrect. Ringed sideroblasts are found in the *bone marrow*, not typically on a peripheral smear. They are erythroblasts with iron-laden mitochondria encircling the nucleus, characteristic of sideroblastic anemias, which are disorders of *heme* synthesis, not *globin* synthesis.

**In summary, the decreased synthesis of beta-globin directly results in under-hemoglobinized red blood cells. The primary and most defining morphological consequence of this on a peripheral blood smear is microcytosis.**

[INFO] Step 3. Collaborative Decision Making
== Round 1 ==
[INFO] Participatory Debate
|_Turn 1
 Agent 1 (👨🏻‍⚕️ hematologist): 🤐
 Agent 2 (🧑🏽‍⚕️ medical geneticist) -> Agent 1 (👨🏻‍⚕️ hematologist) : As a medical geneticist, I understand that mutations in the Kozak sequence, which is crucial for translation initiation, directly impact protein synthesis. In this case, the mutation in the Beta-globin gene's Kozak sequence leads to *decreased* Beta-globin production.

**My opinion to the Hematologist and Pathologist:**

Given the mutation's effect on translation, the core issue is **reduced Beta-globin synthesis**, leading to **insufficient hemoglobin production**. This directly results in **microcytosis** (smaller red blood cells) and **hypochromia** (paler red blood cells) due to the impaired hemoglobinization of developing erythrocytes. Therefore, a blood smear would primarily show **microcytic red blood cells**. The other options are not direct consequences of reduced globin chain synthesis and impaired hemoglobinization.
 Agent 2 (🧑🏽‍⚕️ medical geneticist) -> Agent 3 (👨🏽‍⚕️ pathologist) : As a medical geneticist, I am focused on the genetic basis of inherited disorders and their molecular consequences. The question highlights a specific mutation in the Kozak sequence of the Beta-globin gene that impairs translation.

**My opinion to the Hematologist and Pathologist:**

My expertise emphasizes that impaired translation of the Beta-globin mRNA directly translates to **reduced Beta-globin protein levels**. This deficiency is the hallmark of beta-thalassemia. Consequently, the ability of red blood cells to synthesize sufficient hemoglobin is compromised, leading to **microcytosis** and hypochromia. Therefore, the most expected finding on a blood smear would be **microcytic red blood cells**. The mechanism is a direct consequence of the genetic defect affecting protein synthesis.
 Agent 3 (👨🏽‍⚕️ pathologist): 🤐

[INFO] Summary Table
+---------+-----------+-----------+-----------+
|         |  Agent 1  |  Agent 2  |  Agent 3  |
+---------+-----------+-----------+-----------+
| Agent 1 |           | ✋ (1<-2) |           |
|         |           |           |           |
| Agent 2 | ✋ (2->1) |           | ✋ (2->3) |
|         |           |           |           |
| Agent 3 |           | ✋ (3<-2) |           |
+---------+-----------+-----------+-----------+

|_Turn 2
 Agent 1 (👨🏻‍⚕️ hematologist): 🤐
 Agent 2 (🧑🏽‍⚕️ medical geneticist): 🤐
 Agent 3 (👨🏽‍⚕️ pathologist): 🤐
 No agents chose to participate in this turn. End this turn.

[INFO] Moderator Consensus Check
 👨‍⚖️ Moderator consensus check: YES

[INFO] Consensus reached! Ending discussion.

[INFO] Step 4. Final Decision
👨‍⚖️  Moderator's final decision: {0.0: "Based on the thorough discussion and consensus among the multidisciplinary team, the final answer to the question regarding the expected blood smear findings in a patient with a mutation in the Kozak sequence of the Beta-globin gene, leading to thalassemia intermedia, is:\n\n**(C) Microcytic red blood cells.**\n\nThe reasoning is well-supported by the experts' insights, which connect the genetic mutation to its effects on protein synthesis, hemoglobin production, and ultimately the morphological characteristics of the red blood cells observed in a blood smear. All experts agree that the primary consequence of reduced Beta-globin synthesis is microcytosis, making this the most appropriate answer."}

[INFO] API calls for this sample: 19

[INFO] Sample 43 completed successfully