[INFO] Processing sample 40

[INFO] Step 1. Expert Recruitment
Agent 1 (🧑‍⚕️ Trauma Surgeon): Specializes in the surgical treatment of traumatic injuries and is experienced in managing complex cases involving multiple systems.
Agent 2 (🧑🏽‍⚕️ Pulmonologist): Specializes in the diagnosis and treatment of respiratory system disorders, particularly in assessing lung injuries and respiratory failure.
Agent 3 (👨🏻‍⚕️ Radiologist): Specializes in interpreting medical imaging, particularly in diagnosing traumatic injuries using X-rays, CT scans, and MRIs.

[INFO] Hierarchy Selection
                   moderator (👨‍⚖️)                                         
           ┌───────────────┴───────────┬────────────────────────┐           
 Trauma Surgeon (🧑‍⚕️)        Radiologist (👨🏻‍⚕️)     Pulmonologist (🧑🏽‍⚕️) 


[INFO] Step 2. Initial Opinions
 Agent 1 (🧑‍⚕️ trauma surgeon) : The presentation and findings of this 26-year-old woman following a high-speed motor vehicle collision suggest a serious and complicated injury. Key findings include:

- Severe respiratory distress with low oxygen saturation (70%).
- Decreased breath sounds and dullness to percussion over the left lung base, which can indicate fluid or a mass effect in the pleural space.
- Widened mediastinum on chest x-ray, which raises concern for vascular injury.
- Fractured second rib and depression of the left mainstem bronchus also indicate significant thoracic injury.

Given these findings, the most likely diagnosis is:

**(C) Thoracic aortic rupture.**

A widened mediastinum, especially combined with severe trauma, raises suspicion for injury to the thoracic aorta. The other options also present specific scenarios, but the combination of respiratory distress, mediastinal widening, and mechanism of injury strongly points towards a thoracic aortic rupture. 

Other options can be considered, but they are less consistent with the provided data:
- Thoracic aortic rupture fits the critical signs seen in this trauma setting, taking precedence in the differential diagnosis due to the life-threatening nature of the injury. 
- Traumatic bronchial rupture and diaphragmatic rupture could also be considered but do not align with the full clinical picture as well as aortic injury does.
- Tension pneumothorax could be postulated, particularly with decreased breath sounds, but the severity of mediastinal shift and low blood pressure more strongly suggests vascular injury over simple air accumulation.
- Cardiac tamponade is less likely due to absence of jugular venous distention and heart sounds, which are more classic signs of that condition.

Therefore, the answer is (C) Thoracic aortic rupture.
 Agent 2 (🧑🏽‍⚕️ pulmonologist) : The patient presents with signs and symptoms highly suggestive of a significant thoracic injury following a high-speed motor vehicle collision. Let's analyze the findings in the context of the differential diagnoses provided:

*   **Lethargy and incoherence, respiratory distress, tachypnea, tachycardia, and hypotension:** These are general signs of shock and hypoxemia, which can be caused by various severe injuries.
*   **Low oxygen saturation (70% on room air):** This indicates severe impairment of oxygenation.
*   **Dullness to percussion and decreased breath sounds over the left lung base:** This suggests a problem in the left hemithorax, such as hemothorax or consolidation.
*   **Chest X-ray findings:**
    *   **Fractured left second rib:** This indicates significant blunt force trauma to the chest.
    *   **Depression of the left mainstem bronchus:** This is a crucial finding suggesting a severe injury to the airway.
    *   **Deviation of the nasogastric tube to the right:** This implies a mediastinal shift, pushing the trachea and esophagus to the right, which is often caused by increased pressure in the left hemithorax or a mediastinal abnormality.
    *   **Widened mediastinum:** This is a classic sign of aortic injury, but can also be seen in other mediastinal injuries.

Now let's consider the options:

*   **(B) Traumatic bronchial rupture:** A rupture of a mainstem bronchus, especially a left mainstem bronchus given the depression noted on the X-ray, would explain the severe respiratory distress, profound hypoxemia, and potentially the mediastinal shift and decreased breath sounds due to air leak or atelectasis. The fractured rib is consistent with the mechanism of injury. While less common than other thoracic injuries, it can occur with severe blunt trauma and the radiographic findings are highly suggestive.

*   **(A) Diaphragmatic rupture:** While possible with severe blunt abdominal/thoracic trauma, a diaphragmatic rupture typically presents with abdominal symptoms (due to herniation of abdominal contents into the chest) and may cause unilateral decreased breath sounds. The chest X-ray findings of bronchial depression and widened mediastinum are not directly explained by a diaphragmatic rupture.

*   **(C) Thoracic aortic rupture:** A widened mediastinum is a hallmark of thoracic aortic rupture. However, the depression of the left mainstem bronchus is not a typical finding in isolated aortic rupture. While aortic rupture is a life-threatening emergency, the specific airway finding points more strongly to another diagnosis.

*   **(E) Tension pneumothorax:** This would cause a significant mediastinal shift to the opposite side and severe respiratory distress. However, a tension pneumothorax is typically characterized by hyperresonance to percussion and absent breath sounds on the affected side, not dullness. Also, the depression of the mainstem bronchus is not a direct consequence of tension pneumothorax.

*   **(D) Cardiac tamponade:** This presents with hypotension, muffled heart sounds, and distended neck veins (Beck's triad). While the patient is hypotensive and tachycardic, the specific chest X-ray findings, particularly the depressed bronchus, are not explained by cardiac tamponade.

Considering all the findings, the **depression of the left mainstem bronchus** on chest X-ray, in conjunction with the severe respiratory distress, hypoxemia, and other signs of chest trauma, is most strongly indicative of a **traumatic bronchial rupture**. The mediastinal deviation and widened mediastinum could be secondary to the bronchial injury, air trapping, or other associated injuries.

The final answer is $\boxed{B}$.
 Agent 3 (👨🏻‍⚕️ radiologist) : Excellent case presentation. As the radiologist on the team, my analysis of the imaging findings in conjunction with the patient's clinical status points strongly to one diagnosis.

Let's break down the findings:

**Clinical Picture:**
*   **High-energy mechanism:** High-speed MVC is a classic cause of major thoracic trauma.
*   **Hemodynamic instability:** The patient is in shock (hypotension, tachycardia) and severe respiratory distress with hypoxia. This indicates a life-threatening injury, likely involving massive hemorrhage or cardiopulmonary compromise.

**Radiological Findings (Chest X-ray):**
This is where the diagnosis becomes clearer. The combination of findings is highly specific.

1.  **Widened Mediastinum:** This is the most classic, albeit non-specific, sign of a great vessel injury on a supine chest x-ray. It suggests a mediastinal hematoma, most commonly from an aortic injury.
2.  **Fractured Left Second Rib:** Fractures of the first three ribs are markers of severe, high-energy trauma because these ribs are well-protected. A second rib fracture has a strong association with underlying vascular (aortic, subclavian) and brachial plexus injuries.
3.  **Depression of the Left Mainstem Bronchus:** A hematoma from a tear at the aortic isthmus (the most common site of traumatic rupture) will expand in the superior mediastinum and push the left mainstem bronchus inferiorly. This is a very specific sign.
4.  **Deviation of the Nasogastric (NG) Tube to the Right:** The NG tube lies within the esophagus. A mediastinal hematoma will displace the esophagus and the trachea to the right, which is reflected by the path of the NG tube.

**Putting It All Together:**

*   **(A) Diaphragmatic rupture:** While possible with this mechanism, it would typically elevate the left mainstem bronchus and cause the NG tube to deviate superiorly into the chest, not just to the right. It doesn't explain the widened mediastinum in this classic pattern.
*   **(B) Traumatic bronchial rupture:** This would more likely present with pneumomediastinum, subcutaneous emphysema, and a persistent, large pneumothorax. It does not explain the specific mass effect (hematoma) causing the depression of the bronchus and deviation of the NG tube.
*   **(D) Cardiac tamponade:** This results from bleeding into the pericardial sac. While it can cause shock, the chest x-ray would not typically show these specific mediastinal shifts. The cardiac silhouette might be enlarged, but the primary mass effect seen here is superior to the heart.
*   **(E) Tension pneumothorax:** This would present with hyperresonance to percussion (not dullness), and the x-ray would show a complete lung collapse with a marked shift of the *entire* mediastinum to the contralateral side, not the specific signs of a localized hematoma described.

Therefore, the combination of a high-energy deceleration injury, shock, and the classic chest x-ray tetrad (widened mediastinum, high rib fracture, left mainstem bronchus depression, and NG tube deviation) makes one diagnosis far more likely than the others.

The most likely diagnosis is **(C) Thoracic aortic rupture**.

My recommendation is an immediate CT angiogram of the chest to confirm the diagnosis and delineate the extent of the injury, while simultaneously activating the cardiothoracic surgery team. This is a time-critical surgical emergency.

[INFO] Step 3. Collaborative Decision Making
== Round 1 ==
[INFO] Participatory Debate
|_Turn 1
 Agent 1 (🧑‍⚕️ trauma surgeon): 🤐
 Agent 2 (🧑🏽‍⚕️ pulmonologist) -> Agent 1 (🧑‍⚕️ trauma surgeon) : To the Trauma Surgeon and Radiologist:

My expertise is in pulmonology, with a focus on respiratory injuries and failure. While I acknowledge the compelling evidence for thoracic aortic rupture presented by the radiologist and trauma surgeon, I wish to highlight the profound significance of the *depression of the left mainstem bronchus* in conjunction with the severe hypoxia and respiratory distress.

My opinion remains that **traumatic bronchial rupture** (Option B) is a strong contender, and potentially the *most* likely diagnosis. While a mediastinal hematoma from aortic injury can depress the bronchus, a direct bronchial rupture itself can lead to significant airway compromise, atelectasis (explaining dullness and decreased breath sounds), and profound hypoxemia, all of which are hallmarks of this patient's presentation. The mediastinal widening and NG tube deviation could be secondary to air trapping or a contained hemothorax related to the bronchial injury, rather than solely from an aortic tear.

I believe a definitive diagnosis hinges on further imaging that can differentiate between a mediastinal hematoma *compressing* the bronchus and a *disruption* of the bronchus itself. Given the severity of her respiratory symptoms, I advocate for prioritizing a clear visualization of the airway's integrity.
 Agent 2 (🧑🏽‍⚕️ pulmonologist) -> Agent 3 (👨🏻‍⚕️ radiologist) : To the Pulmonologist and Trauma Surgeon:

As the radiologist on this case, I stand by my initial assessment. While I appreciate the pulmonologist's concern for traumatic bronchial rupture and its potential to cause severe respiratory compromise, the radiographic findings, particularly in concert, are overwhelmingly suggestive of a thoracic aortic injury.

The **widened mediastinum**, coupled with the **fractured second rib**, is the classic presentation for an aortic tear, specifically at the isthmus. Furthermore, the **depression of the left mainstem bronchus** and **deviation of the nasogastric tube to the right** are highly specific signs of a large mediastinal hematoma, which is the direct consequence of such an aortic injury. This hematoma is what is causing the mass effect on the airway and esophagus, leading to the observed displacement.

While a bronchial rupture could explain some symptoms, it typically presents with pneumomediastinum and persistent pneumothorax, and the specific *pattern* of mediastinal widening and compression seen on the X-ray strongly favors a vascular origin for the mediastinal hematoma.

Therefore, I remain confident that **thoracic aortic rupture** (Option C) is the most likely diagnosis, and immediate confirmation via CT angiography is critical.
 Agent 3 (👨🏻‍⚕️ radiologist): 🤐

[INFO] Summary Table
+---------+-----------+-----------+-----------+
|         |  Agent 1  |  Agent 2  |  Agent 3  |
+---------+-----------+-----------+-----------+
| Agent 1 |           | ✋ (1<-2) |           |
|         |           |           |           |
| Agent 2 | ✋ (2->1) |           | ✋ (2->3) |
|         |           |           |           |
| Agent 3 |           | ✋ (3<-2) |           |
+---------+-----------+-----------+-----------+

|_Turn 2
 Agent 1 (🧑‍⚕️ trauma surgeon): 🤐
 Agent 2 (🧑🏽‍⚕️ pulmonologist): 🤐
 Agent 3 (👨🏻‍⚕️ radiologist): 🤐
 No agents chose to participate in this turn. End this turn.

[INFO] Moderator Consensus Check
 👨‍⚖️ Moderator consensus check: YES

[INFO] Consensus reached! Ending discussion.

[INFO] Step 4. Final Decision
👨‍⚖️  Moderator's final decision: {0.0: '**Final Answer: (C) Thoracic aortic rupture.**\n\nThe multidisciplinary team, including the trauma surgeon, pulmonologist, and radiologist, converged on this diagnosis after thorough discussion of the clinical presentation and imaging findings. The combination of a widened mediastinum, fractured second rib, depression of the left mainstem bronchus, and deviation of the nasogastric tube strongly indicates a thoracic aortic rupture with a resultant mediastinal hematoma. The consensus reflects a careful consideration of the evidence, prioritizing the life-threatening nature of the aortic injury and the need for immediate surgical intervention.'}

[INFO] API calls for this sample: 19

[INFO] Sample 40 completed successfully