[INFO] Processing sample 26

[INFO] Step 1. Expert Recruitment
Agent 1 (👨🏽‍⚕️ Cardiologist): Focuses on the diagnosis and treatment of heart and blood vessel-related conditions.
Agent 2 (🧑🏽‍⚕️ Hematologist): Specializes in blood disorders and related cardiovascular implications.
Agent 3 (🧑‍⚕️ Physiologist): Expert in the understanding of bodily functions and responses to physical changes, particularly in cardiovascular dynamics.

[INFO] Hierarchy Selection
                   moderator (👨‍⚖️)                                         
           ┌───────────────┴───────────┬────────────────────────┐           
  Cardiologist (👨🏽‍⚕️)        Physiologist (🧑‍⚕️)      Hematologist (🧑🏽‍⚕️) 


[INFO] Step 2. Initial Opinions
 Agent 1 (👨🏽‍⚕️ cardiologist) : In this scenario, the patient is a 47-year-old executive with a mid-systolic murmur that radiates to the carotids, which is suggestive of aortic stenosis. When the physician instructs the patient to stand from a supine position, we need to consider the hemodynamic changes that occur with this maneuver.

When a patient stands up, there is typically a decrease in venous return to the heart due to the effects of gravity. This leads to several cardiovascular changes:

- **Decreased preload:** Standing reduces the volume of blood returning to the heart (preload), which may decrease left atrial and left ventricular filling.
- **Decreased stroke volume:** With lower preload, the stroke volume decreases, which can lead to a decrease in cardiac output temporarily until compensatory mechanisms (like increased heart rate) kick in.
- **Increased heart rate:** Reflex tachycardia may occur as a compensatory mechanism to maintain cardiac output.

Given this understanding, we can evaluate the options provided:

(A) An increase in right atrial pressure: This is unlikely because standing decreases venous return to the heart.

(B) An increase in left ventricular end-diastolic pressure: This is also unlikely, as decreased venous return would lead to a decrease in left ventricular filling pressures.

(C) An increase in pulmonary capillary wedge pressure: This would not happen either, as lower preload generally leads to reduced left atrial and pulmonary pressures.

(D) A reduction in the slope of the pacemaker potential: This is not directly related to the hemodynamic effects discussed.

(E) A reduction in diastolic filling time: This would be the most accurate option regarding the changes experienced. While standing is accompanied by a decreased volume returning to the heart, the heart may beat at a faster rate, which can potentially reduce diastolic filling time.

Therefore, the best answer is **(E) A reduction in diastolic filling time.**
 Agent 2 (🧑🏽‍⚕️ hematologist) : The patient presents with a mid-systolic murmur in the 2nd left intercostal space radiating to the carotids. This finding is highly suggestive of aortic stenosis. The maneuver described (standing from a supine position) is a common bedside test used to differentiate between various murmurs, particularly to distinguish hypertrophic cardiomyopathy from other causes of outflow tract obstruction.

Let's analyze the physiological changes that occur when a person stands from a supine position:

1.  **Venous Return Decreases:** Gravity causes blood to pool in the lower extremities and splanchnic circulation, leading to a decrease in venous return to the heart.
2.  **Preload Decreases:** Reduced venous return results in a decrease in right atrial pressure, right ventricular end-diastolic volume, and consequently, left ventricular end-diastolic volume. This is a decrease in preload.
3.  **Afterload Increases (slightly):** There can be a mild increase in systemic vascular resistance as the body attempts to compensate for the postural change.
4.  **Contractility Changes:** In the absence of autonomic dysfunction, contractility may increase slightly due to the Bainbridge reflex or sympathetic activation.
5.  **Heart Rate Increases:** The baroreceptor reflex, stimulated by the drop in blood pressure due to reduced venous return, leads to an increase in heart rate.
6.  **Diastolic Filling Time Decreases:** The increased heart rate shortens both systole and diastole. However, diastole shortens proportionally more than systole, leading to a reduction in diastolic filling time.

Now let's evaluate the options in the context of these physiological changes and their impact on murmurs:

*   **(A) An increase in right atrial pressure:** Standing from a supine position *decreases* venous return, thus *decreasing* right atrial pressure. So, this is incorrect.

*   **(B) An increase in left ventricular end-diastolic pressure:** Left ventricular end-diastolic pressure (LVEDP) is a measure of preload. As explained above, standing leads to decreased venous return and pooling of blood in the lower extremities, which *reduces* preload and therefore *decreases* LVEDP. So, this is incorrect.

*   **(C) An increase in pulmonary capillary wedge pressure:** Pulmonary capillary wedge pressure (PCWP) is an indirect measure of left atrial pressure and is closely related to left ventricular end-diastolic pressure. Since LVEDP decreases, PCWP will also *decrease*. So, this is incorrect.

*   **(D) A reduction in the slope of the pacemaker potential:** The pacemaker potential (Phase 4 of the action potential in sinoatrial node cells) is influenced by autonomic tone. Standing leads to increased sympathetic and decreased parasympathetic activity, both of which *increase* the slope of the pacemaker potential, leading to an increased heart rate. Therefore, a *reduction* in the slope would be incorrect.

*   **(E) A reduction in diastolic filling time:** As mentioned earlier, standing from a supine position typically leads to an increase in heart rate. An increased heart rate shortens the cardiac cycle, and diastole is shortened more than systole, resulting in a *reduction* in diastolic filling time. This is a consistent physiological change.

**Relevance to the murmur:**
The murmur of aortic stenosis is typically related to flow across a narrowed aortic valve. While preload reduction would generally *decrease* the intensity of most murmurs, the question asks about physiological changes. For hypertrophic cardiomyopathy (HOCM), a condition that can also cause a mid-systolic murmur, standing from supine *increases* the murmur intensity because it decreases preload, thus increasing the degree of left ventricular outflow tract obstruction. However, the question asks about general physiological changes and the options are physiological parameters. The most consistent and direct physiological change among the options when standing from supine is the reduction in diastolic filling time due to the increased heart rate.

The final answer is $\boxed{E}$.
 Agent 3 (🧑‍⚕️ physiologist) : As a physiologist on the team, I can break down the cardiovascular dynamics of this maneuver.

The question asks what happens when a person stands up from a supine (lying down) position. This is a classic test of the body's baroreceptor reflex.

Here is the step-by-step physiological cascade:

1.  **Initial Change (Gravity's Effect):** When the patient stands, gravity pulls blood downward, causing it to pool in the large veins of the legs and abdomen.
2.  **Decreased Venous Return:** This venous pooling immediately reduces the amount of blood returning to the right atrium of the heart.
3.  **Decreased Preload:** The reduction in venous return leads to a decrease in cardiac preload. This means:
    *   Right atrial pressure decreases. (Option A is incorrect)
    *   Right and left ventricular filling (end-diastolic volumes and pressures) decrease. (Option B is incorrect)
    *   Pulmonary capillary wedge pressure (an estimate of left atrial pressure) decreases. (Option C is incorrect)
4.  **Drop in Cardiac Output and Blood Pressure:** According to the Frank-Starling mechanism, reduced preload leads to a reduced stroke volume. The drop in stroke volume causes a transient fall in cardiac output and, consequently, a drop in mean arterial pressure.
5.  **Baroreceptor Reflex (The Compensation):** This drop in blood pressure is detected by baroreceptors in the carotid sinus and aortic arch. They send signals to the brainstem, which orchestrates a compensatory response via the autonomic nervous system.
6.  **Autonomic Response:**
    *   **Increased Sympathetic Output:** The sympathetic nervous system is activated.
    *   **Decreased Parasympathetic (Vagal) Output:** The parasympathetic system is inhibited.
7.  **Cardiovascular Effects of the Reflex:**
    *   **Increased Heart Rate (Tachycardia):** The combination of increased sympathetic and decreased parasympathetic tone causes the sinoatrial (SA) node to fire more rapidly. This is achieved by *increasing*, not reducing, the slope of the pacemaker potential (Phase 4 depolarization). (Option D is incorrect).
    *   **Increased Contractility:** Sympathetic stimulation makes the heart muscle contract more forcefully.
    *   **Vasoconstriction:** Sympathetic stimulation causes arterioles to constrict, increasing total peripheral resistance.
    *   These compensatory changes work together to bring blood pressure back to normal.

**Analyzing the Correct Option:**

The key to the correct answer lies in the compensatory tachycardia (increased heart rate). When the heart beats faster, the total time for each cardiac cycle is shortened. While both systole (contraction) and diastole (relaxation/filling) are shortened, diastole is shortened disproportionately more than systole. Therefore, an increased heart rate directly leads to **a reduction in diastolic filling time**.

**Conclusion:**

Based on the physiological response to standing, the correct option is **(E) A reduction in diastolic filling time**. This is a direct consequence of the compensatory tachycardia initiated by the baroreceptor reflex to counteract the initial drop in blood pressure.

[INFO] Step 3. Collaborative Decision Making
== Round 1 ==
[INFO] Participatory Debate
|_Turn 1
 Agent 1 (👨🏽‍⚕️ cardiologist): 🤐
 Agent 2 (🧑🏽‍⚕️ hematologist) -> Agent 1 (👨🏽‍⚕️ cardiologist) : To the Cardiologist and Physiologist,

Regarding the physiological response to standing from a supine position in the context of the presented murmur, my expertise as a hematologist, focusing on the cardiovascular implications of blood disorders, emphasizes the importance of understanding the hemodynamic shifts that affect the heart.

My opinion is that **(E) A reduction in diastolic filling time** is the most accurate answer.

Reasoning: Standing from a supine position triggers a rapid baroreceptor-mediated sympathetic response. This leads to increased heart rate through an increased slope of the pacemaker potential and increased contractility. The increased heart rate, by definition, shortens the cardiac cycle, and critically, diastole is shortened more than systole, thus reducing the time available for ventricular filling. This is a fundamental hemodynamic consequence of the postural change, irrespective of the specific valvular lesion, although it impacts murmur intensity differently in various conditions. While the murmur itself is a key diagnostic clue, the question specifically asks about physiological changes, and reduced diastolic filling time is a direct and unavoidable consequence of the compensatory tachycardia.
 Agent 2 (🧑🏽‍⚕️ hematologist) -> Agent 3 (🧑‍⚕️ physiologist) : To the Hematologist and Physiologist,

My expertise as a cardiologist is crucial here, as the question hinges on interpreting the physiological changes elicited by a specific maneuver used in cardiac physical examination. The described murmur (mid-systolic, 2nd left intercostal space, radiating to carotids) strongly suggests **aortic stenosis**.

I concur with the previously established consensus: **(E) A reduction in diastolic filling time** is the correct answer.

Reasoning: When the patient stands from a supine position, the immediate effect is a decrease in venous return due to gravitational pooling of blood in the lower extremities. This leads to a decrease in preload (left ventricular end-diastolic volume/pressure) and consequently, a drop in cardiac output and blood pressure. The baroreceptor reflex is activated, leading to an increase in sympathetic tone and a decrease in parasympathetic tone. This results in:
1.  **Increased Heart Rate:** Achieved by increasing the slope of the pacemaker potential (contradicting option D).
2.  **Increased Contractility.**
3.  **Vasoconstriction.**

The significant increase in heart rate is the most direct and impactful change relevant to the options. A faster heart rate shortens the cardiac cycle. While both systole and diastole shorten, diastole is shortened disproportionately. Therefore, the time available for the ventricles to fill with blood during diastole is **reduced**. This reduced diastolic filling time is a direct physiological consequence of the compensatory tachycardia induced by standing. Options A, B, and C are incorrect because standing *decreases* right atrial pressure, left ventricular end-diastolic pressure, and pulmonary capillary wedge pressure due to reduced preload.
 Agent 3 (🧑‍⚕️ physiologist): 🤐

[INFO] Summary Table
+---------+-----------+-----------+-----------+
|         |  Agent 1  |  Agent 2  |  Agent 3  |
+---------+-----------+-----------+-----------+
| Agent 1 |           | ✋ (1<-2) |           |
|         |           |           |           |
| Agent 2 | ✋ (2->1) |           | ✋ (2->3) |
|         |           |           |           |
| Agent 3 |           | ✋ (3<-2) |           |
+---------+-----------+-----------+-----------+

|_Turn 2
 Agent 1 (👨🏽‍⚕️ cardiologist): 🤐
 Agent 2 (🧑🏽‍⚕️ hematologist): 🤐
 Agent 3 (🧑‍⚕️ physiologist): 🤐
 No agents chose to participate in this turn. End this turn.

[INFO] Moderator Consensus Check
 👨‍⚖️ Moderator consensus check: YES

[INFO] Consensus reached! Ending discussion.

[INFO] Step 4. Final Decision
👨‍⚖️  Moderator's final decision: {0.0: '**(E) A reduction in diastolic filling time.**\n\nThe multidisciplinary team, including a cardiologist, hematologist, and physiologist, has reached a unanimous consensus on this answer. Their reasoning is well-founded in the physiological changes that occur when a patient stands from a supine position, particularly the effects of the baroreceptor reflex and the resulting increase in heart rate, which leads to a reduction in diastolic filling time. This conclusion is supported by a thorough analysis of the hemodynamic shifts involved, ruling out other options based on the physiological principles discussed.'}

[INFO] API calls for this sample: 19

[INFO] Sample 26 completed successfully