[INFO] Processing sample 4

[INFO] Step 1. Expert Recruitment
Agent 1 (🧑🏿‍⚕️ Gastroenterologist): Specializes in the diagnosis and treatment of gastrointestinal disorders, particularly liver diseases such as cirrhosis and hepatic encephalopathy.
Agent 2 (👨‍⚕️ Neurologist): Focuses on disorders of the nervous system, including the neurological symptoms associated with liver disease, such as asterixis and confusion.
Agent 3 (🧑‍⚕️ Hepatologist): Experts in liver diseases with a strong emphasis on the complications of cirrhosis, including hepatic encephalopathy and its management.

[INFO] Hierarchy Selection
                 moderator (👨‍⚖️)                                     
          ┌──────────────┴──────────────────┐                         
  Neurologist (👨‍⚕️)           Gastroenterologist (🧑🏿‍⚕️)             
                                     └──────────────┐                 
                                           Hepatologist (🧑‍⚕️)        


[INFO] Step 2. Initial Opinions
 Agent 1 (🧑🏿‍⚕️ gastroenterologist) : This patient presents with features consistent with hepatic encephalopathy, given his history of liver cirrhosis, confusion, asterixis, and gastrointestinal bleeding from varices (evidenced by the black, tarry stools and guaiac-positive stool). 

Now, let’s evaluate the provided options:

(A) **It carries a good prognosis** - Hepatic encephalopathy is typically associated with significant morbidity and can carry a poor prognosis, especially as it indicates advanced liver disease.

(B) **Ammonia level is the best initial test to confirm the diagnosis** - While elevated ammonia levels can be suggestive of hepatic encephalopathy, they are not always elevated, and thus measuring them is not the best initial test. Additionally, ammonia levels can fluctuate, so they are not definitive for diagnosis.

(C) **It is a diagnosis of exclusion** - Hepatic encephalopathy can have many contributing factors, but in the setting of known cirrhosis and the clinical picture, it is often diagnosed based on symptoms and history rather than exclusion of other diagnosis.

(D) **It only occurs in patients with cirrhosis** - While hepatic encephalopathy is most commonly seen in patients with cirrhosis, it can also occur in other conditions leading to acute liver failure. So this statement isn’t entirely accurate.

(E) **Electroencephalography (EEG) usually shows focal localizing abnormality** - In hepatic encephalopathy, EEG typically does not show focal abnormalities but rather general slowing and diffuse changes rather than focal, localizing abnormalities.

Given this analysis, **(C) It is a diagnosis of exclusion** is the most accurate statement regarding hepatic encephalopathy in this context. Therefore, the correct answer is: 

**(C) It is a diagnosis of exclusion.**
 Agent 2 (👨‍⚕️ neurologist) : The patient presents with signs and symptoms suggestive of hepatic encephalopathy, a neurological complication of liver dysfunction. Let's analyze the options in the context of this patient's condition.

The patient exhibits several key features:
*   **History of liver cirrhosis and alcoholism:** This is a major predisposing factor for hepatic encephalopathy.
*   **Gastrointestinal bleeding (black, tarry stools):** Gastrointestinal bleeding, particularly from varices, is a common precipitant of hepatic encephalopathy in cirrhotic patients due to the increased absorption of nitrogenous products from the gut.
*   **Confusion and lethargy:** These are cardinal neurological signs of hepatic encephalopathy. The disorientation to date further supports this.
*   **Jaundice and ascites:** These are signs of decompensated liver disease.
*   **Asterixis:** This is a characteristic motor disorder, a flapping tremor, seen in hepatic encephalopathy.
*   **Abnormal liver function tests:** Low albumin and elevated bilirubin indicate impaired synthetic and excretory functions of the liver. While AST/ALT are elevated, the prothrombin time (PT) is relatively preserved, which is not uncommon in chronic liver disease where PT may be prolonged due to vitamin K deficiency or severe hepatocellular dysfunction.

Now let's evaluate the options:

**(A) It carries a good prognosis:** Hepatic encephalopathy, especially when recurrent or severe, is associated with significant morbidity and mortality. While it can be reversible with treatment of precipitating factors, the underlying liver disease often portends a poorer prognosis. Therefore, this statement is generally false for this condition.

**(B) Ammonia level is the best initial test to confirm the diagnosis:** While elevated ammonia levels are often found in hepatic encephalopathy, they are not always diagnostic. Ammonia levels can be normal in some patients with hepatic encephalopathy, and elevated in some individuals without it. Furthermore, ammonia levels can fluctuate and are not always the most reliable single indicator. The diagnosis of hepatic encephalopathy is primarily clinical, based on the presence of neurological symptoms in a patient with known liver disease, and the exclusion of other causes of altered mental status. Therefore, this is not the *best initial test to confirm the diagnosis*.

**(C) It is a diagnosis of exclusion:** This statement is correct. Hepatic encephalopathy is a clinical diagnosis made after other potential causes of altered mental status have been ruled out. These potential causes include metabolic derangements (e.g., electrolyte imbalances, hypoglycemia, uremia), infections (e.g., sepsis, meningitis), drug intoxication, stroke, and other neurological disorders. The patient's presentation strongly suggests hepatic encephalopathy, but other causes of confusion must be considered and excluded.

**(D) It only occurs in patients with cirrhosis:** While cirrhosis is the most common cause of hepatic encephalopathy, it is not the only cause. Acute liver failure, portosystemic shunts (e.g., surgical shunts or spontaneous shunts without cirrhosis), and certain drug-induced liver injuries can also lead to hepatic encephalopathy. Therefore, this statement is false.

**(E) Electroencephalography (EEG) usually shows focal localising abnormality:** In hepatic encephalopathy, EEG typically shows diffuse, symmetric slowing of background activity (generalized delta or theta waves). Focal or lateralizing abnormalities are uncommon and would suggest an alternative or coexisting neurological process, such as a stroke or tumor, rather than typical hepatic encephalopathy. Therefore, this statement is false.

Based on this analysis, the most accurate statement regarding this patient's condition is that it is a diagnosis of exclusion.

The final answer is $\boxed{C}$.
 Agent 3 (🧑‍⚕️ hepatologist) : Excellent case. Let's break this down as a team.

This patient presents with a classic picture of **overt hepatic encephalopathy (HE)**, specifically Grade II or III given the lethargy, disorientation to time, and presence of asterixis. The precipitating event is clearly the **gastrointestinal (GI) bleed**, evidenced by melena and a guaiac-positive stool. The increased nitrogen load from digested blood in the gut has overwhelmed his liver's already compromised detoxification capacity.

Based on this clinical picture, let's evaluate the options.

---

### **Correct Answer**

**(C) It is a diagnosis of exclusion**

### **Detailed Rationale**

As a hepatologist, my immediate thought process when I see a cirrhotic patient with altered mental status is to confirm hepatic encephalopathy while simultaneously ruling out other life-threatening conditions that can mimic it. Therefore, HE is fundamentally a **clinical diagnosis of exclusion**.

The diagnosis rests on three pillars:
1.  The presence of severe liver disease (in this case, known cirrhosis with jaundice, ascites, and abnormal LFTs).
2.  Neurological/neuropsychiatric abnormalities (confusion, lethargy, asterixis).
3.  The exclusion of other potential causes for the altered mental status.

Before we can confidently label this as HE and focus solely on its treatment, we must consider and rule out other common causes of encephalopathy in this patient population, including:
*   **Metabolic derangements:** Hypoglycemia, severe electrolyte imbalances (especially hyponatremia), uremia, and hypercapnia.
*   **Infections:** Sepsis from any source, but particularly Spontaneous Bacterial Peritonitis (SBP) given his ascites, or urosepsis. An infection can also be a precipitant for HE.
*   **Intracranial events:** Subdural hematoma (patients with coagulopathy and alcoholism are at high risk of falls and subsequent bleeds), stroke, or seizures.
*   **Toxins/Drugs:** Alcohol intoxication or withdrawal (delirium tremens), or the effects of sedatives, hypnotics, or narcotics which are poorly cleared by the cirrhotic liver.

Only after excluding these other possibilities can we be confident in the diagnosis of HE.

### **Analysis of Incorrect Options**

**(A) It carries a good prognosis:** This is incorrect. The development of overt HE, particularly when precipitated by a major event like a GI bleed, is a sign of severe hepatic decompensation. It is a poor prognostic indicator and is associated with a significantly increased risk of short-term mortality. An episode of overt HE is a criterion for considering liver transplantation evaluation.

**(B) Ammonia level is the best initial test to confirm the diagnosis:** This is a common misconception. While elevated serum ammonia is central to the pathophysiology of HE, its diagnostic utility is limited. Arterial ammonia levels correlate poorly with the severity of HE. A patient can have severe HE with a normal ammonia level, and conversely, a patient can have an elevated ammonia level without clinical signs of HE. The diagnosis is clinical. We often check an ammonia level, but it is used to support the clinical picture, not to confirm or rule out the diagnosis.

**(D) It only occurs in patients with cirrhosis:** This is false. Hepatic encephalopathy can occur in any condition that leads to severe hepatocellular failure or significant portosystemic shunting. This includes **acute liver failure** (e.g., from acetaminophen toxicity or viral hepatitis) and in patients with surgical or spontaneous portosystemic shunts in the absence of cirrhosis.

**(E) Electroencephalography (EEG) usually shows focal localising abnormality:** This is incorrect. The characteristic finding on an EEG in HE is **diffuse, symmetric slowing** with high-amplitude delta and theta waves. Triphasic waves are classic but not specific to HE. The key is that the abnormality is global and non-focal, reflecting a metabolic, rather than structural, brain dysfunction. A focal abnormality on an EEG would point towards a different diagnosis, such as a stroke or tumor.

### **Summary and Plan**

This patient's primary diagnosis is **overt hepatic encephalopathy precipitated by a GI bleed.**

Our immediate management priorities will be:
1.  **Hemodynamic Stabilization:** Resuscitation with fluids and potentially blood products to address the GI bleed.
2.  **Identify and Stop the Bleed:** Urgent upper endoscopy (EGD) is indicated to diagnose and treat the source of bleeding, which is most likely esophageal or gastric varices.
3.  **Initiate HE Treatment:** Start empiric treatment with **lactulose** to lower ammonia production and absorption, and consider adding **rifaximin**.
4.  **Rule Out Other Causes:** Simultaneously, we need to check a finger-stick glucose, basic metabolic panel, CBC, blood cultures, and perform a diagnostic paracentesis if there is any suspicion of SBP. A head CT would be warranted if the mental status does not improve with initial therapy or if there are any focal neurologic deficits.

**Consultant's Note:** The prothrombin time of 9 seconds is unusually low (i.e., fast clotting), which is atypical for advanced cirrhosis where we expect a prolonged PT (and elevated INR) due to deficient synthesis of clotting factors. This may be a lab error or a typo in the question's data. Regardless, the constellation of other findings strongly supports the diagnosis of decompensated cirrhosis.

[INFO] Step 3. Collaborative Decision Making
== Round 1 ==
[INFO] Participatory Debate
|_Turn 1
 Agent 1 (🧑🏿‍⚕️ gastroenterologist): 🤐
 Agent 2 (👨‍⚕️ neurologist): 🤐
 Agent 3 (🧑‍⚕️ hepatologist): 🤐
 No agents chose to participate in this turn. End this turn.
 No agents chose to participate in this round. End this round.

[INFO] Step 4. Final Decision
👨‍⚖️  Moderator's final decision: {0.0: "Based on the thorough analysis and consensus reached by the multidisciplinary team, the final answer to the question regarding the features of the patient's condition, which is consistent with hepatic encephalopathy, is:\n\n**(C) It is a diagnosis of exclusion.**\n\nThis conclusion is supported by the clinical presentation of the patient, the need to rule out other potential causes of altered mental status, and the agreement among the experts that hepatic encephalopathy is primarily diagnosed based on clinical symptoms in the context of liver disease, rather than relying solely on laboratory tests."}

[INFO] API calls for this sample: 9

[INFO] Sample 4 completed successfully