[INFO] Processing sample 36

[INFO] Step 1. Expert Recruitment
Agent 1 (🧑🏿‍⚕️ Endocrinologist): Specializes in hormonal disorders, including calcium and parathyroid hormone regulation.
Agent 2 (👩🏼‍⚕️ Nephrologist): Focuses on kidney function and disorders, including electrolyte imbalances and fluid management.
Agent 3 (🧑‍⚕️ Geriatrician): Expert in the healthcare of older adults, particularly with chronic conditions like dementia and its management.

[INFO] Hierarchy Selection
                     moderator (👨‍⚖️)                                         
            ┌────────────────┴───────────┬────────────────────────┐           
 Endocrinologist (🧑🏿‍⚕️)        Geriatrician (🧑‍⚕️)      Nephrologist (👩🏼‍⚕️) 


[INFO] Step 2. Initial Opinions
 Agent 1 (🧑🏿‍⚕️ endocrinologist) : The laboratory results indicate that the patient has hypercalcemia (Ca2+ of 12.2 mg/dL) and suppressed parathyroid hormone (PTH) levels (PTH of 8 pg/mL). In this context, the low PTH level alongside high calcium suggests that the hypercalcemia is likely due to a cause other than primary hyperparathyroidism, such as malignancy or possibly another condition such as vitamin D intoxication or granulomatous disease.

The acute symptoms of confusion and somnolence may be due to the elevated calcium level, and the increased urination (soiling diapers) may indicate a hypercalcemic crisis. 

Given the options presented:

- **(A) Alendronate:** This is a bisphosphonate typically used to treat osteoporosis, and it can also be used to treat hypercalcemia, particularly in malignancy, but it may not be the immediate concern for this acute presentation.
  
- **(B) Calcitonin:** While calcitonin can be used acutely to lower calcium levels, it is not effective for long-term management.

- **(C) Furosemide:** This diuretic can help promote renal excretion of calcium and would be more of an adjunctive treatment in cases of acute hypercalcemia rather than a long-term solution.

- **(D) IV fluids:** While IV fluids are critical in an acute setting to help with hydration and may temporarily alleviate symptoms, they do not serve as long-term prophylaxis.

- **(E) Teriparatide:** Teriparatide is a form of parathyroid hormone used to treat osteoporosis, which is not appropriate for this scenario as it would worsen hypercalcemia.

The best long-term prophylaxis option among these is **(A) Alendronate**, as it can help manage the underlying cause of hypercalcemia and prevent recurrent episodes, especially if this is due to malignancy-related hypercalcemia. However, further workup is needed to clarify the cause of the hypercalcemia first. 

In conclusion, if the cause of hypercalcemia is determined to be malignancy, Alendronate would be appropriate for long-term management to prevent future episodes.
 Agent 2 (👩🏼‍⚕️ nephrologist) : The patient's presentation of confusion, somnolence, and polyuria with weight loss, coupled with a normal serum sodium and elevated calcium (12.2 mg/dL), suggests hypercalcemia. The low PTH (8 pg/mL) in the setting of hypercalcemia strongly points to a parathyroid-independent cause of hypercalcemia. The nursing home setting and Alzheimer's dementia also raise suspicion for potential malignancy or other chronic conditions.

The elevated calcium, coupled with a low PTH, strongly suggests **hypercalcemia of malignancy** or **humoral hypercalcemia of malignancy (HHM)**, where a tumor produces a parathyroid hormone-related protein (PTHrP) that mimics PTH. While not explicitly stated, the weight loss could also be a sign of underlying malignancy.

Let's analyze the options in the context of treating hypercalcemia and preventing its recurrence:

*   **(A) Alendronate:** This is a bisphosphonate. Bisphosphonates are a cornerstone of treatment for hypercalcemia, particularly hypercalcemia of malignancy, as they inhibit osteoclast activity and reduce bone resorption, thereby lowering serum calcium. They are also used for long-term management of conditions like osteoporosis. Given the probable cause, this is a strong contender for long-term prophylaxis.

*   **(B) Calcitonin:** Calcitonin can lower serum calcium levels by inhibiting osteoclast activity and increasing renal calcium excretion. However, its effect is usually rapid but short-lived, and tachyphylaxis can develop. It's often used for acute management of hypercalcemia rather than long-term prophylaxis.

*   **(C) Furosemide:** Furosemide is a loop diuretic. While it can increase renal calcium excretion and is often used in hypercalcemia management (especially in volume-depleted patients), it's not a primary long-term prophylactic agent for the underlying cause of hypercalcemia. Its primary role is to prevent volume overload and promote calcium excretion.

*   **(D) IV fluids:** Intravenous fluids, particularly normal saline, are crucial for the acute management of hypercalcemia to improve renal excretion of calcium and correct any volume depletion. However, this is an acute treatment, not a long-term prophylactic measure for the underlying cause.

*   **(E) Teriparatide:** This is a recombinant human parathyroid hormone analog. It is used to *increase* bone formation and is typically indicated for osteoporosis. Administering PTH in a patient with hypercalcemia would be contraindicated as it would worsen the hypercalcemia.

Considering the prompt asks for the "best long-term prophylaxis for the cause of this patient’s acute symptoms," and the most likely cause is hypercalcemia, likely due to malignancy or other bone-resorbing processes, **Alendronate** stands out as a suitable long-term treatment option to prevent recurrent hypercalcemia by reducing bone breakdown.

The final answer is $\boxed{A}$.
 Agent 3 (🧑‍⚕️ geriatrician) : Of course. As the geriatrician on the team, I can provide my analysis of this complex case. This is a classic presentation of delirium in an older adult with dementia, and our job is to uncover the physiological trigger.

***

### Geriatrician's Consultation Note

**Subject:** Collaboration on Mr. [Patient Name], a 68-year-old male with acute confusion.

**Team,**

Thank you for involving me in the care of this gentleman. This case highlights a critical principle in geriatrics: an acute change in mental status in a patient with dementia should always be considered a medical emergency until proven otherwise. We must look for an underlying physiological cause for this delirium.

**1. Analysis of the Clinical Picture:**

*   **Presentation:** The patient presents with delirium (acute confusion and somnolence) superimposed on his baseline Alzheimer's dementia.
*   **Key Symptoms:** The accompanying polyuria ("copious amounts of urine") and significant recent weight loss (15 lbs in 3 weeks) are crucial clues.
*   **Key Laboratory Findings:**
    *   The electrolytes, renal function, and glucose are largely unremarkable.
    *   The striking abnormality is the **hypercalcemia** (serum Ca2+ of 12.2 mg/dL).
    *   The parathyroid hormone (PTH) level is **low** (8 pg/mL).

**2. Synthesis and Diagnosis:**

The patient's entire clinical picture can be explained by the hypercalcemia. The classic mnemonic "stones, bones, groans, thrones, and psychiatric overtones" is relevant here:

*   **Psychiatric Overtones:** Confusion and somnolence (delirium).
*   **Thrones (Polyuria):** Hypercalcemia can cause nephrogenic diabetes insipidus, leading to an inability to concentrate urine, resulting in polyuria and dehydration.

The next step is to determine the cause of the hypercalcemia. The low PTH level indicates that the parathyroid glands are functioning correctly—they are suppressed by the high calcium. This is **PTH-independent hypercalcemia**. In an older adult with constitutional symptoms like significant weight loss, the most likely diagnosis is **hypercalcemia of malignancy**. This is often caused by a tumor secreting PTH-related peptide (PTHrP) or by lytic bone metastases. The referral for a more thorough workup, including CT imaging, is absolutely appropriate to search for a primary malignancy.

**3. Evaluation of Treatment Options:**

The question asks for the best **long-term prophylaxis**. This is a key distinction from acute treatment. Let's evaluate the options based on this:

*   **(D) IV fluids:** This is the cornerstone of **acute** management for hypercalcemia. It corrects dehydration and promotes calcium excretion. It is not a long-term prophylactic strategy.
*   **(C) Furosemide:** This loop diuretic can be used in the **acute** setting to enhance calcium excretion, but only *after* the patient is adequately volume-repleted with IV fluids. It is not used for long-term prophylaxis.
*   **(B) Calcitonin:** This is used for rapid but short-term reduction of calcium in severe, symptomatic cases. Its effect is transient due to tachyphylaxis (loss of efficacy after ~48 hours), making it unsuitable for long-term use.
*   **(E) Teriparatide:** This is a synthetic form of PTH used to treat osteoporosis. It *increases* serum calcium and would be strongly contraindicated in this patient.

*   **(A) Alendronate:** This is a **bisphosphonate**. Bisphosphonates are the treatment of choice for managing hypercalcemia of malignancy. They work by inhibiting osteoclast-mediated bone resorption, which is the primary source of the excess calcium. While IV bisphosphonates (like zoledronic acid) are used for acute treatment, oral bisphosphonates like alendronate can be used for **long-term management and prophylaxis to prevent recurrence.**

### Conclusion and Recommendation

The best long-term prophylaxis for the cause of this patient’s acute symptoms (hypercalcemia, likely due to malignancy) is **(A) Alendronate**.

**Plan Moving Forward:**

1.  **Acute Management:** Initiate aggressive IV hydration to lower the serum calcium and resolve the delirium. Consider a one-time dose of IV bisphosphonate (e.g., zoledronic acid) for more definitive acute control.
2.  **Diagnostic Workup:** Proceed with the planned CT imaging of the chest, abdomen, and pelvis to identify a potential primary tumor.
3.  **Long-Term Plan:** Once the patient is stabilized and the diagnosis is confirmed, a long-term management strategy will be needed. This will include treating the underlying malignancy if appropriate, and using a bisphosphonate (like alendronate) to prevent recurrent life-threatening hypercalcemia.
4.  **Goals of Care:** Critically, given the patient's advanced dementia and a new diagnosis of likely malignancy, we must engage in a comprehensive goals-of-care discussion with his family or legal proxy to ensure our treatment plan aligns with his wishes and values.

Excellent case. Let's continue to collaborate as we get more information.

[INFO] Step 3. Collaborative Decision Making
== Round 1 ==
[INFO] Participatory Debate
|_Turn 1
 Agent 1 (🧑🏿‍⚕️ endocrinologist): 🤐
 Agent 2 (👩🏼‍⚕️ nephrologist): 🤐
 Agent 3 (🧑‍⚕️ geriatrician): 🤐
 No agents chose to participate in this turn. End this turn.
 No agents chose to participate in this round. End this round.

[INFO] Step 4. Final Decision
👨‍⚖️  Moderator's final decision: {0.0: "Based on the multidisciplinary team discussion and the reasoning provided by the experts, the consensus is clear regarding the best long-term prophylaxis for the patient's acute symptoms, which are attributed to hypercalcemia likely due to malignancy.\n\nThe key points from the experts' analyses are as follows:\n\n1. **Hypercalcemia Diagnosis**: The patient presents with hypercalcemia (Ca2+ of 12.2 mg/dL) and suppressed PTH levels, indicating a parathyroid-independent cause, likely malignancy-related.\n\n2. **Acute Management vs. Long-term Prophylaxis**: The experts differentiated between acute management strategies (such as IV fluids and diuretics) and long-term prophylactic treatments. While IV fluids and furosemide are critical for acute management, they do not serve as long-term solutions.\n\n3. **Long-term Treatment Options**:\n   - **Alendronate**: A bisphosphonate that inhibits osteoclast activity, making it effective for managing hypercalcemia of malignancy and preventing recurrence.\n   - **Calcitonin**: Effective for acute management but not suitable for long-term use due to its transient effects.\n   - **Teriparatide**: Contraindicated in this scenario as it would worsen hypercalcemia.\n   - **Furosemide and IV fluids**: Important for acute treatment but not for long-term management.\n\nGiven these considerations, the best long-term prophylaxis for the cause of this patient’s acute symptoms is **(A) Alendronate**. This aligns with the consensus reached by the endocrinologist, nephrologist, and geriatrician, all of whom emphasized the importance of addressing the underlying cause of hypercalcemia and preventing future episodes.\n\nFinal Answer: **(A) Alendronate**."}

[INFO] API calls for this sample: 9

[INFO] Sample 36 completed successfully