[INFO] Processing sample 11

[INFO] Step 1. Expert Recruitment
Agent 1 (👨🏿‍⚕️ Medical Oncologist): Specializes in the diagnosis and treatment of cancer and its related complications.
Agent 2 (👩🏻‍⚕️ Radiologist): Focuses on interpreting medical imaging studies and plays a crucial role in diagnosing conditions through imaging.
Agent 3 (🧑‍⚕️ Orthopedic Surgeon): Specializes in the diagnosis and surgical treatment of musculoskeletal conditions, including spine issues.

[INFO] Hierarchy Selection
                         moderator (👨‍⚖️)                                             
              ┌──────────────────┴──────────────┬──────────────────────────┐          
  Medical Oncologist (👨🏿‍⚕️)        Orthopedic Surgeon (🧑‍⚕️)     Radiologist (👩🏻‍⚕️) 


[INFO] Step 2. Initial Opinions
 Agent 1 (👨🏿‍⚕️ medical oncologist) : Given the patient's history of non-small cell lung cancer, the subacute back pain with night-time worsening, and the point tenderness over the lumbosacral area, there is a concern for potential metastasis to the spine. In lung cancer, particularly non-small cell lung cancer, the most common imaging finding when there is spinal involvement is typically lytic lesions. 

While bulging discs and other degenerative changes (such as narrowing of the lumbar disc space) can cause back pain, the specific history of a malignancy raises suspicion for metastatic disease. Blastic lesions, which involve new bone formation, are more commonly associated with prostate cancer or other types of cancer, rather than lung cancer. 

Thus, the most likely imaging finding in this patient, considering his history of non-small cell lung cancer and the back pain described, would be:

**(C) Lytic lesions of the lumbar spine.**
 Agent 2 (👩🏻‍⚕️ radiologist) : The patient's history of non-small cell lung cancer, even though treated and with no recurrence noted a year ago, raises suspicion for metastatic disease. Back pain, especially if dull, constant, and worse at night, can be a symptom of bone metastases. In the context of lung cancer, blastic lesions are less common than lytic lesions, but both are possible. However, blastic lesions are more characteristic of certain primary cancers such as prostate cancer or breast cancer. Lytic lesions, on the other hand, are a common manifestation of metastatic lung cancer to bone, causing destruction of the bone.

Let's consider the other options:
(B) Bulging disc impinging on lumbar spinal nerve and (D) Narrowing of the lumbar disc space are common causes of back pain, especially in the setting of weight lifting. However, the nocturnal worsening of pain and the history of cancer make these less likely to be the *most* likely finding compared to metastatic disease.
(E) Sacroiliitis and fusion of the lumbar spine is suggestive of inflammatory spondyloarthropathies, which are not directly suggested by the patient's history.

Given the patient's history of lung cancer and the nature of his pain (worse at night), metastatic disease to the spine is a significant concern. While the PET scan from a year ago was negative, it doesn't entirely rule out new or occult metastatic disease. Blastic lesions are less typical for lung cancer metastasis than lytic lesions. Therefore, lytic lesions are the most concerning imaging finding to consider in this patient.

The final answer is $\boxed{C}$.
 Agent 3 (🧑‍⚕️ orthopedic surgeon) : Excellent case. Let's discuss this as a team.

Based on the presentation, the most likely imaging finding is **(C) Lytic lesions of the lumbar spine**.

Here is my reasoning for this conclusion:

1.  **Patient History and "Red Flags":** The patient presents with several "red flag" symptoms for back pain that should immediately raise our suspicion for a non-mechanical cause, such as malignancy or infection.
    *   **History of Cancer:** The history of non-small cell lung cancer (NSCLC) is the most significant factor. While it was "successfully treated" and a PET scan was clear a year ago, recurrence is always a primary concern. The spine is one of the most common sites for bony metastases.
    *   **Nocturnal Pain:** Pain that is worse at night and awakens the patient from sleep is a classic symptom of neoplastic disease in the spine. Mechanical back pain from degenerative causes typically improves with rest.
    *   **Constant, Dull Ache:** This non-mechanical nature of the pain is atypical for common musculoskeletal strains or degenerative disc disease, which tend to be intermittent and activity-related.
    *   **Age:** The patient is over 50, which is another risk factor for malignancy.

2.  **Evaluating the Tumor Type:** Non-small cell lung cancer, along with renal, thyroid, and breast cancer, most commonly produces **lytic** (bone-destroying) metastases. The tumor cells secrete factors that stimulate osteoclasts, leading to the breakdown of bone. This process can cause the deep, gnawing pain described by the patient and can weaken the vertebral body, potentially leading to a pathologic fracture. The weight-lifting event two months ago might have been an inciting event that caused a microfracture in a vertebra already weakened by a lytic lesion.

3.  **Analysis of Other Options:**
    *   **(A) Blastic lesions:** These are bone-forming metastases. While possible with some lung cancers, they are classically associated with prostate cancer. Given the history of NSCLC, lytic lesions are far more probable.
    *   **(B) Bulging disc:** This would typically cause radicular symptoms (pain, numbness, or weakness radiating down a leg) if it impinges on a nerve root. The pain is also usually mechanical—worse with sitting, bending, or lifting. The patient's primary complaint of constant, axial back pain that's worse at night does not fit well with a simple disc bulge.
    *   **(D) Narrowing of the lumbar disc space:** This is a sign of degenerative disc disease. It is an extremely common, often incidental, finding in a 56-year-old and would not explain the ominous "red flag" features of this patient's pain.
    *   **(E) Sacroiliitis and fusion of the lumbar spine:** This describes an inflammatory spondyloarthropathy like ankylosing spondylitis. This condition typically presents in younger men (before age 40) and is an unlikely new diagnosis at age 56.

**Conclusion and Plan:**

Colleagues, my primary concern for this patient is metastatic disease to the lumbar spine from his known primary lung cancer. The clinical picture is highly suggestive. The next appropriate step in management would be to obtain plain radiographs (AP and lateral) of the lumbar spine, followed immediately by an MRI of the entire spine with and without contrast to fully characterize the extent of the disease and assess for any spinal cord compression. We must also arrange an urgent consultation with his oncologist.

[INFO] Step 3. Collaborative Decision Making
== Round 1 ==
[INFO] Participatory Debate
|_Turn 1
 Agent 1 (👨🏿‍⚕️ medical oncologist): 🤐
 Agent 2 (👩🏻‍⚕️ radiologist) -> Agent 1 (👨🏿‍⚕️ medical oncologist) : To the Medical Oncologist and Orthopedic Surgeon,

My expertise as a radiologist leads me to believe that the most likely imaging finding in this 56-year-old male patient presenting with subacute, nocturnal back pain, given his history of non-small cell lung cancer, is **(C) Lytic lesions of the lumbar spine**.

The presence of a prior malignancy, especially lung cancer, and the characteristic nocturnal worsening of pain are significant red flags for metastatic disease to the bone. Lung cancer commonly metastasizes in a lytic fashion, leading to bone destruction. While the PET scan was negative a year ago, this does not entirely rule out the possibility of new metastatic disease. Therefore, my primary concern is for bony metastases, and lytic lesions are the most characteristic manifestation of lung cancer in bone.
 Agent 2 (👩🏻‍⚕️ radiologist) -> Agent 3 (🧑‍⚕️ orthopedic surgeon) : To the Radiologist and Medical Oncologist,

As an orthopedic surgeon, I concur with the prevailing concern for **(C) Lytic lesions of the lumbar spine**. My reasoning is strongly influenced by the patient's constellation of "red flag" symptoms, which strongly point away from a purely mechanical cause of back pain. Specifically, the history of non-small cell lung cancer, coupled with nocturnal pain and constant, dull ache, are highly suggestive of neoplastic involvement of the spine, a common site for metastases from lung cancer. The bone destruction associated with lytic lesions would explain the pain and potential for weakness that could be exacerbated by physical activity. While degenerative changes are common, they typically do not present with such ominous features.
 Agent 3 (🧑‍⚕️ orthopedic surgeon): 🤐

[INFO] Summary Table
+---------+-----------+-----------+-----------+
|         |  Agent 1  |  Agent 2  |  Agent 3  |
+---------+-----------+-----------+-----------+
| Agent 1 |           | ✋ (1<-2) |           |
|         |           |           |           |
| Agent 2 | ✋ (2->1) |           | ✋ (2->3) |
|         |           |           |           |
| Agent 3 |           | ✋ (3<-2) |           |
+---------+-----------+-----------+-----------+

|_Turn 2
 Agent 1 (👨🏿‍⚕️ medical oncologist): 🤐
 Agent 2 (👩🏻‍⚕️ radiologist): 🤐
 Agent 3 (🧑‍⚕️ orthopedic surgeon): 🤐
 No agents chose to participate in this turn. End this turn.

[INFO] Moderator Consensus Check
 👨‍⚖️ Moderator consensus check: YES

[INFO] Consensus reached! Ending discussion.

[INFO] Step 4. Final Decision
👨‍⚖️  Moderator's final decision: {0.0: "**Final Answer: (C) Lytic lesions of the lumbar spine.**\n\nThe consensus among the multidisciplinary team, including the medical oncologist, radiologist, and orthopedic surgeon, strongly supports this conclusion. The patient's history of non-small cell lung cancer, combined with the characteristics of his back pain (subacute, nocturnal, and constant), raises significant concern for metastatic disease. Lytic lesions are the most common imaging finding associated with lung cancer metastasizing to bone, aligning with the clinical presentation and red flag symptoms noted in the discussion. Therefore, the most likely imaging finding in this patient is indeed lytic lesions of the lumbar spine."}

[INFO] API calls for this sample: 19

[INFO] Sample 11 completed successfully