[INFO] Processing sample 6

[INFO] Step 1. Expert Recruitment
Agent 1 (👩🏼‍⚕️ Dermatologist): Specializes in skin-related disorders and cancers, particularly in evaluating lesions for possible malignancy.
Agent 2 (👨🏿‍⚕️ Oral and Maxillofacial Surgeon): Focuses on the surgical treatment of diseases, injuries, and defects in the head, neck, face, jaws, and mouth.
Agent 3 (👨🏽‍⚕️ Oncologist): Specializes in the diagnosis and treatment of cancer, including oral cancers like squamous cell carcinoma.

[INFO] Hierarchy Selection
                   moderator (👨‍⚖️)                                                           
           ┌───────────────┴───────────┬─────────────────────────────────┐                    
 Dermatologist (👩🏼‍⚕️)         Oncologist (👨🏽‍⚕️)      Oral and Maxillofacial Surgeon (👨🏿‍⚕️) 


[INFO] Step 2. Initial Opinions
 Agent 1 (👩🏼‍⚕️ dermatologist) : Given the details of the case, the most likely diagnosis for the painless lesion on the lower lip of this 58-year-old man is (A) Squamous cell carcinoma. 

Here's the rationale:

1. **Risk Factors**: The patient is a smoker with a significant history of cigarette use, which is a well-established risk factor for squamous cell carcinoma. Additionally, his occupation as a fruit picker suggests potential sun exposure, further increasing the risk due to UV radiation.

2. **Nature of the Lesion**: The ulcer is described as painless and located near the vermilion border of the lip, which is a common site for squamous cell carcinoma. 

3. **Characteristics of Other Options**:
   - (B) Herpes labialis typically presents with painful vesicular lesions, not a single painless ulcer.
   - (C) Aphthous stomatitis presents with painful ulcers usually not associated with smoking or sun exposure.
   - (D) Actinic keratosis is a precancerous condition characterized by rough, scaly patches, though it does not present as a ulcerated lesion.
   - (E) Traumatic ulcers are usually painful and associated with a history of trauma, which is not indicated here.

Taking all these points into account, squamous cell carcinoma is the most fitting diagnosis for this patient's lesion.
 Agent 2 (👨🏿‍⚕️ oral and maxillofacial surgeon) : The patient is a 58-year-old white male with a history of hypertension, type 2 diabetes mellitus, and significant smoking for 20 years. He also has a history of working as a fruit picker for 25 years, which implies significant sun exposure. He presents with a 3-month history of a painless lesion on his lower lip, which is described as a single ulcer near the vermillion border.

Let's analyze the options:

(A) Squamous cell carcinoma: This is a common malignancy of the oral cavity, and risk factors include smoking, alcohol consumption, and chronic sun exposure (especially for the lower lip). The presentation of a painless ulcer that has been present for 3 months on the lower lip in a patient with these risk factors is highly suspicious for squamous cell carcinoma.

(B) Herpes labialis: This is a viral infection caused by the herpes simplex virus. It typically presents as a cluster of vesicles that then rupture to form ulcers. While it can occur on the lip, it is usually painful and recurrent, and the lesions are typically more superficial and crust over. A single, painless ulcer present for 3 months is not typical for herpes labialis.

(C) Aphthous stomatitis: Also known as canker sores, these are common, recurrent, and painful ulcers that occur inside the mouth. They are not typically found on the vermillion border of the lip, and they are usually painful. A painless ulcer present for 3 months on the lip is not consistent with aphthous stomatitis.

(D) Actinic keratosis: These are pre-malignant lesions that develop due to chronic sun exposure. They are typically rough, scaly patches. While they can occur on the lips (actinic cheilitis), they usually present as a diffuse dryness and fissuring of the lower lip, or as a discrete scaly plaque. A frank ulcer, especially one present for 3 months, is more concerning for a more advanced lesion like squamous cell carcinoma.

(E) Traumatic ulcer: This is an ulcer caused by physical injury. While possible, a painless ulcer that has been present for 3 months without any clear history of trauma is less likely. Trauma-induced ulcers usually heal within a couple of weeks.

Considering the patient's age, significant smoking history, and potential for chronic sun exposure (fruit picker), as well as the characteristics of the lesion (painless, single ulcer, 3-month duration, lower lip), squamous cell carcinoma is the most concerning and most likely diagnosis. The lower lip is a common site for lip cancer, particularly in individuals with sun exposure and smoking habits. The fact that it is painless is also a red flag, as early oral cancers can often be painless.

The final answer is $\boxed{A}$.
 Agent 3 (👨🏽‍⚕️ oncologist) : Excellent case. Let's discuss this as a team.

Based on the information provided, my assessment points strongly to **(A) Squamous cell carcinoma**.

Here is my rationale, breaking down the key elements of the case:

**1. The "Red Flags" in the Patient's History:**

*   **Chronicity (3 months):** This is the most critical piece of information. Benign, inflammatory, or infectious lesions like herpes, aphthous ulcers, or traumatic ulcers typically resolve within 2-3 weeks. A lesion that persists for three months is highly suspicious for a neoplastic process until proven otherwise.
*   **Painless Nature:** While counterintuitive to patients, early-stage oral cancers are often painless. This lack of symptoms can unfortunately lead to a significant delay in diagnosis.
*   **Location (Lower Lip/Vermillion Border):** The lower lip is the most common site for oral cancer, accounting for a significant percentage of cases. This is directly related to its high level of sun exposure compared to the upper lip, which is naturally more shaded.

**2. The Classic Risk Factor Profile:**

This patient presents with a "perfect storm" of risk factors for squamous cell carcinoma of the lip:

*   **Chronic Sun Exposure:** His 25-year occupation as a fruit picker is a major risk factor. Ultraviolet (UV) radiation is a primary carcinogen for lip cancer, similar to how it causes skin cancers elsewhere. This is likely the strongest contributing factor for a lower lip lesion.
*   **Tobacco Use:** His 20-pack-year smoking history is another significant, independent risk factor. Tobacco is a well-established carcinogen for all oral cavity cancers.
*   **Demographics:** He is a middle-aged (58), white male, which fits the typical demographic for this type of cancer. Fairer skin types are more susceptible to UV damage.

**3. Differential Diagnosis - Why Other Options Are Less Likely:**

*   **(B) Herpes Labialis (Cold Sore):** This is an acute viral infection. It presents with painful vesicles (blisters) that rupture and crust over, healing completely within 7-14 days. A 3-month, painless ulcer is inconsistent with this diagnosis.
*   **(C) Aphthous Stomatitis (Canker Sore):** These are typically quite painful and occur on the non-keratinized mucosa (inside the lips and cheeks), not usually on the vermillion border. They also heal within 1-2 weeks.
*   **(D) Actinic Keratosis:** This is a *premalignant* condition caused by sun damage. While it is a crucial part of the disease process that can lead to SCC, an actinic keratosis itself typically presents as a scaly, rough patch or plaque ("sandpaper" texture), not a persistent ulcer. The presence of an ulcer suggests that a malignant transformation into an invasive SCC has already occurred.
*   **(E) Traumatic Ulcer:** This would be caused by a physical injury (e.g., a bite, irritation from a sharp tooth). It should heal within a few weeks once the source of trauma is removed. A non-healing ulcer of this duration, without a clear history of ongoing trauma, is a classic sign of underlying malignancy.

**Conclusion & Next Steps:**

Given the chronic, non-healing ulcer on a sun-exposed surface in a patient with multiple strong risk factors (tobacco and extensive UV exposure), squamous cell carcinoma is the most likely diagnosis.

From a clinical management perspective, our immediate next step is clear: we need to obtain a tissue diagnosis. I would recommend an incisional or excisional **biopsy** of the lesion for histopathologic confirmation. This is non-negotiable.

Great case for discussion. Let me know your thoughts.

[INFO] Step 3. Collaborative Decision Making
== Round 1 ==
[INFO] Participatory Debate
|_Turn 1
 Agent 1 (👩🏼‍⚕️ dermatologist): 🤐
 Agent 2 (👨🏿‍⚕️ oral and maxillofacial surgeon) -> Agent 1 (👩🏼‍⚕️ dermatologist) : To the Oncologist:

I am an Oral and Maxillofacial Surgeon, and I am presenting a case of a 58-year-old male with a 3-month history of a painless ulcer on his lower lip. He has significant risk factors including 20 years of smoking and 25 years working as a fruit picker, implying substantial sun exposure.

Based on these findings, I strongly suspect **Squamous cell carcinoma (A)**. The chronicity (3 months) and painless nature of the ulcer, coupled with the classic risk factors of smoking and chronic sun exposure affecting the lower lip, make this diagnosis highly probable. Other differentials such as herpes labialis, aphthous stomatitis, and traumatic ulcers are less likely given the duration and presentation. While actinic keratosis is a precursor, the presence of a frank ulcer suggests a more advanced lesion like SCC.

I believe a biopsy is warranted and am confident in this diagnostic suspicion.
 Agent 2 (👨🏿‍⚕️ oral and maxillofacial surgeon) -> Agent 3 (👨🏽‍⚕️ oncologist) : To the Dermatologist:

I am an Oral and Maxillofacial Surgeon, and I am presenting a case regarding a 58-year-old male with a persistent, painless ulcer on his lower lip for the past three months. His history includes 20 years of smoking and 25 years of outdoor work as a fruit picker, indicating significant exposure to both carcinogens.

My primary suspicion is **Squamous cell carcinoma (A)**. The chronic, non-healing nature of the lesion, combined with its location on the sun-exposed lower lip and the patient's substantial risk factors (smoking and UV exposure), strongly points towards malignancy. The absence of pain is also a concerning feature often seen in early oral cancers. Lesions like herpes labialis, aphthous stomatitis, and traumatic ulcers are typically acute and resolve much sooner. Actinic keratosis is a precursor, but the presence of an ulcer suggests invasive disease.

I am confident in this assessment and the need for a biopsy to confirm.
 Agent 3 (👨🏽‍⚕️ oncologist): 🤐

[INFO] Summary Table
+---------+-----------+-----------+-----------+
|         |  Agent 1  |  Agent 2  |  Agent 3  |
+---------+-----------+-----------+-----------+
| Agent 1 |           | ✋ (1<-2) |           |
|         |           |           |           |
| Agent 2 | ✋ (2->1) |           | ✋ (2->3) |
|         |           |           |           |
| Agent 3 |           | ✋ (3<-2) |           |
+---------+-----------+-----------+-----------+

|_Turn 2
 Agent 1 (👩🏼‍⚕️ dermatologist): 🤐
 Agent 2 (👨🏿‍⚕️ oral and maxillofacial surgeon): 🤐
 Agent 3 (👨🏽‍⚕️ oncologist): 🤐
 No agents chose to participate in this turn. End this turn.

[INFO] Moderator Consensus Check
 👨‍⚖️ Moderator consensus check: YES

[INFO] Consensus reached! Ending discussion.

[INFO] Step 4. Final Decision
👨‍⚖️  Moderator's final decision: {0.0: "Based on the thorough discussion and consensus among the multidisciplinary team, the final diagnosis for the 58-year-old man with a 3-month history of a painless ulcer on his lower lip is:\n\n**(A) Squamous cell carcinoma.**\n\nThe reasoning is supported by several key factors:\n\n1. **Chronicity**: The ulcer has been present for 3 months, which is atypical for benign conditions.\n2. **Painless Nature**: The lesion is painless, which is often seen in early malignancies.\n3. **Risk Factors**: The patient has significant risk factors, including a long history of smoking and extensive sun exposure from his occupation.\n4. **Location**: The ulcer is located on the lower lip, a common site for squamous cell carcinoma, particularly in individuals with the patient's risk profile.\n5. **Differentiation from Other Conditions**: Other potential diagnoses do not match the chronic, painless presentation of the ulcer.\n\nGiven these points and the unanimous agreement among the experts, the final decision is to proceed with the diagnosis of squamous cell carcinoma and recommend a biopsy for confirmation. \n\nFinal Answer: **(A) Squamous cell carcinoma.**"}

[INFO] API calls for this sample: 20

[INFO] Sample 6 completed successfully