[INFO] Processing sample 21

[INFO] Step 1. MDTs Recruitment

Group 1 - Initial Assessment Team (IAT)
  👨‍⚕️ Member 1 (Emergency Medicine Physician): Acute Care and Hypertensive Emergencies
  👨🏻‍⚕️ Member 2 (Neurologist): Neurological Complications of Hypertension
  👩🏼‍⚕️ Member 3 (Cardiologist): Cardiovascular Assessment and Management

Group 2 - Pharmacology and Treatment Strategies Team (PTST)
  👨‍⚕️ Member 1 (Clinical Pharmacist): Pharmacodynamics and Pharmacokinetics of Antihypertensives
  👨🏻‍⚕️ Member 2 (Cardiologist): Cardiac Effects of Vasodilators
  👩🏼‍⚕️ Member 3 (Critical Care Specialist): Management of Hypertensive Crises in ICU Settings

Group 3 - Monitoring and Support Team (MST)
  👨‍⚕️ Member 1 (Intensivist): Critical Care Monitoring
  👨🏻‍⚕️ Member 2 (Nurse Practitioner): Patient Care and Monitoring in Hypertensive Emergencies
  👩🏼‍⚕️ Member 3 (Neurology Nurse): Neurological Monitoring and Support

Group 4 - Patient Safety and Standards Team (PSST)
  👨‍⚕️ Member 1 (Quality Improvement Specialist): Patient Safety Protocols
  👨🏻‍⚕️ Member 2 (Clinical Risk Manager): Assessment of Treatment Risks and Benefits
  👩🏼‍⚕️ Member 3 (Compliance Officer): Monitoring Treatment Compliance and Guidelines

Group 5 - Final Review and Decision Team (FRDT)
  👨‍⚕️ Member 1 (Emergency Medicine Physician): Overview of Acute Management Strategies
  👨🏻‍⚕️ Member 2 (Cardiologist): Evaluation of Treatment Implications on Cardiac Outcomes
  👩🏼‍⚕️ Member 3 (Critical Care Specialist): Integration of Multidisciplinary Input for Final Decision Making

[INFO] Step 2. MDT Internal Discussions

Initial Assessment Report:
### Refined and Synthesized Report

#### Overview
The discussion revolves around the pharmacological effects of an intravenous medication that releases nitric oxide, leading to increased levels of cyclic guanosine monophosphate (cGMP) in vascular smooth muscle. The primary therapeutic action of this medication is vasodilation, which has significant implications for hemodynamic parameters in patients, particularly in the context of hypertensive emergencies.

#### Key Findings
1. **Mechanism of Action**: The medication induces vasodilation by increasing cGMP levels, which relaxes vascular smooth muscle. This results in decreased systemic vascular resistance (SVR).

2. **Hemodynamic Effects**:
   - **Systemic Vascular Resistance**: The medication decreases SVR, contrary to the incorrect assumption that it would increase it.
   - **Pulmonary Capillary Wedge Pressure (PCWP)**: The reduction in SVR leads to improved right heart function and a decrease in left atrial filling pressures, resulting in a lower PCWP. This is a critical finding as it indicates improved hemodynamics in patients experiencing hypertensive crises.
   - **Cardiac Contractility**: The medication does not directly affect myocardial contractility; thus, it does not lead to decreased cardiac contractility.
   - **Left Ventricular End-Diastolic Pressure (LVEDP)**: The expected outcome of vasodilation is a decrease in LVEDP due to reduced afterload, which is beneficial for cardiac function.
   - **Stroke Volume**: Contrary to the notion that stroke volume might decrease, vasodilation typically enhances stroke volume by alleviating afterload, facilitating easier ejection of blood from the heart.

#### Conclusion
The administration of the IV medication that releases nitric oxide is expected to yield a decrease in pulmonary capillary wedge pressure (PCWP), which is the most significant and beneficial hemodynamic effect in the context of managing hypertensive emergencies. This outcome reflects improved cardiac output and reduced afterload, supporting better overall cardiovascular function. 

### Recommendations
- **Clinical Application**: The findings support the use of this medication in acute settings where rapid vasodilation is necessary to manage elevated blood pressure and improve cardiac performance.
- **Monitoring**: Continuous monitoring of hemodynamic parameters, including PCWP and LVEDP, is recommended to assess the effectiveness of the treatment and make necessary adjustments.

This synthesized report encapsulates the critical insights from the initial assessment team, providing a clear understanding of the medication's effects and implications for patient management in hypertensive emergencies.

[Pharmacology and Treatment Strategies Team (PTST) Report]
### Refined and Synthesized Report

#### Overview
The Pharmacology and Treatment Strategies Team (PTST) has analyzed the effects of a specific intravenous (IV) medication that releases nitric oxide, leading to increased levels of cyclic GMP (cGMP) in vascular smooth muscle. This mechanism results in vasodilation, which has several implications for cardiovascular function.

#### Key Findings
1. **Mechanism of Action**: The medication induces vasodilation through the release of nitric oxide, which increases cGMP levels in vascular smooth muscle cells. This process leads to relaxation of the smooth muscle and subsequent widening of blood vessels.

2. **Impact on Systemic Vascular Resistance (SVR)**: 
   - The medication decreases systemic vascular resistance due to its vasodilatory effects. Therefore, any assertion that the medication increases SVR is incorrect.

3. **Effects on Cardiac Pressures**:
   - **Pulmonary Capillary Wedge Pressure (PCWP)**: The reduction in SVR results in decreased left atrial filling pressures, which in turn lowers the pulmonary capillary wedge pressure. This is a significant and expected clinical effect of the medication.
   - **Left Ventricular End-Diastolic Pressure (LVEDP)**: The medication does not increase LVEDP; rather, it decreases it due to reduced afterload from vasodilation.
   - **Cardiac Contractility**: The medication does not directly influence myocardial contractility, meaning it does not decrease cardiac contractility.
   - **Stroke Volume**: Contrary to any assumptions that the medication might decrease stroke volume, vasodilation typically enhances stroke volume by reducing afterload, facilitating easier ejection of blood from the heart.

#### Conclusion
The administration of the IV medication that releases nitric oxide is expected to lead to a decrease in pulmonary capillary wedge pressure (PCWP) as a primary clinical effect. This outcome is a result of decreased systemic vascular resistance and improved hemodynamics, which can be beneficial in managing conditions that involve elevated pressures in the pulmonary circulation.

### Summary of Expected Clinical Effects
- **Correct Outcome**: Decreased pulmonary capillary wedge pressure (PCWP).
- **Incorrect Outcomes**: Increased systemic vascular resistance, decreased cardiac contractility, increased left ventricular end-diastolic pressure, and decreased stroke volume.

This synthesized report provides a clear understanding of the pharmacological effects of the IV medication in question, emphasizing its role in managing cardiovascular pressures effectively.


[Monitoring and Support Team (MST) Report]
### Refined and Synthesized Report on the Clinical Effects of Intravenous Nitric Oxide-Releasing Medication

#### Introduction
This report synthesizes findings regarding the pharmacological effects of intravenous medications that release nitric oxide and increase cyclic guanosine monophosphate (cGMP) levels in vascular smooth muscle. The focus is on understanding the hemodynamic changes associated with such treatments, particularly in the context of cardiovascular function.

#### Key Pharmacological Actions
1. **Vasodilation**: The primary action of nitric oxide-releasing medications is vasodilation, which occurs through the elevation of cGMP levels in vascular smooth muscle. This leads to a series of hemodynamic changes that are critical for clinical management.

2. **Systemic Vascular Resistance (SVR)**: Contrary to some misconceptions, these medications decrease systemic vascular resistance. This reduction is significant as it directly influences cardiac workload and overall hemodynamics.

3. **Pulmonary Capillary Wedge Pressure (PCWP)**: The administration of these medications is associated with a decrease in pulmonary capillary wedge pressure. This effect is attributed to reduced left atrial filling pressures, which result from the decreased SVR and improved cardiac output.

4. **Cardiac Contractility**: It is important to note that these medications do not have a direct impact on myocardial contractility. Therefore, any assumptions regarding enhanced contractility due to their use are unfounded.

5. **Left Ventricular End-Diastolic Pressure (LVEDP)**: The expected outcome of vasodilation is a decrease in left ventricular end-diastolic pressure. This occurs due to reduced afterload, which facilitates better ventricular filling and function.

6. **Stroke Volume**: Contrary to expectations that might suggest a decrease, these medications typically enhance stroke volume by alleviating afterload, thereby improving cardiac output.

#### Conclusion
Based on the pharmacological understanding of intravenous medications that release nitric oxide and increase cGMP, the following conclusions can be drawn:

- The correct clinical effect of such medications is a **decrease in pulmonary capillary wedge pressure (PCWP)**, which is a critical parameter in assessing left atrial pressure and overall cardiac function.
- Other options regarding increased systemic vascular resistance, decreased stroke volume, increased left ventricular end-diastolic pressure, and decreased cardiac contractility are incorrect based on the established pharmacological effects.

This synthesized understanding is essential for guiding clinical decisions and optimizing patient management in cardiovascular care.


[Patient Safety and Standards Team (PSST) Report]
### Refined and Synthesized Report

**Subject:** Clinical Effects of Intravenous Nitric Oxide in Hypertensive Emergencies

**Overview:**
The administration of intravenous medication that releases nitric oxide, a potent vasodilator, plays a critical role in managing hypertensive emergencies. This report synthesizes the expected clinical effects of such treatment based on expert discussions and analysis.

**Key Findings:**

1. **Mechanism of Action:**
   - Nitric oxide acts as a vasodilator, leading to a decrease in systemic vascular resistance. This mechanism is crucial in the context of hypertensive emergencies where rapid blood pressure control is necessary.

2. **Expected Clinical Effects:**
   - **Decreased Pulmonary Capillary Wedge Pressure (PCWP):** The primary expected outcome of administering nitric oxide in hypertensive emergencies is a reduction in pulmonary capillary wedge pressure. This occurs due to improved heart function and reduced systemic vascular resistance, which alleviates the pressure on the pulmonary circulation.
   - **Improved Cardiac Function:** The vasodilatory effects of nitric oxide enhance cardiac output by reducing afterload, which can lead to an increase in stroke volume rather than a decrease.
   - **No Direct Impact on Cardiac Contractility:** The medication does not directly affect cardiac contractility, meaning it does not weaken the heart's ability to pump blood.
   - **Reduction in Left Ventricular End-Diastolic Pressure (LVEDP):** The administration of nitric oxide is expected to lower LVEDP, further supporting improved cardiac efficiency and function.

3. **Incorrect Assumptions:**
   - Increased systemic vascular resistance, decreased cardiac contractility, increased left ventricular end-diastolic pressure, and decreased stroke volume are all incorrect assumptions regarding the effects of nitric oxide in this clinical context.

**Conclusion:**
The administration of intravenous nitric oxide in hypertensive emergencies is associated with a significant decrease in pulmonary capillary wedge pressure, improved cardiac output, and reduced afterload. Understanding these effects is essential for healthcare professionals managing patients in hypertensive crises, ensuring effective treatment and improved patient outcomes. 

**Recommendation:**
Continued education and training on the pharmacodynamics of vasodilators like nitric oxide are recommended for medical staff involved in acute care settings to optimize patient management strategies in hypertensive emergencies.


FRDT Report:
### Refined and Synthesized Report

#### Summary of Findings from MDT Discussion

The Final Review and Decision Team (FRDT) has evaluated the pharmacological effects of an intravenous medication that releases nitric oxide. The primary focus of the discussion was to determine the expected clinical effects of this medication, particularly in relation to hemodynamic parameters.

#### Key Knowledge Extracted

1. **Mechanism of Action**:
   - The medication functions as a vasodilator by increasing levels of cyclic guanosine monophosphate (cGMP) in vascular smooth muscle. This leads to a decrease in systemic vascular resistance (SVR).

2. **Hemodynamic Effects**:
   - **Decreased Systemic Vascular Resistance (SVR)**: The vasodilatory effect results in reduced SVR, which is crucial for understanding the medication's impact on cardiac function.
   - **Decreased Pulmonary Capillary Wedge Pressure (PCWP)**: The reduction in SVR is anticipated to enhance right heart function and lower left atrial pressures, thereby decreasing PCWP.
   - **Cardiac Contractility**: The medication does not negatively impact cardiac contractility, ruling out any adverse effects on heart function.
   - **Left Ventricular End-Diastolic Pressure (LVEDP)**: The reduction in afterload is expected to lower LVEDP, indicating improved left ventricular function.
   - **Stroke Volume**: The decrease in afterload is likely to enhance stroke volume, contradicting any assumptions that it would decrease.

#### Comprehensive Analysis

The discussion clearly indicates that the intravenous medication releasing nitric oxide has significant hemodynamic benefits, primarily through its vasodilatory effects. The expected outcomes include a decrease in both systemic vascular resistance and pulmonary capillary wedge pressure, which are critical indicators of cardiac function and fluid status. The medication's ability to maintain or improve cardiac contractility while reducing afterload positions it as a beneficial therapeutic option in managing conditions associated with elevated pressures in the pulmonary circulation.

#### Conclusion

Based on the analysis of the pharmacological effects and hemodynamic outcomes associated with the intravenous nitric oxide-releasing medication, the FRDT concludes that the most accurate expected clinical effect is:

**(D) Decreased pulmonary capillary wedge pressure.**

This conclusion is supported by the medication's mechanism of action and its positive impact on systemic vascular resistance, cardiac function, and overall hemodynamic stability.

[INFO] Step 3. Final Decision
👨‍⚖️  Decision Maker's final decision: {0.0: "Based on the comprehensive analysis of the pharmacological effects of the intravenous medication that releases nitric oxide, the expected clinical effect from its administration in the context of treating a hypertensive emergency is:\n\n**(D) Decreased pulmonary capillary wedge pressure.**\n\nThis conclusion is supported by the medication's mechanism of action, which leads to vasodilation and a decrease in systemic vascular resistance (SVR). The reduction in SVR improves cardiac function and decreases left atrial pressures, resulting in a lower pulmonary capillary wedge pressure (PCWP). \n\nThe other options presented (increased systemic vascular resistance, decreased cardiac contractility, increased left ventricular end-diastolic pressure, and decreased stroke volume) are incorrect based on the established pharmacological effects of nitric oxide-releasing medications."}

[INFO] API calls for this sample: 28

[INFO] Sample 21 completed successfully