[INFO] Processing sample 30

[INFO] Step 1. MDTs Recruitment

Group 1 - Initial Assessment Team (IAT)
  👨‍⚕️ Member 1 (Emergency Medicine Physician): Acute care and initial diagnostics
  👨🏻‍⚕️ Member 2 (Psychiatrist): Mental health disorders and differential diagnoses
  👩🏼‍⚕️ Member 3 (General Practitioner): Primary care and psychosomatic conditions

Group 2 - Gastroenterology Team (GET)
  👨‍⚕️ Member 1 (Gastroenterologist): Expertise in gastrointestinal disorders
  👨🏻‍⚕️ Member 2 (Dietitian): Nutritional assessment and gastrointestinal health
  👩🏼‍⚕️ Member 3 (Infectious Disease Specialist): Evaluation for infectious causes of gastrointestinal symptoms

Group 3 - Pain Management Team (PMT)
  👨‍⚕️ Member 1 (Pain Management Specialist): Chronic pain assessment and management
  👨🏻‍⚕️ Member 2 (Clinical Psychologist): Psychological impact of chronic pain
  👩🏼‍⚕️ Member 3 (Physical Therapist): Evaluation of physical functionality and range of motion

Group 4 - Psychosomatic Disorders Team (PDT)
  👨‍⚕️ Member 1 (Psychiatrists specializing in psychosomatic medicine): Evaluation of psychosomatic manifestations
  👨🏻‍⚕️ Member 2 (Behavioral Therapist): Techniques for managing anxiety and somatic symptoms
  👩🏼‍⚕️ Member 3 (Nurse Practitioner): Holistic assessment of physical and psychosocial health

Group 5 - Final Review and Decision Team (FRDT)
  👨‍⚕️ Member 1 (Internal Medicine Specialist): Comprehensive review of physical health and multi-system involvement
  👨🏻‍⚕️ Member 2 (Psychiatrist): Specialist in diagnosing mental health disorders
  👩🏼‍⚕️ Member 3 (Rheumatologist): Assessment for any potential autoimmune or connective tissue disorders contributing to symptoms

[INFO] Step 2. MDT Internal Discussions

Initial Assessment Report:
### Refined and Synthesized Report on Patient Assessment

**Patient Overview:**
The patient has a history of recurrent visits to the emergency room, totaling seven, primarily presenting with abdominal pain, diarrhea, nausea, and recently, arm pain. The symptoms appear chronic and are not easily attributable to identifiable physical illnesses.

**Key Findings:**

1. **Recurrent Symptoms**: The patient’s repeated presentations with similar symptoms suggest a chronic condition. The nature of these symptoms points towards a potential psychological underpinning rather than a purely physical ailment.

2. **Physical Examination**: 
   - The examination revealed no signs of erythema or edema in the arm, and abdominal tenderness was vague and non-specific.
   - A negative fecal occult blood test further diminishes the likelihood of significant gastrointestinal issues, such as ulcerative colitis.

3. **Associated Symptoms**: The patient reports pain during intercourse, which may indicate underlying pelvic pathology or could be a manifestation of psychological distress contributing to her somatic symptoms.

4. **Somatic Symptom Presentation**: The symptoms are consistent with somatoform disorders, characterized by significant distress and impairment caused by physical symptoms that lack a clear medical explanation.

**Diagnosis Consideration:**
While conversion disorder was considered, the absence of distinct neurological signs and the pattern of recurrent visits lean more towards a diagnosis of somatoform pain disorder. Conversion disorder typically presents with specific neurological symptoms that are inconsistent with medical conditions, which is not the case here.

### Conclusion:
Based on the comprehensive assessment of the patient's symptoms, physical examination findings, and the psychological context, the most appropriate diagnosis is **Somatoform Pain Disorder**. This diagnosis reflects the chronic nature of the symptoms, the lack of identifiable physical causes, and the significant distress experienced by the patient. Further psychological evaluation and support may be beneficial in managing the patient's condition and improving her quality of life.

[Gastroenterology Team (GET) Report]
### Refined and Synthesized Report

**Patient Overview:**
The patient is a 21-year-old woman presenting with recurrent symptoms including abdominal pain, diarrhea, nausea, and arm pain. She has a history of multiple emergency room visits for similar complaints.

**Key Findings:**

1. **Symptomatology**: The patient exhibits chronic symptoms that are recurrent and non-specific, indicating a potential underlying psychological component rather than a purely physical ailment.

2. **Diagnostic Investigations**:
   - **Negative Fecal Occult Test**: This finding suggests the absence of significant gastrointestinal pathology, such as ulcerative colitis, which would typically yield positive results in cases of active disease.
   - **Vague Abdominal Tenderness**: The lack of specific findings during physical examination further supports the notion that there is no identifiable organic cause for her symptoms.

3. **Psychological Considerations**: The patient's history includes reports of dyspareunia, which may indicate psychological distress contributing to her physical symptoms. The chronic nature of her complaints, coupled with the absence of a clear medical explanation, aligns with the characteristics of somatoform disorders.

4. **Differential Diagnosis**:
   - **Illness Anxiety Disorder**: Not applicable as the patient does not exhibit excessive worry about having a serious illness.
   - **Somatization Disorder**: While this could be a consideration, the specific presentation of pain aligns more closely with somatoform pain disorder.
   - **Ulcerative Colitis**: Unlikely due to negative fecal occult blood test results and the general symptom profile.
   - **Conversion Disorder**: Not relevant as the patient does not present with neurological symptoms.

**Conclusion and Diagnosis:**
Based on the comprehensive evaluation of the patient's symptoms, the results of diagnostic tests, and the psychological context, the most appropriate diagnosis is **Somatoform Pain Disorder**. This diagnosis is supported by the chronicity of symptoms, lack of identifiable physical causes, and the potential influence of psychological factors on the patient's health.

**Recommendations for Management**:
- **Psychological Support**: Referral to a mental health professional for cognitive behavioral therapy or other therapeutic interventions to address the psychological aspects of her condition.
- **Multidisciplinary Approach**: Continued collaboration with the gastroenterology team, dietitian, and possibly a pain management specialist to provide holistic care.
- **Monitoring and Follow-Up**: Regular follow-up appointments to monitor symptom progression and response to interventions, ensuring that any new symptoms or changes in condition are promptly addressed. 

This synthesized report aims to provide a clear understanding of the patient's condition and the rationale behind the diagnosis, facilitating effective management and support.


[Pain Management Team (PMT) Report]
### Refined and Synthesized Report on Patient Diagnosis

**Patient Overview:**
The patient has been experiencing chronic and recurrent symptoms, specifically right arm pain, abdominal pain, diarrhea, and nausea. These symptoms have led to multiple emergency room visits without a clear medical diagnosis.

**Key Findings:**
1. **Symptomatology:** The patient exhibits a range of physical symptoms that are persistent and distressing but lack identifiable physical causes.
2. **Investigations:** 
   - A fecal occult blood test returned negative, indicating no significant gastrointestinal pathology.
   - Abdominal tenderness was noted but was described as vague, further supporting the absence of a clear medical issue.
3. **Psychosocial Context:** The patient has a history of frequent emergency room visits for similar complaints, suggesting a pattern that may be more psychological than physiological.

**Diagnosis:**
The Pain Management Team has concluded that the most appropriate diagnosis for this patient is **Somatoform Pain Disorder**. 

**Rationale for Diagnosis:**
- **Chronic Symptoms:** The recurrent nature of the patient's symptoms aligns with the characteristics of somatoform disorders, where individuals experience significant distress due to physical symptoms that do not have a clear medical explanation.
- **Absence of Physical Findings:** The negative results from relevant tests and the lack of significant physical findings support the diagnosis of a somatoform disorder rather than a physical illness.
- **Psychological Underpinnings:** The pattern of behavior, including multiple visits to emergency care for similar complaints, suggests that the symptoms may be rooted in psychological factors rather than organic disease.
- **Exclusion of Other Disorders:** Other potential diagnoses, such as illness anxiety disorder and conversion disorder, were considered but found to be inadequate. The patient does not exhibit excessive worry about illness (illness anxiety disorder) nor does she present with specific neurological symptoms (conversion disorder).

**Conclusion:**
In light of the comprehensive assessment, the Pain Management Team has determined that the patient's symptoms are best explained by Somatoform Pain Disorder. This diagnosis reflects the interplay between psychological distress and physical symptomatology, emphasizing the need for a multidisciplinary approach to management that addresses both the physical and psychological aspects of the patient's condition. Further psychological support and pain management strategies may be beneficial in improving the patient's quality of life.


[Psychosomatic Disorders Team (PDT) Report]
### Refined and Synthesized Report on Patient Diagnosis

**Patient Diagnosis Summary: Somatoform Pain Disorder**

**Assessment Overview:**
The Psychosomatic Disorders Team (PDT) has conducted a thorough evaluation of the patient, leading to the conclusion that the most fitting diagnosis is **Somatoform Pain Disorder**. This diagnosis is supported by a combination of clinical history, symptomatology, and the results of diagnostic investigations.

**Key Findings:**

1. **Chronic and Recurrent Symptoms:**
   - The patient has a documented history of frequent emergency room visits due to recurrent physical complaints, primarily abdominal pain, diarrhea, nausea, and more recently, right arm pain. This pattern indicates a chronic condition that lacks identifiable physical causes.

2. **Negative Diagnostic Results:**
   - Investigations, including a fecal occult blood test, returned negative results, and the presence of vague abdominal tenderness suggests that there are no significant underlying gastrointestinal issues, such as ulcerative colitis, that could explain the symptoms.

3. **Psychosomatic Context:**
   - The patient's symptoms appear to be influenced by psychosomatic factors, particularly highlighted by the reported pain during intercourse. This indicates that emotional and psychological elements may be contributing to the physical distress experienced by the patient.

4. **Exclusion of Alternative Diagnoses:**
   - Other potential diagnoses were considered and ruled out:
     - **Illness Anxiety Disorder**: The patient does not exhibit excessive concern about having a serious illness.
     - **Somatization Disorder**: This diagnosis was deemed inappropriate as it does not align with the specific emphasis on pain in the patient's case.
     - **Conversion Disorder**: The absence of clear neurological signs further excludes this diagnosis.

**Conclusion:**
The consistent presentation of distressing physical symptoms, coupled with the lack of identifiable medical causes, strongly supports the diagnosis of **Somatoform Pain Disorder**. This diagnosis reflects the complex interplay between psychological factors and physical symptoms, emphasizing the need for a holistic approach to treatment that addresses both the physical and emotional aspects of the patient's condition.

**Recommendations for Management:**
- A multidisciplinary approach involving psychological support, pain management strategies, and possibly physical therapy may be beneficial.
- Regular follow-up appointments to monitor the patient's progress and adjust treatment plans as necessary.
- Consideration of cognitive-behavioral therapy (CBT) to help the patient develop coping strategies for managing symptoms and addressing underlying psychosomatic issues.

This synthesized report aims to provide a clear understanding of the patient's condition and the rationale behind the diagnosis, facilitating informed decision-making for ongoing care and management.


FRDT Report:
### Refined and Synthesized Report on Patient Diagnosis

**Patient Profile:**
- **Age:** 21 years
- **Gender:** Female
- **Presenting Symptoms:** Chronic abdominal pain, diarrhea, arm pain, and pain during intercourse.

**Diagnosis:**
- **Final Diagnosis:** Somatoform Pain Disorder

### Summary of Findings:

1. **Chronic and Recurrent Symptoms:**
   - The patient has a documented history of recurrent symptoms, specifically abdominal pain, diarrhea, and arm pain. These symptoms have persisted over time without any identifiable physical cause, indicating a potential psychological component.

2. **Negative Diagnostic Results:**
   - Comprehensive investigations, including a fecal occult blood test, returned negative results. This finding significantly reduces the likelihood of organic gastrointestinal disorders, such as ulcerative colitis, being responsible for her symptoms.

3. **Psychosomatic Context:**
   - The presence of pain during intercourse suggests that psychological factors may be influencing the patient's physical symptoms. This aligns with the characteristics of somatoform disorders, where emotional distress manifests as physical pain.

4. **Absence of Neurological Signs:**
   - The evaluation did not reveal any neurological signs that would indicate a conversion disorder. The recurrent nature of the patient's emergency room visits for similar complaints further supports the diagnosis of somatoform pain disorder rather than other potential diagnoses.

5. **Exclusion of Other Diagnoses:**
   - The patient's symptoms do not meet the criteria for other related disorders, such as illness anxiety disorder, somatization disorder, or conversion disorder. This exclusion reinforces the appropriateness of the somatoform pain disorder diagnosis.

### Conclusion:
The comprehensive assessment of the patient's symptoms, diagnostic results, and psychological context leads to the conclusion that the most fitting diagnosis is **Somatoform Pain Disorder**. This diagnosis reflects the interplay between psychological factors and physical symptoms, emphasizing the need for a multidisciplinary approach to treatment that addresses both the physical and psychological aspects of the patient's condition. 

### Recommendations:
- **Psychological Support:** Referral to a mental health professional for cognitive-behavioral therapy or other therapeutic interventions to address underlying psychological issues.
- **Pain Management:** Consideration of a pain management program that may include physical therapy, relaxation techniques, and possibly medication to help manage symptoms.
- **Follow-Up:** Regular follow-up appointments to monitor the patient's progress and adjust treatment plans as necessary. 

This synthesized report aims to provide a clear understanding of the patient's condition and the rationale behind the diagnosis, facilitating informed decision-making for future management.

[INFO] Step 3. Final Decision
👨‍⚖️  Decision Maker's final decision: {0.0: "The most likely diagnosis for the 21-year-old woman presenting with right arm pain, diarrhea, nausea, and a history of recurrent emergency room visits with similar symptoms is **(D) Somatoform pain disorder**.\n\n### Rationale:\n1. **Chronic and Recurrent Symptoms**: The patient has a documented history of recurrent symptoms, including abdominal pain, diarrhea, and arm pain, without identifiable physical causes. This pattern suggests a chronic condition that aligns with somatoform disorders.\n\n2. **Negative Diagnostic Results**: The negative fecal occult blood test indicates the absence of significant gastrointestinal pathology, such as ulcerative colitis, which would typically present with positive results if active disease were present.\n\n3. **Psychosomatic Context**: The presence of pain during intercourse and the vague abdominal tenderness suggest that psychological factors may be influencing her physical symptoms. This is characteristic of somatoform disorders, where emotional distress manifests as physical pain.\n\n4. **Exclusion of Other Diagnoses**:\n   - **Illness Anxiety Disorder (B)**: The patient does not exhibit excessive worry about having a serious illness.\n   - **Somatization Disorder (C)**: This diagnosis is less appropriate as it does not specifically emphasize pain as the primary symptom.\n   - **Ulcerative Colitis (A)**: Unlikely due to negative fecal occult blood test results and the general symptom profile.\n   - **Conversion Disorder (E)**: The absence of neurological signs and the nature of the symptoms do not support this diagnosis.\n\n### Conclusion:\nGiven the comprehensive assessment of the patient's symptoms, the results of diagnostic tests, and the psychological context, the most appropriate diagnosis is **Somatoform Pain Disorder (D)**. This diagnosis reflects the interplay between psychological factors and physical symptoms, emphasizing the need for a multidisciplinary approach to treatment."}

[INFO] API calls for this sample: 28

[INFO] Sample 30 completed successfully