[INFO] Processing sample 7

[INFO] Step 1. Expert Recruitment
Agent 1 (👨🏻‍⚕️ Rheumatologist): Specializes in the diagnosis and treatment of autoimmune diseases and musculoskeletal disorders.
Agent 2 (👩🏻‍⚕️ Neurologist): Focuses on disorders of the nervous system, including peripheral neuropathy and pain syndromes.
Agent 3 (🧑🏿‍⚕️ Pharmacologist): Expert in drug therapy and medication management, particularly in relation to pain management and psychiatric medications.

[INFO] Hierarchy Selection
                     moderator (👨‍⚖️)                                           
            ┌────────────────┴─────────────┬─────────────────────────┐          
  Rheumatologist (👨🏻‍⚕️)         Pharmacologist (🧑🏿‍⚕️)     Neurologist (👩🏻‍⚕️) 


[INFO] Step 2. Initial Opinions
 Agent 1 (👨🏻‍⚕️ rheumatologist) : Based on the information provided in the case, the 46-year-old woman has significant muscle and joint pain, morning stiffness, fatigue, and a tingling sensation in her lower limbs. The symmetric muscle tenderness and the absence of any remarkable findings in laboratory studies, particularly the normal inflammatory markers (low ESR) and the normal urinalysis, suggest a possible diagnosis of fibromyalgia or a similar myofascial pain syndrome.

In such cases, non-pharmacologic approaches along with medications that help with nerve pain and improve sleep quality can be effective. Amitriptyline (option D) is a tricyclic antidepressant that is often used for the management of fibromyalgia. It can help alleviate pain and improve sleep, both of which are relevant to this patient's symptoms.

Other options:
- Bupropion (A) is used mainly for depression and smoking cessation, not primarily indicated for fibromyalgia or muscle pain.
- Vitamin B12 (C) might be considered if a deficiency was suspected, but does not address her specific symptoms.
- Temazepam (B) is a benzodiazepine that can help with sleep but does not address the fibromyalgia symptoms directly.
- Methotrexate (E) is used for inflammatory arthritis and autoimmune diseases and would not be appropriate here given the lack of inflammatory signs.

Thus, the most appropriate therapy for this patient is (D) Amitriptyline.
 Agent 2 (👩🏻‍⚕️ neurologist) : The patient presents with a constellation of symptoms including severe, migratory muscle and joint pain, morning stiffness, fatigue, and paresthesias in the lower limbs. She also reports bloating. Her medical history includes hypertension and migraines, and she is on propranolol and sumatriptan. The physical examination reveals symmetric muscular tenderness. Laboratory studies, including CBC, ESR, glucose, creatinine, and TSH, are largely unremarkable, ruling out many common inflammatory and metabolic causes.

Let's analyze the differential diagnosis and the potential impact of the given options.

The symptoms of widespread pain, stiffness, fatigue, and paresthesias are suggestive of a diffuse pain syndrome. While the absence of elevated inflammatory markers (like ESR) makes conditions like rheumatoid arthritis less likely, the generalized musculoskeletal pain and stiffness, particularly with morning stiffness, could still point towards fibromyalgia. The paresthesias in the lower limbs, coupled with fatigue, could also suggest a peripheral neuropathy, but the normal reflexes make significant neuropathy less probable at this stage.

The patient's bloating could be related to irritable bowel syndrome (IBS), which is often comorbid with fibromyalgia and other pain syndromes.

Considering the options:

(A) **Bupropion:** This is an antidepressant that also has some stimulant properties. While it can be used for fatigue and sometimes for pain, it's not typically a first-line treatment for diffuse pain syndromes like fibromyalgia, and its mechanism might not directly address the underlying neurological or pain pathways implicated here.

(B) **Temazepam:** This is a benzodiazepine used for insomnia. While the patient reports fatigue due to poor sleep, temazepam is primarily a hypnotic and not a primary treatment for the pain or paresthesias. Long-term use of benzodiazepines can also lead to dependence and can worsen cognitive function, which might be a concern given the fatigue.

(C) **Vitamin B12:** Vitamin B12 deficiency can cause neurological symptoms like paresthesias, fatigue, and even some pain. However, the patient's normal MCV (mean corpuscular volume) makes a severe B12 deficiency less likely, although it doesn't completely rule out mild deficiency or other causes of neuropathy. If a deficiency were strongly suspected, this would be a reasonable empirical trial, but given the widespread pain and stiffness, it's less likely to be the sole or primary cause.

(D) **Amitriptyline:** This is a tricyclic antidepressant (TCA). TCAs, particularly at lower doses, are well-established as a first-line treatment for fibromyalgia and other chronic pain syndromes, including neuropathic pain and irritable bowel syndrome. They work by modulating neurotransmitters like serotonin and norepinephrine, which are involved in pain modulation, and can also improve sleep quality, which is often disrupted in patients with chronic pain. Amitriptyline can also help with the paresthesias.

(E) **Methotrexate:** This is an immunosuppressant and disease-modifying antirheumatic drug (DMARD) used primarily for inflammatory conditions like rheumatoid arthritis and psoriatic arthritis. Given the normal ESR and the nature of the pain, an autoimmune inflammatory arthritis is less likely to be the primary diagnosis. Methotrexate would be inappropriate without evidence of significant inflammation or specific autoimmune disease.

Given the clinical presentation of diffuse musculoskeletal pain, stiffness, fatigue, and paresthesias, and considering the common comorbidities and treatment strategies for such conditions, amitriptyline stands out as the most appropriate initial therapy. It addresses multiple facets of the patient's symptoms by targeting pain modulation, potentially improving sleep, and possibly having a beneficial effect on IBS symptoms.

The final answer is $\boxed{D}$.
 Agent 3 (🧑🏿‍⚕️ pharmacologist) : Excellent, let's analyze this case as a team.

### 1. Diagnosis Assessment

First, let's establish the most likely diagnosis based on the clinical presentation.

*   **Patient Profile:** 46-year-old woman.
*   **Core Symptoms:**
    *   **Chronic Widespread Pain:** Present for 5 months, varying in location and intensity.
    *   **Fatigue:** Significant, present throughout the day.
    *   **Sleep Disturbance:** Patient reports not sleeping well, which she connects to her fatigue.
*   **Associated Symptoms:** Morning stiffness, tingling in lower limbs (paresthesias), and bloating (suggesting a common comorbidity like Irritable Bowel Syndrome).
*   **Physical Examination:** The key finding is symmetric muscular tenderness at multiple classic tender points (neck, shoulders, lumbosacral area) without objective joint swelling or inflammation. Neurological exam (strength, reflexes) is normal.
*   **Laboratory Findings:** The lab workup is entirely normal. Crucially, the Erythrocyte Sedimentation Rate (ESR) is low, which effectively rules out a significant inflammatory process like rheumatoid arthritis or polymyalgia rheumatica. The normal TSH rules out hypothyroidism.

This clinical picture—chronic widespread pain, fatigue, unrefreshing sleep, and multiple tender points in the absence of inflammatory markers—is the classic presentation of **Fibromyalgia**.

### 2. Pharmacotherapeutic Goal

Our primary goal is to select a medication that can address the core symptoms of fibromyalgia, particularly pain and sleep disturbance, which in turn may help with fatigue.

### 3. Evaluation of Medication Options

Now, let's evaluate each option from a pharmacological perspective for treating fibromyalgia:

*   **(A) Bupropion:** This is a norepinephrine-dopamine reuptake inhibitor (NDRI). While it can be very effective for depression and may help with fatigue due to its activating properties, it generally lacks the strong analgesic effects needed for fibromyalgia pain. It is not considered a first-line agent for this condition.

*   **(B) Temazepam:** This is a benzodiazepine hypnotic. While it would induce sleep, it is **not recommended** for chronic management in fibromyalgia. Benzodiazepines disrupt restorative deep sleep (stage N3) and can lead to tolerance, dependence, and worsening daytime fatigue. They do not address the underlying pain mechanism.

*   **(C) Vitamin B12:** This is indicated for B12 deficiency, which can cause fatigue and paresthesias. However, this patient has a normal MCV, and there's no other indication of deficiency. Empiric treatment is not appropriate without evidence of a deficiency.

*   **(E) Methotrexate:** This is a disease-modifying antirheumatic drug (DMARD) used for inflammatory autoimmune conditions like rheumatoid arthritis. Since this patient's clinical picture and normal ESR argue against an inflammatory process, methotrexate is inappropriate and would expose her to unnecessary risk of side effects.

*   **(D) Amitriptyline:** This is a tricyclic antidepressant (TCA). At low doses (e.g., 10-25 mg at bedtime), it is a **first-line therapy for fibromyalgia**. Its mechanism is beneficial for several of this patient's symptoms:
    *   **Pain:** It has independent analgesic properties, likely by increasing synaptic levels of serotonin and norepinephrine in descending pain pathways.
    *   **Sleep:** Its antihistaminic effects are highly sedating, which helps restore sleep continuity and improve sleep quality.
    *   **Comorbidities:** It is also used for migraine prophylaxis, which could be an added benefit for this patient.

### Conclusion

Based on the diagnosis of fibromyalgia and the patient's specific symptom profile of severe pain and poor sleep, **amitriptyline** is the most appropriate therapeutic choice. It directly targets multiple core components of the syndrome and is a well-established, evidence-based treatment.

**Correct Answer: (D) Amitriptyline**

[INFO] Step 3. Collaborative Decision Making
== Round 1 ==
[INFO] Participatory Debate
|_Turn 1
 Agent 1 (👨🏻‍⚕️ rheumatologist): 🤐
 Agent 2 (👩🏻‍⚕️ neurologist) -> Agent 3 (🧑🏿‍⚕️ pharmacologist) : My expertise is in **neurology**, with a specific focus on peripheral neuropathy and pain syndromes.

To the pharmacologist:

I believe **Amitriptyline (D)** is the most appropriate initial therapy for this patient. My reasoning is based on her presentation, which strongly suggests fibromyalgia. She exhibits classic symptoms of widespread chronic pain, fatigue, non-restorative sleep, and tenderness in multiple areas, all in the absence of objective inflammatory markers or signs of significant peripheral neuropathy (given normal reflexes). Amitriptyline is a well-established first-line treatment for fibromyalgia, effectively addressing both the pain and sleep disturbances, which are central to her debilitating symptoms. Furthermore, its known efficacy in migraine prophylaxis might also benefit her comorbid condition.
 Agent 3 (🧑🏿‍⚕️ pharmacologist): 🤐

[INFO] Summary Table
+---------+---------+-----------+-----------+
|         | Agent 1 |  Agent 2  |  Agent 3  |
+---------+---------+-----------+-----------+
| Agent 1 |         |           |           |
|         |         |           |           |
| Agent 2 |         |           | ✋ (2->3) |
|         |         |           |           |
| Agent 3 |         | ✋ (3<-2) |           |
+---------+---------+-----------+-----------+

|_Turn 2
 Agent 1 (👨🏻‍⚕️ rheumatologist): 🤐
 Agent 2 (👩🏻‍⚕️ neurologist): 🤐
 Agent 3 (🧑🏿‍⚕️ pharmacologist): 🤐
 No agents chose to participate in this turn. End this turn.

[INFO] Moderator Consensus Check
 👨‍⚖️ Moderator consensus check: YES

[INFO] Consensus reached! Ending discussion.

[INFO] Step 4. Final Decision
👨‍⚖️  Moderator's final decision: {0.0: "Based on the thorough discussion and consensus among the multidisciplinary team, the final decision is to prescribe **(D) Amitriptyline** for the patient. \n\nThe reasoning is well-supported by the following points:\n\n1. **Clinical Presentation**: The patient's symptoms align closely with fibromyalgia, characterized by widespread pain, fatigue, morning stiffness, and paresthesias, with no significant inflammatory markers present.\n\n2. **Expert Consensus**: All specialists—neurologist, rheumatologist, and pharmacologist—agreed on the diagnosis of fibromyalgia and the appropriateness of amitriptyline as a first-line treatment. This medication effectively addresses both pain and sleep disturbances, which are central to the patient's debilitating symptoms.\n\n3. **Pharmacological Rationale**: Amitriptyline's mechanism of action involves modulation of neurotransmitters that play a role in pain perception and sleep regulation, making it suitable for this patient's symptom profile. Additionally, it may provide benefits for her comorbid migraines.\n\n4. **Exclusion of Other Options**: The other treatment options were deemed inappropriate for this patient's condition, either lacking efficacy for fibromyalgia or not addressing the primary symptoms.\n\nIn conclusion, the final answer is **(D) Amitriptyline**."}

[INFO] API calls for this sample: 19

[INFO] Sample 7 completed successfully