[INFO] Processing sample 44

[INFO] Step 1. Expert Recruitment
Agent 1 (👨🏿‍⚕️ Trauma Surgeon): Specializes in the surgical treatment of traumatic injuries, including those from gunshot wounds.
Agent 2 (🧑🏽‍⚕️ Vascular Surgeon): Focuses on disorders of the vascular system, including arteries and veins.
Agent 3 (👨🏽‍⚕️ Emergency Medicine Physician): Provides immediate care for acute illnesses and injuries, including shock management in trauma cases.

[INFO] Hierarchy Selection
                     moderator (👨‍⚖️)                                                               
            ┌────────────────┴────────────────────┬───────────────────────────────────┐             
  Trauma Surgeon (👨🏿‍⚕️)         Emergency Medicine Physician (👨🏽‍⚕️)      Vascular Surgeon (🧑🏽‍⚕️) 


[INFO] Step 2. Initial Opinions
 Agent 1 (👨🏿‍⚕️ trauma surgeon) : In the scenario provided, a gunshot wound at the level of L3 can potentially injure several vascular structures given the anatomy of the retroperitoneal space and pelvic region. 

At L3, the following vascular structures are situated:

- **A**: Inferior vena cava (IVC) - is located anterior to the vertebral column, so it could be potentially injured from a penetrating wound at this level.
- **B**: Internal iliac artery - branches off the common iliac artery just below L4, but trauma at L3 might not directly affect it.
- **C**: Internal iliac vein - similar to the artery, this vein branches from the common iliac vein below L4 and may not be directly impacted at L3.
- **D**: Renal artery - arises from the abdominal aorta at a level typically around L1-L2, so it is less likely to be directly affected by a wound at L3.
- **E**: Portal vein - is located more superiorly and posteriorly relative to the IVC and would not be directly affected by a gunshot wound at L3.

Given this anatomical context, the most likely injured vascular structure due to a gunshot wound at the level of L3 would be:

**(A) Inferior vena cava**

This structure is in close proximity to the spine and could easily be compromised in the context of a penetrating injury at that level.
 Agent 2 (🧑🏽‍⚕️ vascular surgeon) : To answer this question, we need to consider the anatomical location of the L3 vertebra and the major vascular structures that run nearby.

The L3 vertebra is located in the mid-lumbar region of the spine.

Let's evaluate the options:

*   **(A) Inferior vena cava:** The inferior vena cava is a large vein that runs through the abdomen, generally to the right of the midline and in close proximity to the aorta. It passes posterior to the liver and anterior to the vertebral column, including the lumbar vertebrae. Therefore, a penetrating wound at L3 could potentially injure the inferior vena cava.

*   **(B) Internal iliac artery:** The internal iliac arteries (also known as hypogastric arteries) branch off the common iliac arteries at the level of the sacroiliac joint, which is generally lower than L3. While they supply structures in the pelvis, their primary origin is lower.

*   **(C) Internal iliac vein:** Similar to the internal iliac artery, the internal iliac veins drain the pelvis and typically originate from the common iliac veins, which are located lower than L3.

*   **(D) Renal artery:** The renal arteries typically arise from the aorta at the level of L1 or L2. While L3 is close, the renal arteries are generally at a slightly higher level. However, variations can occur.

*   **(E) Portal vein:** The portal vein is formed by the confluence of the superior mesenteric vein and the splenic vein, typically in the retroperitoneum, posterior to the pancreas. It is significantly superior to the L3 vertebral body and not in its direct vicinity.

Considering the typical anatomical positions, the **inferior vena cava** is the vascular structure most likely to be injured by a penetrating wound at the level of L3, given its anterior position relative to the vertebral column in the lumbar region. While the renal arteries are also in the vicinity of the lumbar spine, the inferior vena cava is a more central and larger structure at this level, making it a prime candidate for injury from a penetrating trauma at L3.

The final answer is $\boxed{A}$.
 Agent 3 (👨🏽‍⚕️ emergency medicine physician) : Alright team, let's work through this.

We have a gunshot victim in shock with a penetrating wound at the L3 level. Our immediate concern is massive hemorrhage from a major vascular injury. We need to identify the most likely structure involved based on the anatomical location.

Let's review the retroperitoneal anatomy at the L3 vertebral level:

*   **The Great Vessels:** The abdominal aorta and the inferior vena cava (IVC) are the dominant structures lying directly anterior to the vertebral column at this level. The aorta is slightly to the left, and the IVC is to the right.
*   **Renal Arteries (D):** These typically branch from the aorta higher up, around the L1-L2 level. A wound at L3 would be inferior to their origin.
*   **Portal Vein (E):** This is located more superiorly and anteriorly, behind the neck of the pancreas, formed by the confluence of the splenic and superior mesenteric veins, also around the L1-L2 level. It is not at L3.
*   **Iliac Vessels (B, C):** The aortic bifurcation into the common iliac arteries occurs at L4. The confluence of the common iliac veins to form the IVC occurs at L5. Therefore, the internal iliac vessels are located significantly inferior to the L3 level, deep within the pelvis.

Given these anatomical landmarks, a penetrating injury at L3 is directly in the path of the infrarenal aorta and the inferior vena cava. Looking at our options, the IVC is listed. An injury to this large-caliber vein would result in massive, rapid hemorrhage, which is entirely consistent with the patient's presentation of shock.

Therefore, the most likely injured structure among the choices is:

**(A) Inferior vena cava**

Immediate actions: We need two large-bore IVs, start massive transfusion protocol, and get a FAST exam. We need to notify trauma surgery and interventional radiology immediately. This patient is likely heading directly to the operating room.

[INFO] Step 3. Collaborative Decision Making
== Round 1 ==
[INFO] Participatory Debate
|_Turn 1
 Agent 1 (👨🏿‍⚕️ trauma surgeon): 🤐
 Agent 2 (🧑🏽‍⚕️ vascular surgeon) -> Agent 1 (👨🏿‍⚕️ trauma surgeon) : My expertise is in vascular surgery, focusing on arteries and veins.

To the Trauma Surgeon and Emergency Medicine Physician:

Considering the penetrating wound at L3, the primary vascular structure at risk is the **Inferior Vena Cava (A)**. The IVC lies directly anterior to the L3 vertebral body, making it highly susceptible to injury from a posterior-to-anterior trajectory at this level. While the renal arteries branch higher (L1-L2), and the iliac vessels are lower (L4-L5 bifurcation), the IVC is centrally located at L3. An injury to the IVC would explain the patient's shock due to massive hemorrhage. Therefore, my opinion aligns with the initial assessment that the Inferior Vena Cava is the most likely injured structure.
 Agent 2 (🧑🏽‍⚕️ vascular surgeon) -> Agent 3 (👨🏽‍⚕️ emergency medicine physician) : My expertise is in vascular surgery, focusing on arteries and veins.

To the Trauma Surgeon and Emergency Medicine Physician:

I am confident that the **Inferior Vena Cava (A)** is the most likely injured vascular structure. My reasoning is based on the anterior location of the IVC relative to the L3 vertebral body. A projectile impacting at this level has a direct path to this major vein, and injury to the IVC would readily explain the patient's profound shock due to significant blood loss. While other retroperitoneal vessels are in the vicinity of the lumbar spine, their anatomical positions make them less probable targets for a wound precisely at L3 compared to the IVC.
 Agent 3 (👨🏽‍⚕️ emergency medicine physician): 🤐

[INFO] Summary Table
+---------+-----------+-----------+-----------+
|         |  Agent 1  |  Agent 2  |  Agent 3  |
+---------+-----------+-----------+-----------+
| Agent 1 |           | ✋ (1<-2) |           |
|         |           |           |           |
| Agent 2 | ✋ (2->1) |           | ✋ (2->3) |
|         |           |           |           |
| Agent 3 |           | ✋ (3<-2) |           |
+---------+-----------+-----------+-----------+

|_Turn 2
 Agent 1 (👨🏿‍⚕️ trauma surgeon): 🤐
 Agent 2 (🧑🏽‍⚕️ vascular surgeon): 🤐
 Agent 3 (👨🏽‍⚕️ emergency medicine physician): 🤐
 No agents chose to participate in this turn. End this turn.

[INFO] Moderator Consensus Check
 👨‍⚖️ Moderator consensus check: YES

[INFO] Consensus reached! Ending discussion.

[INFO] Step 4. Final Decision
👨‍⚖️  Moderator's final decision: {0.0: 'Based on the thorough discussion and consensus among the multidisciplinary team, the final decision is clear. All experts, including the trauma surgeon, vascular surgeon, and emergency medicine physician, have consistently identified the **Inferior Vena Cava (A)** as the most likely vascular structure injured in this case of a gunshot victim with a penetrating wound at the level of L3. \n\nThe reasoning provided highlights the anatomical positioning of the IVC, which is located directly anterior to the L3 vertebral body, making it highly susceptible to injury from a penetrating wound at this level. The experts have effectively ruled out the other options based on their anatomical locations and the clinical presentation of the patient, which includes signs of shock indicative of significant hemorrhage.\n\nTherefore, the final answer to the question is:\n\n**(A) Inferior vena cava.**'}

[INFO] API calls for this sample: 20

[INFO] Sample 44 completed successfully