[INFO] Processing sample 4

[INFO] Step 1. MDTs Recruitment

Group 1 - Initial Assessment Team (IAT)
  👨‍⚕️ Member 1 (Emergency Physician): Emergency Medicine
  👨🏻‍⚕️ Member 2 (Gastroenterologist): Hepatology
  👩🏼‍⚕️ Member 3 (Nurse Practitioner): Acute Care

Group 2 - Neurological Assessment Team (NAT)
  👨‍⚕️ Member 1 (Neurologist): Neurology
  👨🏻‍⚕️ Member 2 (Psychiatrist): Addiction and Behavioral Medicine
  👩🏼‍⚕️ Member 3 (Clinical Neuropsychologist): Cognitive Assessment

Group 3 - Laboratory and Diagnostic Evaluation Team (LDET)
  👨‍⚕️ Member 1 (Clinical Pathologist): Laboratory Medicine
  👨🏻‍⚕️ Member 2 (Biochemist): Clinical Chemistry
  👩🏼‍⚕️ Member 3 (Radiologist): Medical Imaging

Group 4 - Treatment Planning Team (TPT)
  👨‍⚕️ Member 1 (Hepatologist): Liver Disorders
  👨🏻‍⚕️ Member 2 (Critical Care Physician): Intensive Care Medicine
  👩🏼‍⚕️ Member 3 (Pharmacologist): Medication Management

Group 5 - Final Review and Decision Team (FRDT)
  👨‍⚕️ Member 1 (Gastroenterologist): Hepatology
  👨🏻‍⚕️ Member 2 (Emergency Physician): Emergency Medicine
  👩🏼‍⚕️ Member 3 (Neurologist): Neurology

[INFO] Step 2. MDT Internal Discussions

Initial Assessment Report:
### Refined and Synthesized Report on Hepatic Encephalopathy

#### Overview
Hepatic encephalopathy (HE) is a complex neuropsychiatric syndrome that arises due to liver dysfunction, primarily associated with cirrhosis. This report synthesizes key insights from the Initial Assessment Team (IAT) regarding the features, diagnostic considerations, and clinical implications of HE.

#### Key Findings

1. **Association with Cirrhosis**:
   - Hepatic encephalopathy is predominantly observed in patients with cirrhosis. While it can occur in other liver conditions, such as acute liver failure, the classic presentation is most commonly linked to chronic liver disease.

2. **Prognosis**:
   - The prognosis of hepatic encephalopathy is variable and generally poor, particularly in the context of significant liver dysfunction. It does not carry a good prognosis, as it often indicates advanced liver disease and potential complications.

3. **Diagnostic Testing**:
   - Elevated ammonia levels can support the diagnosis of HE; however, they are not definitive. Ammonia levels may remain normal in some patients with HE, indicating that reliance solely on this test is insufficient for diagnosis.
   - Hepatic encephalopathy is not strictly a diagnosis of exclusion. It is typically diagnosed based on clinical presentation and patient history, especially in those with known liver disease.

4. **Electroencephalography (EEG) Findings**:
   - EEG findings in hepatic encephalopathy typically show generalized slowing rather than focal abnormalities. This reflects the diffuse cerebral dysfunction associated with the condition.

#### Conclusion
The most accurate understanding of hepatic encephalopathy, based on the clinical parameters provided, is that it is predominantly seen in patients with cirrhosis (Option D). The condition is characterized by a poor prognosis, requires careful clinical assessment for diagnosis, and is associated with specific EEG findings. Clinicians should be aware of these aspects to effectively manage and treat patients presenting with symptoms of hepatic encephalopathy. 

This synthesized report serves as a comprehensive guide for healthcare professionals involved in the assessment and management of patients with suspected hepatic encephalopathy.

[Neurological Assessment Team (NAT) Report]
### Comprehensive Analysis of Hepatic Encephalopathy (HE)

#### Key Knowledge Extracted from Reports:

1. **Prognosis**: Hepatic encephalopathy (HE) is associated with significant liver dysfunction and often indicates advanced liver disease, leading to a generally poor prognosis.
  
2. **Diagnosis Confirmation**: Elevated ammonia levels can support the diagnosis of HE but are not definitive, as they may be normal in some cases. Therefore, ammonia levels are not the best initial test for diagnosis.

3. **Diagnosis Criteria**: HE is primarily diagnosed based on clinical presentation in patients with liver disease rather than being a diagnosis of exclusion.

4. **Occurrence**: While HE is predominantly seen in patients with cirrhosis, it can also occur in other liver conditions, such as acute liver failure.

5. **EEG Findings**: Electroencephalography (EEG) typically shows generalized slowing in patients with HE, rather than focal localizing abnormalities.

#### Summarized Analysis:

Hepatic encephalopathy is a complex condition that arises primarily in the context of liver dysfunction, particularly cirrhosis. The prognosis for patients with HE is generally poor due to the underlying liver disease. Diagnosis is primarily clinical, supported by laboratory findings such as ammonia levels, which, while indicative, are not definitive. EEG findings in HE are characterized by generalized slowing, which is a critical aspect of the neurological assessment.

#### Refined and Synthesized Report:

**Hepatic Encephalopathy Overview**

Hepatic encephalopathy (HE) is a neuropsychiatric syndrome resulting from liver dysfunction, most commonly associated with cirrhosis. The condition is characterized by a spectrum of neurological and psychiatric symptoms, which can range from mild cognitive impairment to coma.

**Prognosis**: The prognosis for patients with HE is often poor, reflecting the severity of the underlying liver disease. It is crucial to recognize that HE indicates significant liver dysfunction and may suggest advanced liver disease.

**Diagnosis**: The diagnosis of HE is primarily based on clinical presentation in patients with known liver disease. While elevated ammonia levels can support the diagnosis, they are not definitive, as some patients may present with normal ammonia levels. Therefore, ammonia testing should not be considered the best initial diagnostic test.

**EEG Findings**: In patients with HE, EEG typically reveals generalized slowing rather than focal abnormalities, which is an important consideration in the neurological assessment of these patients.

**Occurrence**: Although HE is predominantly seen in patients with cirrhosis, it is important to note that it can also occur in other liver conditions, such as acute liver failure.

In conclusion, while the statement that HE "only occurs in patients with cirrhosis" is somewhat misleading, it reflects the common clinical context in which HE is encountered. Understanding the nuances of HE is essential for effective diagnosis and management.


[Laboratory and Diagnostic Evaluation Team (LDET) Report]
### Refined and Synthesized Report on Hepatic Encephalopathy (HE)

#### Overview
Hepatic encephalopathy (HE) is a neuropsychiatric syndrome that arises due to liver dysfunction, particularly in the context of liver cirrhosis. It is characterized by a spectrum of neurological and psychiatric symptoms, which can range from mild cognitive impairment to deep coma. The diagnosis and management of HE require a comprehensive understanding of its clinical presentation, underlying causes, and diagnostic criteria.

#### Key Findings from the MDT Discussion

1. **Diagnosis of Exclusion**: 
   - The consensus is that HE is primarily diagnosed based on clinical presentation in patients with known liver disease, particularly cirrhosis. It is not strictly a diagnosis of exclusion, as it can be identified through characteristic symptoms in the appropriate clinical context.

2. **Prognosis**:
   - The prognosis of HE is generally poor, especially in patients with advanced liver disease. It indicates significant liver dysfunction and can lead to severe complications, including increased mortality.

3. **Role of Ammonia Levels**:
   - While elevated ammonia levels can support the diagnosis of HE, they are not definitive. The diagnosis should not rely solely on laboratory tests; clinical evaluation is paramount.

4. **Occurrence Beyond Cirrhosis**:
   - Although HE is most commonly associated with cirrhosis, it can also occur in other liver conditions, including acute liver failure. This highlights the need for a broader understanding of the potential triggers of HE.

5. **EEG Findings**:
   - Electroencephalography (EEG) typically reveals generalized slowing in patients with HE rather than focal abnormalities. This finding is important for differentiating HE from other neurological conditions.

#### Comprehensive Analysis
The discussion emphasizes the importance of clinical assessment in diagnosing HE, particularly in patients with liver disease. The condition is not merely a diagnosis of exclusion; rather, it is identified through a combination of clinical signs and symptoms, supported by laboratory findings such as ammonia levels. The prognosis is generally poor, underscoring the need for timely intervention and management strategies.

Moreover, the understanding that HE can occur in various liver pathologies, not just cirrhosis, broadens the scope for diagnosis and treatment. EEG findings serve as an additional tool for assessment but should be interpreted in the context of the overall clinical picture.

#### Conclusion
In summary, hepatic encephalopathy is a complex condition that requires a nuanced approach to diagnosis and management. Clinicians should focus on the clinical presentation and consider ammonia levels as supportive rather than definitive. Awareness of the condition's broader implications beyond cirrhosis and the typical EEG findings is essential for effective patient care.


[Treatment Planning Team (TPT) Report]
### Refined and Synthesized Report on Hepatic Encephalopathy (HE)

#### Overview
Hepatic encephalopathy (HE) is a complex neuropsychiatric syndrome that arises due to liver dysfunction, particularly in the context of cirrhosis. It is characterized by a spectrum of neurological and psychiatric symptoms resulting from the accumulation of neurotoxins, primarily ammonia, due to impaired liver function.

#### Key Findings from the MDT Discussion

1. **Prognosis**: 
   - The prognosis for patients with HE is generally poor, especially when associated with advanced liver disease such as cirrhosis. This condition often signifies significant liver dysfunction and can lead to severe complications.

2. **Diagnosis**:
   - The diagnosis of HE is primarily clinical, based on the patient's history and presentation rather than solely on laboratory tests. While elevated ammonia levels can support the diagnosis, they are not definitive, as they may remain normal in some cases. Therefore, reliance on ammonia levels as the best initial test is misleading.

3. **Nature of Diagnosis**:
   - HE is not strictly a diagnosis of exclusion. It is typically diagnosed in patients with known liver disease, particularly cirrhosis, based on clinical symptoms rather than ruling out other conditions.

4. **Association with Cirrhosis**:
   - While HE is most commonly associated with cirrhosis, it is important to note that it can also occur in other liver-related conditions, such as acute liver failure. Thus, stating that HE only occurs in cirrhosis is inaccurate.

5. **EEG Findings**:
   - Electroencephalography (EEG) findings in HE typically demonstrate generalized slowing of brain activity rather than focal abnormalities. This reflects the diffuse nature of the encephalopathy rather than localized brain dysfunction.

#### Conclusion
The discussion highlights several misconceptions regarding hepatic encephalopathy. The most accurate statement among the options presented is that HE is predominantly observed in patients with cirrhosis, although it is not exclusive to this condition. The diagnosis relies heavily on clinical evaluation, and while ammonia levels can be indicative, they are not definitive. Understanding these nuances is crucial for effective management and treatment planning for patients with HE.

### Recommendations
- Clinicians should focus on a comprehensive clinical assessment for diagnosing HE, considering the patient's liver function status and presenting symptoms.
- Education on the nature of HE and its association with liver disease should be emphasized to avoid misconceptions that could impact patient care.
- Regular monitoring of liver function and neurological status in at-risk patients is essential for early detection and management of HE.


FRDT Report:
### Refined and Synthesized Report on Hepatic Encephalopathy (HE)

#### Overview
Hepatic encephalopathy (HE) is a complex neuropsychiatric syndrome that arises due to liver dysfunction, particularly in the context of cirrhosis. It is characterized by a spectrum of neurological and psychiatric symptoms, which can range from mild cognitive impairment to deep coma. The diagnosis and management of HE require a comprehensive understanding of its underlying mechanisms, clinical presentation, and differential diagnoses.

#### Key Findings from the MDT Discussion

1. **Diagnosis of Exclusion**: 
   - While HE is primarily diagnosed based on clinical presentation, it is often approached as a diagnosis of exclusion. This means that other potential causes of altered mental status must be ruled out before confirming HE. This aligns with the common clinical practice, although it is important to note that HE is not strictly a diagnosis of exclusion in all contexts.

2. **Prognosis**:
   - The prognosis of HE is generally poor, particularly in patients with advanced liver disease such as cirrhosis. This condition reflects significant liver dysfunction, and the presence of HE often indicates a more severe underlying liver pathology.

3. **Ammonia Levels**:
   - Elevated ammonia levels can support the diagnosis of HE; however, they are not definitive. Other conditions can also lead to elevated ammonia, making it an unreliable sole indicator for diagnosis.

4. **Association with Cirrhosis**:
   - Although HE is most commonly associated with cirrhosis, it is not exclusive to this condition. HE can occur in various liver diseases, highlighting the need for a broader differential diagnosis.

5. **EEG Findings**:
   - Electroencephalography (EEG) in patients with HE typically shows generalized slowing rather than focal abnormalities. This is an important consideration in the evaluation of patients presenting with neurological symptoms.

#### Conclusion
Based on the synthesized reports and expert discussions, the most accurate characterization of hepatic encephalopathy in this context is that it is a diagnosis of exclusion (Option C). This reflects the necessity of ruling out other potential causes of altered mental status while recognizing the significant implications of liver dysfunction. Clinicians should be aware of the poor prognosis associated with HE, the limitations of ammonia level testing, and the typical EEG findings when evaluating patients. 

This comprehensive understanding is crucial for effective diagnosis, management, and patient education regarding hepatic encephalopathy.

[INFO] Step 3. Final Decision
👨‍⚖️  Decision Maker's final decision: {0.0: "Based on the provided clinical scenario and the synthesized reports on hepatic encephalopathy (HE), the most accurate answer to the question regarding the features of this patient's condition is:\n\n**(C) It is a diagnosis of exclusion.**\n\n### Rationale:\n1. **Prognosis**: The prognosis of hepatic encephalopathy is generally poor, especially in the context of advanced liver disease such as cirrhosis, which is not consistent with option (A).\n\n2. **Association with Cirrhosis**: While HE is predominantly seen in patients with cirrhosis, it can also occur in other liver conditions, making option (D) misleading.\n\n3. **EEG Findings**: EEG findings in HE typically show generalized slowing rather than focal abnormalities, which contradicts option (E).\n\n4. **Ammonia Levels**: Elevated ammonia levels can support the diagnosis of HE but are not definitive, and thus option (B) is incorrect.\n\n5. **Diagnosis of Exclusion**: While HE is primarily diagnosed based on clinical presentation, it is often approached as a diagnosis of exclusion, meaning that other potential causes of altered mental status must be ruled out before confirming HE. This aligns with common clinical practice.\n\nGiven these considerations, option (C) is the most appropriate choice."}

[INFO] API calls for this sample: 28

[INFO] Sample 4 completed successfully