[INFO] Processing sample 9

[INFO] Step 1. Expert Recruitment
Agent 1 (👨🏿‍⚕️ Psychiatrist): Specializes in the diagnosis and treatment of mental health disorders, including schizophrenia and other psychotic disorders.
Agent 2 (👨🏽‍⚕️ Clinical Psychologist): Focuses on the assessment and treatment of psychological problems and mental illness, with expertise in diagnosing and treating hallucinatory disorders.
Agent 3 (👩🏻‍⚕️ Neurologist): Specializes in the nervous system disorders and their effects on mental health, providing insights into the neurological aspects of psychiatric conditions.

[INFO] Hierarchy Selection
                   moderator (👨‍⚖️)                                                 
           ┌───────────────┴───────────┬────────────────────────────┐               
  Psychiatrist (👨🏿‍⚕️)        Neurologist (👩🏻‍⚕️)     Clinical Psychologist (👨🏽‍⚕️) 


[INFO] Step 2. Initial Opinions
 Agent 1 (👨🏿‍⚕️ psychiatrist) : The clinical vignette describes a patient who may be experiencing a manic episode or a psychotic disorder, given his sudden change in behavior, talkativeness, agitation, and auditory hallucinations. In assessing predictors of prognosis for psychotic disorders, particularly schizophrenia or manic episodes, the following factors are important:

- **Slow onset of symptoms** is typically associated with a poorer prognosis in schizophrenia.
- **Negative symptoms** (such as flat affect, social withdrawal) are generally linked to worse outcomes.
- **Affective symptoms** may suggest a mood disorder (like bipolar disorder) and can be associated with a better prognosis if they are present in a manic episode.
- **Being single** can sometimes correlate with poorer social support, which is important in the context of mental illness.
- **Male sex** is generally linked to a more severe course in some disorders like schizophrenia but does not predict better outcomes.

Based on the above analysis, the best predictor of a good prognosis is:

**(A) Affective symptoms.** 

This is due to the likelihood that such symptoms can indicate the presence of a mood disorder rather than a chronic or severe psychotic disorder. If the patient's symptoms are predominantly affective, he might respond well to treatment, indicating a more favorable outcome.
 Agent 2 (👨🏽‍⚕️ clinical psychologist) : Let's break down this case from a clinical psychologist's perspective, focusing on the diagnostic clues and prognostic factors.

**Clinical Presentation Analysis:**

*   **Presenting Complaint:** Auditory hallucinations, disheveled appearance, flat affect.
*   **Mental Status Examination:** Alert and oriented, intact memory. This suggests no global cognitive impairment at this moment.
*   **Behavioral Change:** Sudden onset (last week) of increased social engagement, grandiosity, talkativeness, and agitation when suggestions are rejected.
*   **History:** Patient is mostly a recluse, lived near the hospital for 3 years. This suggests the current behavior is a significant departure from his baseline.

**Differential Diagnosis Considerations (from a psychologist's viewpoint, but keeping in mind collaboration with medical experts):**

The combination of auditory hallucinations and the recent onset of disorganized and grandiose behavior, coupled with a flat affect, raises concern for a psychotic disorder. Given the acuity of the symptoms, several possibilities come to mind:

1.  **Schizophrenia Spectrum Disorders:** The hallucinations and altered behavior are classic. However, the *sudden onset* and *grandiosity* might point towards a mood disorder with psychotic features or a brief psychotic disorder initially.
2.  **Schizoaffective Disorder:** This would involve significant mood episodes (manic or depressive) along with psychotic symptoms. The grandiosity and talkativeness *could* be indicative of a manic episode, but the flat affect is more typical of negative symptoms in schizophrenia.
3.  **Brief Psychotic Disorder:** Symptoms can last from a day to a month. The sudden onset fits, but without a clear stressor, it's less likely to be the sole diagnosis.
4.  **Substance-Induced Psychotic Disorder:** This is always a strong consideration in an ED setting. A toxicology screen would be crucial.
5.  **Mood Disorder with Psychotic Features (Bipolar Disorder, Manic Episode with Psychotic Features):** The grandiosity, increased talkativeness, and agitation are hallmarks of mania. The flat affect could be interpreted in the context of a mixed episode or an emerging negative symptom. The *sudden onset* is more characteristic of a manic episode than the typical insidious onset of schizophrenia.

**Prognostic Factors:**

Now, let's evaluate the given options in the context of predicting a good prognosis for a condition that presents with psychotic symptoms and significant behavioral changes:

*   **(B) Slow onset:** A slow, insidious onset of symptoms is generally associated with a poorer prognosis in psychotic disorders, particularly schizophrenia. It suggests a more chronic and pervasive underlying process. Conversely, a *sudden onset* is often associated with a better prognosis for psychotic disorders, suggesting a more reactive or episodic process that might be more amenable to treatment. The case explicitly states a "sudden change in the patient's behavior which started last week."

*   **(E) Negative symptoms:** Negative symptoms (e.g., flat affect, alogia, avolition, anhedonia) are generally associated with a *poorer* prognosis in schizophrenia. They are often more resistant to treatment and indicate a more significant functional impairment. The patient does have a "flat affect," which is a negative symptom.

*   **(A) Affective symptoms:** Affective symptoms, such as those seen in mood disorders (like mania or depression), can sometimes be associated with a better prognosis when they are the primary drivers of psychotic symptoms, especially if the psychotic features are mood-congruent. However, "affective symptoms" is a broad term. If it refers to prominent mood lability or mood episodes accompanying psychosis, it might be associated with schizoaffective disorder or bipolar disorder with psychotic features, which can have varying prognoses. But in contrast to a slow onset and negative symptoms, a more reactive or mood-related presentation can be more responsive to treatment.

*   **(C) Being single:** Marital status is not a strong or consistent predictor of prognosis in psychotic disorders across the board. Social support is crucial, and while being single *could* imply less social support, it's not a direct predictor of illness course itself.

*   **(D) Male sex:** While there are some sex differences in the presentation and course of certain psychotic disorders (e.g., schizophrenia often has an earlier onset in males), male sex is generally *not* considered a predictor of good prognosis. In fact, for schizophrenia, an earlier onset in males is often associated with a poorer outcome.

**Conclusion based on the question and options:**

The question asks for a *predictor of good prognosis*. Based on established literature regarding psychotic disorders:

*   **Sudden onset** is generally a positive prognostic indicator compared to a slow onset.
*   **Absence of negative symptoms** is a positive prognostic indicator. The presence of negative symptoms suggests a poorer prognosis.
*   **Prominent mood symptoms** (if the diagnosis leans towards a mood disorder with psychotic features) can sometimes be associated with a better prognosis than primary thought disorders.

Let's re-examine the options and the information provided. The patient has a *sudden change* which is a good prognostic sign. He also has a *flat affect* (a negative symptom), which is a poor prognostic sign. The question asks for *a* predictor of good prognosis *among the given options*.

Option (B) states "Slow onset." The case describes a *sudden* onset. Therefore, a slow onset would be a predictor of *poor* prognosis. The *opposite* of slow onset, which is sudden onset, is a predictor of good prognosis.

Let's consider the possibility that the options are meant to be interpreted in their typical prognostic significance.
*   Slow onset = Poor prognosis
*   Negative symptoms = Poor prognosis
*   Affective symptoms = Can be associated with better prognosis in certain contexts (e.g., mood disorders).
*   Being single = Neutral/Uncertain predictor.
*   Male sex = Generally not a good prognostic indicator.

The most compelling predictor of a *good* prognosis among these options, especially when contrasted with the strong negative prognostic indicators (slow onset, negative symptoms), would be factors that suggest a more episodic and less degenerative course.

However, the options are presented as statements, and we need to choose the one that, *if present*, predicts a good prognosis.
The case *describes* a sudden onset. Therefore, *slow onset* is a predictor of *poor* prognosis. This makes option (B) incorrect as a predictor of *good* prognosis.

Let's re-read the question carefully: "Which of the following is a predictor of good prognosis for this patient's condition?"

We know that *sudden onset* is a predictor of good prognosis. The option presented is *slow onset*. Therefore, (B) is a predictor of *poor* prognosis.

We know that *negative symptoms* are predictors of poor prognosis. The option is (E) Negative symptoms. This is a predictor of *poor* prognosis.

What about (A) Affective symptoms? If the underlying condition is primarily a mood disorder with psychotic features (e.g., bipolar mania with psychosis), then prominent affective symptoms are the core of the illness and can be responsive to mood stabilizers and other treatments, potentially leading to recovery or remission. In contrast to a purely thought disorder, mood disorders often have periods of remission. Therefore, prominent affective symptoms, in the context of a condition that can remit, can be a predictor of good prognosis.

Let's assume the question is asking to identify a characteristic *from the options* that generally portends a better outcome for psychotic presentations, even if the case itself presents mixed prognostic indicators.

Considering the typical prognostic factors:
*   **Good prognosis:** Sudden onset, presence of mood symptoms, good premorbid functioning (which we don't know here), shorter duration of untreated illness, absence of negative symptoms, female sex (in schizophrenia).
*   **Poor prognosis:** Slow onset, absence of mood symptoms, poor premorbid functioning, longer duration of untreated illness, presence of negative symptoms, male sex (in schizophrenia).

The patient *has* a flat affect (negative symptom - poor prognosis) and a sudden onset (good prognosis). The question asks for a predictor of *good* prognosis.

Option (B) "Slow onset" is a predictor of *poor* prognosis.
Option (E) "Negative symptoms" is a predictor of *poor* prognosis.
Option (A) "Affective symptoms" can be a predictor of *good* prognosis if they are the primary driver of psychosis and suggest a mood disorder, which often has more episodic courses and potential for remission than primary schizophrenia.

Given the options and the general understanding of prognostic factors for psychotic disorders:
*   The presence of affective symptoms (like grandiosity, talkativeness, agitation which could be mood-related) is often associated with a better prognosis than a pure thought disorder, especially if the condition is closer to schizoaffective disorder or bipolar disorder with psychotic features, which can have more distinct periods of illness and wellness.

The case presents a bit of a conflict:
*   Sudden onset (good prognosis)
*   Flat affect (negative symptom - poor prognosis)
*   Grandiosity, talkativeness, agitation (can be mood-related - potentially good prognosis if indicating a mood disorder)

However, we must choose from the given options as predictors of *good* prognosis.

Let's reconsider option (B). If the question implies "If a patient has a slow onset, it predicts good prognosis," then that statement is false. If it means "The characteristic of having a slow onset is a predictor of good prognosis," that is also false. It predicts poor prognosis.

Let's assume the options represent characteristics, and we need to pick the one that is generally a predictor of good prognosis.

*   Slow onset: Predictor of *poor* prognosis.
*   Negative symptoms: Predictor of *poor* prognosis.
*   Affective symptoms: Can be a predictor of *good* prognosis (especially if indicative of a mood disorder with psychotic features, which tend to be more episodic and treatable than a primary chronic thought disorder).
*   Being single: Not a strong predictor.
*   Male sex: Not a good prognostic indicator.

Therefore, the most fitting answer among the options provided, representing a general predictor of good prognosis in psychotic disorders, is **Affective symptoms**. This is because their presence often points to a mood disorder with psychotic features, which can have more favorable outcomes and periods of remission compared to conditions characterized primarily by enduring negative symptoms and disorganized thought processes.

The final answer is $\boxed{A}$.
 Agent 3 (👩🏻‍⚕️ neurologist) : Excellent case presentation. Let's break this down from a neurological perspective.

***

**To my colleagues,**

Thank you for bringing this complex case to the team's attention. The patient presents with a classic picture of an acute psychotic episode—evidenced by his auditory hallucinations and disheveled state—superimposed with what appears to be a manic or hypomanic episode. The sudden onset of increased goal-directed activity, grandiosity, talkativeness, and irritability is highly suggestive of a primary mood disturbance.

This combination of psychotic and prominent mood symptoms places this patient's condition on the spectrum between bipolar I disorder with psychotic features and schizoaffective disorder. From a neurobiological standpoint, we're looking at a significant dysregulation in fronto-limbic circuits, involving key neurotransmitter systems like dopamine, serotonin, and glutamate, which govern both mood and perception.

Now, regarding the specific question about prognosis:

**The correct answer is (A) Affective symptoms.**

Here is the neurological and clinical reasoning for this conclusion and why the other options are incorrect:

*   **(A) Affective symptoms (Correct):** The presence of prominent mood symptoms, such as the mania described in this patient, is one of the strongest predictors of a better prognosis in psychotic disorders. When mood symptoms are a core feature of the illness, it suggests the condition is closer to a primary mood disorder (like bipolar disorder) than to schizophrenia. Neurologically, this implies that the pathophysiology may be more concentrated in the limbic and prefrontal circuits responsible for mood regulation. These circuits and the overall condition tend to be more responsive to treatment, particularly mood stabilizers. These illnesses often follow an episodic course with the potential for good inter-episode recovery and better preservation of overall cognitive function compared to classic schizophrenia.

*   **(B) Slow onset:** An insidious, slow onset is a hallmark of a poorer prognosis, often seen in schizophrenia. It suggests a more chronic, neurodevelopmental process that leads to a gradual decline in function. This patient’s *sudden* change in behavior is an acute onset, which is a favorable prognostic sign.

*   **(C) Being single:** Poor social support, which being single can sometimes imply, is a negative prognostic factor. A strong support system is critical for treatment adherence and early detection of relapse.

*   **(D) Male sex:** In schizophrenia and related psychotic disorders, being male is consistently associated with a poorer prognosis. Males tend to have an earlier age of onset, more prominent negative symptoms, greater cognitive impairment, and a worse overall course of illness.

*   **(E) Negative symptoms:** The presence of prominent negative symptoms (e.g., flat affect, alogia, avolition, asociality) is a core predictor of poor long-term outcome and functional impairment. These symptoms are often linked to frontal lobe dysfunction and are notoriously difficult to treat. While this patient displays a flat affect at the time of presentation and a history of being withdrawn, the most striking feature of his acute illness is the *positive* symptom cluster of mania, which outweighs the negative features in predicting outcome.

In summary, the robust manic (affective) component of this patient's presentation, despite the concurrent psychosis, is the single best predictor of a more favorable outcome among the choices provided. Our immediate plan should include a full workup to rule out organic causes, including toxicology screens and potentially neuroimaging, before initiating treatment with an antipsychotic and a mood stabilizer.

[INFO] Step 3. Collaborative Decision Making
== Round 1 ==
[INFO] Participatory Debate
|_Turn 1
 Agent 1 (👨🏿‍⚕️ psychiatrist) -> Agent 2 (👨🏽‍⚕️ clinical psychologist) : As the psychiatrist specializing in the diagnosis and treatment of mental health disorders, I present my opinion based on the current information regarding this patient:

Given the clinical presentation, which includes auditory hallucinations, flat affect, and a sudden change to heightened social engagement and talkativeness, this case suggests a possible mood disorder with psychotic features rather than a chronic psychotic disorder like schizophrenia. 

Among the options provided, the predictor of good prognosis is **(A) Affective symptoms**. Affective symptoms, given the context of increased grandiosity and talkativeness in combination with psychotic features, are often associated with more favorable outcomes, particularly if we suspect an underlying mood disorder such as bipolar disorder. These conditions typically demonstrate a more episodic and remittent course compared to schizophrenia, and treatment responses tend to be more positive in the presence of significant mood-related symptoms. 

Thus, focusing on the assessment and management of any underlying affective disorder will be crucial in formulating an effective treatment plan for this patient.
 Agent 1 (👨🏿‍⚕️ psychiatrist) -> Agent 3 (👩🏻‍⚕️ neurologist) : As a psychiatrist specializing in the diagnosis and treatment of mental health disorders, I believe it is essential to carefully analyze the presented case of the 29-year-old man experiencing significant behavioral changes alongside auditory hallucinations.

In this context, I propose that **(A) Affective symptoms** are a predictor of good prognosis in this patient's condition. The key features of increased talkativeness, grandiosity, agitation, and social engagement suggest that the patient might be experiencing a mood disorder with psychotic features, likely related to a manic episode. These symptoms are typically more reversible and treatable compared to primary psychotic disorders.

Moreover, the sudden onset of symptoms implies a more reactive condition, which is generally associated with a better prognosis. In contrast, slow onset and the presence of negative symptoms indicate more chronic conditions, which could lead to poorer outcomes.

In conclusion, addressing the affective components of the patient’s condition will be crucial for determining a positive treatment approach and potential recovery trajectory.
 Agent 2 (👨🏽‍⚕️ clinical psychologist) -> Agent 1 (👨🏿‍⚕️ psychiatrist) : My medical expertise is in **clinical psychology**, with a focus on the assessment and treatment of psychological problems and mental illness, including hallucination disorders. I collaborate with other medical experts in a team.

To the psychiatrist and neurologist:

Based on the case and the provided options, my opinion is that **(A) Affective symptoms** are the strongest predictor of a good prognosis.

**Reason:** The patient's presentation of sudden onset, talkativeness, grandiosity, and agitation strongly suggests a manic episode with psychotic features. This type of presentation, indicative of a primary mood disorder, generally has a more episodic course and better treatment response compared to a primary thought disorder like schizophrenia, which is often associated with slower onset and enduring negative symptoms (like the flat affect seen here, but overshadowed by the manic features). Therefore, focusing on the affective component is key to predicting a more favorable outcome.
 Agent 2 (👨🏽‍⚕️ clinical psychologist) -> Agent 3 (👩🏻‍⚕️ neurologist) : My medical expertise is in **clinical psychology**, with a focus on the assessment and treatment of psychological problems and mental illness, including hallucination disorders. I collaborate with other medical experts in a team.

To the psychiatrist and neurologist:

I reiterate my previous assessment: **(A) Affective symptoms** are the strongest predictor of a good prognosis in this case.

**Reason:** The acute, episodic nature of the patient's current presentation, characterized by prominent grandiose and talkative behavior, alongside the hallucinations, strongly points towards a manic episode with psychotic features, rather than a chronic primary psychotic disorder. Conditions dominated by mood symptoms, such as bipolar disorder, typically have a more episodic course and respond better to treatment, leading to better long-term outcomes and potential for remission, which aligns with a good prognosis. While negative symptoms are present (flat affect), the acute manic features are more indicative of the overall prognosis in this specific presentation.
 Agent 3 (👩🏻‍⚕️ neurologist): 🤐

[INFO] Summary Table
+---------+------------+------------+-----------+
|         |  Agent 1   |  Agent 2   |  Agent 3  |
+---------+------------+------------+-----------+
| Agent 1 |            | ✋ (1<->2) | ✋ (1->3) |
|         |            |            |           |
| Agent 2 | ✋ (2<->1) |            | ✋ (2->3) |
|         |            |            |           |
| Agent 3 | ✋ (3<-1)  | ✋ (3<-2)  |           |
+---------+------------+------------+-----------+

|_Turn 2
 Agent 1 (👨🏿‍⚕️ psychiatrist): 🤐
 Agent 2 (👨🏽‍⚕️ clinical psychologist): 🤐
 Agent 3 (👩🏻‍⚕️ neurologist): 🤐
 No agents chose to participate in this turn. End this turn.

[INFO] Moderator Consensus Check
 👨‍⚖️ Moderator consensus check: YES

[INFO] Consensus reached! Ending discussion.

[INFO] Step 4. Final Decision
👨‍⚖️  Moderator's final decision: {0.0: "The final answer to the question regarding the predictor of good prognosis for this patient's condition is **(A) Affective symptoms**.\n\nThe consensus among the multidisciplinary team, including the psychiatrist, clinical psychologist, and neurologist, strongly supports this conclusion. The patient's presentation, characterized by sudden onset of manic-like symptoms (grandiosity, talkativeness, agitation) alongside auditory hallucinations, suggests a mood disorder with psychotic features, likely a manic episode. Such conditions are generally associated with a more favorable prognosis compared to chronic psychotic disorders like schizophrenia, which often exhibit slower onset and negative symptoms.\n\nThe reasoning provided by each expert highlights the importance of the affective component in predicting a better treatment response and potential for recovery. Therefore, the most critical factor for predicting a good prognosis in this case is indeed **(A) Affective symptoms**."}

[INFO] API calls for this sample: 23

[INFO] Sample 9 completed successfully