[INFO] Processing sample 32

[INFO] Step 1. MDTs Recruitment

Group 1 - Initial Assessment Team (IAT)
  👨‍⚕️ Member 1 (Infectious Diseases Specialist): Expertise in HIV and co-infections
  👨🏻‍⚕️ Member 2 (Clinical Pharmacist): Expertise in antibiotic treatment and pharmacotherapy
  👩🏼‍⚕️ Member 3 (Nurse Practitioner): Expertise in patient assessment and management

Group 2 - Neurological Assessment Team (NAT)
  👨‍⚕️ Member 1 (Neurologist): Expertise in infectious neurological diseases
  👨🏻‍⚕️ Member 2 (Infectious Diseases Specialist): Expertise in CNS involvement of infections
  👩🏼‍⚕️ Member 3 (Clinical Psychologist): Expertise in mental health and cognitive assessment

Group 3 - Treatment Strategy Team (TST)
  👨‍⚕️ Member 1 (Infectious Diseases Specialist): Expertise in syphilis treatment guidelines
  👨🏻‍⚕️ Member 2 (Public Health Specialist): Expertise in transmission dynamics of syphilis and HIV
  👩🏼‍⚕️ Member 3 (Clinical Nurse Educator): Expertise in patient education regarding treatment protocols

Group 4 - Laboratory and Diagnostic Review Team (LDRT)
  👨‍⚕️ Member 1 (Clinical Microbiologist): Expertise in laboratory diagnostics of infections
  👨🏻‍⚕️ Member 2 (Infectious Diseases Specialist): Expertise in interpreting laboratory results
  👩🏼‍⚕️ Member 3 (Pathologist): Expertise in the pathological aspects of syphilis and HIV

Group 5 - Final Review and Decision Team (FRDT)
  👨‍⚕️ Member 1 (Infectious Diseases Specialist): Overall expertise in the management of HIV and syphilis
  👨🏻‍⚕️ Member 2 (Clinical Epidemiologist): Expertise in outcomes and best practices
  👩🏼‍⚕️ Member 3 (Treatment Compliance Expert): Expertise in patient adherence and management follow-up

[INFO] Step 2. MDT Internal Discussions

Initial Assessment Report:
### Comprehensive Analysis of the MDT Discussion on Management of Latent Syphilis in a Patient with HIV

#### Key Knowledge Extracted from Reports:

1. **Patient Profile**: A 33-year-old male diagnosed with latent syphilis and HIV.
2. **Diagnostic Findings**: Positive RPR with a titer of 1:64 and a confirmed positive FTA-ABS, indicating latent syphilis.
3. **Clinical Presentation**: No symptoms suggestive of tertiary syphilis or neurosyphilis, and a normal neurologic examination.
4. **Recommended Treatment**: Benzathine penicillin G, administered as 2.4 million units intramuscularly once a week for three weeks.
5. **Follow-Up Protocol**: Obtain RPR titers in 6 months to assess treatment efficacy, with a successful response indicated by a fourfold decrease in titer.
6. **Considerations for Alternative Options**: 
   - Lumbar puncture is unnecessary without signs of CNS involvement.
   - Follow-up titers should be at 6 months, not 3 months.
   - A single injection of penicillin is inadequate for latent syphilis treatment.

#### Summarized Analysis:

The management of latent syphilis in a patient with HIV requires careful consideration of both the syphilis diagnosis and the patient's immunocompromised status. The standard treatment protocol involves a series of Benzathine penicillin G injections, which is effective in eradicating the infection. The absence of neurological symptoms and a normal neurologic examination suggest that there is no immediate concern for neurosyphilis, allowing for a straightforward treatment approach.

The follow-up plan is critical, as monitoring the RPR titers at 6 months post-treatment will provide insight into the treatment's effectiveness. A significant decrease in titers is expected if the treatment is successful, which is essential for confirming the resolution of the infection.

#### Refined and Synthesized Report:

**Management Plan for Latent Syphilis in a 33-Year-Old Male with HIV**

**Patient Overview**: A 33-year-old male diagnosed with latent syphilis and HIV, presenting with a positive RPR titer of 1:64 and a confirmed positive FTA-ABS. The patient exhibits no symptoms indicative of tertiary syphilis or neurosyphilis.

**Recommended Treatment**: 
- Initiate treatment with Benzathine penicillin G, administered as 2.4 million units intramuscularly once a week for three consecutive weeks.

**Follow-Up Protocol**: 
- Schedule follow-up RPR titers at 6 months post-treatment to evaluate the effectiveness of the therapy. A successful treatment response is indicated by a fourfold decrease in the RPR titer.

**Rationale for Treatment Choice**: 
- The treatment regimen aligns with established guidelines for latent syphilis, ensuring adequate management of the infection while considering the patient's HIV status. Alternative options, such as lumbar puncture or single-dose penicillin, are not warranted in this clinical scenario.

**Conclusion**: The outlined management plan is appropriate for the patient's condition, ensuring effective treatment of latent syphilis while monitoring for treatment success. Regular follow-up and adherence to the treatment regimen are essential for optimal patient outcomes.

[Neurological Assessment Team (NAT) Report]
### Refined and Synthesized Report

**Patient Profile:**
- **Age:** 33-year-old male
- **Medical History:** Latent syphilis, HIV
- **Laboratory Findings:** Positive RPR titer of 1:64, confirmed positive FTA-ABS

**Assessment Summary:**
The patient has been diagnosed with latent syphilis, as indicated by the positive serological tests (RPR and FTA-ABS). The absence of neurological symptoms and a normal neurological examination suggest that there is no evidence of neurosyphilis at this time.

**Management Recommendations:**
Based on the current clinical guidelines and expert recommendations, the following management plan is proposed:

1. **Treatment Protocol:**
   - Administer **Benzathine penicillin G** at a dosage of **2.4 million units intramuscularly** once a week for **three consecutive weeks**. This regimen is the standard treatment for latent syphilis and is crucial for effective management of the infection.

2. **Monitoring and Follow-Up:**
   - Schedule to obtain **RPR titers** in **6 months** post-treatment. A successful treatment response is indicated by a decrease in the RPR titer of fourfold or more, which is a key marker for treatment efficacy.

3. **Exclusion of Neurosyphilis:**
   - Given the normal neurological examination and the absence of symptoms indicative of neurosyphilis, further invasive procedures such as a lumbar puncture are not necessary at this stage.

4. **Rationale Against Other Options:**
   - Other treatment options, such as a single injection of penicillin or obtaining titers in 3 months, do not align with established treatment guidelines and could compromise the effectiveness of the management plan.

**Conclusion:**
The recommended approach of treating the patient with three weekly injections of Benzathine penicillin G, followed by monitoring RPR titers at 6 months, is the most appropriate and evidence-based strategy for managing latent syphilis in this patient. This plan ensures adherence to clinical guidelines while effectively addressing the patient's condition.


[Treatment Strategy Team (TST) Report]
### Refined and Synthesized Report on Management of Latent Syphilis

**Patient Profile:**
The patient has been diagnosed with latent syphilis, indicated by a positive Rapid Plasma Reagin (RPR) test with a titer of 1:64 and a confirmed positive Fluorescent Treponemal Antibody Absorption (FTA-ABS) test. There are no clinical symptoms suggestive of tertiary syphilis or neurosyphilis, and the patient is also HIV positive.

**Diagnosis:**
- **Latent Syphilis:** The diagnosis is supported by serological findings, specifically the positive RPR and FTA-ABS tests. The absence of symptoms indicates that the infection is not in the tertiary stage.

**Treatment Strategy:**
- **Recommended Treatment:** The multidisciplinary team (MDT) has unanimously agreed on the treatment strategy of administering Benzathine penicillin G. The recommended regimen is:
  - **Dosage:** 2.4 million units intramuscularly, administered once a week for three consecutive weeks.
  
**Rationale for Treatment Choice:**
1. **Standard Treatment Protocol:** The treatment aligns with established guidelines for latent syphilis, which necessitate a multi-dose regimen to ensure effective eradication of the infection.
2. **Follow-Up Plan:** Following the completion of the treatment, it is essential to monitor the patient's response through follow-up RPR titers at the 6-month mark. A successful treatment outcome is indicated by a fourfold decrease in the RPR titer.
3. **Exclusion of Alternative Options:**
   - **Lumbar Puncture:** Not indicated as there are no neurological symptoms.
   - **Early Titer Assessment:** Obtaining titers in 3 months is not recommended; the standard follow-up is at 6 months.
   - **Single Injection Treatment:** A single dose of penicillin is inadequate for latent syphilis treatment.

**Conclusion:**
The MDT has determined that the most appropriate management for this patient, considering his HIV status and the diagnosis of latent syphilis, is to proceed with option (C): treat with three weekly injections of penicillin and obtain titers in 6 months. This approach is consistent with clinical guidelines and ensures comprehensive care for the patient.


[Laboratory and Diagnostic Review Team (LDRT) Report]
### Refined and Synthesized Report on Management of Latent Syphilis

**Patient Profile:**
- Age: 33 years
- Diagnosis: Latent syphilis confirmed by positive RPR titer (1:64) and positive FTA-ABS.
- Symptoms: Asymptomatic, with no indications of tertiary syphilis or neurosyphilis.

**Management Recommendations:**
1. **Treatment Protocol:**
   - The recommended treatment for latent syphilis is Benzathine penicillin G, administered at a dosage of 2.4 million units intramuscularly once a week for three consecutive weeks. This regimen is the standard of care for latent syphilis and is supported by clinical guidelines.

2. **Follow-Up Care:**
   - After the completion of the treatment, it is essential to monitor the patient's RPR titers at 6 months. A successful treatment response is indicated by a decrease in the RPR titer by at least fourfold, which signifies effective management of the infection.

3. **Rationale for Treatment Choice:**
   - The positive RPR and FTA-ABS tests confirm the diagnosis of latent syphilis, necessitating treatment to prevent progression to more severe stages of the disease.
   - The absence of neurological symptoms eliminates the need for further invasive procedures, such as a lumbar puncture, which would be indicated only if there were signs of neurosyphilis.
   - Other treatment options, such as a single injection of penicillin or obtaining titers at 3 months, do not align with established treatment protocols and could lead to inadequate management of the condition.

**Conclusion:**
The most appropriate next step in the management of this patient is to initiate treatment with three weekly injections of Benzathine penicillin G, followed by a titers assessment at 6 months to evaluate treatment efficacy. This approach is consistent with current clinical guidelines and ensures comprehensive care for the patient with latent syphilis.


FRDT Report:
### Refined and Synthesized Report on Management of Latent Syphilis in an HIV-Positive Patient

#### Patient Overview:
The patient has been diagnosed with latent syphilis, confirmed through serological testing, including a reactive Rapid Plasma Reagin (RPR) titer of 1:64 and a positive Fluorescent Treponemal Antibody Absorption (FTA-ABS) test. The patient is also HIV-positive but currently asymptomatic with no signs of tertiary syphilis or neurosyphilis, as evidenced by a normal neurological examination.

#### Recommended Management:
The multidisciplinary team (MDT) has unanimously agreed on the following management plan:

1. **Treatment Protocol**: 
   - Administer Benzathine penicillin G via three weekly injections, each consisting of 2.4 million units. This regimen is the standard treatment for latent syphilis and is particularly important given the patient's immunocompromised status due to HIV.

2. **Follow-Up and Monitoring**:
   - Schedule follow-up RPR titers at 6 months post-treatment to evaluate the effectiveness of the therapy. A successful treatment response is indicated by a fourfold decrease in the RPR titer.

#### Rationale for Treatment Choice:
- **Diagnosis Confirmation**: The diagnosis of latent syphilis is well-supported by serological evidence, and the absence of symptoms related to tertiary syphilis or neurosyphilis further solidifies the treatment approach.
- **Guideline Adherence**: The chosen treatment aligns with established clinical guidelines for managing latent syphilis, particularly in patients with concurrent HIV infection, where careful monitoring and appropriate treatment are crucial.
- **Ineffectiveness of Alternatives**: Other proposed management options, such as lumbar puncture, single injection of penicillin, or obtaining titers at 3 months, do not conform to the recommended practices for latent syphilis treatment and monitoring.

#### Conclusion:
The MDT's decision to treat the patient with three weekly injections of penicillin and to follow up with RPR titers at 6 months is a well-founded approach that adheres to clinical guidelines. This strategy not only addresses the latent syphilis effectively but also considers the patient's overall health status, particularly in the context of HIV. Continuous monitoring will be essential to ensure treatment efficacy and to manage any potential complications arising from the patient's immunocompromised condition.

[INFO] Step 3. Final Decision
👨‍⚖️  Decision Maker's final decision: {0.0: "The most appropriate next step in the management of this patient, who has been diagnosed with latent syphilis and is also HIV-positive, is:\n\n**(C) Treat with three weekly injections of penicillin, obtain titers in 6 months.**\n\n### Rationale:\n1. **Diagnosis Confirmation**: The patient has a positive RPR titer of 1:64 and a confirmed positive FTA-ABS, indicating latent syphilis. The absence of neurological symptoms and a normal neurological examination suggest that there is no evidence of neurosyphilis.\n\n2. **Treatment Protocol**: The standard treatment for latent syphilis is Benzathine penicillin G, administered as three weekly injections of 2.4 million units each. This regimen is necessary to effectively treat latent syphilis.\n\n3. **Follow-Up Timing**: Follow-up RPR titers should be obtained at 6 months post-treatment to assess the effectiveness of the therapy. A successful treatment response is indicated by a fourfold decrease in the RPR titer.\n\n4. **Exclusion of Alternatives**: \n   - A lumbar puncture is not indicated as there are no neurological symptoms.\n   - A single injection of penicillin is inadequate for treating latent syphilis.\n   - Obtaining titers in 3 months is not recommended; the standard follow-up is at 6 months.\n\nIn summary, option (C) aligns with established clinical guidelines for the management of latent syphilis, particularly in the context of the patient's HIV status."}

[INFO] API calls for this sample: 28

[INFO] Sample 32 completed successfully