[INFO] Processing sample 29

[INFO] Step 1. Expert Recruitment
Agent 1 (👨🏿‍⚕️ Endocrinologist): Focuses on the diagnosis and treatment of hormone-related disorders, including diabetes and metabolic syndrome.
Agent 2 (👨🏽‍⚕️ Nutritionist/Dietitian): Specializes in nutritional science and dietary management for weight and metabolic health.
Agent 3 (👨🏽‍⚕️ Pharmacologist): Expert in drug action and the effects of medications on metabolic pathways, particularly those that affect insulin sensitivity.

[INFO] Hierarchy Selection
                     moderator (👨‍⚖️)                                                       
            ┌────────────────┴─────────────┬───────────────────────────────┐                
 Endocrinologist (👨🏿‍⚕️)         Pharmacologist (👨🏽‍⚕️)      Nutritionist/Dietitian (👨🏽‍⚕️) 


[INFO] Step 2. Initial Opinions
 Agent 1 (👨🏿‍⚕️ endocrinologist) : In this scenario, we are dealing with a woman who is classified as "pre-diabetic" with obesity and a BMI of 34 kg/m^2. The goal is to identify an endogenous signaling molecule or receptor that can increase insulin sensitivity.

Among the options provided:

(A) Catecholamines: These typically promote glucose production and can increase insulin resistance, especially during stress responses.

(B) Glucagon: This hormone typically raises blood glucose levels and does not increase insulin sensitivity; rather, it can lead to increased insulin resistance when in excess.

(C) Glucocorticoids: These hormones (like cortisol) generally have the opposite effect by promoting insulin resistance.

(D) Peroxisome proliferator-activated receptor gamma (PPAR-γ): This is a nuclear receptor that plays a critical role in the regulation of fatty acid storage and glucose metabolism. Activating PPAR-γ enhances insulin sensitivity, particularly in the context of obesity and type 2 diabetes. Drugs that activate PPAR-γ (like thiazolidinediones) are used to improve insulin sensitivity.

(E) TNF-alpha: This inflammatory cytokine is known to contribute to insulin resistance in obesity and does not improve insulin sensitivity.

Considering these explanations, the correct answer is:

(D) Peroxisome proliferator-activated receptor gamma.
 Agent 2 (👨🏽‍⚕️ nutritionist/dietitian) : The patient's presentation suggests she is overweight (BMI 34 kg/m^2) and has impaired glucose tolerance, placing her at high risk for type 2 diabetes. We need to identify a molecule or receptor that *increases* insulin sensitivity. Let's analyze the options:

*   **(A) Catecholamines (e.g., adrenaline):** These hormones are generally catabolic and can increase blood glucose levels by promoting glycogenolysis and gluconeogenesis. They typically *decrease* insulin sensitivity.
*   **(B) Glucagon:** This hormone's primary role is to raise blood glucose by stimulating glycogenolysis and gluconeogenesis, counteracting insulin. It does not increase insulin sensitivity.
*   **(C) Glucocorticoids (e.g., cortisol):** These steroids can increase blood glucose by promoting gluconeogenesis and can lead to insulin resistance, thus *decreasing* insulin sensitivity.
*   **(D) Peroxisome proliferator-activated receptor gamma (PPAR-γ):** PPAR-γ is a nuclear receptor that plays a crucial role in regulating glucose and lipid metabolism. Agonists of PPAR-γ (like thiazolidinediones, or TZDs) are known to *increase* insulin sensitivity, particularly in adipose tissue, liver, and muscle. They promote glucose uptake and utilization and reduce free fatty acid levels, all contributing to improved insulin sensitivity.
*   **(E) TNF-alpha:** Tumor necrosis factor-alpha is a pro-inflammatory cytokine that is often elevated in obesity and can directly contribute to insulin resistance, thus *decreasing* insulin sensitivity.

Therefore, PPAR-γ is the molecule that will increase insulin sensitivity in this patient.

The final answer is $\boxed{D}$.
 Agent 3 (👨🏽‍⚕️ pharmacologist) : Excellent question. This case gets to the heart of the pathophysiology of insulin resistance, which is central to this patient's prediabetes and obesity. Let's analyze the options from a pharmacological and physiological perspective.

The correct answer is **(D) Peroxisome proliferator-activated receptor gamma (PPARγ)**.

Here is a detailed breakdown of why PPARγ activation increases insulin sensitivity and why the other options are incorrect.

### Correct Answer Explained

**(D) Peroxisome proliferator-activated receptor gamma (PPARγ)**

*   **What it is:** PPARγ is a nuclear receptor that functions as a transcription factor. It is most highly expressed in adipose tissue, but also found in other tissues like macrophages and the large intestine.
*   **Mechanism of Action:** When activated by its endogenous ligands (e.g., certain fatty acids) or by drugs, PPARγ regulates the expression of a host of genes involved in adipocyte differentiation, lipid metabolism, and glucose homeostasis.
*   **Effect on Insulin Sensitivity:** Activation of PPARγ is a primary mechanism for *increasing* insulin sensitivity. It achieves this through several key actions:
    1.  **Promoting Adipocyte Differentiation:** PPARγ promotes the differentiation of pre-adipocytes into small, mature, insulin-sensitive adipocytes. These smaller fat cells are more efficient at storing free fatty acids (FFAs).
    2.  **Reducing Lipotoxicity:** By sequestering FFAs into adipose tissue, PPARγ activation lowers circulating FFA levels. High levels of FFAs are a major cause of insulin resistance in muscle and liver (a concept known as "lipotoxicity").
    3.  **Increasing Adiponectin:** PPARγ activation increases the transcription and secretion of adiponectin, an adipokine (a hormone from fat cells) that is a potent insulin-sensitizer in the liver and muscle.
    4.  **Reducing Inflammation:** It has anti-inflammatory effects, in part by suppressing the production of pro-inflammatory cytokines like TNF-alpha from adipose tissue.
*   **Pharmacological Relevance:** This receptor is the direct molecular target for the thiazolidinedione (TZD) class of drugs (e.g., pioglitazone, rosiglitazone), which are known as "insulin sensitizers" and are used to treat type 2 diabetes.

### Analysis of Incorrect Options

The other options are all well-known mediators that *decrease* insulin sensitivity or promote insulin resistance.

**(A) Catecholamines (e.g., epinephrine, norepinephrine)**
*   **Function:** These are the "fight-or-flight" hormones. Their primary metabolic goal is to rapidly mobilize energy substrates (glucose and fatty acids) for immediate use.
*   **Effect on Insulin Sensitivity:** They are counter-regulatory to insulin. Catecholamines stimulate glycogenolysis and gluconeogenesis in the liver, inhibit insulin secretion from the pancreas, and decrease glucose uptake in peripheral tissues. This leads to hyperglycemia and a state of acute **insulin resistance**.

**(B) Glucagon**
*   **Function:** Secreted by pancreatic alpha-cells, glucagon is the primary counter-regulatory hormone to insulin, acting to prevent hypoglycemia.
*   **Effect on Insulin Sensitivity:** Its main action is on the liver, where it strongly stimulates glycogenolysis and gluconeogenesis to raise blood glucose levels. Its actions are directly antagonistic to those of insulin, thus contributing to **insulin resistance**.

**(C) Glucocorticoids (e.g., cortisol)**
*   **Function:** These are stress hormones that play a critical role in metabolism.
*   **Effect on Insulin Sensitivity:** Glucocorticoids are potent inducers of **insulin resistance**. They increase hepatic glucose production (gluconeogenesis), inhibit glucose uptake by muscle and adipose tissue, and promote lipolysis and proteolysis, all of which contribute to hyperglycemia. This is clinically evident in conditions like Cushing's syndrome or in patients on long-term steroid therapy.

**(E) TNF-alpha (Tumor Necrosis Factor-alpha)**
*   **Function:** TNF-alpha is a pro-inflammatory cytokine. In the context of metabolic disease, it is overproduced by hypertrophied adipocytes in obese individuals, like the patient in this case.
*   **Effect on Insulin Sensitivity:** TNF-alpha is a key link between obesity, chronic low-grade inflammation, and **insulin resistance**. It interferes directly with the insulin signaling cascade by promoting the phosphorylation of insulin receptor substrate-1 (IRS-1) at serine residues, which inhibits its normal function and blocks downstream insulin action.

### Summary for the Team

In this pre-diabetic patient with obesity, the underlying pathology is insulin resistance. Her adipose tissue is likely producing inflammatory cytokines (like TNF-alpha) and she has elevated counter-regulatory hormones that worsen this state. The only option listed that represents a physiological pathway to *improve* or *increase* insulin sensitivity is the activation of **PPARγ**. This is precisely the mechanism we exploit pharmacologically with TZD drugs to treat this condition.

[INFO] Step 3. Collaborative Decision Making
== Round 1 ==
[INFO] Participatory Debate
|_Turn 1
 Agent 1 (👨🏿‍⚕️ endocrinologist): 🤐
 Agent 2 (👨🏽‍⚕️ nutritionist/dietitian) -> Agent 1 (👨🏿‍⚕️ endocrinologist) : To the Endocrinologist and Pharmacologist:

My expertise in nutritional science and dietary management for weight and metabolic health strongly supports our current consensus. The patient's BMI of 34 kg/m² and impaired glucose tolerance (fasting 120 mg/dL, 2-hr post-load 190 mg/dL) clearly indicate a state of insulin resistance, a hallmark of prediabetes and obesity.

The question asks what *increases* insulin sensitivity. Based on established physiological and pharmacological principles:

*   **PPAR-γ (Option D)** is the key endogenous signaling molecule that enhances insulin sensitivity. Its activation promotes adipocyte differentiation, reduces circulating free fatty acids, and increases adiponectin secretion, all directly improving insulin action in target tissues. Pharmacologically, this is the target of TZD drugs, which are known insulin sensitizers.

The other options are all detrimental to insulin sensitivity:
*   **Catecholamines, Glucagon, and Glucocorticoids** are counter-regulatory hormones that increase blood glucose and promote insulin resistance.
*   **TNF-alpha** is a pro-inflammatory cytokine elevated in obesity that directly impairs insulin signaling.

Therefore, I am confident that **Peroxisome proliferator-activated receptor gamma (PPAR-γ)** is the correct answer, as it is the only option that physiologically *increases* insulin sensitivity.
 Agent 2 (👨🏽‍⚕️ nutritionist/dietitian) -> Agent 3 (👨🏽‍⚕️ pharmacologist) : To the Endocrinologist and Nutritionist/Dietitian:

My expertise in pharmacology reinforces our team's consensus. The patient's clinical presentation of obesity (BMI 34 kg/m²) and impaired glucose tolerance (prediabetes) is a classic scenario of insulin resistance.

The question focuses on an endogenous molecule that *enhances* insulin sensitivity. From a pharmacological and molecular perspective:

*   **PPAR-γ (Option D)** is the definitive answer. Its activation, either by endogenous ligands or pharmacological agents like TZDs, is a well-established mechanism to *increase* insulin sensitivity. This occurs by promoting the differentiation of adipocytes, improving lipid storage, reducing circulating free fatty acids, and increasing adiponectin, all of which combat insulin resistance.

The other options are clearly implicated in *decreasing* insulin sensitivity:
*   **Catecholamines and Glucagon** are counter-regulatory hormones that raise blood glucose and antagonize insulin's actions.
*   **Glucocorticoids** are known to induce insulin resistance through various mechanisms, including increased hepatic glucose production.
*   **TNF-alpha** is a pro-inflammatory cytokine strongly linked to obesity-induced insulin resistance.

Therefore, I am highly confident that **Peroxisome proliferator-activated receptor gamma (PPAR-γ)** is the correct endogenous signaling molecule/receptor that increases insulin sensitivity in this patient.
 Agent 3 (👨🏽‍⚕️ pharmacologist): 🤐

[INFO] Summary Table
+---------+-----------+-----------+-----------+
|         |  Agent 1  |  Agent 2  |  Agent 3  |
+---------+-----------+-----------+-----------+
| Agent 1 |           | ✋ (1<-2) |           |
|         |           |           |           |
| Agent 2 | ✋ (2->1) |           | ✋ (2->3) |
|         |           |           |           |
| Agent 3 |           | ✋ (3<-2) |           |
+---------+-----------+-----------+-----------+

|_Turn 2
 Agent 1 (👨🏿‍⚕️ endocrinologist): 🤐
 Agent 2 (👨🏽‍⚕️ nutritionist/dietitian): 🤐
 Agent 3 (👨🏽‍⚕️ pharmacologist): 🤐
 No agents chose to participate in this turn. End this turn.

[INFO] Moderator Consensus Check
 👨‍⚖️ Moderator consensus check: YES

[INFO] Consensus reached! Ending discussion.

[INFO] Step 4. Final Decision
👨‍⚖️  Moderator's final decision: {0.0: '**Final Answer: (D) Peroxisome proliferator-activated receptor gamma (PPAR-γ)**\n\nThe multidisciplinary team, consisting of an endocrinologist, a nutritionist/dietitian, and a pharmacologist, has reached a unanimous consensus on this answer. The reasoning provided by each expert highlights the critical role of PPAR-γ in enhancing insulin sensitivity through mechanisms such as promoting adipocyte differentiation, reducing circulating free fatty acids, and increasing adiponectin secretion. The other options presented (catecholamines, glucagon, glucocorticoids, and TNF-alpha) are all known to decrease insulin sensitivity and exacerbate insulin resistance, further solidifying PPAR-γ as the correct choice. This conclusion is supported by extensive physiological and pharmacological evidence, making it the optimal target for improving insulin sensitivity in the patient.'}

[INFO] API calls for this sample: 20

[INFO] Sample 29 completed successfully