[INFO] Processing sample 35

[INFO] Step 1. MDTs Recruitment

Group 1 - Initial Assessment Team (IAT)**
  👨‍⚕️ Member 1 (Obstetrician/Gynecologist): Reproductive Medicine
  👨🏻‍⚕️ Member 2 (Endocrinologist): Hormonal Disorders
  👩🏼‍⚕️ Member 3 (Urologist): Male Reproductive Health

Group 2 - Fertility Treatment Team (FTT)**
  👨‍⚕️ Member 1 (Fertility Specialist): Assisted Reproductive Technology
  👨🏻‍⚕️ Member 2 (Reproductive Endocrinologist): Hormonal Therapies
  👩🏼‍⚕️ Member 3 (Clinical Psychologist): Psychological Aspects of Infertility

Group 3 - Drug Therapy Evaluation Team (DTET)**
  👨‍⚕️ Member 1 (Pharmacologist): Medication Mechanisms and Side Effects
  👨🏻‍⚕️ Member 2 (Reproductive Endocrinologist): Endocrine Treatment Protocols
  👩🏼‍⚕️ Member 3 (Clinical Researcher): Evidence-Based Treatment Approaches

Group 4 - Conditions Review Team (CRT)**
  👨‍⚕️ Member 1 (Oncologist): Oncology and Drug Interactions
  👨🏻‍⚕️ Member 2 (Neurologist): Neurological Conditions Treated with Hormonal Therapy
  👩🏼‍⚕️ Member 3 (Gynecologist): Female Reproductive Health Conditions

Group 5 - Final Review and Decision Team (FRDT)**
  👨‍⚕️ Member 1 (Chief Physician): Comprehensive Medical Oversight
  👨🏻‍⚕️ Member 2 (Multi-disciplinary Coordinator): Team Communication and Integration
  👩🏼‍⚕️ Member 3 (Bioethicist): Ethical Considerations in Treatment Choices

[INFO] Step 2. MDT Internal Discussions

Initial Assessment Report:
### Refined and Synthesized Report

**Patient Profile:**
- **Age:** 28 years
- **Condition:** Infertility

**Context of Treatment:**
The patient is undergoing evaluation and treatment for infertility, which is a complex condition that can be influenced by various factors, including hormonal imbalances. 

**Key Medication:**
- **Progestogen (Progesterone):** The primary medication considered for this patient is a progestogen, specifically progesterone. This hormone plays a crucial role in the menstrual cycle and pregnancy.

**Indications for Progestogen Use:**
1. **Support of the Luteal Phase:** Progesterone is often prescribed to support the luteal phase in women undergoing fertility treatments. This phase is critical for implantation and maintenance of early pregnancy.
2. **Induction of Menstruation:** In cases of irregular menstrual cycles, progestogens can be used to induce menstruation, helping to regulate the menstrual cycle.
3. **Prevention of Premature Labor:** In pregnant women, progesterone is utilized to reduce the risk of premature labor by promoting uterine relaxation and quiescence.

**Conclusion:**
Given the patient's infertility and the context of her treatment, the administration of progesterone is likely aimed at supporting her reproductive health. Additionally, if the patient were to conceive, the use of progesterone would also be relevant in preventing premature labor. Therefore, the most appropriate indication for the use of progesterone in this scenario is **(D) Premature labor**, highlighting its dual role in both fertility treatment and pregnancy management.

**Recommendations:**
- Continue monitoring the patient's response to progesterone therapy.
- Consider further evaluations to identify any underlying causes of infertility.
- Discuss potential next steps in fertility treatment based on the patient's progress and response to medication. 

This synthesized report provides a comprehensive overview of the treatment considerations for the patient, emphasizing the role of progesterone in both fertility and pregnancy management.

[Fertility Treatment Team (FTT)** Report]
### Refined and Synthesized Report on Progesterone Use

#### Patient Profile
- **Age:** 28 years
- **Condition:** Struggling with infertility

#### Key Findings
1. **Primary Treatment:** The primary medication indicated for the patient is **progesterone** (a type of progestogen), which is commonly used in fertility treatments to support the luteal phase of the menstrual cycle and enhance the chances of conception.
  
2. **Alternative Indications for Progesterone:**
   - **Premature Labor:** Progesterone can be administered during pregnancy to prevent premature labor, making it a relevant treatment option in this context.
  
3. **Other Conditions Analyzed:**
   - **Polycystic Ovarian Syndrome (PCOS):** While progesterone can induce menstruation in women with PCOS, it is not a primary treatment for the syndrome itself.
   - **Parkinson Disease:** There is no indication for the use of progesterone in the treatment of Parkinson's disease.
   - **Diabetes:** Progesterone does not have a role in managing diabetes.
   - **Prostate Cancer:** Treatment for prostate cancer typically involves androgen deprivation therapies rather than progesterone.

#### Summary Analysis
The discussion highlights the multifaceted role of progesterone in reproductive health, particularly in the context of infertility and pregnancy management. While it is primarily prescribed to support fertility, its application extends to preventing premature labor in pregnant women. The analysis of other conditions indicates that progesterone is not a versatile treatment option across various medical issues, reinforcing its specific utility in reproductive health.

#### Conclusion
In conclusion, the most appropriate indication for the use of progesterone, aside from its role in fertility treatment, is in the prevention of premature labor during pregnancy. This understanding is crucial for healthcare providers when considering treatment options for patients with reproductive health concerns. The correct answer to the question posed is **(D) Premature labor.**


[Drug Therapy Evaluation Team (DTET)** Report]
### Refined and Synthesized Report on Drug Therapy Evaluation

#### Overview
The Drug Therapy Evaluation Team (DTET) has assessed the use of progesterone, a progestogen, in the context of various medical conditions. The primary focus is on its role in supporting the luteal phase of the menstrual cycle and its therapeutic applications.

#### Key Findings
1. **Primary Use of Progesterone**: 
   - Progesterone is primarily prescribed to support the luteal phase of the menstrual cycle, which is essential for conception. This hormone plays a critical role in preparing the endometrium for potential implantation of an embryo.

2. **Conditions Treated with Progesterone**:
   - **Premature Labor (D)**: Progesterone is effective in preventing premature labor by promoting uterine relaxation and quiescence. This is a significant application of progesterone, especially in pregnant women at risk of preterm delivery.
   - **Polycystic Ovarian Syndrome (C)**: While progesterone can induce menstruation in women with PCOS, it is not considered a primary treatment for the syndrome itself.
   - **Other Conditions**: 
     - **Diabetes (A)**: No indication for progesterone use.
     - **Parkinson Disease (B)**: No therapeutic role for progesterone.
     - **Prostate Cancer (E)**: Treatment does not involve progesterone; instead, androgen deprivation therapies are utilized.

#### Conclusion
Based on the evaluation, the most appropriate indication for progesterone therapy among the listed conditions is **premature labor (D)**. The hormone's role in supporting pregnancy and preventing premature contractions underscores its importance in obstetric care. Other conditions listed do not warrant the use of progesterone as a standard treatment.

### Recommendations
- **Clinical Application**: Healthcare providers should consider progesterone therapy for patients at risk of premature labor, ensuring proper monitoring and dosage.
- **Further Research**: Continued investigation into the broader applications of progesterone in reproductive health, particularly in conditions like PCOS, may yield additional insights into its therapeutic potential. 

This synthesized report aims to clarify the role of progesterone in clinical practice and guide healthcare professionals in making informed decisions regarding its use.


[Conditions Review Team (CRT)** Report]
### Refined and Synthesized Report

**Subject:** Analysis of Progesterone Use in a 28-Year-Old Woman

**Overview:**
The discussion surrounding the use of progesterone in a 28-year-old woman highlights its primary applications in fertility treatment and the prevention of premature labor. This report synthesizes the key findings from the Conditions Review Team (CRT) regarding the indications for progesterone therapy.

**Key Findings:**

1. **Primary Indication for Fertility Treatment:**
   - Progesterone is frequently prescribed to support the luteal phase of the menstrual cycle, which is crucial for enhancing the chances of conception in women undergoing fertility treatments.

2. **Alternative Indication for Pregnant Women:**
   - In addition to its role in fertility, progesterone is also utilized in pregnant women to prevent premature labor. This application is significant, especially in cases where there is a risk of early delivery.

3. **Misconceptions Regarding PCOS:**
   - While progesterone can induce menstruation in women with conditions such as polycystic ovarian syndrome (PCOS), it is not regarded as a primary treatment for this condition. This distinction is important for accurate clinical decision-making.

4. **Conclusion on Indications:**
   - Based on the context provided, the most appropriate indication for the use of progesterone in this case is to prevent premature labor, aligning with option (D) from the presented choices.

**Summary:**
In summary, progesterone serves a dual purpose in reproductive health: it is essential for supporting fertility and plays a critical role in preventing premature labor in pregnant women. The evidence suggests that while it can be used in various contexts, its primary applications should be carefully considered to ensure optimal patient outcomes. The CRT's analysis confirms that the most relevant indication for the 28-year-old woman in question is the prevention of premature labor.


FRDT Report:
### Refined and Synthesized Report

#### Overview
The discussion from the Final Review and Decision Team (FRDT) focused on the therapeutic applications of progesterone, particularly in the context of a 28-year-old woman undergoing treatment for infertility. The team evaluated the drug's role in both fertility support and obstetric care, specifically its use in preventing premature labor.

#### Key Findings
1. **Primary Use in Infertility**: Progesterone is primarily prescribed to support the luteal phase of the menstrual cycle in women experiencing infertility. This is crucial for preparing the uterine lining for potential implantation of an embryo.

2. **Obstetric Application**: Beyond its role in fertility, progesterone is also utilized in obstetrics to prevent premature labor. This application is particularly significant for pregnant women at risk of early delivery.

3. **Comparison with Other Conditions**: The team assessed various conditions to determine which could also be treated with progesterone. The consensus was that among the options provided, the most relevant condition was premature labor, as it directly relates to the drug's established use in clinical practice.

4. **Exclusion of Other Options**: The other options presented (C, B, A, and E) were deemed less relevant, as they do not have a recognized standard treatment involving progesterone.

#### Conclusion
The FRDT concluded that the most appropriate answer to the question regarding another condition treated by progesterone, aside from its primary use in infertility, is **premature labor**. This conclusion is supported by the drug's dual role in reproductive health, emphasizing its importance in both fertility treatments and obstetric care.

### Final Recommendation
It is recommended that healthcare providers consider the dual applications of progesterone when treating women of reproductive age, ensuring that they are aware of its benefits in both infertility management and the prevention of premature labor. Further education on the administration methods and indications for progesterone use may enhance patient outcomes in these areas.

[INFO] Step 3. Final Decision
👨‍⚖️  Decision Maker's final decision: {0.0: 'Based on the comprehensive analysis of the reports from the multidisciplinary teams, the most appropriate answer to the question regarding the condition that may also be treated by progesterone, aside from its primary use in infertility, is **(D) Premature labor**.\n\nProgesterone is primarily used to support the luteal phase in women undergoing fertility treatments, but it also plays a critical role in obstetric care by preventing premature labor in pregnant women. The other options listed (C, B, A, and E) do not have a recognized standard treatment involving progesterone, making them less relevant in this context.\n\nTherefore, the final decision is that the correct answer is **(D) Premature labor**.'}

[INFO] API calls for this sample: 28

[INFO] Sample 35 completed successfully