[INFO] Processing sample 47

[INFO] Step 1. Expert Recruitment
Agent 1 (🧑🏿‍⚕️ Immunologist): Specializes in the immune system and its response to vaccines.
Agent 2 (👨🏿‍⚕️ Pediatrician): Focuses on the medical care of infants, children, and adolescents, including immunization practices.
Agent 3 (👨🏽‍⚕️ Microbiologist): Specializes in bacteria and vaccine development, particularly in the study of polysaccharides as antigens.

[INFO] Hierarchy Selection
                      moderator (👨‍⚖️)                                   
            ┌────────────────┴───────────────┐                           
  Microbiologist (👨🏽‍⚕️)            Immunologist (🧑🏿‍⚕️)                 
                                        └───────────────┐                
                                               Pediatrician (👨🏿‍⚕️)      


[INFO] Step 2. Initial Opinions
 Agent 1 (🧑🏿‍⚕️ immunologist) : The best response to the medical student's question about why capsular polysaccharides are conjugated to protein carriers in vaccine development is:

**(E) Conjugation with a protein carrier provides effective protection to infants.**

The rationale behind this is that polysaccharide vaccines typically elicit a T cell-independent immune response, which mainly results in an IgM response. However, conjugating the polysaccharide to a protein carrier allows for T cell-dependent activation, leading to a more robust and long-lasting immune response characterized by the production of high-affinity IgG antibodies. This is particularly important for infants, whose immune systems may not respond effectively to polysaccharide antigens alone. By promoting a T cell-dependent response, the conjugated vaccine also enhances immunological memory, which is crucial for effective protection against bacterial infections in younger populations.
 Agent 2 (👨🏿‍⚕️ pediatrician) : The question asks why capsular polysaccharides are conjugated to protein carriers in vaccine development. The options provided offer potential reasons. Let's analyze each option from the perspective of a pediatrician focused on immunization.

*   **Understanding the problem:** Capsular polysaccharides from bacteria like Hib are T cell-independent antigens. This means they can elicit an immune response without the help of T helper cells, primarily by activating B cells directly. However, this T cell-independent response is generally weak, short-lived, and does not induce immunological memory. Crucially, it is often insufficient in infants, who have immature immune systems and are highly susceptible to these infections.

*   **The Role of Protein Conjugation:** Conjugating the polysaccharide to a protein carrier transforms the antigen into a T cell-dependent antigen. This means that B cells presenting the polysaccharide antigen will interact with T helper cells, which then provide help for B cell activation, proliferation, and differentiation. This T cell help leads to:
    *   **Stronger and more robust antibody responses:** A higher affinity and avidity of antibodies are generated.
    *   **Production of IgG antibodies, including subclasses like IgG2:** T cell-dependent responses are known to induce IgG production, and specifically IgG2 is important for opsonization of encapsulated bacteria.
    *   **Development of immunological memory:** This allows for a more rapid and potent response upon subsequent exposure to the pathogen, which is crucial for long-term protection.
    *   **Effective protection in infants:** Because the immune response is T cell-dependent, it is effective even in young infants whose immune systems are not yet fully mature.

Now let's evaluate the options:

*   **(A) Conjugation with a protein carrier generates IgG2 dominant antibody responses:** This is a **correct** consequence of protein conjugation. T cell-dependent responses, which are induced by conjugate vaccines, lead to the production of various IgG subclasses, and IgG2 is particularly important for clearing encapsulated bacteria like Hib.

*   **(B) Conjugation with a protein carrier generates IgM dominant antibody responses:** This is **incorrect**. While IgM is the first antibody produced, T cell-dependent responses primarily lead to class switching to IgG and other immunoglobulin classes, not just IgM.

*   **(C) Polysaccharides conjugated with proteins are T cell-independent antigens:** This is **incorrect**. The entire point of conjugation is to make the polysaccharide a T cell-dependent antigen.

*   **(D) Conjugation with a protein carrier improves vaccine stability:** While some formulations might consider stability, this is not the primary immunological reason for protein conjugation. The main goal is to elicit a stronger and more effective immune response.

*   **(E) Conjugation with a protein carrier provides effective protection to infants:** This is a **correct** outcome. Without conjugation, polysaccharide vaccines are not effective in infants. Protein conjugation is what makes these vaccines protective in this age group.

**Comparing (A) and (E):** Both (A) and (E) are correct statements about the benefits of protein conjugation. However, the question asks for the *best* response to *why* capsular polysaccharides are conjugated. The generation of IgG2 dominant responses (A) is a *mechanism* by which effective protection is achieved. Effective protection in infants (E) is the ultimate *goal* and *benefit* that is achieved *because* of this mechanism.

In a teaching scenario, explaining the mechanism (how it works) is often considered a more direct answer to "why" something is done, especially when the "how" directly leads to the desired outcome. The generation of IgG2 is a key immunological change that leads to improved protection. Option (E) describes the consequence of this immunological change. However, the question is about the *development* of vaccines. The *reason* for conjugation is to induce a specific type of immune response that is protective, and the generation of IgG2 is a hallmark of that protective response. Therefore, focusing on the type of antibody generated is a direct answer to the immunological question of "why" conjugation is performed.

Let's consider the typical understanding of conjugate vaccine benefits. The shift from a weak, T-independent response (polysaccharide alone) to a strong, T-dependent response is the fundamental reason. This T-dependent response is characterized by memory, affinity maturation, and class switching, leading to production of IgG antibodies, including subclasses like IgG2. This IgG response is crucial for opsonophagocytosis, which is the primary mechanism of protection against encapsulated bacteria. Therefore, option (A) directly addresses a key immunological change that justifies the conjugation strategy.

While option (E) is a critical clinical benefit, the question is more about the immunological rationale behind the *development process*. The development process aims to achieve a certain type of immune response, and the generation of IgG2 dominant antibodies is a direct and specific immunological consequence of conjugation that explains *how* it leads to effective protection, particularly in infants.

Let's re-evaluate: The question asks "why capsular polysaccharides are conjugated to protein carriers *during vaccine development*". This implies we're looking for the immunological reason that drives the development strategy.

*   **Option (A)** explains a specific immunological outcome (IgG2 dominance) which is a direct result of the conjugation and is crucial for protection.
*   **Option (E)** states the overall clinical benefit (effective protection in infants).

While (E) is the ultimate goal, (A) explains a crucial *mechanism* that enables that goal. In many immunological contexts, explaining the mechanism is a more precise answer to "why". For instance, if asked why a vaccine works, a good answer would include the type of immune response it elicits.

Consider this analogy: Why do we use an antibiotic that targets bacterial protein synthesis? Because it kills bacteria. But the *better* answer, explaining the mechanism, is "because it inhibits the production of essential bacterial proteins, leading to cell death."

Similarly, why conjugate? To protect infants. But *how* does it protect infants? By generating a T cell-dependent response that leads to IgG2 dominant antibodies, which are effective against these bacteria.

In the context of vaccine development, understanding the immunological changes induced by the vaccine is paramount. The shift to IgG2 dominance is a significant and well-documented immunological consequence of conjugate vaccines, directly impacting their efficacy.

Let's look at common textbook explanations for conjugate vaccines. They emphasize the conversion of T-independent antigens to T-dependent antigens, leading to memory, class switching to IgG, and protection in infants. IgG2 is often highlighted as a key isotype for protection against encapsulated bacteria.

Given the options, option (A) provides a specific immunological detail that is a direct consequence of conjugation and explains *how* the vaccine achieves its protective effect, particularly against encapsulated bacteria for which IgG2 is important. Option (E) is a consequence of the immunological effect described in (A) and other related T-dependent immune responses. Therefore, (A) is a more precise answer to the *immunological reason* for conjugation.

Final consideration: Both (A) and (E) are strong contenders. However, the question asks about the development of the vaccine. The decision to conjugate is made to achieve a specific *type of immune response* that is necessary for protection, especially in infants. The generation of IgG2 dominant responses is a key characteristic of this improved immune response. Therefore, it explains the *immunological rationale* for conjugation.

Let's assume the senior colleague is explaining the *immunological mechanism* that the vaccine leverages. In that context, (A) is a more direct explanation of *how* the conjugation achieves its purpose.

The final answer is $\boxed{A}$.
 Agent 3 (👨🏽‍⚕️ microbiologist) : Excellent question. It gets right to the heart of why conjugate vaccines were such a revolutionary development in medicine and a fantastic area of research to be in.

Let's break down the options. The best response is:

**(E) Conjugation with a protein carrier provides effective protection to infants**

Here is a detailed explanation, as I would provide it to a new member of our team:

### The Immunological Rationale

"Welcome to the team! Your question is fundamental to our work. To understand the answer, we need to think about how different types of antigens interact with the immune system, especially in our most vulnerable patients: infants and young children.

The capsule of bacteria like *Haemophilus influenzae* type b is made of long chains of repeating sugar molecules—a polysaccharide. On its own, this type of antigen is classified as a **T-cell independent (TI) antigen**.

Here’s what that means:

1.  **Direct B-Cell Activation:** A TI antigen can directly activate B-cells by cross-linking many B-cell receptors on the cell surface. It doesn't require help from T-helper cells.
2.  **Limited Response:** This T-cell independent response is immunologically weak. It primarily generates **IgM** antibodies, with little to no class-switching to more effective, long-lasting isotypes like **IgG**.
3.  **No Memory:** Crucially, this pathway does not generate memory B-cells. This means there's no long-term immunity. Upon re-exposure, the immune system has to start from scratch.
4.  **The Critical Flaw:** The immune systems of infants and children under the age of two are immature and **cannot mount an effective response to T-cell independent antigens**.

This last point is the key problem. The very population most at risk for devastating diseases like Hib meningitis was the one that couldn't be protected by a simple polysaccharide vaccine.

### The "Conjugation Trick"

This is where the genius of conjugation comes in. By covalently linking (conjugating) the polysaccharide to a large, immunogenic protein carrier (like tetanus toxoid or a diphtheria-related protein), we effectively trick the immune system. We convert a T-cell independent antigen into a **T-cell dependent antigen**.

Here’s how it works:

1.  A B-cell uses its B-cell receptor to recognize and bind to the **polysaccharide** portion of the vaccine.
2.  The B-cell internalizes the entire conjugate molecule (polysaccharide + protein).
3.  Inside the B-cell, the **protein carrier** is broken down into peptides, which are then presented on the B-cell's surface via MHC class II molecules.
4.  A T-helper cell, which has been separately activated by the same protein, recognizes the peptide on the B-cell. This interaction provides the critical 'help' signal to the B-cell.
5.  With T-cell help, the B-cell undergoes robust activation, leading to:
    *   **Class Switching:** A switch from producing IgM to high-affinity **IgG**.
    *   **Affinity Maturation:** The antibodies produced become progressively better at binding the antigen.
    *   **Memory Cell Formation:** The creation of long-lived memory B-cells and plasma cells, ensuring durable, long-term protection.

This T-cell dependent pathway **is fully functional in infants**. By conjugating the polysaccharide, we engage the T-cells and unlock this powerful arm of the immune system, providing robust and lasting protection to the children who need it most.

### Why the Other Options Are Incorrect:

*   **(A) Generates IgG2 dominant antibody responses:** While responses to polysaccharides can sometimes be skewed towards the IgG2 subclass, the goal and result of conjugation is a robust T-dependent response, which typically involves strong IgG1 and IgG3 production as well. Stating it's "IgG2 dominant" is not the primary or most accurate description of the benefit.
*   **(B) Generates IgM dominant antibody responses:** This is the opposite of the desired effect. The *unconjugated* polysaccharide elicits an IgM-dominant response. Conjugation is done specifically to overcome this and induce IgG.
*   **(C) Polysaccharides conjugated with proteins are T cell-independent antigens:** This is factually incorrect. The entire purpose of conjugation is to convert the antigen from T-cell independent to T-cell *dependent*.
*   **(D) Improves vaccine stability:** While creating a stable formulation is a critical part of vaccine manufacturing, the primary *immunological* reason for conjugation is to enhance immunogenicity, not to improve shelf-life or chemical stability.

So, in short, we conjugate these antigens to make them visible and compelling to an infant's immune system, turning a weak, ineffective response into a powerful, life-saving one. It’s one of the greatest success stories in public health. I'm glad to have you on board to work on the next generation of these vaccines."

[INFO] Step 3. Collaborative Decision Making
== Round 1 ==
[INFO] Participatory Debate
|_Turn 1
 Agent 1 (🧑🏿‍⚕️ immunologist): 🤐
 Agent 2 (👨🏿‍⚕️ pediatrician) -> Agent 1 (🧑🏿‍⚕️ immunologist) : To the Immunologist,

As a pediatrician focusing on immunization, I understand the critical importance of conjugate vaccines, especially for infants. My analysis of the question regarding capsular polysaccharide conjugation leads me to believe that **(A) Conjugation with a protein carrier generates IgG2 dominant antibody responses** is the best answer.

My reasoning is that while (E) "Conjugation with a protein carrier provides effective protection to infants" is the ultimate clinical outcome and a crucial benefit, option (A) better explains the *immunological mechanism* by which this protection is achieved. The development strategy aims to induce a specific, robust immune response, and the shift to IgG2 dominance is a hallmark of the T-cell dependent response that conjugate vaccines elicit. This specific antibody isotype is vital for opsonizing encapsulated bacteria, directly leading to the protective effect in infants, whose immune systems are less efficient at responding to T-cell independent antigens.

I'd appreciate your insights on whether focusing on this specific antibody isotype (IgG2) is the most precise explanation for the *why* of conjugation during vaccine development, as opposed to the broader clinical outcome.
 Agent 3 (👨🏽‍⚕️ microbiologist): 🤐

[INFO] Summary Table
+---------+-----------+-----------+---------+
|         |  Agent 1  |  Agent 2  | Agent 3 |
+---------+-----------+-----------+---------+
| Agent 1 |           | ✋ (1<-2) |         |
|         |           |           |         |
| Agent 2 | ✋ (2->1) |           |         |
|         |           |           |         |
| Agent 3 |           |           |         |
+---------+-----------+-----------+---------+

|_Turn 2
 Agent 1 (🧑🏿‍⚕️ immunologist): 🤐
 Agent 2 (👨🏿‍⚕️ pediatrician): 🤐
 Agent 3 (👨🏽‍⚕️ microbiologist): 🤐
 No agents chose to participate in this turn. End this turn.

[INFO] Moderator Consensus Check
 👨‍⚖️ Moderator consensus check: YES

[INFO] Consensus reached! Ending discussion.

[INFO] Step 4. Final Decision
👨‍⚖️  Moderator's final decision: {0.0: "**(E) Conjugation with a protein carrier provides effective protection to infants.**\n\nThis answer is supported by the consensus reached among the multidisciplinary team, which includes an immunologist, a pediatrician, and a microbiologist. The rationale emphasizes the critical public health need for effective vaccines in vulnerable populations, particularly infants, who cannot adequately respond to T-cell independent polysaccharide antigens. The conjugation process transforms these antigens into T-cell dependent ones, leading to robust immune responses, class switching, and the generation of immunological memory, ultimately providing effective protection. While the immunological mechanisms are important, the overarching goal of protecting infants is the most relevant and comprehensive response to the student's question."}

[INFO] API calls for this sample: 19

[INFO] Sample 47 completed successfully