[INFO] Processing sample 48

[INFO] Step 1. Expert Recruitment
Agent 1 (🧑🏿‍⚕️ Cardiologist): Focuses on the diagnosis and treatment of heart and blood vessel-related conditions, particularly hypertension.
Agent 2 (👩🏼‍⚕️ Nephrologist): Specializes in kidney function and diseases, which can be affected by hypertension and the medications used to treat it.
Agent 3 (👨🏽‍⚕️ Pharmacologist): Expert in the properties and effects of drugs, particularly regarding antihypertensive medications and their side effects.

[INFO] Hierarchy Selection
                   moderator (👨‍⚖️)                                             
           ┌───────────────┴─────────────┬──────────────────────────┐           
  Cardiologist (🧑🏿‍⚕️)         Pharmacologist (👨🏽‍⚕️)      Nephrologist (👩🏼‍⚕️) 


[INFO] Step 2. Initial Opinions
 Agent 1 (🧑🏿‍⚕️ cardiologist) : Based on the scenario provided, the addition of a new antihypertensive medication to the patient’s regimen that resulted in lower extremity swelling is indicative of a medication that can cause peripheral edema as a side effect. 

Among the options listed:

(A) Metoprolol - This is a beta-blocker and is not typically associated with peripheral edema.

(B) Verapamil - This is a calcium channel blocker, and while it can cause some degree of edema, it is less commonly used for first-line hypertension treatment compared to other agents.

(C) Nifedipine - This is a dihydropyridine calcium channel blocker that is well-known for causing peripheral edema, especially in the lower extremities, due to its vasodilatory effects.

(D) Hydrochlorothiazide - This is a thiazide diuretic and typically does not cause peripheral swelling. Instead, it is used to manage hypertension effectively.

(E) Spironolactone - This is a potassium-sparing diuretic that might cause some fluid retention issues, but it is more commonly associated with gynecomastia and hyperkalemia rather than significant peripheral edema.

Considering the recent onset of lower extremity swelling following the addition of a new antihypertensive medication, the most likely prescribed medication was **(C) Nifedipine**.
 Agent 2 (👩🏼‍⚕️ nephrologist) : As a nephrologist, I understand that poorly controlled hypertension in a patient with diabetes significantly increases the risk of kidney damage. The addition of a new antihypertensive medication and the subsequent development of lower extremity swelling are key clues. Let's analyze the options:

*   **(A) Metoprolol:** This is a beta-blocker. While it can be used for hypertension, it's not typically associated with causing significant lower extremity edema.
*   **(D) Hydrochlorothiazide (HCTZ):** This is a thiazide diuretic. Diuretics, in general, are more likely to *reduce* fluid retention and swelling, not cause it. While some patients might develop electrolyte imbalances, overt edema is not a common side effect.
*   **(C) Nifedipine:** This is a dihydropyridine calcium channel blocker. Dihydropyridine CCBs are well-known for causing peripheral edema, including lower extremity swelling, due to their vasodilatory effects. This is a very plausible explanation for the patient's symptoms.
*   **(B) Verapamil:** This is a non-dihydropyridine calcium channel blocker. While it can cause some peripheral edema, it's generally less common and less pronounced than with the dihydropyridine class.
*   **(E) Spironolactone:** This is a potassium-sparing diuretic and aldosterone antagonist. It can sometimes cause gynecomastia and hyperkalemia, but significant lower extremity edema is not a primary or common side effect.

Given the history and the new onset of lower extremity swelling after the addition of a new antihypertensive, a dihydropyridine calcium channel blocker is the most likely culprit.

The final answer is $\boxed{C}$.
 Agent 3 (👨🏽‍⚕️ pharmacologist) : Of course. As the team's pharmacologist, I'd be happy to analyze this case. This is a classic clinical scenario that hinges on understanding the specific adverse effect profiles of different antihypertensive classes.

Based on the patient's new onset of lower extremity swelling after starting a new antihypertensive, the most likely medication prescribed was **(C) Nifedipine**.

Here is my pharmacological breakdown of the options and the reasoning for this conclusion:

### Correct Answer Analysis

*   **(C) Nifedipine:** This medication belongs to the **dihydropyridine class of calcium channel blockers (CCBs)**, which also includes amlodipine and felodipine.
    *   **Mechanism of Action:** These drugs are potent vasodilators, acting primarily on the smooth muscle of peripheral arterioles.
    *   **Pathophysiology of Edema:** The key issue is that they cause significant **precapillary arteriolar dilation** without a corresponding dilation of the postcapillary venules. This imbalance increases the hydrostatic pressure within the capillaries, forcing fluid to leak into the surrounding interstitial space. Gravity causes this fluid to pool in the dependent areas, such as the ankles and lower legs, leading to peripheral edema. This is a very common, dose-dependent side effect of this drug class and perfectly matches the patient's new complaint.

### Analysis of Incorrect Options

*   **(A) Metoprolol:** This is a beta-blocker. Its primary side effects include bradycardia, fatigue, and dizziness. While it can worsen edema in the context of decompensated heart failure, it is not a direct or common cause of new-onset peripheral edema in a patient without this condition.

*   **(B) Verapamil:** This is a **non-dihydropyridine CCB**. While it is in the same general family as nifedipine, its effects are different. Verapamil has more potent effects on the heart muscle (negative inotropy and chronotropy) and is a less potent peripheral vasodilator compared to dihydropyridines. While it can cause edema, it does so much less frequently and to a lesser extent than nifedipine or amlodipine. Its more prominent side effects are constipation and bradycardia.

*   **(D) Hydrochlorothiazide (HCTZ):** This is a thiazide diuretic. Its entire purpose is to promote the excretion of sodium and water, thereby reducing fluid volume. It is used to **treat** edema, not cause it. Therefore, it is an incorrect choice.

*   **(E) Spironolactone:** This is a potassium-sparing diuretic and aldosterone antagonist. Like HCTZ, its function is to increase fluid excretion. It is a cornerstone therapy for managing fluid overload in conditions like heart failure and cirrhosis. It would not be the cause of new-onset peripheral edema.

### Summary for the Team

From a pharmacological perspective, the new onset of bilateral lower extremity edema following the addition of an antihypertensive is a hallmark adverse effect of **dihydropyridine calcium channel blockers**. Among the choices provided, nifedipine is the only drug in that class. The patient's presentation is a textbook example of this drug-induced side effect.

[INFO] Step 3. Collaborative Decision Making
== Round 1 ==
[INFO] Participatory Debate
|_Turn 1
 Agent 1 (🧑🏿‍⚕️ cardiologist): 🤐
 Agent 2 (👩🏼‍⚕️ nephrologist): 🤐
 Agent 3 (👨🏽‍⚕️ pharmacologist): 🤐
 No agents chose to participate in this turn. End this turn.
 No agents chose to participate in this round. End this round.

[INFO] Step 4. Final Decision
👨‍⚖️  Moderator's final decision: {0.0: "Based on the thorough analysis and consensus among the experts, the final decision is that the medication likely prescribed to the patient, which resulted in new onset lower extremity swelling, is **(C) Nifedipine**. \n\nThe reasoning is well-supported by the following points:\n\n1. **Mechanism of Action**: Nifedipine is a dihydropyridine calcium channel blocker known for its vasodilatory effects, which can lead to peripheral edema due to increased hydrostatic pressure in the capillaries.\n\n2. **Expert Consensus**: All specialists (cardiologist, nephrologist, and pharmacologist) agreed on the likelihood of nifedipine being the cause of the patient's symptoms, citing its common side effect profile.\n\n3. **Exclusion of Other Options**: The other medications listed (metoprolol, verapamil, hydrochlorothiazide, and spironolactone) were analyzed and found not to be associated with significant peripheral edema in this context.\n\nTherefore, the final answer is **(C) Nifedipine**."}

[INFO] API calls for this sample: 10

[INFO] Sample 48 completed successfully