[INFO] Processing sample 13

[INFO] Step 1. Expert Recruitment
Agent 1 (👨🏿‍⚕️ Medical Geneticist): Specializes in the study of genetic conditions and chromosomal abnormalities.
Agent 2 (🧑‍⚕️ Maternal): Fetal Medicine Specialist - Focuses on high-risk pregnancies and the management of maternal and fetal health.
Agent 3 (👨🏻‍⚕️ Pediatrician): Specializes in the medical care of infants, children, and adolescents, particularly regarding congenital conditions.

[INFO] Hierarchy Selection
                         moderator (👨‍⚖️)                                     
              ┌──────────────────┴────────────┬──────────────────────┐        
  Medical Geneticist (👨🏿‍⚕️)         Pediatrician (👨🏻‍⚕️)     Maternal (🧑‍⚕️) 


[INFO] Step 2. Initial Opinions
 Agent 1 (👨🏿‍⚕️ medical geneticist) : The clinical findings described in the question—small pelvis, shallow intergluteal cleft, club feet, and absence of the sacrum and lumbar vertebrae—are indicative of caudal regression syndrome (or sacral agenesis). This condition is associated with fetal exposure to certain factors during pregnancy.

Among the options provided, the strongest predisposing factor for caudal regression syndrome is (A) Maternal oligohydramnios. Oligohydramnios, or reduced amniotic fluid volume, can lead to various congenital abnormalities due to mechanical constraints on fetal development.

Other factors like intrauterine alcohol exposure and maternal diabetes may contribute to other fetal anomalies, but they are not as strongly associated with the specific findings noted in this case. Chromosome trisomies 13 and 18 can lead to various birth defects but are less directly linked to the specific features of sacral agenesis.

Therefore, the most appropriate choice is:
(A) Maternal oligohydramnios.
 Agent 2 (🧑‍⚕️ maternal) : The findings in the stillborn infant are classic for **caudal regression syndrome (CRS)**. This is a spectrum of congenital anomalies affecting the lower spine and limbs. The absence of sacrum and lumbar vertebrae, along with club feet, are hallmarks of this condition.

Let's analyze the options in relation to caudal regression syndrome:

*   **(A) Maternal oligohydramnios:** While oligohydramnios can be associated with some fetal anomalies and can exacerbate existing limb deformities due to restricted movement, it is not typically considered a primary predisposing factor for the development of CRS itself. In fact, CRS can sometimes lead to oligohydramnios due to impaired fetal urine production.

*   **(B) Intrauterine alcohol exposure:** Maternal alcohol use during pregnancy, particularly heavy or binge drinking, is a well-known cause of **Fetal Alcohol Spectrum Disorders (FASD)**. FASD can manifest with a variety of physical, cognitive, and behavioral problems. A significant association exists between maternal diabetes and CRS. While alcohol can cause a range of birth defects, it is not the strongest predisposing factor specifically for caudal regression syndrome.

*   **(C) Chromosome 13 trisomy (Patau syndrome):** Trisomy 13 is a serious genetic disorder associated with multiple congenital anomalies, including holoprosencephaly, polydactyly, and heart defects. While skeletal abnormalities can occur, caudal regression syndrome is not a typical or primary feature of trisomy 13.

*   **(D) Maternal diabetes:** This is the **strongest predisposing factor** for caudal regression syndrome. Uncontrolled or poorly controlled maternal diabetes, particularly pre-existing diabetes or gestational diabetes, is strongly associated with an increased risk of CRS in the fetus. The mechanism is thought to be related to hyperglycemia and altered growth factor signaling in the developing embryo.

*   **(E) Chromosome 18 trisomy (Edwards syndrome):** Trisomy 18 is another genetic disorder with severe developmental abnormalities. Common features include micrognathia, clenched fists, overlapping fingers, and heart defects. Caudal regression syndrome is not a characteristic feature of trisomy 18.

Given the strong association between maternal diabetes and caudal regression syndrome, and the constellation of findings in the stillborn infant, maternal diabetes is the most likely predisposing factor among the given options. The lack of prenatal care further highlights the missed opportunity for screening and management of maternal diabetes if it were present.

The final answer is $\boxed{D}$.
 Agent 3 (👨🏻‍⚕️ pediatrician) : Excellent question. Let's discuss this case as a team.

This is a tragic outcome, and our goal is to understand the underlying etiology. The clinical and radiological findings presented are classic for a condition known as **Caudal Regression Syndrome (CRS)**, or sacral agenesis. The key features are the absence of the sacrum and lumbar vertebrae, leading to secondary deformities of the pelvis, lower limbs (like the club feet), and associated soft tissue abnormalities (the shallow intergluteal cleft).

Now, to address the question of the strongest predisposing factor, let's evaluate the options based on their known association with Caudal Regression Syndrome.

*   **(A) Maternal oligohydramnios:** While oligohydramnios can cause fetal compression leading to limb deformities like club feet (part of the Potter sequence), it does not cause the primary severe skeletal defect of vertebral agenesis. In cases of CRS, oligohydramnios is more often a *consequence* of the syndrome (due to associated renal anomalies) rather than the cause.

*   **(B) Intrauterine alcohol exposure:** Fetal Alcohol Spectrum Disorders can cause a wide range of birth defects, but severe, extensive vertebral agenesis as seen in CRS is not a characteristic feature.

*   **(C) Chromosome 13 trisomy (Patau syndrome) & (E) Chromosome 18 trisomy (Edwards syndrome):** These are severe chromosomal aneuploidies associated with multiple, well-defined patterns of congenital anomalies. While skeletal defects can occur, the specific pattern of CRS is not a hallmark feature of either trisomy 13 or 18. CRS is typically sporadic and not associated with a specific chromosomal abnormality.

*   **(D) Maternal diabetes:** This is the correct answer. There is an exceptionally strong and well-documented association between **pre-gestational maternal diabetes mellitus** (especially when poorly controlled) and the development of Caudal Regression Syndrome. The incidence of CRS is estimated to be over 200 times higher in infants of diabetic mothers compared to the general population. The teratogenic insult is thought to occur very early in gestation (by the 3rd week), when hyperglycemia disrupts the development of the caudal mesoderm, the structure that gives rise to the lower spine, urogenital system, and hindgut. The mother's lack of prenatal care makes unmanaged, pre-existing diabetes a highly probable scenario.

**Conclusion:**

Based on the pathognomonic findings of Caudal Regression Syndrome, the strongest and most well-established predisposing factor among the choices is **(D) Maternal diabetes**.

[INFO] Step 3. Collaborative Decision Making
== Round 1 ==
[INFO] Participatory Debate
|_Turn 1
 Agent 1 (👨🏿‍⚕️ medical geneticist): 🤐
 Agent 2 (🧑‍⚕️ maternal) -> Agent 1 (👨🏿‍⚕️ medical geneticist) : To the Medical Geneticist and Pediatrician,

I am a Maternal-Fetal Medicine specialist. My expertise lies in managing high-risk pregnancies.

Regarding this case of stillbirth with findings suggestive of Caudal Regression Syndrome (CRS), my opinion strongly aligns with option (D) Maternal diabetes as the most significant predisposing factor. The literature consistently demonstrates a profound association between maternal diabetes, particularly when poorly controlled, and the development of CRS. The specific anomalies observed – sacral and lumbar vertebral absence, club feet, and pelvic abnormalities – are classic manifestations of this link. While other factors can cause congenital anomalies, the strength of the association between maternal diabetes and CRS is unparalleled among the given choices, especially in the absence of prenatal care which would have allowed for screening and management of maternal diabetes. I believe this is the most compelling explanation for the observed presentation.
 Agent 2 (🧑‍⚕️ maternal) -> Agent 3 (👨🏻‍⚕️ pediatrician) : To the Medical Geneticist and Pediatrician,

As a Maternal-Fetal Medicine specialist focused on high-risk pregnancies, I concur with the prevailing consensus that maternal diabetes is the strongest predisposing factor for Caudal Regression Syndrome (CRS). My clinical experience and the established literature highlight a significant teratogenic effect of maternal hyperglycemia on the developing caudal structures of the embryo. The constellation of findings in this stillborn infant, including the absence of sacrum and lumbar vertebrae, strongly points to this etiology. Given the robust evidence, I am confident that maternal diabetes is the most pertinent factor to consider in this case.
 Agent 3 (👨🏻‍⚕️ pediatrician): 🤐

[INFO] Summary Table
+---------+-----------+-----------+-----------+
|         |  Agent 1  |  Agent 2  |  Agent 3  |
+---------+-----------+-----------+-----------+
| Agent 1 |           | ✋ (1<-2) |           |
|         |           |           |           |
| Agent 2 | ✋ (2->1) |           | ✋ (2->3) |
|         |           |           |           |
| Agent 3 |           | ✋ (3<-2) |           |
+---------+-----------+-----------+-----------+

|_Turn 2
 Agent 1 (👨🏿‍⚕️ medical geneticist): 🤐
 Agent 2 (🧑‍⚕️ maternal): 🤐
 Agent 3 (👨🏻‍⚕️ pediatrician): 🤐
 No agents chose to participate in this turn. End this turn.

[INFO] Moderator Consensus Check
 👨‍⚖️ Moderator consensus check: YES

[INFO] Consensus reached! Ending discussion.

[INFO] Step 4. Final Decision
👨‍⚖️  Moderator's final decision: {0.0: "Based on the comprehensive discussion and consensus among the multidisciplinary team, the strongest predisposing factor for the stillborn infant's condition, which is indicative of Caudal Regression Syndrome (CRS), is:\n\n**(D) Maternal diabetes.**\n\nThe experts have provided a thorough analysis of the case, highlighting the significant association between poorly controlled maternal diabetes and the specific anomalies observed in the infant. The literature supports this connection, and the absence of prenatal care further emphasizes the likelihood of undiagnosed maternal diabetes contributing to the condition. Other options were evaluated and found to be less relevant or not directly causal to the specific findings in this case.\n\nTherefore, the final answer is $\\boxed{D}$."}

[INFO] API calls for this sample: 20

[INFO] Sample 13 completed successfully