[INFO] Processing sample 11

[INFO] Step 1. Expert Recruitment
Agent 1 (👩🏻‍⚕️ Oncologist): Specializes in the diagnosis and treatment of cancer, including the implications of previous cancers on present symptoms.
Agent 2 (👨🏽‍⚕️ Radiologist): Focuses on interpreting medical images, particularly in identifying abnormalities in imaging studies related to the spine.
Agent 3 (👨🏻‍⚕️ Orthopedic Surgeon): Specializes in musculoskeletal disorders and can provide insights into spinal conditions and potential surgical interventions.

[INFO] Hierarchy Selection
                         moderator (👨‍⚖️)                                 
              ┌──────────────────┴──────────────┐                         
  Orthopedic Surgeon (👨🏻‍⚕️)           Oncologist (👩🏻‍⚕️)                 
                                           └──────────────┐               
                                                 Radiologist (👨🏽‍⚕️)      


[INFO] Step 2. Initial Opinions
 Agent 1 (👩🏻‍⚕️ oncologist) : Given the patient's history of non-small cell lung cancer, which is known to metastasize to the bone, and the persistent back pain that worsens at night, the most concerning possibility is metastatic disease. In adults, particularly in someone with a history of lung cancer, the likelihood of lytic lesions in the spine is high. These lesions typically indicate the presence of metastatic cancer.

Considering the options provided and the clinical context:

(C) Lytic lesions of the lumbar spine is the most likely imaging finding, as these are common in metastatic disease from non-small cell lung cancer and the patient's presentation raises significant suspicion for this condition.

The other options are less compatible with his previous cancer history and symptoms:

(A) Blastic lesions of the lumbar spine are more commonly associated with prostate cancer.
(B) A bulging disc might cause pain and nerve impingement but is less likely given the malignancy history.
(E) Sacroilitis and fusion of the lumbar spine suggest an inflammatory process or chronic disease, which does not fit the current presentation.
(D) Narrowing of the lumbar disc space may occur due to degenerative changes but does not explain the history of cancer.

Therefore, the most likely imaging finding in this patient is (C) Lytic lesions of the lumbar spine.
 Agent 2 (👨🏽‍⚕️ radiologist) : The question describes a 56-year-old male with subacute back pain, worse at night, with a history of non-small cell lung cancer (NSCLC) treated successfully a year ago. He recently participated in a weight-lifting competition. Physical exam reveals point tenderness in the lumbosacral area.

Let's analyze the options in the context of the patient's history and presentation:

*   **Subacute back pain, worse at night:** This symptom pattern is concerning for a sinister underlying cause, such as malignancy or infection, rather than benign mechanical back pain. Night pain can disrupt sleep and is a red flag.

*   **History of NSCLC:** This is a crucial piece of information. Lung cancer has a propensity to metastasize to bone, particularly the spine. Given the duration of the pain (1 month, subacute) and the recent history of cancer (even if treated), metastatic disease should be a primary consideration.

*   **Weight-lifting competition 2 months ago:** While this could be a contributing factor to musculoskeletal strain, the night pain and history of cancer make it less likely to be the sole explanation.

*   **Point tenderness:** This suggests a localized issue in the lumbosacral region.

Now let's evaluate the imaging findings options:

*   **(C) Lytic lesions of the lumbar spine:** Lytic lesions are areas where bone is destroyed. Metastatic cancer, especially from lung cancer, commonly presents as lytic lesions in the bone. These can cause pain, especially when they weaken the bone structure or cause microfractures. The description of pain worse at night is also consistent with metastatic bone disease.

*   **(B) Bulging disc impinging on lumbar spinal nerve:** This is a common cause of back pain and sciatica. However, it typically presents with pain that is more positional and often relieved by rest. While possible, the night pain and history of cancer make this less likely to be the *most likely* finding.

*   **(A) Blastic lesions of the lumbar spine:** Blastic lesions are areas where there is abnormal bone formation. While some cancers can cause blastic lesions (e.g., prostate cancer), lung cancer is more classically associated with lytic or mixed lytic/blastic lesions.

*   **(E) Sacroiliitis and fusion of the lumbar spine:** Sacroiliitis is inflammation of the sacroiliac joints, and fusion of the lumbar spine can occur with inflammatory arthropathies or chronic degenerative changes. These conditions typically have a more gradual onset and different pain characteristics, and are less directly linked to the patient's history of NSCLC.

*   **(D) Narrowing of the lumbar disc space:** Disc space narrowing is a sign of degenerative disc disease, a common cause of mechanical back pain. Similar to bulging discs, it's less likely to be the *most likely* finding given the red flags of night pain and a history of cancer.

Considering the patient's history of treated NSCLC and the symptom of nocturnal back pain, **lytic lesions of the lumbar spine (C)** are the most concerning and most likely finding, representing potential metastatic disease. While a PET scan a year ago showed no recurrence, these scans may not detect small, early-stage metastases, and new metastatic lesions can develop over time.

The final answer is $\boxed{C}$.
 Agent 3 (👨🏻‍⚕️ orthopedic surgeon) : Excellent case. As the orthopedic spine specialist on the team, I'd like to break down my thought process for this patient. Based on the presentation, my conclusion is that we are dealing with a sinister, non-mechanical cause of back pain, making one imaging finding far more likely than the others.

**Most Likely Imaging Finding:** (C) Lytic lesions of the lumbar spine

---

### Rationale and Differential Diagnosis

This patient's history contains several critical "red flag" features that immediately steer us away from common mechanical back pain and towards a more concerning etiology, such as metastatic disease or infection.

1.  **History of Malignancy:** The patient has a history of non-small cell lung cancer (NSCLC). While it was "successfully treated," spinal metastases are the most common skeletal complication of cancer. The spine is the third most common site for metastasis, after the lung and liver. A clear PET scan one year ago is reassuring, but it does not rule out subsequent recurrence.

2.  **Character of the Pain:** The pain is described as "dull, constant," and **"worse at night."** This is the classic description of neoplastic or infectious pain. Mechanical pain, such as that from a disc bulge or degenerative arthritis, is typically worse with activity and improves with rest. Pain that awakens a patient from sleep is highly concerning for a tumor.

3.  **Age:** At 56 years old, the patient is in the peak age range for both degenerative spinal conditions and metastatic disease.

4.  **Insidious Onset:** The lack of a clear, acute traumatic event is significant. While he participated in weight-lifting, the pain started a month later. This activity may have been incidental or could have caused a pathologic fracture through a pre-existing lesion in a weakened vertebra.

### Evaluating the Options

*   **(C) Lytic lesions of the lumbar spine:** **This is the best fit.** NSCLC, along with breast, kidney, and thyroid cancers, characteristically produces **lytic** (bone-destroying) metastases. The clinical picture of constant, nocturnal pain in a patient with a history of lung cancer points directly to this diagnosis.

*   **(B) Bulging disc impinging on lumbar spinal nerve:** While possible at his age and with a history of weight-lifting, this would typically present with radicular pain (sciatica) and a mechanical pattern (worse with sitting/bending, better with lying down). The constant, nocturnal ache is not typical for a disc bulge.

*   **(A) Blastic lesions of the lumbar spine:** Blastic (bone-forming) metastases are classically associated with prostate cancer and, less commonly, breast cancer. Lung cancer overwhelmingly causes lytic lesions. Therefore, this is a less likely finding.

*   **(D) Narrowing of the lumbar disc space:** This is a sign of degenerative disc disease, which is extremely common in a 56-year-old. However, like a bulging disc, it causes mechanical pain. While this finding might be present incidentally, it would not explain the patient's specific constellation of red flag symptoms.

*   **(E) Sacroiliitis and fusion of the lumbar spine:** This describes an advanced inflammatory spondyloarthropathy, like ankylosing spondylitis. The typical onset for this condition is in young adulthood (20s-40s), making a new presentation at 56 highly unlikely.

### Recommended Clinical Plan

From a spine surgery perspective, my immediate goal is to confirm the diagnosis and, most importantly, assess for spinal instability or neurological compression.

1.  **Immediate Imaging:**
    *   **Plain X-rays (AP and Lateral) of the lumbosacral spine:** This is a good first step. We may see evidence of a lytic lesion, vertebral body height loss, or a pedicle being destroyed (the "winking owl" sign). However, x-rays can be normal until 30-50% of the bone mineral is lost.
    *   **MRI of the entire spine with and without contrast:** This is the gold standard and should be ordered emergently. It will definitively show metastatic lesions within the bone marrow, assess for any epidural disease causing spinal cord or nerve root compression, and evaluate the stability of the spinal column. We scan the entire spine because metastases are often multifocal.

2.  **Laboratory Studies:** I would order a CBC, CMP (to check calcium levels for hypercalcemia of malignancy), ESR, and CRP.

3.  **Consultation:** We must get **Medical Oncology** on board immediately. They will manage the systemic workup (staging with a PET/CT) and subsequent treatment. If there is evidence of cord compression, Neurosurgery or Orthopedic Spine (my service) will be prepared to intervene.

In summary, the patient's history of lung cancer combined with the non-mechanical nature of his back pain is highly suspicious for spinal metastatic disease. The most likely imaging finding, given the primary tumor, would be lytic lesions.

Respectfully,

Your Orthopedic Spine Surgery Consultant

[INFO] Step 3. Collaborative Decision Making
== Round 1 ==
[INFO] Participatory Debate
|_Turn 1
 Agent 1 (👩🏻‍⚕️ oncologist): 🤐
 Agent 2 (👨🏽‍⚕️ radiologist) -> Agent 1 (👩🏻‍⚕️ oncologist) : Dear Oncologist,

I am a radiologist presenting a case where a 56-year-old male with a history of successfully treated non-small cell lung cancer (NSCLC) has developed subacute back pain, characterized by a dull, constant ache that is worse at night. Physical exam reveals point tenderness in the lumbosacral area.

My assessment, based on the characteristic presentation of NSCLC and the red flag symptoms of nocturnal pain, leads me to strongly suspect **(C) Lytic lesions of the lumbar spine** as the most likely imaging finding. While his prior PET scan was negative, this does not exclude new metastatic disease. The insidious onset and nocturnal exacerbation of pain are highly suggestive of neoplastic involvement rather than benign mechanical causes.

I am seeking your expert opinion to confirm this suspicion and guide further management, particularly regarding the possibility of metastatic disease from his previous lung cancer.
 Agent 3 (👨🏻‍⚕️ orthopedic surgeon): 🤐

[INFO] Summary Table
+---------+-----------+-----------+---------+
|         |  Agent 1  |  Agent 2  | Agent 3 |
+---------+-----------+-----------+---------+
| Agent 1 |           | ✋ (1<-2) |         |
|         |           |           |         |
| Agent 2 | ✋ (2->1) |           |         |
|         |           |           |         |
| Agent 3 |           |           |         |
+---------+-----------+-----------+---------+

|_Turn 2
 Agent 1 (👩🏻‍⚕️ oncologist): 🤐
 Agent 2 (👨🏽‍⚕️ radiologist): 🤐
 Agent 3 (👨🏻‍⚕️ orthopedic surgeon): 🤐
 No agents chose to participate in this turn. End this turn.

[INFO] Moderator Consensus Check
 👨‍⚖️ Moderator consensus check: YES

[INFO] Consensus reached! Ending discussion.

[INFO] Step 4. Final Decision
👨‍⚖️  Moderator's final decision: {0.0: "**Final Answer:** (C) Lytic lesions of the lumbar spine.\n\n**Rationale:** The multidisciplinary team, including the oncologist, radiologist, and orthopedic surgeon, reached a consensus based on the patient's history of non-small cell lung cancer (NSCLC) and the presentation of subacute back pain that is worse at night. These factors strongly suggest the possibility of metastatic disease, which is commonly associated with lytic lesions in the lumbar spine. The team's reasoning highlighted the significance of the patient's cancer history, the nature of the pain, and the clinical red flags, leading to the conclusion that lytic lesions are the most likely imaging finding in this case. Other options were deemed less likely to explain the clinical picture."}

[INFO] API calls for this sample: 19

[INFO] Sample 11 completed successfully