[INFO] Processing sample 10

[INFO] Step 1. MDTs Recruitment

Group 1 - Initial Assessment Team (IAT)
  👨‍⚕️ Member 1 (Emergency Physician): Trauma and Emergency Medicine
  👨🏻‍⚕️ Member 2 (Trauma Surgeon): Surgical Critical Care
  👩🏼‍⚕️ Member 3 (Anesthesiologist): Acute Care Anesthesia

Group 2 - Imaging and Diagnosis Team (IDT)
  👨‍⚕️ Member 1 (Radiologist): Diagnostic Radiology
  👨🏻‍⚕️ Member 2 (Emergency Medicine Physician): Trauma Imaging
  👩🏼‍⚕️ Member 3 (Surgical Resident): Abdominal Imaging Expertise

Group 3 - Hemodynamics and Resuscitation Team (HRT)
  👨‍⚕️ Member 1 (Critical Care Physician): Adult Critical Care
  👨🏻‍⚕️ Member 2 (Trauma Surgeon): Surgical Resuscitation
  👩🏼‍⚕️ Member 3 (Emergency Nurse Practitioner): Advanced Practice Provider in Emergency Medicine

Group 4 - Pain Management and Support Team (PMST)
  👨‍⚕️ Member 1 (Pain Management Specialist): Pain Management in Acute Settings
  👨🏻‍⚕️ Member 2 (Emergency Department Nurse): Nurse in Acute Trauma Care
  👩🏼‍⚕️ Member 3 (Social Worker): Psychosocial Support in Trauma Care

Group 5 - Final Review and Decision Team (FRDT)
  👨‍⚕️ Member 1 (Trauma Surgeon): Surgical Decision Making
  👨🏻‍⚕️ Member 2 (Emergency Physician): Critical Care in Emergencies
  👩🏼‍⚕️ Member 3 (Anesthesiologist): Management of Anesthesia in Trauma Surgery

[INFO] Step 2. MDT Internal Discussions

Initial Assessment Report:
### Refined and Synthesized Report

**Patient Overview:**
A 26-year-old male presents with signs indicative of significant intra-abdominal hemorrhage and hypovolemic shock. His clinical condition is deteriorating despite ongoing fluid resuscitation efforts.

**Clinical Findings:**
- **Vital Signs:** The patient exhibits hypotension and tachycardia, suggesting inadequate perfusion and response to fluid therapy.
- **Physical Examination:** Notable findings include abdominal wall rigidity, involuntary guarding, and tenderness, which are indicative of potential intra-abdominal injury.
- **Imaging:** Ultrasound results confirm the presence of hemoperitoneum, reinforcing the suspicion of a severe abdominal injury.

**Assessment of Options:**
1. **Abdominal Plain Film (D):** Not suitable for immediate surgical decision-making due to limited diagnostic value in acute settings.
2. **CT Abdomen and Pelvis (B):** While useful for stable patients, the risk of delaying intervention in this unstable patient outweighs the benefits of obtaining a CT scan.
3. **Normal Saline Bolus and Re-evaluation (A):** Although fluid resuscitation is critical, the patient's ongoing instability indicates that further fluid alone is insufficient and may delay necessary surgical intervention.
4. **Morphine (C):** While pain management is important, it does not address the urgent need to control the source of hemorrhage.
5. **Exploratory Laparotomy (E):** This is the most appropriate next step, as it allows for immediate surgical intervention to identify and manage the source of internal bleeding.

**Conclusion:**
Given the patient's critical condition characterized by signs of intra-abdominal hemorrhage and hypovolemic shock, the most appropriate course of action is to proceed with an exploratory laparotomy. This intervention is essential to control the source of bleeding and stabilize the patient, as other options would either delay necessary treatment or fail to address the underlying issue. 

**Recommendation:**
Immediate surgical intervention via exploratory laparotomy is warranted to manage the patient's life-threatening condition effectively.

[Imaging and Diagnosis Team (IDT) Report]
### Refined and Synthesized Report

**Patient Summary:**
The patient is in a critical condition characterized by significant intra-abdominal hemorrhage and hypovolemic shock. Current vital signs indicate severe hypotension (BP 82/50 mmHg) and tachycardia (HR 180 bpm), which suggest inadequate perfusion and ongoing hemorrhage despite fluid resuscitation efforts.

**Key Findings:**
1. **Clinical Presentation:**
   - Signs of hypovolemic shock.
   - Persistent hypotension and tachycardia indicating a critical state.

2. **Imaging Results:**
   - Bedside ultrasound reveals hemoperitoneum, indicating the presence of blood in the abdominal cavity, which is suggestive of a serious intra-abdominal injury.

3. **Urgency for Intervention:**
   - The patient's condition necessitates immediate surgical evaluation to identify and control the source of bleeding.
   - Delaying surgical intervention for further imaging or additional fluid resuscitation could jeopardize the patient's life.

**Conclusion and Recommendations:**
Given the critical nature of the patient's condition, the most appropriate next step is to proceed with an **exploratory laparotomy**. This surgical intervention is essential to address the intra-abdominal hemorrhage, stabilize the patient, and prevent further deterioration. The urgency of the situation underscores the need for immediate action to control the source of bleeding and restore hemodynamic stability. 

In summary, the combination of clinical signs, imaging findings, and the need for rapid intervention strongly supports the decision for exploratory laparotomy as the best course of action for this patient.


[Hemodynamics and Resuscitation Team (HRT) Report]
### Refined and Synthesized Report

**Patient Overview:**
- **Age:** 26 years
- **Gender:** Male
- **Clinical Scenario:** Significant intra-abdominal hemorrhage due to a motor vehicle accident.

**Clinical Presentation:**
- **Signs of Hypovolemic Shock:** 
  - Hypotension
  - Tachycardia
- **Physical Examination Findings:**
  - Abdominal rigidity
  - Guarding

**Diagnostic Findings:**
- **Bedside Ultrasound:** Confirmed presence of hemoperitoneum, indicating significant intra-abdominal bleeding.

**Management Considerations:**
- The patient is exhibiting critical signs of instability, which necessitate immediate intervention.
- Previous attempts at IV fluid resuscitation have not stabilized the patient, indicating ongoing hemorrhage and the need for more definitive management.

**Recommended Intervention:**
- **Exploratory Laparotomy (E):** 
  - This surgical procedure is deemed the most appropriate next step due to the following reasons:
    - The presence of hypovolemic shock and abdominal signs strongly suggest intra-abdominal injury.
    - The urgency of the situation precludes further diagnostic imaging (e.g., CT scans) or conservative management strategies (e.g., additional fluid resuscitation).
    - Immediate surgical intervention is required to identify and control the source of the hemorrhage, which is critical for the patient's survival.

**Conclusion:**
In light of the patient's deteriorating condition and the confirmed diagnosis of significant intra-abdominal bleeding, an exploratory laparotomy is essential. This intervention will allow for direct assessment and management of the injuries, addressing the life-threatening nature of the patient's presentation effectively. Other options, such as pain management or imaging, would not provide the necessary immediate care and could further compromise the patient's stability.


[Pain Management and Support Team (PMST) Report]
### Refined and Synthesized Report

**Patient Overview:**
A 26-year-old male presents with critical signs indicative of significant intra-abdominal hemorrhage and hypovolemic shock. His clinical condition is deteriorating, characterized by hypotension, tachycardia, abdominal rigidity, involuntary guarding, and tenderness.

**Key Findings:**
1. **Clinical Signs:**
   - Hypotension and tachycardia suggest hypovolemic shock.
   - Abdominal rigidity and involuntary guarding indicate potential severe intra-abdominal injury.

2. **Diagnostic Imaging:**
   - Bedside ultrasound reveals hemoperitoneum, confirming the presence of blood in the abdominal cavity.

3. **Urgency of Intervention:**
   - The patient's deteriorating condition necessitates immediate surgical intervention.
   - Further imaging (e.g., CT scan) or additional fluid resuscitation would delay treatment and could worsen the patient's status.

**Recommended Intervention:**
- **Exploratory Laparotomy:** This surgical procedure is deemed the most appropriate next step to identify and control the source of hemorrhage, stabilize the patient, and prevent further deterioration.

### Conclusion:
Given the critical nature of the patient's condition, the immediate and decisive action of performing an exploratory laparotomy is essential. This intervention will address the intra-abdominal hemorrhage effectively and is crucial for the patient's survival and recovery.


FRDT Report:
### Refined and Synthesized Report

**Patient Overview:**
A 26-year-old male is presenting with signs of significant intra-abdominal hemorrhage and hypovolemic shock. His clinical condition is critical, necessitating immediate intervention.

**Clinical Assessment:**
- **Vital Signs:** The patient exhibits persistent hypotension (BP 82/50 mmHg) and tachycardia (HR 180 bpm), indicative of hypovolemic shock. These vital signs have not improved despite aggressive intravenous fluid resuscitation, suggesting ongoing blood loss.
- **Physical Examination:** The examination reveals abdominal wall rigidity, involuntary guarding, and tenderness, which are suggestive of a serious intra-abdominal injury.
- **Imaging Findings:** A bedside ultrasound has confirmed the presence of hemoperitoneum, indicating significant bleeding within the abdominal cavity.

**Decision-Making Rationale:**
1. **Critical Condition:** The patient's unstable hemodynamic status necessitates urgent intervention. The lack of response to fluid resuscitation points to a severe and possibly life-threatening condition.
2. **Need for Immediate Surgery:** Given the evidence of intra-abdominal bleeding and the patient's deteriorating condition, exploratory laparotomy is warranted. This surgical procedure is essential to identify and control the source of hemorrhage.
3. **Inappropriateness of Delayed Interventions:** Alternative options such as further imaging (e.g., CT scans) or additional fluid administration would not only delay necessary surgical intervention but could also exacerbate the patient's condition.

**Conclusion:**
In light of the critical assessment of the patient's clinical state, physical examination findings, and imaging results, the most appropriate and immediate next step is to perform an exploratory laparotomy. This intervention is crucial to address the urgent need for surgical control of the intra-abdominal hemorrhage and to stabilize the patient's condition.

[INFO] Step 3. Final Decision
👨‍⚖️  Decision Maker's final decision: {0.0: "Given the critical condition of the patient, characterized by significant intra-abdominal hemorrhage and hypovolemic shock, the best next step is (E) Exploratory laparotomy. \n\nThe patient's vital signs indicate severe hypotension and tachycardia, which suggest inadequate perfusion and ongoing hemorrhage despite fluid resuscitation. The physical examination findings of abdominal rigidity, involuntary guarding, and tenderness, along with the ultrasound confirming hemoperitoneum, strongly indicate a serious intra-abdominal injury that requires immediate surgical intervention.\n\nOther options, such as further imaging (CT scan), additional fluid resuscitation, or pain management, would not address the urgent need to control the source of bleeding and could delay necessary treatment, potentially jeopardizing the patient's life. Therefore, the most appropriate and immediate action is to proceed with an exploratory laparotomy."}

[INFO] API calls for this sample: 28

[INFO] Sample 10 completed successfully