[INFO] Processing sample 40

[INFO] Step 1. MDTs Recruitment

Group 1 - Initial Assessment Team (IAT)
  👨‍⚕️ Member 1 (Emergency Physician): Emergency Medicine
  👨🏻‍⚕️ Member 2 (Trauma Surgeon): Trauma Surgery
  👩🏼‍⚕️ Member 3 (Critical Care Specialist): Critical Care Medicine

Group 2 - Respiratory Evaluation Team (RET)
  👨‍⚕️ Member 1 (Pulmonologist): Pulmonary Medicine
  👨🏻‍⚕️ Member 2 (Radiologist): Thoracic Imaging
  👩🏼‍⚕️ Member 3 (Anesthesiologist): Airway Management

Group 3 - Surgical Intervention Team (SIT)
  👨‍⚕️ Member 1 (Trauma Surgeon): Trauma Surgery
  👨🏻‍⚕️ Member 2 (Cardiothoracic Surgeon): Cardiac and Thoracic Surgery
  👩🏼‍⚕️ Member 3 (Interventional Radiologist): Vascular Interventions

Group 4 - Internal Medicine and Monitoring Team (IMMT)
  👨‍⚕️ Member 1 (Internal Medicine Specialist): Internal Medicine
  👨🏻‍⚕️ Member 2 (Hematologist): Hematology
  👩🏼‍⚕️ Member 3 (Nephrologist): Renal Medicine

Group 5 - Final Review and Decision Team (FRDT)
  👨‍⚕️ Member 1 (Trauma Surgeon): Trauma Surgery
  👨🏻‍⚕️ Member 2 (Emergency Physician): Emergency Medicine
  👩🏼‍⚕️ Member 3 (Pulmonologist): Pulmonary Medicine

[INFO] Step 2. MDT Internal Discussions

Initial Assessment Report:
### Refined and Synthesized Report on the Case of Suspected Thoracic Aortic Rupture

#### Patient Profile:
- **Age**: 26 years
- **Incident**: High-speed motor vehicle collision
- **Role**: Restrained passenger

#### Clinical Assessment:
The patient presents with significant clinical signs and symptoms following a traumatic event, which necessitate immediate and thorough evaluation.

#### Key Findings:
1. **Mechanism of Injury**:
   - The nature of the high-speed collision suggests a high likelihood of severe thoracic injuries, particularly affecting the aorta.

2. **Clinical Signs**:
   - **Lethargy and incoherence**: These symptoms may indicate shock or hypoxia, raising concerns for critical internal injuries.
   - **Severe respiratory distress**: Notable diminished breath sounds and dullness to percussion on the left lung base suggest the presence of a hemothorax, which can accompany thoracic aortic injuries.

3. **Imaging Results**:
   - **Chest X-ray**: The presence of a widened mediastinum is a classic radiological sign associated with thoracic aortic rupture. Additional findings include:
     - Fractured second rib, which can be indicative of significant thoracic trauma.
     - Deviation of the nasogastric tube, which may suggest mediastinal shift or other thoracic abnormalities.

#### Differential Diagnosis Considerations:
- **Tension Pneumothorax**: Typically presents with tracheal deviation and hyperresonance, which are not observed in this case.
- **Cardiac Tamponade**: While it can cause respiratory distress, the absence of muffled heart sounds and jugular venous distension, along with the mediastinal findings, makes this less likely.
- **Diaphragmatic Rupture**: Although it could contribute to respiratory distress, the imaging findings align more closely with aortic injury.
- **Traumatic Bronchial Rupture**: This condition can lead to respiratory distress but does not typically present with a widened mediastinum to the extent seen here.

#### Conclusion:
Based on the comprehensive assessment of the clinical presentation, imaging findings, and mechanism of injury, the most likely diagnosis for this patient is **thoracic aortic rupture**. This condition is a critical and life-threatening injury that requires immediate surgical intervention. The clinical team should prioritize further imaging (such as CT angiography) to confirm the diagnosis and facilitate timely management. 

#### Recommendations:
- Immediate surgical consultation for potential repair of the thoracic aorta.
- Continuous monitoring of vital signs and respiratory status.
- Preparation for possible blood transfusion and resuscitation due to potential hemorrhagic shock.

This synthesized report underscores the urgency of the situation and the need for rapid intervention to address the suspected thoracic aortic rupture.

[Respiratory Evaluation Team (RET) Report]
### Refined and Synthesized Report on Thoracic Aortic Rupture

**Patient Overview:**
The patient has sustained significant trauma from a high-speed motor vehicle collision, leading to a clinical presentation that raises concern for serious thoracic injury.

**Diagnosis:**
The most likely diagnosis for this patient is **Thoracic Aortic Rupture**.

**Key Findings:**

1. **Mechanism of Injury:**
   - The nature of the injury (high-speed motor vehicle collision) is consistent with significant blunt force trauma, a common cause of thoracic aortic injuries.

2. **Clinical Presentation:**
   - The patient exhibits lethargy and incoherence, which may indicate shock or severe hypoxia.
   - Respiratory distress is noted, alongside physical examination findings of dullness to percussion and decreased breath sounds over the left lung base, suggesting the presence of a hemothorax.

3. **Imaging Results:**
   - Chest X-ray findings reveal a widened mediastinum, a classic indicator of thoracic aortic rupture.
   - Additional findings include a fractured left second rib and an abnormal position of the nasogastric tube, both of which further support the likelihood of mediastinal injury related to the thoracic aorta.

4. **Differential Diagnosis:**
   - **Tension Pneumothorax:** Typically presents with tracheal deviation and hyperresonance, neither of which are observed in this case.
   - **Cardiac Tamponade:** Would show signs such as jugular venous distension and muffled heart sounds, which are absent here.
   - **Diaphragmatic Rupture:** While it can cause respiratory distress, the imaging findings favor a diagnosis of aortic injury.
   - **Traumatic Bronchial Rupture:** Although possible, it does not typically present with a widened mediastinum.

**Conclusion:**
Given the combination of the mechanism of injury, clinical signs, and imaging results, thoracic aortic rupture is the most consistent diagnosis. This condition is life-threatening and requires immediate surgical intervention to prevent fatal outcomes. The clinical team should prioritize stabilization and prepare for urgent surgical management.


[Surgical Intervention Team (SIT) Report]
### Refined and Synthesized Report on Patient Diagnosis

**Patient Overview:**
The patient was involved in a high-speed motor vehicle collision, presenting with significant clinical signs indicative of severe internal injury. 

**Diagnosis:**
The most likely diagnosis for this patient is **Thoracic Aortic Rupture**.

**Key Findings:**

1. **Mechanism of Injury:**
   - The high-speed motor vehicle collision suggests a significant blunt trauma, which is a common cause of aortic injuries.

2. **Clinical Presentation:**
   - The patient displays lethargy, incoherence, and respiratory distress, which are critical indicators of shock and potential internal bleeding.
   - Physical examination reveals dullness to percussion and decreased breath sounds over the left lung base, suggesting possible hemothorax, frequently associated with thoracic aortic injuries.

3. **Imaging Results:**
   - Chest X-ray findings include a widened mediastinum, a hallmark sign of thoracic aortic rupture. 
   - Additional findings such as a fractured second rib and misalignment of the nasogastric tube further corroborate the presence of severe thoracic injury.

4. **Differential Diagnosis Considerations:**
   - While other conditions such as tension pneumothorax, cardiac tamponade, diaphragmatic rupture, and traumatic bronchial rupture were considered, they are less consistent with the combination of the patient's vital signs, imaging results, and the context of the trauma.

**Conclusion:**
Given the critical nature of the patient's condition, characterized by the mechanism of injury, clinical signs, and imaging findings, immediate surgical intervention is warranted to address the thoracic aortic rupture. This diagnosis is supported by the comprehensive analysis of the patient's presentation and the investigations conducted by the Surgical Intervention Team (SIT). Prompt action is essential to prevent potentially fatal outcomes associated with this injury.


[Internal Medicine and Monitoring Team (IMMT) Report]
### Refined and Synthesized Report

**Patient Overview:**
A 26-year-old woman was involved in a high-speed motor vehicle collision, presenting with significant clinical symptoms and imaging findings indicative of a critical thoracic injury.

**Diagnosis:**
The most likely diagnosis is **Thoracic Aortic Rupture**.

**Key Findings:**

1. **Mechanism of Injury:**
   - The nature of the accident (high-speed motor vehicle collision) suggests substantial blunt trauma, a common cause of thoracic aortic injuries.

2. **Clinical Presentation:**
   - The patient is lethargic and incoherent, which raises concerns for severe shock or hypoxia.
   - Notable respiratory distress is present, along with dullness to percussion and decreased breath sounds over the left lung base, indicating potential hemothorax, often associated with aortic injuries.

3. **Imaging Findings:**
   - **Chest X-ray**: Demonstrates a widened mediastinum, a classic indicator of thoracic aortic rupture.
   - Additional findings include a fractured left second rib and a nasogastric tube deviating to the right, both of which suggest significant mediastinal injury.

4. **Differential Diagnosis Considerations:**
   - **Tension Pneumothorax**: Typically characterized by tracheal deviation and hyperresonance, neither of which are observed in this case.
   - **Cardiac Tamponade**: Would present with muffled heart sounds and jugular venous distension, which are absent in this patient.
   - **Diaphragmatic Rupture**: While it can lead to respiratory distress, the imaging findings are more consistent with aortic injury.
   - **Traumatic Bronchial Rupture**: This condition can cause respiratory distress but does not typically present with the significant mediastinal widening observed.

**Conclusion:**
All clinical and imaging evidence strongly supports the diagnosis of thoracic aortic rupture. Given the critical nature of this condition, immediate surgical intervention is necessary to address the injury and prevent further complications. The multidisciplinary team should prioritize stabilization and preparation for surgical management.


FRDT Report:
### Refined and Synthesized Report on Patient Diagnosis

**Patient Overview:**
The patient has been involved in a high-speed motor vehicle collision, presenting with significant clinical symptoms and imaging findings that necessitate urgent evaluation.

**Diagnosis:**
The most likely diagnosis for this patient is **Thoracic Aortic Rupture**.

**Key Findings:**

1. **Mechanism of Injury:**
   - The patient experienced a high-speed motor vehicle collision, which is known to cause severe blunt force trauma. This type of injury is a common precursor to thoracic aortic injuries, especially in restrained passengers.

2. **Clinical Presentation:**
   - The patient exhibits critical signs including:
     - Lethargy and incoherence, indicating altered mental status.
     - Severe respiratory distress, characterized by dullness to percussion and decreased breath sounds over the left lung base.
     - Hypotension, with a pulse rate of 130 beats per minute and blood pressure recorded at 90/58 mm Hg, suggesting shock likely due to internal bleeding.

3. **Imaging Results:**
   - Chest X-ray findings reveal:
     - Widened mediastinum, a classic sign associated with thoracic aortic rupture.
     - Presence of a fractured rib, which may contribute to the overall injury.
     - Deviation of the nasogastric tube, indicating a mediastinal shift, further supporting the diagnosis of aortic injury.

**Exclusion of Differential Diagnoses:**
- **Tension Pneumothorax:** Typically presents with tracheal deviation and hyperresonance, neither of which are observed in this case.
- **Cardiac Tamponade:** Would show muffled heart sounds and jugular venous distension, both absent in this patient.
- **Diaphragmatic Rupture:** While it can cause respiratory distress, the imaging findings are more consistent with aortic injury.
- **Traumatic Bronchial Rupture:** This condition can lead to respiratory distress but does not typically present with significant mediastinal widening.

**Conclusion:**
The combination of the mechanism of injury, clinical signs of shock and respiratory distress, and the specific imaging findings strongly indicate a thoracic aortic rupture. Given the critical nature of this condition, immediate surgical intervention is essential to address the life-threatening injury and prevent further complications. 

**Recommendations:**
- Urgent surgical evaluation and intervention are warranted.
- Continuous monitoring of vital signs and supportive care should be initiated to stabilize the patient prior to surgery. 

This synthesized report encapsulates the critical aspects of the patient's condition and the rationale behind the diagnosis, ensuring clarity for the medical team involved in the patient's care.

[INFO] Step 3. Final Decision
👨‍⚖️  Decision Maker's final decision: {0.0: "The most likely diagnosis for the patient, based on the provided clinical presentation, imaging findings, and mechanism of injury, is **(C) Thoracic aortic rupture**.\n\n### Rationale:\n1. **Mechanism of Injury**: The patient was involved in a high-speed motor vehicle collision, which is a common cause of thoracic aortic injuries due to the significant blunt force trauma involved.\n\n2. **Clinical Presentation**:\n   - The patient is lethargic and incoherent, indicating possible shock or severe hypoxia.\n   - Severe respiratory distress is noted, with dullness to percussion and decreased breath sounds over the left lung base, suggesting the presence of a hemothorax, which can accompany thoracic aortic injuries.\n\n3. **Imaging Findings**:\n   - The chest X-ray shows a widened mediastinum, which is a classic sign of thoracic aortic rupture.\n   - Additional findings include a fractured left second rib and deviation of the nasogastric tube, both of which support the likelihood of significant mediastinal injury related to the thoracic aorta.\n\n4. **Exclusion of Other Diagnoses**:\n   - **Tension Pneumothorax**: Typically presents with tracheal deviation and hyperresonance, which are not observed in this case.\n   - **Cardiac Tamponade**: Would show signs such as jugular venous distension and muffled heart sounds, which are absent here.\n   - **Diaphragmatic Rupture**: While it can cause respiratory distress, the imaging findings align more closely with aortic injury.\n   - **Traumatic Bronchial Rupture**: This condition can lead to respiratory distress but does not typically present with the significant mediastinal widening observed.\n\n### Conclusion:\nGiven the critical nature of the patient's condition, characterized by the mechanism of injury, clinical signs, and imaging findings, immediate surgical intervention is warranted to address the thoracic aortic rupture."}

[INFO] API calls for this sample: 28

[INFO] Sample 40 completed successfully