[INFO] Processing sample 28

[INFO] Step 1. MDTs Recruitment

Group 1 - Initial Assessment Team (IAT)
  👨‍⚕️ Member 1 (Attending Physician): Emergency Medicine
  👨🏻‍⚕️ Member 2 (Critical Care Physician): Pulmonology
  👩🏼‍⚕️ Member 3 (Anesthesiologist): Perioperative Medicine

Group 2 - Respiratory Management Team (RMT)
  👨‍⚕️ Member 1 (Respiratory Therapist): Respiratory Care
  👨🏻‍⚕️ Member 2 (Pulmonologist): Critical Care Medicine
  👩🏼‍⚕️ Member 3 (Nurse Practitioner): Acute Care

Group 3 - Cardiovascular Review Team (CRT)
  👨‍⚕️ Member 1 (Cardiologist): Cardiology
  👨🏻‍⚕️ Member 2 (Cardiac Nurse Specialist): Cardiovascular Nursing
  👩🏼‍⚕️ Member 3 (Pharmacist): Cardiovascular Pharmacotherapy

Group 4 - Neurological Evaluation Team (NET)
  👨‍⚕️ Member 1 (Neurologist): Neurology
  👨🏻‍⚕️ Member 2 (Stroke Specialist): Neurocritical Care
  👩🏼‍⚕️ Member 3 (Neuropsychologist): Cognitive Health

Group 5 - Final Review and Decision Team (FRDT)
  👨‍⚕️ Member 1 (Chief of Medicine): Internal Medicine
  👨🏻‍⚕️ Member 2 (Surgical Consultant): General Surgery
  👩🏼‍⚕️ Member 3 (Hospital Administrator): Health Systems Management

[INFO] Step 2. MDT Internal Discussions

Initial Assessment Report:
### Refined and Synthesized Report

**Patient Profile:**
- **Age:** 74 years
- **Clinical Condition:** Unresponsive post-extubation with severe hypoxemia (O2 saturation at 73%).

**Clinical Findings:**
- **Oxygenation Status:** The patient is on a non-rebreather mask delivering 100% FiO2, yet oxygen saturation remains critically low at 73%.
- **Mental Status:** The patient is unresponsive, indicating a potential deterioration in respiratory function or other underlying complications.
- **Arterial Blood Gas (ABG) Analysis:** Shows mild respiratory acidosis (pH 7.32) and low partial pressure of oxygen (73 mm Hg).

**Management Considerations:**
1. **Severe Hypoxemia:** The patient's inability to maintain adequate oxygenation despite maximal non-invasive support necessitates urgent intervention.
2. **Altered Mental Status:** Unresponsiveness raises concerns about airway protection and the risk of aspiration, further complicating the clinical picture.
3. **Need for Controlled Ventilation:** Given the patient's critical state, reintubation is essential to provide controlled ventilation and secure the airway.

**Recommended Intervention:**
- **Reintubation (Option C):** This is the most appropriate and immediate step to ensure airway protection and adequate ventilation. It addresses both the severe hypoxemia and the risk associated with the patient's unresponsiveness.

**Rationale Against Other Options:**
- **Continue Non-Rebreather Mask (Option B):** This has already failed to improve oxygenation and is inadequate for the patient's critical condition.
- **Close Observation Only (Option D):** This is inappropriate given the severity of the patient's hypoxemia and altered mental status, which could lead to further deterioration.
- **Start BiPAP (Option E):** While BiPAP may be useful in some respiratory distress cases, it is not suitable here due to the patient's unresponsiveness and severe hypoxemia.
- **Perform Tracheostomy (Option A):** This is not indicated as a first-line intervention in an acute setting for airway compromise.

### Conclusion:
In summary, the patient requires immediate reintubation to secure the airway and provide controlled ventilation due to severe hypoxemia and altered mental status. This intervention is critical to prevent further deterioration and to facilitate the identification and treatment of the underlying cause of the patient's condition.

[Respiratory Management Team (RMT) Report]
### Refined and Synthesized Report on Patient Management Post-Extubation

**Patient Overview:**
The patient has become unresponsive following extubation and is experiencing severe hypoxemia, with an oxygen saturation level recorded at 73%. The patient is also exhibiting signs of respiratory distress, necessitating immediate intervention.

**Clinical Findings:**
1. **Severe Hypoxemia**: The patient’s oxygen saturation of 73% while on a non-rebreather mask (delivering 100% FiO2) indicates a critical failure to maintain adequate oxygenation.
2. **Altered Mental Status**: The patient's unresponsiveness raises concerns regarding airway protection and the risk of aspiration, necessitating urgent airway management.
3. **Arterial Blood Gas (ABG) Analysis**: The ABG results show a pH of 7.32, indicating mild respiratory acidosis, alongside low partial pressure of oxygen (PaO2). These findings suggest that the patient is unable to achieve adequate ventilation and oxygenation through non-invasive means.

**Management Recommendations:**
The Respiratory Management Team (RMT) has unanimously recommended **reintubation** as the most appropriate course of action for the following reasons:

- **Immediate Airway Security**: Reintubation will secure the airway, preventing potential aspiration and ensuring adequate ventilation.
- **Inadequate Response to Non-Invasive Support**: The failure of the non-rebreather mask to improve oxygenation underscores the need for more invasive intervention.
- **Risk of Deterioration**: Given the patient's altered mental status and severe hypoxemia, any delay in securing the airway could lead to respiratory arrest or further clinical deterioration.

**Rationale Against Alternative Options:**
- **Continuation of Non-Rebreather Mask**: This option is ineffective as evidenced by the patient's current hypoxemia.
- **Close Observation**: This approach is inappropriate given the critical nature of the patient's condition, which requires immediate intervention rather than passive monitoring.
- **BiPAP Initiation**: While BiPAP can be useful in certain respiratory distress scenarios, it is contraindicated here due to the patient's unresponsiveness and risk of airway obstruction.
- **Tracheostomy**: This invasive procedure is not warranted at this stage of acute respiratory failure, especially when reintubation can effectively manage the situation.

### Conclusion:
In light of the clinical evidence and the urgency of the patient's condition, reintubation is the most appropriate and immediate intervention. This decision is supported by the need to secure the airway, provide adequate ventilation, and prevent further complications associated with severe hypoxemia and altered mental status. The RMT strongly advocates for prompt reintubation to stabilize the patient’s respiratory function.


[Cardiovascular Review Team (CRT) Report]
### Refined and Synthesized Report

**Patient Overview:**
The patient presents with severe hypoxemia, unresponsiveness, and inadequate oxygenation despite receiving 100% FiO2 via a non-rebreather mask. The intravenous blood gas analysis reveals mild respiratory acidosis and critically low oxygen levels, indicating a life-threatening condition.

**Key Findings:**
1. **Severe Hypoxemia:** The patient's oxygen saturation is critically low at 73%, which is indicative of significant respiratory failure.
2. **Altered Mental Status:** The patient is unresponsive, raising concerns about airway protection and the risk of respiratory compromise.
3. **Ineffectiveness of Non-Invasive Support:** The non-rebreather mask has failed to improve the patient's oxygenation, suggesting that non-invasive methods are insufficient in this scenario.

**Management Recommendations:**
Given the critical state of the patient, the most appropriate and immediate management step is to **reintubate**. This decision is based on the following rationale:

- **Airway Protection:** The patient's unresponsiveness necessitates securing the airway to prevent aspiration and ensure adequate ventilation.
- **Controlled Ventilation:** Reintubation allows for controlled mechanical ventilation, which is essential in managing severe respiratory failure.
- **Inadequate Non-Invasive Support:** Other management options, such as close observation, continuation of non-rebreather mask therapy, initiation of BiPAP, or tracheostomy, are deemed ineffective or inappropriate given the severity of the patient's condition.

**Conclusion:**
In summary, the patient's severe hypoxemia and altered mental status warrant immediate reintubation to secure the airway and provide necessary respiratory support. This intervention is critical to prevent further deterioration and to stabilize the patient's condition effectively.


[Neurological Evaluation Team (NET) Report]
### Refined and Synthesized Report

**Patient Management Summary: Neurological Evaluation Team (NET)**

**Clinical Scenario Overview:**
The patient presents with altered mental status and severe hypoxemia following extubation. The clinical findings necessitate immediate intervention to secure the airway and restore adequate oxygenation.

**Key Findings:**
1. **Altered Mental Status**: The patient is unresponsive, raising concerns for airway compromise or respiratory failure.
2. **Severe Hypoxemia**: Oxygen saturation is critically low at 73% despite the use of a non-rebreather mask delivering 100% FiO2, indicating that non-invasive oxygenation strategies are ineffective.
3. **Arterial Blood Gas (ABG) Analysis**: The ABG results reveal a pH of 7.32, indicative of mild respiratory acidosis, alongside low partial pressure of oxygen (PaO2), confirming the patient's inability to maintain adequate oxygenation and ventilation independently.

**Recommended Management Step:**
- **Reintubate (Option C)**: Given the patient's critical condition characterized by severe hypoxemia and altered mental status, reintubation is the most appropriate and immediate management step. This intervention is essential to secure the airway, ensure controlled ventilation, and prevent potential complications such as aspiration or respiratory arrest.

**Rationale Against Alternative Options:**
- **Close Observation Only (Option D)**: This approach is inadequate due to the patient's critical state requiring immediate intervention.
- **Continue Using the Non-Rebreather Mask (Option B)**: This method has proven ineffective in improving the patient's oxygenation status.
- **Start BiPAP (Option E)**: This is contraindicated due to the patient's unresponsiveness, which poses a risk for airway obstruction.
- **Perform Tracheostomy (Option A)**: While a tracheostomy may be considered for prolonged ventilatory support, it is not suitable as a primary intervention in this acute scenario.

**Conclusion:**
The urgency of the patient's condition necessitates reintubation to secure the airway and provide adequate ventilation. This intervention is critical to prevent further deterioration and manage the severe hypoxemia effectively. Immediate action is required to ensure the patient's safety and optimize outcomes.


FRDT Report:
### Refined and Synthesized Report

**Patient Overview:**
The patient presents with critical respiratory distress characterized by severe hypoxemia (oxygen saturation at 73%) and altered mental status (unresponsive). The clinical scenario necessitates immediate intervention to secure the airway and improve oxygenation.

**Key Findings:**
1. **Severe Hypoxemia**: The patient's oxygen saturation is critically low despite the use of a non-rebreather mask, indicating inadequate oxygenation.
2. **Altered Mental Status**: The patient is unresponsive, raising concerns about airway protection and the risk of respiratory failure or aspiration.
3. **Inadequate Response to Non-Invasive Support**: The failure of the non-rebreather mask to improve oxygenation suggests that non-invasive measures are insufficient.
4. **Arterial Blood Gas (ABG) Analysis**: The ABG results show mild respiratory acidosis (pH 7.32) and low oxygen levels (PO2 at 73 mm Hg), indicating that the patient is unable to maintain adequate ventilation.

**Recommendations:**
Based on the critical condition of the patient and the findings from multiple medical teams, the consensus is to proceed with reintubation. This intervention is deemed necessary for the following reasons:

- **Airway Security**: Reintubation will ensure that the airway is protected, which is crucial given the patient's unresponsive state.
- **Controlled Ventilation**: It allows for controlled ventilation, which is essential to manage the patient's respiratory acidosis and improve oxygenation.
- **Prevention of Deterioration**: Immediate reintubation is vital to prevent further deterioration of the patient's condition, as alternative options (such as continued non-invasive support or observation) are inadequate in this acute scenario.

**Conclusion:**
The most appropriate next step in the management of this patient is **reintubation**. This decision is supported by the critical nature of the patient's hypoxemia, altered mental status, and the failure of non-invasive measures to provide adequate respiratory support. Reintubation will facilitate necessary interventions to stabilize the patient and optimize their respiratory function.

[INFO] Step 3. Final Decision
👨‍⚖️  Decision Maker's final decision: {0.0: "The best next step in the management of this patient is **(C) Reintubate**.\n\n### Rationale:\n1. **Severe Hypoxemia**: The patient is experiencing critical hypoxemia with an oxygen saturation of 73% despite being on a non-rebreather mask delivering 100% FiO2. This indicates that non-invasive measures are insufficient to maintain adequate oxygenation.\n\n2. **Altered Mental Status**: The patient is unresponsive, which raises significant concerns regarding airway protection and the risk of aspiration. This unresponsiveness necessitates immediate intervention to secure the airway.\n\n3. **Inadequate Response to Non-Invasive Support**: The failure of the non-rebreather mask to improve oxygenation within a short time frame further supports the need for a more invasive approach.\n\n4. **Arterial Blood Gas (ABG) Analysis**: The ABG results show mild respiratory acidosis (pH 7.32) and low partial pressure of oxygen (PO2 at 73 mm Hg), indicating that the patient is unable to maintain adequate ventilation and oxygenation independently.\n\n### Conclusion:\nGiven the critical nature of the patient's condition, including severe hypoxemia and altered mental status, reintubation is the most appropriate and immediate intervention. This will secure the airway, provide controlled ventilation, and prevent further deterioration of the patient's respiratory status. Other options, such as close observation, continuation of non-invasive support, or starting BiPAP, are inadequate in this acute scenario. A tracheostomy is not indicated as a first-line intervention in this acute setting."}

[INFO] API calls for this sample: 28

[INFO] Sample 28 completed successfully