[INFO] Processing sample 2

[INFO] Step 1. MDTs Recruitment

Group 1 - Initial Assessment Team (IAT)
  👨‍⚕️ Member 1 (Medical Oncologist): Oncology expertise, particularly in vaginal malignancies
  👨🏻‍⚕️ Member 2 (Gynecologist): Specializes in female reproductive health and gynecological tumors
  👩🏼‍⚕️ Member 3 (Pathologist): Expert in histopathology and diagnosis of malignant tumors

Group 2 - Diagnostic Imaging Team (DIT)
  👨‍⚕️ Member 1 (Radiologist): Expertise in imaging modalities for detecting pelvic masses
  👨🏻‍⚕️ Member 2 (Sonographer): Specializes in ultrasound imaging for gynecological assessments
  👩🏼‍⚕️ Member 3 (Nuclear Medicine Specialist): Involved in advanced imaging techniques like PET scans for tumor evaluation

Group 3 - Surgical Evaluation Team (SET)
  👨‍⚕️ Member 1 (Surgical Oncologist): Specializes in surgical management of gynecological cancers
  👨🏻‍⚕️ Member 2 (Gynecologic Surgeon): Focuses on minimally invasive techniques for vaginal masses
  👩🏼‍⚕️ Member 3 (Urologist): Expertise in cases where the tumor may impact urinary function or structures

Group 4 - Genetic Counseling Team (GCT)
  👨‍⚕️ Member 1 (Genetic Counselor): Expert in hereditary cancer syndromes and risk assessment
  👨🏻‍⚕️ Member 2 (Medical Geneticist): Involved in genetic evaluations and testing strategies for inherited cancer risks
  👩🏼‍⚕️ Member 3 (Psychologist): Provides support for the patient’s psychological well-being during genetic assessments and implications of findings

Group 5 - Final Review and Decision Team (FRDT)
  👨‍⚕️ Member 1 (Gynecologic Oncologist): Expertise in comprehensive care of gynecological cancers
  👨🏻‍⚕️ Member 2 (Medical Oncologist): Provides input on systemic treatment options and chemotherapy considerations
  👩🏼‍⚕️ Member 3 (Palliative Care Specialist): Guides discussions on quality of life and symptom management in advanced disease contexts

[INFO] Step 2. MDT Internal Discussions

Initial Assessment Report:
### Refined and Synthesized Report

#### Patient Overview
The patient presents with a clinical history of diethylstilbestrol (DES) exposure during gestation, which is a significant risk factor for certain types of malignancies. The patient is experiencing postcoital bleeding and has been found to have a polypoid mass in the vagina.

#### Key Findings
1. **History of DES Exposure**: DES is a synthetic estrogen that was prescribed to pregnant women from the 1940s to the 1970s to prevent pregnancy complications. However, it has been linked to various reproductive tract abnormalities and malignancies in the offspring.
  
2. **Clinical Symptoms**: The patient reports postcoital bleeding, which is a concerning symptom that warrants further investigation for potential malignancy.

3. **Vaginal Mass**: The presence of a polypoid mass in the vagina raises suspicion for neoplastic processes, particularly in the context of the patient's history.

#### Differential Diagnosis
The initial assessment team has considered several potential malignancies based on the patient's presentation:
- **Clear Cell Adenocarcinoma**: This is the most likely diagnosis given the patient's history of DES exposure. Clear cell adenocarcinoma is known to arise in the vaginal and cervical regions of women exposed to DES in utero and is characterized by specific histopathological features.
  
- **Other Tumors Considered**:
  - **Squamous Cell Carcinoma**: Less likely due to the specific context of DES exposure.
  - **Verrucous Carcinoma**: Also less likely given the clinical presentation.
  - **Botryoid Sarcoma**: Rare and not typically associated with DES exposure.
  - **Melanoma**: Unlikely in this context.

#### Conclusion
Based on the clinical presentation, history of DES exposure, and the findings of postcoital bleeding along with a polypoid mass, the most probable diagnosis for this patient is **Clear Cell Adenocarcinoma**. This diagnosis aligns with established medical literature regarding the effects of DES and the types of malignancies that can arise in individuals exposed to this compound in utero.

#### Recommendations
- **Further Investigations**: It is crucial to conduct further diagnostic imaging and possibly a biopsy of the vaginal mass to confirm the diagnosis.
- **Multidisciplinary Approach**: Involvement of oncology, gynecology, and pathology specialists will be essential for comprehensive management and treatment planning.
- **Patient Counseling**: The patient should be informed about the implications of the diagnosis, potential treatment options, and the importance of follow-up care.

This synthesized report aims to provide a clear understanding of the patient's condition and the rationale behind the proposed diagnosis, facilitating informed decision-making for further management.

[Diagnostic Imaging Team (DIT) Report]
### Refined and Synthesized Report

#### Patient Overview
The patient has a notable history of in utero exposure to diethylstilbestrol (DES), a synthetic estrogen previously prescribed to prevent pregnancy complications. This exposure is linked to various reproductive health issues, including an increased risk of certain malignancies.

#### Clinical Presentation
The patient presents with:
- **Postcoital bleeding**: This symptom raises concern for potential malignancy or other significant pathology within the reproductive tract.
- **Polypoid mass**: A mass located in the anterior wall of the vagina has been identified, which is a critical finding that necessitates further investigation.

#### Diagnostic Considerations
Given the patient's history and clinical symptoms, the Diagnostic Imaging Team (DIT) has evaluated the situation and provided insights into the most likely diagnosis. The key points from their analysis include:

1. **Association with DES**: Clear cell adenocarcinoma is a well-documented consequence of DES exposure, particularly in women who were exposed in utero. This type of cancer is known to develop in the vaginal and cervical regions.
  
2. **Clinical Correlation**: The combination of postcoital bleeding and the presence of a polypoid mass aligns with the typical presentation of clear cell adenocarcinoma, reinforcing the likelihood of this diagnosis.

#### Conclusion
Based on the comprehensive evaluation of the patient's history, symptoms, and the findings from the Diagnostic Imaging Team, the most probable diagnosis is **clear cell adenocarcinoma**. This malignancy is particularly relevant given the patient's DES exposure history, and it necessitates prompt further investigation and management.

#### Recommendations
- **Further Imaging**: Consider advanced imaging studies (e.g., MRI or CT scan) to assess the extent of the mass and any potential metastasis.
- **Biopsy**: A tissue biopsy of the polypoid mass is essential for definitive diagnosis and to guide treatment options.
- **Multidisciplinary Approach**: Involve oncology, gynecology, and pathology teams for comprehensive management and treatment planning.

This synthesized report aims to provide a clear understanding of the patient's condition and the necessary steps for further evaluation and management.


[Surgical Evaluation Team (SET) Report]
### Refined and Synthesized Report

**Patient Overview:**
The patient presents with a concerning clinical profile characterized by postcoital vaginal bleeding and a polypoid mass located in the anterior wall of the vagina. Notably, the patient has a significant history of maternal exposure to Diethylstilbestrol (DES) during pregnancy, which is a critical factor in the assessment of her condition.

**Key Findings:**

1. **History of DES Exposure**: The maternal use of DES is a well-documented risk factor for the development of clear cell adenocarcinoma, particularly in the vaginal and cervical regions. This historical context is pivotal in guiding the diagnostic process.

2. **Clinical Symptoms**: The symptoms presented—postcoital bleeding and the presence of a vaginal mass—are alarming indicators that warrant further investigation for malignancy. These symptoms, in conjunction with the patient's DES exposure history, strongly suggest a specific malignancy.

3. **Pathological Evidence**: Biopsy results confirming the presence of malignant cells further substantiate the suspicion of a malignancy. The pathology findings align with the expected characteristics of clear cell adenocarcinoma, which is notably associated with DES exposure.

**Diagnosis:**
Based on the comprehensive evaluation of the patient's history, clinical symptoms, and pathological findings, the most likely diagnosis is **Clear Cell Adenocarcinoma**. This diagnosis is favored over other potential malignancies such as squamous cell carcinoma, verrucous carcinoma, botryoid sarcoma, or melanoma, due to the specific risk factors and clinical presentation.

### Conclusion:
In summary, the combination of the patient's DES exposure history, the alarming clinical symptoms, and the biopsy results collectively point towards clear cell adenocarcinoma as the most probable diagnosis. This case underscores the importance of considering historical exposure factors in the evaluation of gynecological malignancies. Further management should be guided by this diagnosis, with appropriate oncological referral and treatment planning.


[Genetic Counseling Team (GCT) Report]
### Refined and Synthesized Report

**Patient Overview:**
The patient in question has a significant medical history, particularly a known exposure to Diethylstilbestrol (DES) in utero. This exposure is critical in evaluating her current health status and potential malignancies.

**Clinical Findings:**
1. **Symptoms**: The patient presents with postcoital vaginal bleeding and a polypoid mass located in the anterior wall of the vagina. These symptoms are alarming and warrant further investigation for malignancy.
   
2. **Pathological Evidence**: Tissue samples taken from the mass have confirmed the presence of malignant cells, which is a crucial finding in establishing a diagnosis.

**Key Analysis:**
- **Malignant Tumor Identification**: The most likely diagnosis for this patient is **Clear Cell Adenocarcinoma**. This conclusion is drawn from several interrelated factors:
  - **DES Exposure**: There is a well-documented association between in utero DES exposure and the development of clear cell adenocarcinoma, particularly in the vaginal and cervical regions. This historical context significantly raises the suspicion for this specific malignancy.
  - **Symptomatology**: The combination of postcoital bleeding and the presence of a mass is particularly concerning for malignancy, aligning with the clinical presentation typically seen in cases of clear cell adenocarcinoma.
  - **Pathological Confirmation**: The identification of malignant cells in the tissue samples corroborates the suspicion of clear cell adenocarcinoma, reinforcing the diagnosis.

**Differential Diagnosis Consideration**: Other malignancies such as squamous cell carcinoma, verrucous carcinoma, botryoid sarcoma, and melanoma were considered but deemed less likely due to the specific clinical context and the established link between DES exposure and clear cell adenocarcinoma.

**Conclusion**: 
Given the patient's history of DES exposure, the presenting symptoms, and the pathological findings, the diagnosis of **Clear Cell Adenocarcinoma** is strongly supported. This diagnosis necessitates prompt and appropriate management to address the malignancy effectively. Further interdisciplinary collaboration may be required to develop a comprehensive treatment plan tailored to the patient's needs.


FRDT Report:
### Refined and Synthesized Report

**Patient Overview:**
The patient has a significant history of maternal exposure to Diethylstilbestrol (DES), a synthetic estrogen previously prescribed to prevent pregnancy complications. This exposure is critically linked to the development of certain malignancies, particularly clear cell adenocarcinoma, which is the focus of this analysis.

**Clinical Presentation:**
The patient exhibits concerning symptoms, including:
- Postcoital vaginal bleeding
- Intermenstrual watery, blood-tinged discharge

These symptoms are indicative of potential malignancy, especially in the context of the patient's known risk factors.

**Pathological Findings:**
A tissue biopsy has confirmed the presence of malignant cells, which aligns with the clinical suspicion of a neoplastic process. The histopathological characteristics of clear cell adenocarcinoma are consistent with the findings observed in the biopsy.

**Differential Diagnosis Considerations:**
1. **Clear Cell Adenocarcinoma**: Strongly supported by the patient's DES exposure, clinical symptoms, and biopsy results.
2. **Verrucous Carcinoma**: Typically presents with wart-like growths and is not associated with DES exposure, making it an unlikely diagnosis.
3. **Botryoid Sarcoma**: A rare variant of embryonal rhabdomyosarcoma, not relevant in this context.
4. **Squamous Cell Carcinoma (SCC)**: Less likely due to the specific risk factors and clinical history.
5. **Melanoma**: Unlikely given the clinical context and presentation.

**Conclusion:**
Based on the comprehensive evaluation of the patient's clinical history, symptoms, and pathological findings, the most likely diagnosis is **Clear Cell Adenocarcinoma**. This conclusion is supported by the established link between DES exposure and the development of this malignancy, as well as the specific clinical manifestations presented by the patient. 

**Recommendation:**
Further management should include oncological consultation for staging, treatment planning, and potential surgical intervention, considering the aggressive nature of clear cell adenocarcinoma and the importance of timely intervention. Regular follow-up and monitoring for recurrence should also be established as part of the patient's ongoing care.

[INFO] Step 3. Final Decision
👨‍⚖️  Decision Maker's final decision: {0.0: "Based on the comprehensive evaluation of the patient's clinical history, symptoms, and pathological findings, the most likely malignant tumor in this patient is **(A) Clear cell adenocarcinoma**. \n\nThis conclusion is supported by the following key points:\n\n1. **History of DES Exposure**: The patient has a significant history of maternal exposure to diethylstilbestrol (DES), which is strongly associated with the development of clear cell adenocarcinoma, particularly in women exposed in utero.\n\n2. **Clinical Symptoms**: The patient presents with postcoital vaginal bleeding and intermenstrual watery, blood-tinged discharge, which are concerning symptoms indicative of potential malignancy.\n\n3. **Pathological Findings**: The biopsy results confirmed the presence of malignant cells, aligning with the characteristics of clear cell adenocarcinoma.\n\nOther options such as verrucous carcinoma, botryoid sarcoma, squamous cell carcinoma, and melanoma were considered but are less likely given the specific context of DES exposure and the clinical presentation.\n\nTherefore, the most appropriate answer is **(A) Clear cell adenocarcinoma**."}

[INFO] API calls for this sample: 28

[INFO] Sample 2 completed successfully