[INFO] Processing sample 49

[INFO] Step 1. Expert Recruitment
Agent 1 (👨‍⚕️ Endocrinologist): Specializes in the management of diabetes and hormonal disorders.
Agent 2 (🧑🏽‍⚕️ Diabetes Educator): Focuses on education and management strategies for patients with diabetes, particularly type 1 diabetes.
Agent 3 (🧑‍⚕️ Clinical Psychologist): Specializes in addressing the psychological aspects of chronic illness management, including stress, anxiety, and related symptoms in patients with diabetes.

[INFO] Hierarchy Selection
                     moderator (👨‍⚖️)                                                       
            ┌────────────────┴────────────────┬───────────────────────────────┐             
  Endocrinologist (👨‍⚕️)         Clinical Psychologist (🧑‍⚕️)     Diabetes Educator (🧑🏽‍⚕️) 


[INFO] Step 2. Initial Opinions
 Agent 1 (👨‍⚕️ endocrinologist) : This patient with type 1 diabetes mellitus appears to be experiencing symptoms consistent with hypoglycemia during the night, causing him to wake up with excessive sweating, hand tremors, and weakness. The frequent episodes suggest that he may be having nocturnal hypoglycemia, which could explain his high morning blood glucose levels due to the counter-regulatory response elicited by the body in reaction to low blood sugar levels during the night.

Given these details, the optimal intervention would be:

**(E) Reducing daily insulin dose.**

Reducing the insulin dose can help mitigate the risk of nocturnal hypoglycemia and consequently decrease the symptoms he is experiencing while also aiding in the stabilization of his blood glucose levels. It is important to assess his insulin regimen and potentially adjust it to prevent further episodes of hypoglycemia and to manage his overall diabetes control more effectively. 

Other options, such as increasing the insulin dose (D), reassurance (A), adding diazepam (B), or adding pramlintide (C), would not adequately address the issue of nocturnal hypoglycemia and could further complicate his diabetes management.
 Agent 2 (🧑🏽‍⚕️ diabetes educator) : The patient's symptoms of waking up at night with excessive sweating, hand tremors, and weakness are classic signs of hypoglycemia (low blood sugar). The fact that his morning blood glucose readings are repeatedly high after these episodes suggests a phenomenon called the Somogyi effect, which is a rebound hyperglycemia that occurs after an untreated hypoglycemic episode during sleep. The body releases counterregulatory hormones like glucagon and cortisol in response to low blood sugar, which can lead to an overcorrection and elevated blood glucose levels.

Here's why the other options are not optimal:

*   **Reassurance (A):** While empathy is important, reassurance alone does not address the underlying physiological cause of his symptoms and repeated high morning glucose.
*   **Adding diazepam (B):** Benzodiazepines like diazepam are not a standard treatment for nocturnal hypoglycemia or the Somogyi effect. They can cause sedation and have other side effects.
*   **Adding pramlintide (C):** Pramlintide is an adjunct therapy for type 1 diabetes that helps with postprandial glucose control and can reduce mealtime insulin doses. However, it's not directly indicated for treating nocturnal hypoglycemia or the Somogyi effect. In fact, adding it might even increase the risk of hypoglycemia if not managed carefully.
*   **Increasing daily insulin dose (D):** This would worsen the problem. If the patient is experiencing hypoglycemia at night, it means his current insulin regimen is too aggressive, leading to the rebound hyperglycemia. Increasing the dose would exacerbate the nighttime lows and the subsequent highs.

**Therefore, reducing the daily insulin dose (E) is the most appropriate intervention.** By reducing the total amount of insulin administered, especially the long-acting or evening dose, the likelihood of a hypoglycemic event during sleep will be decreased, thus preventing the Somogyi effect and the subsequent high morning blood glucose readings.

As a diabetes educator, I would collaborate with the patient's endocrinologist to:

1.  **Review the patient's current insulin regimen:** This includes the type of insulin, dosage, timing of administration, and injection sites.
2.  **Discuss the possibility of the Somogyi effect:** Educate the patient about what it is and why it's happening.
3.  **Recommend a gradual reduction in the evening or long-acting insulin dose:** This is often the culprit in nocturnal hypoglycemia.
4.  **Advise on frequent blood glucose monitoring:** This is crucial to assess the impact of the insulin dose adjustment, especially during the night and in the early morning.
5.  **Educate on hypoglycemia management:** Ensure the patient knows how to recognize and treat hypoglycemia if it occurs.
6.  **Consider continuous glucose monitoring (CGM):** This would provide invaluable data to identify the pattern of nocturnal hypoglycemia and guide insulin adjustments more effectively.

The final answer is $\boxed{E}$.
 Agent 3 (🧑‍⚕️ clinical psychologist) : Of course. As the clinical psychologist on the multidisciplinary care team, my primary focus is on the patient's experience, behavior, and emotional well-being as they relate to their diabetes management. While the final decision on medication adjustments rests with the endocrinologist or primary care physician, my role is to help interpret the patient's reported symptoms, consider the psychological impact, and support the most effective and safest treatment plan.

Based on the clinical presentation, here is my analysis from a psychobehavioral and collaborative care perspective.

***

### Analysis of the Patient's Presentation

The patient is describing a classic clinical picture that points strongly to a specific phenomenon in diabetes management. Let's break down the clues:

1.  **Nocturnal Symptoms:** Waking up in the middle of the night with sweating (diaphoresis), tremors, and weakness. These are classic adrenergic symptoms of **hypoglycemia** (low blood sugar). The body is releasing stress hormones like adrenaline to counteract the dangerously low glucose levels, causing these physical sensations.
2.  **Morning Hyperglycemia:** Despite the nighttime low, his morning blood glucose readings are consistently high.

This paradoxical combination—nighttime hypoglycemia followed by morning hyperglycemia—is characteristic of the **Somogyi effect**, or rebound hyperglycemia. The body overcorrects for the low blood sugar by releasing counter-regulatory hormones (glucagon, cortisol, epinephrine), which cause the liver to release large amounts of stored glucose. This results in a high blood sugar reading upon waking.

### Evaluation of the Options

From my perspective on the team, I would advocate for the following reasoning when discussing the case with my medical colleagues:

*   **(D) Increasing daily insulin dose:** This would be a dangerous choice. If we only look at the high morning glucose number, this might seem logical. However, it would exacerbate the underlying problem—the nighttime hypoglycemia—making the lows more severe and potentially leading to a more pronounced rebound or a dangerous hypoglycemic event.
*   **(A) Reassurance:** While reassurance is a vital part of patient care, it is not an intervention for a physiological problem. The patient's symptoms are real and indicate a serious issue with his insulin regimen that must be corrected.
*   **(B) Adding diazepam:** The patient's symptoms (sweating, tremors) can mimic a panic attack, and a patient might even describe it as feeling intense anxiety. This is where my expertise is crucial. I would strongly advise against this option. We must first rule out a physiological cause. Treating these symptoms as primary anxiety would mask the warning signs of severe hypoglycemia, which is life-threatening. The anxiety is a *result* of the physiological event, not the cause.
*   **(C) Adding pramlintide:** This medication can be a useful adjunct in diabetes care, but it does not directly address the core issue of nocturnal hypoglycemia caused by an incorrect insulin dose. It is not the most direct or optimal intervention for this specific problem.

### Optimal Intervention and the Psychologist's Role

The most logical and safest intervention is to address the root cause of the cycle: the initial nighttime hypoglycemia.

**Correct Answer: (E) Reducing daily insulin dose**

By reducing the insulin dose that is active overnight (likely the long-acting/basal insulin or the evening mealtime insulin), we can prevent the blood sugar from dropping too low in the first place. This will stop the body's over-correction response, and as a result, the morning hyperglycemia should resolve.

### My Contribution as the Team's Psychologist

In this scenario, my role would be to:

1.  **Psychoeducation:** Help the patient and the team understand the "why" behind this frightening experience. I would explain that the feelings of panic, sweating, and tremors are the body's physical alarm system for low blood sugar, not a sign of an anxiety disorder. This reframing reduces fear and self-blame.
2.  **Address Fear of Hypoglycemia (FOH):** Experiencing nocturnal hypoglycemia is terrifying. This can lead to significant anxiety, poor sleep, and compensatory behaviors like intentionally keeping blood sugar high, which harms long-term health. I would work with the patient on cognitive-behavioral strategies to manage this fear as his insulin regimen is adjusted.
3.  **Support Adherence:** The physician will likely ask the patient to check his blood sugar around 2-3 a.m. for a few nights to confirm the nocturnal hypoglycemia before making a change. I would help the patient overcome any barriers to this (e.g., fear of what he'll find, the hassle of waking up) and understand its importance in confirming the diagnosis and ensuring his safety.
4.  **Collaborate on the Message:** I would ensure the entire team communicates a clear, unified message to the patient, preventing the confusion that could arise from seeing a high number and being told to take *less* insulin.

In summary, the clinical evidence points directly to nocturnal hypoglycemia with rebound hyperglycemia. Therefore, the optimal intervention is **(E) Reducing the daily insulin dose**.

[INFO] Step 3. Collaborative Decision Making
== Round 1 ==
[INFO] Participatory Debate
|_Turn 1
 Agent 1 (👨‍⚕️ endocrinologist): 🤐
 Agent 2 (🧑🏽‍⚕️ diabetes educator) -> Agent 1 (👨‍⚕️ endocrinologist) : To the Endocrinologist and Clinical Psychologist:

My expertise lies in the physiological mechanisms and management of diabetes, particularly type 1 diabetes. In this case, the patient's reported symptoms – nocturnal awakenings with sweating, tremors, and weakness, followed by elevated morning blood glucose – are highly indicative of the **Somogyi effect**. This phenomenon is a physiological response to nocturnal hypoglycemia, where counterregulatory hormones cause rebound hyperglycemia.

Therefore, my opinion remains that **reducing the daily insulin dose (E)** is the most appropriate intervention. This directly addresses the root cause by preventing the nocturnal hypoglycemia that triggers the entire cycle.

I believe we are in strong agreement on the likely diagnosis and the initial therapeutic direction. My confidence in this approach is based on the well-established understanding of glucose counterregulation and the common presentation of the Somogyi effect. I am eager to hear your insights on the practical implementation of this dose reduction, any specific insulin components you'd prioritize adjusting, and any strategies you'd suggest for monitoring and confirmation of this effect in this particular patient.
 Agent 2 (🧑🏽‍⚕️ diabetes educator) -> Agent 3 (🧑‍⚕️ clinical psychologist) : To the Diabetes Educator and Clinical Psychologist:

As the Endocrinologist on this case, my expertise is in diagnosing and managing complex endocrine disorders, including type 1 diabetes, with a focus on metabolic control and medication management.

The patient's constellation of symptoms – nocturnal awakenings with adrenergic symptoms (sweating, tremors, weakness) followed by elevated morning blood glucose – strongly points to the **Somogyi effect**, a form of rebound hyperglycemia secondary to nocturnal hypoglycemia. My primary concern is to optimize his glycemic control while minimizing the risk of hypoglycemia, which is clearly occurring.

Considering the options:
*   **(D) Increasing daily insulin dose:** This would be counterproductive and dangerous. It would likely worsen the nocturnal hypoglycemia, exacerbating the Somogyi effect and increasing the risk of severe hypoglycemic events.
*   **(A) Reassurance:** This is insufficient as a primary intervention for a physiological derangement.
*   **(B) Adding diazepam:** This is inappropriate. While some symptoms might superficially resemble anxiety, the primary cause is physiological hypoglycemia. Treating it as anxiety would mask a critical issue and could be dangerous.
*   **(C) Adding pramlintide:** While pramlintide can be a useful adjunct in T1DM, it is not the first-line treatment for nocturnal hypoglycemia and rebound hyperglycemia. It could even potentially increase the risk of hypoglycemia if not carefully managed.
*   **(E) Reducing daily insulin dose:** This is the most logical and evidence-based approach. By reducing the insulin dose that is active during the overnight period, we aim to prevent the precipitating hypoglycemia, thereby eliminating the rebound hyperglycemia and the associated symptoms.

My confident opinion is that **reducing the daily insulin dose (E)** is the optimal intervention. I would prioritize a gradual reduction of the long-acting or evening basal insulin.

I am keen to collaborate with you both on how best to implement this change. For the Diabetes Educator, I'd like to discuss how we can best educate the patient on the Somogyi effect, the rationale behind reducing insulin, and how to monitor his glucose levels effectively, especially overnight if necessary. For the Clinical Psychologist, I value your insights into how we can support the patient's emotional response to this potentially frightening experience, manage any emerging fear of hypoglycemia, and reinforce adherence to the adjusted regimen. Your perspectives will be crucial in ensuring comprehensive and patient-centered care.
 Agent 3 (🧑‍⚕️ clinical psychologist): 🤐

[INFO] Summary Table
+---------+-----------+-----------+-----------+
|         |  Agent 1  |  Agent 2  |  Agent 3  |
+---------+-----------+-----------+-----------+
| Agent 1 |           | ✋ (1<-2) |           |
|         |           |           |           |
| Agent 2 | ✋ (2->1) |           | ✋ (2->3) |
|         |           |           |           |
| Agent 3 |           | ✋ (3<-2) |           |
+---------+-----------+-----------+-----------+

|_Turn 2
 Agent 1 (👨‍⚕️ endocrinologist): 🤐
 Agent 2 (🧑🏽‍⚕️ diabetes educator): 🤐
 Agent 3 (🧑‍⚕️ clinical psychologist): 🤐
 No agents chose to participate in this turn. End this turn.

[INFO] Moderator Consensus Check
 👨‍⚖️ Moderator consensus check: YES

[INFO] Consensus reached! Ending discussion.

[INFO] Step 4. Final Decision
👨‍⚖️  Moderator's final decision: {0.0: "The optimal intervention for this patient, based on the consensus and reasoning provided by the multidisciplinary team, is:\n\n**(E) Reducing daily insulin dose.**\n\nThis decision is supported by the identification of the patient's symptoms as indicative of the **Somogyi effect**, where nocturnal hypoglycemia leads to rebound hyperglycemia. The team unanimously agrees that reducing the daily insulin dose will address the root cause of the patient's symptoms, prevent further episodes of hypoglycemia, and stabilize his blood glucose levels. The rationale is well-articulated, emphasizing the physiological mechanisms at play and the importance of careful monitoring and patient education in implementing this change."}

[INFO] API calls for this sample: 20

[INFO] Sample 49 completed successfully