[INFO] Processing sample 15

[INFO] Step 1. MDTs Recruitment

Group 1 - Initial Assessment Team (IAT)
  👨‍⚕️ Member 1 (Pediatrician): General pediatrics and adolescent medicine
  👨🏻‍⚕️ Member 2 (Pediatric Gastroenterologist): Gastroenterology focusing on hepatobiliary disorders
  👩🏼‍⚕️ Member 3 (Pediatric Hematologist): Expertise in blood disorders in children

Group 2 - Diagnostic Evaluation Team (DET)
  👨‍⚕️ Member 1 (Pediatric Hematologist): Specializes in blood conditions and anemias
  👨🏻‍⚕️ Member 2 (Clinical Pathologist): Expertise in laboratory diagnostics and interpretation of blood tests
  👩🏼‍⚕️ Member 3 (Radiologist): Specializes in abdominal imaging and ultrasonography interpretations

Group 3 - Genetics and Metabolic Disorders Team (GMDT)
  👨‍⚕️ Member 1 (Pediatric Geneticist): Expertise in inherited conditions affecting blood disorders
  👨🏻‍⚕️ Member 2 (Pediatric Metabolist): Specialized in metabolic pathways affecting hemoglobin and bilirubin
  👩🏼‍⚕️ Member 3 (Pediatric Oncologist): Knowledge of hematological malignancies and their implications

Group 4 - Management and Identification Team (MIT)
  👨‍⚕️ Member 1 (Pediatric Hematologist): Specialized in anemia management and treatment strategies
  👨🏻‍⚕️ Member 2 (Pediatric Surgeon): Focused on indications for surgical intervention related to gallstones
  👩🏼‍⚕️ Member 3 (Gastroenterology Nurse Practitioner): Expertise in patient management and education about gastrointestinal disorders

Group 5 - Final Review and Decision Team (FRDT)
  👨‍⚕️ Member 1 (Pediatrician): General overview of pediatric care and management
  👨🏻‍⚕️ Member 2 (Pediatric Hematologist): Focus on the final interpretation of hematological findings
  👩🏼‍⚕️ Member 3 (Pediatric Gastroenterologist): Expertise in the connection between the gastrointestinal system and hematological issues

[INFO] Step 2. MDT Internal Discussions

Initial Assessment Report:
### Refined and Synthesized Report on Hereditary Spherocytosis Diagnosis

#### Summary of Findings
The Initial Assessment Team (IAT) has evaluated a clinical scenario that presents with several hematological abnormalities. The key findings include:

- **Mild Normocytic Anemia**: Indicates a reduction in red blood cells that are of normal size.
- **Reticulocytosis**: An increase in reticulocytes, suggesting a compensatory response to anemia.
- **Increased Red Cell Distribution Width (RDW)**: Reflects variability in red blood cell size, which can be associated with various types of anemia.
- **Indirect Hyperbilirubinemia**: Elevated levels of unconjugated bilirubin, often due to increased hemolysis.
- **Negative Coombs Test**: Rules out autoimmune hemolytic anemia.
- **Increased Osmotic Fragility**: Indicates that red blood cells are more susceptible to lysis in hypotonic solutions.

#### Diagnosis
The combination of these findings strongly suggests a diagnosis of **Hereditary Spherocytosis (HS)**. This condition is characterized by a defect in the red blood cell membrane, leading to the formation of spherocytes—abnormally shaped red blood cells that are less flexible and more prone to hemolysis.

#### Blood Smear Analysis
The most anticipated finding on a blood smear for this patient, consistent with the diagnosis of Hereditary Spherocytosis, would be the presence of **spherocytes**. These cells are typically smaller and rounder than normal red blood cells and lack the central pallor seen in healthy erythrocytes.

#### Conclusion
The clinical and laboratory findings align with the diagnosis of Hereditary Spherocytosis. The increased osmotic fragility test result, along with the presence of spherocytes on a blood smear, confirms the diagnosis. Further management should focus on monitoring hemolysis and considering potential treatments, such as folic acid supplementation or splenectomy, depending on the severity of the condition and the patient's clinical status. 

This synthesized report provides a comprehensive overview of the findings and supports the diagnosis of Hereditary Spherocytosis based on the evidence presented.

[Diagnostic Evaluation Team (DET) Report]
### Refined and Synthesized Report on Hereditary Spherocytosis (HS)

#### Patient Overview
The patient has been evaluated for a suspected hematological disorder, and the findings suggest a diagnosis of **Hereditary Spherocytosis (HS)**. This condition is characterized by the presence of abnormally shaped red blood cells, leading to various clinical manifestations.

#### Key Findings from Diagnostic Evaluation
1. **Mild Normocytic Anemia**: The patient exhibits a mild form of anemia where the red blood cells are of normal size but are reduced in number, indicating a potential issue with red blood cell survival.
   
2. **Reticulocytosis**: An increase in reticulocytes (immature red blood cells) suggests that the bone marrow is responding to anemia by producing more red blood cells, which is consistent with hemolytic processes.

3. **Indirect Hyperbilirubinemia**: Elevated levels of indirect bilirubin in the blood indicate increased breakdown of red blood cells, a hallmark of hemolytic anemia.

4. **Negative Coombs Test**: This result effectively rules out autoimmune hemolytic anemia, which is crucial for narrowing down the differential diagnosis.

5. **Increased Osmotic Fragility**: The red blood cells show increased susceptibility to hemolysis when exposed to hypotonic solutions, a characteristic finding in spherocytes due to their membrane defects.

#### Anticipated Laboratory Findings
Upon performing a peripheral blood smear, the most significant finding expected in this patient would be the presence of **spherocytes**. These are defined as smaller, rounder red blood cells that lack the typical central pallor, resulting from the membrane defect associated with HS.

#### Conclusion
The combination of mild normocytic anemia, reticulocytosis, indirect hyperbilirubinemia, a negative Coombs test, and increased osmotic fragility strongly supports the diagnosis of Hereditary Spherocytosis. The presence of spherocytes on a blood smear would further confirm this diagnosis. 

#### Recommendations
- **Genetic Testing**: Consider genetic testing for definitive diagnosis and to assess for familial patterns.
- **Management**: Depending on the severity of symptoms, management may include folic acid supplementation, monitoring for complications, and potential splenectomy in cases of significant hemolysis or anemia.
- **Follow-Up**: Regular follow-up with hematology to monitor blood counts and manage any complications associated with HS.

This synthesized report encapsulates the critical aspects of the patient's condition and provides a clear pathway for further management and investigation.


[Genetics and Metabolic Disorders Team (GMDT) Report]
### Refined and Synthesized Report on Hereditary Spherocytosis

#### Patient Overview
The patient presents with clinical symptoms and laboratory findings indicative of a hematological disorder. Key observations include mild normocytic anemia, reticulocytosis, indirect hyperbilirubinemia, a negative Coombs test, and increased osmotic fragility.

#### Key Findings
1. **Mild Normocytic Anemia**: This suggests a reduction in red blood cell mass, which can be due to various causes, including hemolysis.
2. **Reticulocytosis**: An elevated reticulocyte count indicates the bone marrow's response to anemia, suggesting active red blood cell production, often seen in hemolytic anemias.
3. **Indirect Hyperbilirubinemia**: This finding is consistent with increased breakdown of red blood cells, leading to elevated bilirubin levels in the blood.
4. **Negative Coombs Test**: This rules out autoimmune hemolytic anemia, as the Coombs test detects antibodies against red blood cells.
5. **Increased Osmotic Fragility**: This test assesses the stability of red blood cells in hypotonic solutions, and increased fragility is characteristic of certain hemolytic anemias, including Hereditary Spherocytosis.

#### Diagnosis
The combination of these findings strongly suggests a diagnosis of **Hereditary Spherocytosis (HS)**. In HS, the red blood cells are abnormally shaped (spherocytes) and lack the central pallor typical of healthy red blood cells. This abnormal shape makes them more susceptible to hemolysis, leading to the observed clinical and laboratory findings.

#### Anticipated Blood Smear Findings
Based on the analysis, the most likely anticipated finding on a blood smear for this patient is **spherocytes**. These cells are characterized by their spherical shape and reduced surface area, which contributes to their increased fragility and propensity for hemolysis.

### Conclusion
The clinical presentation and laboratory results align with a diagnosis of Hereditary Spherocytosis. The identification of spherocytes on the blood smear will further confirm this diagnosis, guiding appropriate management and treatment strategies for the patient. Further genetic testing may be considered to confirm the hereditary nature of the condition and to assess for potential family implications.


[Management and Identification Team (MIT) Report]
### Refined and Synthesized Report on Hereditary Spherocytosis (HS)

#### Patient Overview
The patient has been evaluated for potential hematological disorders, and findings suggest a diagnosis of **Hereditary Spherocytosis (HS)**. This condition is characterized by specific hematological abnormalities that impact red blood cell morphology and function.

#### Key Findings
1. **Mild Normocytic Anemia**: The patient presents with anemia that is classified as normocytic, indicating that the size of the red blood cells is normal, but their overall number is reduced.
   
2. **Reticulocytosis**: An increase in reticulocytes suggests that the bone marrow is responding to the anemia by producing more red blood cells, which is a compensatory mechanism.

3. **Increased Red Cell Distribution Width (RDW)**: This finding indicates variability in red blood cell size, which can be associated with conditions that affect red blood cell production and survival.

4. **Indirect Hyperbilirubinemia**: Elevated levels of indirect bilirubin are indicative of increased breakdown of red blood cells, a common occurrence in hemolytic anemias such as HS.

5. **Negative Coombs Test**: This result rules out autoimmune hemolytic anemia, suggesting that the hemolysis is not due to an immune-mediated process.

6. **Increased Osmotic Fragility**: This test assesses the stability of red blood cells in hypotonic solutions, and increased fragility is consistent with the membrane defects seen in HS.

7. **Blood Smear Anticipation**: If a blood smear were performed, the expected finding would be **spherocytes**—abnormally shaped red blood cells that lack the central pallor due to membrane defects.

#### Summary Analysis
The combination of these findings strongly supports the diagnosis of Hereditary Spherocytosis. The presence of spherocytes on a blood smear would further confirm this diagnosis, as these cells are characteristic of the condition. The negative Coombs test helps to differentiate HS from other hemolytic anemias, particularly those of autoimmune origin. The increased osmotic fragility and indirect hyperbilirubinemia are also hallmark features of HS, indicating a defect in the red blood cell membrane that leads to premature destruction of the cells.

#### Conclusion
In conclusion, the patient’s clinical and laboratory findings are consistent with Hereditary Spherocytosis. The management of HS typically involves supportive care, and in more severe cases, splenectomy may be considered to reduce hemolysis and improve anemia. Further genetic counseling may also be beneficial for the patient and their family, given the hereditary nature of the condition. Regular monitoring of hemoglobin levels and bilirubin levels is recommended to manage the condition effectively.


FRDT Report:
### Refined and Synthesized Report on Hereditary Spherocytosis Diagnosis

#### Summary of Findings

The Final Review and Decision Team (FRDT) has conducted a thorough evaluation of the clinical data and laboratory findings related to the suspected case of Hereditary Spherocytosis (HS). The following key indicators were identified, supporting the diagnosis:

1. **Mild Normocytic Anemia**: The patient presents with a reduction in red blood cell count, characterized as normocytic, indicating that the size of the red blood cells is within the normal range but their overall number is decreased.

2. **Reticulocytosis**: An elevated reticulocyte count suggests that the bone marrow is responding to anemia by producing more red blood cells, which is a common compensatory mechanism in hemolytic anemias like HS.

3. **Increased Red Cell Distribution Width (RDW)**: This finding indicates a variation in red blood cell size, which can occur in conditions where there is a mix of normal and abnormal red blood cells.

4. **Indirect Hyperbilirubinemia**: The presence of elevated indirect bilirubin levels is indicative of increased hemolysis, as bilirubin is a breakdown product of hemoglobin released from lysed red blood cells.

5. **Negative Coombs Test**: This result rules out autoimmune hemolytic anemia, which can present with similar symptoms but is characterized by a positive Coombs test.

6. **Increased Osmotic Fragility**: The osmotic fragility test results show that the red blood cells are more prone to rupture in hypotonic solutions, a classic sign of membrane defects associated with HS.

7. **Blood Smear Findings**: The presence of spherocytes on the blood smear is a definitive indicator of Hereditary Spherocytosis. These abnormally shaped red blood cells are smaller and rounder than normal, lacking the central pallor due to membrane defects.

#### Conclusion

Based on the comprehensive analysis of the clinical indicators and laboratory findings, the diagnosis of Hereditary Spherocytosis is strongly supported. The hallmark features, particularly the presence of spherocytes, along with the other hematological abnormalities, confirm the diagnosis.

### Final Diagnosis

**Hereditary Spherocytosis** characterized by the presence of **spherocytes** in the blood smear, along with supporting laboratory findings of mild normocytic anemia, reticulocytosis, increased RDW, indirect hyperbilirubinemia, and increased osmotic fragility. 

This diagnosis will guide further management and treatment options for the patient, including potential interventions such as splenectomy or supportive care as needed.

[INFO] Step 3. Final Decision
👨‍⚖️  Decision Maker's final decision: {0.0: 'Based on the clinical findings and laboratory results presented in the case of the 14-year-old boy, the most likely anticipated finding on a blood smear would be **(D) Spherocytes**.\n\nThe reasoning for this conclusion is as follows:\n\n- The patient exhibits mild normocytic anemia, reticulocytosis, indirect hyperbilirubinemia, and increased osmotic fragility, all of which are consistent with a diagnosis of Hereditary Spherocytosis (HS).\n- The negative Coombs test rules out autoimmune hemolytic anemia, further supporting the diagnosis of HS.\n- The presence of spherocytes is a hallmark feature of Hereditary Spherocytosis, as these abnormally shaped red blood cells are smaller, rounder, and lack the central pallor typical of normal red blood cells.\n\nTherefore, the correct answer is **(D) Spherocytes**.'}

[INFO] API calls for this sample: 28

[INFO] Sample 15 completed successfully