[INFO] Processing sample 45

[INFO] Step 1. MDTs Recruitment

Group 1 - Initial Assessment Team (IAT)
  👨‍⚕️ Member 1 (Primary Care Physician): General Medicine
  👨🏻‍⚕️ Member 2 (Rheumatologist): Autoimmune Disorders
  👩🏼‍⚕️ Member 3 (Clinical Pharmacologist): Drug Interactions and Side Effects

Group 2 - Autoimmunity and Complications Team (AACT)
  👨‍⚕️ Member 1 (Rheumatologist): Autoimmune Diseases
  👨🏻‍⚕️ Member 2 (Hematologist): Blood Disorders and Malignancies
  👩🏼‍⚕️ Member 3 (Oncologist): Cancer Risks and Management

Group 3 - Oral and Salivary Health Team (OSHT)
  👨‍⚕️ Member 1 (Dentist): Oral and Maxillofacial Health
  👨🏻‍⚕️ Member 2 (Otolaryngologist): ENT Disorders Related to Salivary Dysfunction
  👩🏼‍⚕️ Member 3 (Speech and Language Pathologist): Swallowing Difficulties

Group 4 - Long-term Care and Monitoring Team (LTCMT)
  👨‍⚕️ Member 1 (Primary Care Physician): Chronic Disease Management
  👨🏻‍⚕️ Member 2 (Endocrinologist): Metabolic Health Considerations
  👩🏼‍⚕️ Member 3 (Psychologist): Coping Mechanisms and Patient Support

Group 5 - Final Review and Decision Team (FRDT)
  👨‍⚕️ Member 1 (Rheumatologist): Autoimmune Disease Insights
  👨🏻‍⚕️ Member 2 (Oncologist): Cancer Risk Assessment
  👩🏼‍⚕️ Member 3 (General Practitioner): Comprehensive Care Coordination

[INFO] Step 2. MDT Internal Discussions

Initial Assessment Report:
### Refined and Synthesized Report on Sjögren's Syndrome and Associated Risks

#### Patient Overview
The patient presents with clinical symptoms consistent with Sjögren's syndrome, specifically xerostomia (dry mouth) and keratoconjunctivitis sicca (dry eyes). Laboratory findings confirm the presence of high titers of anti-Ro (SSA) and anti-La (SSB) antibodies, which are specific markers for this autoimmune condition.

#### Key Findings
1. **Diagnosis**: The clinical presentation and serological markers strongly indicate a diagnosis of Sjögren's syndrome.
2. **Autoantibodies**: The presence of anti-Ro and anti-La antibodies is significant in confirming the diagnosis and understanding the patient's autoimmune profile.
3. **Malignancy Risk**: Sjögren's syndrome is associated with an elevated risk of developing certain malignancies, particularly hematological cancers such as Non-Hodgkin lymphoma (NHL). This risk is notably higher than that of the general population, necessitating vigilant monitoring for potential lymphoproliferative disorders.

#### Risk Assessment
Among the malignancies considered, the most pertinent risk for this patient is Non-Hodgkin lymphoma (NHL). The other malignancies listed (adenocarcinoma of the lung, pancreatic adenocarcinoma, invasive ductal carcinoma of the breast, and gastric carcinoma) do not have the same level of association with Sjögren's syndrome as NHL.

#### Recommendations
- **Regular Monitoring**: Due to the increased risk of NHL, it is crucial for the patient to undergo regular follow-up assessments, including clinical evaluations and possibly imaging or laboratory tests to monitor for signs of lymphoproliferative disorders.
- **Multidisciplinary Approach**: Involvement of a rheumatologist for management of Sjögren's syndrome and an oncologist for cancer surveillance may be beneficial.
- **Patient Education**: Informing the patient about the symptoms of NHL and the importance of reporting any new or unusual symptoms promptly.

### Conclusion
The patient’s diagnosis of Sjögren's syndrome, confirmed by specific autoantibodies, places her at a heightened risk for developing Non-Hodgkin lymphoma. Ongoing monitoring and a proactive approach to her health management are essential to mitigate this risk and ensure timely intervention if necessary.

[Autoimmunity and Complications Team (AACT) Report]
### Refined and Synthesized Report

#### Patient Overview
The patient has been diagnosed with Sjögren's syndrome, an autoimmune condition characterized by dry eyes and mouth due to the destruction of exocrine glands. This condition is notable for its association with various complications, particularly an increased risk of certain malignancies.

#### Key Findings
1. **Diagnosis**: The patient has Sjögren's syndrome confirmed by the presence of anti-Ro and anti-La antibodies.
2. **Malignancy Risk**: The primary concern for this patient is the elevated risk of developing Non-Hodgkin lymphoma (NHL), which is significantly higher in individuals with Sjögren's syndrome compared to the general population.
3. **Literature Support**: Current medical literature supports the association between Sjögren's syndrome and an increased incidence of NHL, making it a critical consideration in the management and monitoring of patients with this autoimmune disorder.

#### Comprehensive Analysis
The diagnosis of Sjögren's syndrome necessitates vigilant monitoring for potential complications, particularly hematological malignancies. The presence of anti-Ro and anti-La antibodies further substantiates the autoimmune nature of the condition and correlates with the increased risk of developing NHL. 

While other malignancies may be considered, the evidence strongly favors NHL as the most pertinent risk associated with Sjögren's syndrome. This necessitates a proactive approach in surveillance and management strategies to mitigate the risk of progression to malignancy.

#### Recommendations
1. **Regular Monitoring**: Implement a routine screening protocol for NHL, including clinical evaluations and imaging as indicated.
2. **Patient Education**: Inform the patient about the signs and symptoms of NHL and the importance of reporting any new or unusual symptoms promptly.
3. **Multidisciplinary Approach**: Continue collaboration with hematology and oncology specialists to ensure comprehensive care and timely intervention if malignancy is suspected.

In conclusion, the diagnosis of Sjögren's syndrome in this patient carries significant implications for her long-term health, particularly concerning the risk of Non-Hodgkin lymphoma. Ongoing assessment and a multidisciplinary management plan are essential to address these risks effectively.


[Oral and Salivary Health Team (OSHT) Report]
### Refined and Synthesized Report

**Patient Overview:**
The patient has been diagnosed with Sjögren's syndrome, a chronic autoimmune condition characterized by dry mouth (xerostomia) and dry eyes (keratoconjunctivitis sicca). The presence of high-titer anti-Ro and anti-La antibodies further supports this diagnosis.

**Key Findings:**
1. **Diagnosis:** Sjögren's syndrome
2. **Symptoms:** 
   - Xerostomia (dry mouth)
   - Keratoconjunctivitis sicca (dry eyes)
3. **Autoantibodies:** High-titer anti-Ro and anti-La antibodies detected
4. **Associated Risks:** 
   - Increased risk of Non-Hodgkin lymphoma (NHL)
   - Other malignancies (adenocarcinoma of the lung, pancreatic adenocarcinoma, invasive ductal carcinoma of the breast, gastric carcinoma) are less associated with Sjögren's syndrome.

**Analysis:**
Sjögren's syndrome is not only a debilitating condition affecting the salivary and lacrimal glands but also poses significant long-term health risks, particularly the development of Non-Hodgkin lymphoma. The literature indicates that patients with Sjögren's syndrome have a markedly elevated risk of NHL compared to the general population, necessitating vigilant monitoring for signs of malignancy.

The other malignancies mentioned, while serious, do not have the same established correlation with Sjögren's syndrome as NHL. This highlights the importance of focusing on NHL in the context of this patient's ongoing care and surveillance.

**Recommendations:**
- **Monitoring:** Regular follow-up appointments should include assessments for symptoms indicative of NHL, such as unexplained lymphadenopathy, persistent fatigue, or night sweats.
- **Education:** The patient should be informed about the signs and symptoms of NHL and the importance of reporting any new or unusual symptoms promptly.
- **Multidisciplinary Approach:** Collaboration with oncologists and hematologists may be beneficial for early detection and management strategies tailored to the patient's increased risk profile.

In conclusion, the patient's diagnosis of Sjögren's syndrome necessitates a proactive approach to monitor for Non-Hodgkin lymphoma, given the significant association between the two conditions. Regular assessments and patient education are critical components of the management plan.


[Long-term Care and Monitoring Team (LTCMT) Report]
### Refined and Synthesized Report on Patient Diagnosis and Risk Assessment

**Patient Overview:**
The patient has been diagnosed with Sjögren's syndrome, a chronic autoimmune condition characterized by the destruction of exocrine glands, leading to symptoms such as dry mouth (xerostomia) and dry eyes (keratoconjunctivitis sicca). The diagnosis is supported by the presence of specific autoantibodies (anti-Ro and anti-La) and clinical findings, including tender parotid glands.

**Key Findings:**
1. **Diagnosis Confirmation:**
   - Symptoms: Dry mouth and eyes.
   - Laboratory Results: Positive autoantibodies (anti-Ro and anti-La).
   - Physical Examination: Tenderness in parotid glands.

2. **Complications Associated with Sjögren's Syndrome:**
   - Increased risk of developing Non-Hodgkin lymphoma (NHL).
   - Literature indicates a significantly elevated risk of NHL in patients with Sjögren's syndrome compared to the general population.

**Risk Assessment:**
The primary malignancy of concern for this patient is Non-Hodgkin lymphoma. The association between Sjögren's syndrome and NHL is well-documented, highlighting the need for vigilant monitoring and early detection strategies in patients diagnosed with this autoimmune disorder.

**Conclusion:**
In summary, the patient diagnosed with Sjögren's syndrome is at a heightened risk for developing Non-Hodgkin lymphoma. This necessitates ongoing surveillance and a proactive approach to managing her health, including regular check-ups and possibly screening for lymphoma as part of her long-term care plan.

**Recommendation:**
- Implement a monitoring strategy for early signs of lymphoma.
- Educate the patient about symptoms to watch for and the importance of regular follow-up appointments.
- Consider referral to a specialist for further evaluation and management of potential complications associated with Sjögren's syndrome. 

This synthesized report aims to provide a clear understanding of the patient's condition, associated risks, and necessary steps for ongoing care.


FRDT Report:
### Refined and Synthesized Report on Sjögren's Syndrome and Associated Malignancy Risks

#### Patient Overview
The patient has been diagnosed with Sjögren's syndrome, an autoimmune condition characterized by dry eyes and mouth due to the destruction of exocrine glands. This diagnosis has been confirmed through serological testing, revealing high-titer anti-Ro (SSA) and anti-La (SSB) antibodies.

#### Key Findings
1. **Increased Malignancy Risk**: Patients with Sjögren's syndrome are at an elevated risk for developing certain malignancies, particularly Non-Hodgkin lymphoma (NHL).
2. **Association with Non-Hodgkin Lymphoma**: The literature strongly supports a correlation between Sjögren's syndrome and the development of NHL, especially in female patients. This risk is significantly higher than that of the general population.
3. **Other Malignancies**: While other cancers such as adenocarcinoma of the lung, pancreatic adenocarcinoma, invasive ductal carcinoma of the breast, and gastric carcinoma were considered, they do not exhibit the same level of established association with Sjögren's syndrome as NHL.

#### Comprehensive Analysis
The findings underscore the importance of vigilant monitoring for malignancies in patients diagnosed with Sjögren's syndrome. The predominant concern is the heightened risk of Non-Hodgkin lymphoma, which necessitates regular follow-up and possibly screening strategies to detect any early signs of malignancy. The lack of significant correlation with other types of cancer suggests that while these risks should not be entirely dismissed, they are not as critical as the risk posed by NHL.

#### Conclusion
In conclusion, the most significant malignancy risk associated with Sjögren's syndrome is Non-Hodgkin lymphoma. This necessitates a proactive approach in monitoring and managing the patient's health to mitigate potential complications arising from this elevated risk.

**Final Recommendation**: Continuous surveillance for signs of Non-Hodgkin lymphoma should be implemented as part of the patient's ongoing care plan.

[INFO] Step 3. Final Decision
👨‍⚖️  Decision Maker's final decision: {0.0: "The patient in question has been diagnosed with Sjögren's syndrome, as indicated by her symptoms of dry mouth and dry eyes, the presence of tender parotid glands, and confirmed high-titer anti-Ro and anti-La autoantibodies. \n\nAmong the options provided, the most significant risk associated with Sjögren's syndrome is the development of **Non-Hodgkin lymphoma (B)**. The literature consistently supports a strong correlation between Sjögren's syndrome and an increased risk of NHL, particularly in female patients. This risk is notably higher than that of the general population and is a critical consideration in the management of patients with this autoimmune condition.\n\nWhile other malignancies such as adenocarcinoma of the lung, pancreatic adenocarcinoma, invasive ductal carcinoma of the breast, and gastric carcinoma are serious, they do not have the same established association with Sjögren's syndrome as Non-Hodgkin lymphoma.\n\nTherefore, the correct answer is:\n\n**(B) Non-Hodgkin lymphoma**."}

[INFO] API calls for this sample: 28

[INFO] Sample 45 completed successfully