[INFO] Processing sample 36

[INFO] Step 1. MDTs Recruitment

Group 1 - Initial Assessment Team (IAT)
  👨‍⚕️ Member 1 (Emergency Medicine Physician): Acute Care and Emergency Medicine
  👨🏻‍⚕️ Member 2 (Neurologist): Cognitive Disorders and Neurodegenerative Diseases
  👩🏼‍⚕️ Member 3 (Geriatrician): Care of Older Adults with Comorbidities

Group 2 - Laboratory and Diagnostic Team (LDT)
  👨‍⚕️ Member 1 (Clinical Pathologist): Laboratory Diagnostics and Interpretation
  👨🏻‍⚕️ Member 2 (Radiologist): Imaging Diagnostics
  👩🏼‍⚕️ Member 3 (Nephrologist): Kidney Function and Electrolyte Imbalance

Group 3 - Endocrine Management Team (EMT)
  👨‍⚕️ Member 1 (Endocrinologist): Hormonal Disorders and Calcium Regulation
  👨🏻‍⚕️ Member 2 (Clinical Pharmacist): Medication Management and Pharmacotherapy
  👩🏼‍⚕️ Member 3 (Nurse Practitioner): Patient Education and Monitoring

Group 4 - Treatment Strategy Team (TST)
  👨‍⚕️ Member 1 (Internist): General Medical Care and Treatment Protocols
  👨🏻‍⚕️ Member 2 (Palliative Care Specialist): Management of Symptoms and Quality of Life
  👩🏼‍⚕️ Member 3 (Nutritionist): Dietary Planning and Weight Management

Group 5 - Final Review and Decision Team (FRDT)
  👨‍⚕️ Member 1 (Geriatric Medicine Specialist): Comprehensive Care of Elderly Patients
  👨🏻‍⚕️ Member 2 (Oncologist): Cancer Screening and Management (if secondary causes considered)
  👩🏼‍⚕️ Member 3 (Family Medicine Physician): Coordination of Care and Long-term Planning

[INFO] Step 2. MDT Internal Discussions

Initial Assessment Report:
### Refined and Synthesized Report on Hypercalcemia Management

#### Patient Overview
The patient presents with significant hypercalcemia (Ca2+ 12.2 mg/dL) and suppressed parathyroid hormone (PTH) levels (8 pg/mL), alongside symptoms of confusion and somnolence. These clinical findings suggest a likely diagnosis of hypercalcemia of malignancy, a condition often associated with various cancers.

#### Key Findings
1. **Hypercalcemia**: Elevated calcium levels are critical and can lead to severe neurological symptoms, as seen in this patient.
2. **Suppressed PTH**: The low PTH level indicates that the hypercalcemia is not due to primary hyperparathyroidism but rather suggests an extrinsic cause, likely malignancy.
3. **Symptoms**: Confusion and somnolence are indicative of potential neurological involvement due to hypercalcemia.

#### Management Options Evaluated
The management strategies discussed include:

- **Furosemide**: Useful for acute management to promote calcium excretion but not suitable for long-term management.
- **Alendronate**: A bisphosphonate that may help in chronic management of hypercalcemia associated with malignancy, particularly if there is underlying bone disease.
- **IV Fluids**: Essential for initial treatment of symptomatic hypercalcemia, aiding in hydration and calcium excretion.
- **Calcitonin**: Provides short-term relief in calcium levels but is limited by tachyphylaxis.
- **Teriparatide**: Not indicated for hypercalcemia management; primarily used in osteoporosis.

#### Recommended Management Strategy
Given the acute presentation and the need for both immediate and long-term management, the following approach is recommended:

1. **Immediate Management**:
   - Initiate **IV fluids** to rehydrate the patient and promote renal excretion of calcium.
   - Consider **Furosemide** for further calcium excretion if necessary, but monitor for electrolyte imbalances.

2. **Long-term Management**:
   - Initiate **Alendronate** as a bisphosphonate to manage hypercalcemia associated with malignancy, especially if bone involvement is suspected.
   - Plan for further diagnostic workup to identify the underlying malignancy, which is crucial for definitive treatment.

3. **Ongoing Monitoring**:
   - Regularly monitor calcium levels and renal function during treatment.
   - Adjust management based on the results of further investigations and the patient's clinical response.

#### Conclusion
The management of hypercalcemia in this patient should focus on immediate stabilization through IV fluids and potential diuretics, followed by the initiation of bisphosphonates like Alendronate for long-term management. It is imperative to pursue further diagnostic evaluations to identify the underlying malignancy, which will guide definitive treatment strategies.

[Laboratory and Diagnostic Team (LDT) Report]
### Refined and Synthesized Report on Hypercalcemia Management

#### Patient Overview
The patient presents with hypercalcemia (calcium level of 12.2 mg/dL) accompanied by suppressed parathyroid hormone (PTH) levels. Clinical symptoms include confusion, somnolence, and recent weight loss, which are indicative of a serious underlying condition, likely hypercalcemia of malignancy rather than primary hyperparathyroidism.

#### Key Findings
1. **Hypercalcemia Diagnosis**: The elevated calcium levels and suppressed PTH suggest malignancy-related hypercalcemia, a condition often seen in patients with certain cancers.
2. **Clinical Symptoms**: The patient's confusion and somnolence indicate significant metabolic disturbance, likely due to the high calcium levels.
3. **Initial Management**: Immediate treatment strategies include:
   - **IV Fluids**: To promote hydration and facilitate calcium excretion.
   - **Furosemide**: To enhance renal calcium excretion, though it is not a long-term solution.

#### Long-term Management Strategy
For sustained management of hypercalcemia associated with malignancy, the following treatment options were evaluated:

- **Alendronate (A)**: A bisphosphonate that effectively reduces bone resorption and lowers calcium levels over the long term. This is the preferred choice for managing malignancy-related hypercalcemia.
- **Furosemide (C)**: Useful for acute management but not suitable for long-term prophylaxis.
- **IV Fluids (D)**: Essential for acute treatment but not a long-term solution.
- **Calcitonin (B)**: Provides only temporary relief and is limited by rapid tachyphylaxis.
- **Teriparatide (E)**: Contraindicated in hypercalcemia and primarily used for osteoporosis.

#### Conclusion
The most appropriate long-term management strategy for this patient, considering the diagnosis of hypercalcemia of malignancy, is the administration of **Alendronate (A)**. This approach addresses the underlying issue of elevated calcium levels effectively and is supported by the clinical findings and expert recommendations. Immediate management should focus on hydration and symptomatic relief, while long-term treatment should aim to stabilize calcium levels and mitigate the risk of further complications associated with malignancy.


[Endocrine Management Team (EMT) Report]
### Refined and Synthesized Report on Hypercalcemia Management

#### Patient Overview:
The patient presents with hypercalcemia (calcium level of 12.2 mg/dL) and suppressed parathyroid hormone (PTH) levels (8 pg/mL). This clinical picture suggests a likely malignancy-related cause of hypercalcemia, as the low PTH indicates that the hypercalcemia is not due to primary hyperparathyroidism.

#### Key Findings:
1. **Hypercalcemia**: Elevated calcium levels can lead to various complications, including renal impairment, neurological symptoms, and cardiovascular issues.
2. **Suppressed PTH**: The low PTH level indicates that the hypercalcemia is not due to parathyroid gland dysfunction but rather secondary to another underlying condition, likely malignancy.
3. **Management Options**:
   - **Alendronate**: A bisphosphonate effective in reducing calcium levels by inhibiting bone resorption, making it suitable for long-term management of malignancy-related hypercalcemia.
   - **Furosemide**: Useful for acute management to promote renal excretion of calcium but not appropriate for long-term use.
   - **IV Fluids**: Important for acute management to help dilute serum calcium but not a long-term solution.
   - **Calcitonin**: Provides temporary relief in calcium levels but is limited by rapid tolerance (tachyphylaxis) and is not suitable for long-term management.
   - **Teriparatide**: Contraindicated in hypercalcemia and primarily used for osteoporosis treatment.

#### Conclusion:
Given the patient's condition and the available treatment options, **Alendronate** is the most appropriate choice for long-term prophylaxis in managing hypercalcemia associated with malignancy. It effectively addresses the underlying issue of bone resorption, which is critical in this context. Other treatments may be utilized for acute management but do not provide a sustainable solution for long-term care.

### Recommendations:
- Initiate treatment with Alendronate for long-term management of hypercalcemia.
- Monitor calcium levels regularly to assess the effectiveness of the treatment.
- Consider further evaluation for underlying malignancy to guide comprehensive management. 

This synthesized report provides a clear and actionable plan for managing the patient's hypercalcemia, emphasizing the importance of selecting the appropriate long-term treatment strategy.


[Treatment Strategy Team (TST) Report]
### Refined and Synthesized Report on Long-term Management of Hypercalcemia

#### Patient Overview:
The patient presents with significant hypercalcemia (calcium level of 12.2 mg/dL) and suppressed parathyroid hormone (PTH) levels. This clinical picture suggests that the hypercalcemia is likely secondary to malignancy rather than primary hyperparathyroidism.

#### Key Findings:
1. **Hypercalcemia of Malignancy**: The elevated calcium levels, coupled with low PTH, indicate a malignancy-related cause, which is a common scenario in oncological patients.
  
2. **Acute Management**: Initial treatment for hypercalcemia typically involves intravenous fluids and diuretics (e.g., Furosemide) to promote calcium excretion. However, these interventions are not suitable for long-term management.

3. **Short-term Treatments**: Calcitonin can provide temporary relief in hypercalcemia but is limited by rapid tolerance (tachyphylaxis), making it ineffective for sustained use.

4. **Long-term Prophylaxis**: The use of bisphosphonates, particularly Alendronate, is indicated for long-term management. Alendronate works by inhibiting bone resorption, thereby reducing calcium levels over time, especially in cases where bone metastases are involved.

5. **Contraindications**: Teriparatide, a medication used for osteoporosis, is contraindicated in patients with hypercalcemia and is not appropriate for this clinical scenario.

#### Conclusion:
Based on the analysis of the patient's condition and the available treatment options, Alendronate is identified as the most suitable long-term prophylactic treatment for managing hypercalcemia associated with malignancy. This choice is supported by its efficacy in reducing bone resorption and maintaining lower calcium levels over time.

### Recommendation:
Initiate treatment with **Alendronate** for the long-term management of hypercalcemia in this patient, while continuing to monitor calcium levels and overall clinical status.


FRDT Report:
### Refined and Synthesized Report on Long-Term Management of Hypercalcemia

#### Patient Overview:
The patient presents with acute symptoms indicative of hypercalcemia, with laboratory results showing elevated calcium levels (Ca2+ 12.2 mg/dL) and suppressed parathyroid hormone (PTH) levels. These findings suggest hypercalcemia likely caused by an underlying malignancy.

#### Key Findings:
1. **Hypercalcemia Diagnosis**: The elevated calcium levels and suppressed PTH are consistent with malignancy-related hypercalcemia, a condition often seen in patients with certain types of cancer.
  
2. **Treatment Options Evaluated**:
   - **Alendronate**: A bisphosphonate that inhibits bone resorption, effectively lowering calcium levels over the long term.
   - **Furosemide**: A diuretic that aids in the acute management of hypercalcemia by promoting calcium excretion but does not provide long-term control.
   - **IV Fluids**: Used for acute management to help dilute serum calcium and promote renal excretion, but not a long-term solution.
   - **Calcitonin**: Offers temporary relief from hypercalcemia but is limited by rapid tachyphylaxis, making it unsuitable for long-term management.
   - **Teriparatide**: Contraindicated in hypercalcemia as it is used for osteoporosis treatment and could worsen the patient's condition.

#### Analysis:
The FRDT has concluded that the most effective long-term prophylactic treatment for this patient is **Alendronate**. This choice is based on its mechanism of action, which directly addresses the underlying issue of bone resorption that contributes to elevated calcium levels in malignancy-related hypercalcemia. Other options, while useful in acute settings, do not provide the sustained management required for this patient's condition.

#### Conclusion:
In summary, for the long-term management of hypercalcemia associated with malignancy, **Alendronate** is the most appropriate choice. It effectively reduces calcium levels and addresses the underlying pathophysiology, making it a suitable option for this patient's ongoing care. Other treatments, while beneficial in acute scenarios, do not offer the necessary long-term efficacy and safety profile. 

### Recommendation:
Initiate treatment with Alendronate and monitor the patient's calcium levels regularly to assess the effectiveness of the therapy and adjust as necessary. Consider further evaluation for the underlying malignancy to guide comprehensive management.

[INFO] Step 3. Final Decision
👨‍⚖️  Decision Maker's final decision: {0.0: 'The best long-term prophylaxis for the cause of this patient’s acute symptoms, given the diagnosis of hypercalcemia likely due to malignancy (as indicated by the elevated calcium levels and suppressed PTH), is **(A) Alendronate**. \n\nAlendronate is a bisphosphonate that effectively reduces bone resorption, thereby lowering calcium levels over the long term, which is crucial in managing hypercalcemia associated with malignancy. Other options such as Furosemide and IV fluids are useful for acute management but do not provide long-term control. Calcitonin offers only temporary relief and is limited by rapid tolerance, while Teriparatide is contraindicated in hypercalcemia.\n\nTherefore, the correct answer is **(A) Alendronate**.'}

[INFO] API calls for this sample: 28

[INFO] Sample 36 completed successfully