[INFO] Processing sample 26

[INFO] Step 1. MDTs Recruitment

Group 1 - Initial Assessment Team (IAT)
  👨‍⚕️ Member 1 (Physician): General Internal Medicine
  👨🏻‍⚕️ Member 2 (Cardiologist): Cardiology
  👩🏼‍⚕️ Member 3 (Nurse Practitioner): Clinical Assessment

Group 2 - Diagnostic Evaluation Team (DET)
  👨‍⚕️ Member 1 (Cardiologist): Echocardiography
  👨🏻‍⚕️ Member 2 (Radiologist): Imaging and Diagnostics
  👩🏼‍⚕️ Member 3 (Clinical Toxicologist): Pharmacology and Medication Effects

Group 3 - Pathophysiology Team (PT)
  👨‍⚕️ Member 1 (Cardiologist): Cardiac Physiology
  👨🏻‍⚕️ Member 2 (Physiologist): Hemodynamics
  👩🏼‍⚕️ Member 3 (Clinical Researcher): Cardiovascular Studies

Group 4 - Treatment and Management Team (TMT)
  👨‍⚕️ Member 1 (Cardiologist): Interventional Cardiology
  👨🏻‍⚕️ Member 2 (Primary Care Physician): Long-term Health Strategies
  👩🏼‍⚕️ Member 3 (Nurse Educator): Patient Education and Compliance

Group 5 - Final Review and Decision Team (FRDT)
  👨‍⚕️ Member 1 (Cardiologist): Clinical Decision Making
  👨🏻‍⚕️ Member 2 (Internist): Comprehensive Health Management
  👩🏼‍⚕️ Member 3 (Outcomes Analyst): Quality and Effectiveness of Care

[INFO] Step 2. MDT Internal Discussions

Initial Assessment Report:
### Refined and Synthesized Report

#### Overview
The discussion revolves around the physiological changes that occur when a patient transitions from a supine to a standing position. This transition significantly impacts hemodynamics, particularly concerning venous return, preload, stroke volume, and cardiac output.

#### Key Physiological Changes
1. **Venous Return**: Upon standing, blood pools in the lower extremities due to gravity, leading to a decrease in venous return to the heart.
2. **Preload**: The reduction in venous return results in decreased preload, which is the volume of blood in the ventricles at the end of diastole.
3. **Cardiac Output**: A decrease in preload subsequently leads to a reduction in stroke volume and cardiac output. The body compensates for this through an increase in heart rate.
4. **Left Ventricular End-Diastolic Pressure (LVEDP)**: With reduced preload, LVEDP is expected to decrease, contrary to the options provided in the discussion.

#### Analysis of Options
- **(A) Increase in Right Atrial Pressure**: Unlikely, as this pressure typically rises with increased venous return, not with standing.
- **(B) Increase in Left Ventricular End-Diastolic Pressure**: This is incorrect; LVEDP is expected to decrease with reduced preload.
- **(C) Increase in Pulmonary Capillary Wedge Pressure**: Unlikely, as this pressure would decrease with reduced preload.
- **(D) Reduction in the Slope of the Pacemaker Potential**: This relates to cardiac conduction and is not directly affected by the standing maneuver.
- **(E) Reduction in Diastolic Filling Time**: This could occur due to an increased heart rate but is not a direct consequence of standing.

#### Conclusion
The expected physiological change when a patient stands from a supine position is a decrease in left ventricular end-diastolic pressure (LVEDP). However, this option was not available among the provided answers. The most relevant alternative, albeit not directly related, is (E) regarding the reduction in diastolic filling time due to compensatory mechanisms.

### Recommendations
- **Clarification of Options**: Future assessments should ensure that options reflect accurate physiological changes to avoid confusion.
- **Education on Hemodynamics**: It may be beneficial to provide additional training on the physiological responses to positional changes to enhance understanding among team members.

In summary, while the physiological response to standing involves a decrease in LVEDP, the absence of this option necessitates careful consideration of the alternatives, with (E) being the least misleading choice.

[Diagnostic Evaluation Team (DET) Report]
### Comprehensive Analysis of Hemodynamic Changes Upon Standing

#### Key Knowledge Extracted from the MDT Discussion:

1. **Physiological Response to Standing**:
   - Transitioning from a supine to an upright position results in hemodynamic changes primarily due to gravity.
   - Blood pools in the lower extremities, leading to decreased venous return to the heart.

2. **Impact on Cardiac Parameters**:
   - **Preload**: The volume of blood filling the ventricles decreases, resulting in reduced preload.
   - **Cardiac Output**: A decrease in preload leads to a reduction in stroke volume. The body compensates for this by increasing heart rate to maintain cardiac output.
   - **Left Ventricular End-Diastolic Pressure (LVEDP)**: Expected to decrease due to reduced preload.
   - **Right Atrial Pressure**: Typically increases with increased venous return, which is not the case here.
   - **Pulmonary Capillary Wedge Pressure**: Generally decreases with reduced preload.
   - **Diastolic Filling Time**: As heart rate increases to compensate for decreased stroke volume, the time available for the heart to fill during diastole is reduced.

3. **Evaluation of Options**:
   - **(A)**: An increase in right atrial pressure is unlikely.
   - **(B)**: An increase in LVEDP is incorrect; it is expected to decrease.
   - **(C)**: An increase in pulmonary capillary wedge pressure is also unlikely.
   - **(D)**: A reduction in the slope of the pacemaker potential is not directly related to positional changes.
   - **(E)**: A reduction in diastolic filling time is a direct consequence of increased heart rate due to compensatory mechanisms.

#### Synthesized Report:

**Title: Hemodynamic Changes Associated with Postural Transition from Supine to Upright Position**

**Introduction**:
The transition from a supine to an upright position induces significant hemodynamic changes due to the effects of gravity on blood circulation. This report summarizes the physiological responses and their implications for cardiac function.

**Key Findings**:
1. **Decreased Venous Return**: Upon standing, blood pools in the lower extremities, leading to a decrease in venous return to the heart.
2. **Reduced Preload**: The decrease in venous return results in a lower preload, which is the volume of blood filling the ventricles before contraction.
3. **Compensatory Mechanisms**: To counteract the decrease in stroke volume caused by reduced preload, the body increases heart rate, thereby attempting to maintain cardiac output.
4. **Decreased LVEDP**: As preload decreases, the left ventricular end-diastolic pressure is expected to decrease, contrary to some misconceptions.
5. **Diastolic Filling Time**: The increase in heart rate due to compensatory mechanisms leads to a reduction in diastolic filling time, as the heart has less time to fill between beats.

**Conclusion**:
The most significant physiological consequence of standing from a supine position is a reduction in diastolic filling time, driven by an increase in heart rate as the body compensates for decreased preload. This understanding is crucial for evaluating patient responses to postural changes and managing conditions related to hemodynamic stability. 

**Recommendation**:
Further studies may be warranted to explore the implications of these hemodynamic changes in specific patient populations, particularly those with cardiovascular conditions or orthostatic intolerance.


[Pathophysiology Team (PT) Report]
### Refined and Synthesized Report

#### Summary of Findings from the Pathophysiology Team Discussion

**Key Knowledge Extracted:**

1. **Physiological Response to Postural Change**:
   - Transitioning from a supine to a standing position leads to gravitational pooling of blood in the lower extremities.
   - This pooling results in decreased venous return to the heart, which subsequently lowers preload.

2. **Compensatory Mechanisms**:
   - To counteract the reduced preload and maintain cardiac output, the body increases heart rate.
   - This increase in heart rate is a critical compensatory response to ensure adequate blood flow and oxygen delivery to vital organs.

3. **Impact on Diastolic Filling**:
   - The elevation in heart rate due to compensatory mechanisms reduces the time available for diastolic filling of the ventricles.
   - Consequently, the heart has less time to fill with blood during the diastolic phase, which is crucial for maintaining stroke volume and cardiac output.

4. **Rejection of Alternative Options**:
   - Other proposed physiological changes (increased right atrial pressure, left ventricular end-diastolic pressure, pulmonary capillary wedge pressure, and changes in pacemaker potential slope) were deemed incorrect based on the understanding of hemodynamic responses to changes in body position.

#### Comprehensive Analysis

The discussion highlights the intricate relationship between body position, hemodynamics, and compensatory physiological responses. When a patient stands, the immediate effect of gravity on blood distribution necessitates a rapid adjustment in cardiovascular dynamics. The reduction in venous return leads to decreased preload, prompting an increase in heart rate as a compensatory mechanism. This physiological adjustment, while necessary, results in a reduction in diastolic filling time, which is a critical factor in maintaining effective cardiac output.

The rejection of alternative options underscores the specificity of the physiological changes associated with postural changes. The analysis confirms that the primary concern in this scenario is the heart's ability to fill adequately during diastole, which is compromised by the increased heart rate.

### Conclusion

In conclusion, the primary physiological change observed when a patient transitions from a supine to a standing position is a **reduction in diastolic filling time**. This is a direct consequence of the compensatory increase in heart rate in response to decreased venous return and preload. Understanding these dynamics is essential for managing patients who may experience orthostatic changes and ensuring appropriate interventions are in place to support cardiovascular stability.


[Treatment and Management Team (TMT) Report]
### Refined and Synthesized Report on Physiological Responses to Postural Changes

#### Introduction
This report synthesizes the findings from the Treatment and Management Team (TMT) discussion regarding the physiological changes that occur when a patient transitions from a supine to a standing position. The focus is on understanding the implications of these changes on cardiac function and hemodynamics.

#### Key Findings

1. **Right Atrial Pressure**: 
   - It is generally expected that right atrial pressure increases with increased venous return. However, when a patient stands, there is a reduction in venous return due to gravitational effects, making an increase in right atrial pressure unlikely.

2. **Diastolic Filling Time**: 
   - Upon standing, the heart rate increases as a compensatory mechanism to maintain cardiac output in response to reduced preload. This increase in heart rate leads to a reduction in diastolic filling time, as there is less time available for the ventricles to fill with blood during diastole.

3. **Pulmonary Capillary Wedge Pressure**: 
   - This pressure is expected to decrease when a patient stands due to the lowered preload associated with decreased venous return, making an increase in pulmonary capillary wedge pressure unlikely.

4. **Slope of the Pacemaker Potential**: 
   - The reduction in the slope of the pacemaker potential relates to cardiac conduction but does not directly correlate with the immediate physiological changes observed during postural changes.

5. **Left Ventricular End-Diastolic Pressure (LVEDP)**: 
   - LVEDP is anticipated to decrease with the reduced preload that occurs when standing, thus making an increase in LVEDP incorrect.

#### Conclusion
The analysis indicates that the most significant physiological change when a patient stands from a supine position is a **reduction in diastolic filling time**. This is primarily due to the compensatory increase in heart rate aimed at maintaining cardiac output in the face of decreased venous return. Understanding these physiological responses is crucial for managing patients effectively, particularly in scenarios where postural changes may impact hemodynamics.

#### Recommendations
- Clinicians should be aware of the implications of postural changes on cardiac function, especially in patients with compromised cardiovascular systems.
- Further studies could explore the effects of rapid postural changes on patients with specific comorbidities to enhance management strategies in clinical settings. 

This synthesized report aims to provide a clear understanding of the physiological responses to postural changes, facilitating better clinical decision-making and patient care.


FRDT Report:
### Refined and Synthesized Report

#### Summary of Findings from MDT Discussion

The multidisciplinary team (MDT) engaged in a thorough analysis of the physiological changes that occur when a patient transitions from a supine to a standing position. The focus was on understanding the implications of this positional change on cardiovascular dynamics, particularly concerning diastolic filling time and related hemodynamic parameters.

#### Key Knowledge Extracted

1. **Physiological Changes Upon Standing:**
   - Transitioning from a supine to a standing position leads to a decrease in venous return due to gravitational effects.
   - This reduction in venous return results in decreased preload, which is the volume of blood in the ventricles at the end of diastole.

2. **Compensatory Mechanisms:**
   - The body compensates for the decreased preload by increasing heart rate to maintain cardiac output.
   - However, the increase in heart rate limits the time available for the ventricles to fill with blood during diastole.

3. **Impact on Cardiac Pressures:**
   - Right atrial pressure is expected to decrease due to reduced venous return.
   - Pulmonary capillary wedge pressure, which reflects left atrial pressure, is also likely to decrease with reduced preload.
   - Left ventricular end-diastolic pressure (LVEDP) is anticipated to decrease as well, contrary to the notion of an increase.

4. **Pacemaker Potential:**
   - The slope of the pacemaker potential is not directly influenced by the positional change from supine to standing.

#### Comprehensive Analysis

The analysis indicates that the most significant physiological effect of standing is a **reduction in diastolic filling time** (Option E). This conclusion is supported by the understanding that the heart compensates for decreased preload by increasing heart rate, which consequently shortens the duration of diastolic filling. The other options presented in the discussion were found to be inconsistent with the expected physiological responses during this maneuver.

- **Option A (Increase in right atrial pressure)** is unlikely due to the decrease in venous return.
- **Option B (Increase in left ventricular end-diastolic pressure)** contradicts the expected decrease in preload.
- **Option C (Increase in pulmonary capillary wedge pressure)** is also inconsistent, as it typically decreases with reduced preload.
- **Option D (Reduction in the slope of the pacemaker potential)** does not relate to the positional change.

#### Conclusion

In conclusion, the MDT has reached a consensus that the most relevant physiological change when a patient stands from a supine position is a **reduction in diastolic filling time**. This finding is crucial for understanding cardiovascular responses in clinical settings, particularly in patients with compromised hemodynamics. The insights gained from this discussion can inform further investigations and management strategies for patients experiencing orthostatic changes.

[INFO] Step 3. Final Decision
👨‍⚖️  Decision Maker's final decision: {0.0: 'Based on the comprehensive analysis of the physiological changes that occur when a patient transitions from a supine to a standing position, the most relevant change that would occur during this maneuver is:\n\n**(E) A reduction in diastolic filling time.**\n\nThis conclusion is supported by the understanding that upon standing, there is a decrease in venous return due to gravitational pooling of blood in the lower extremities, which leads to decreased preload. To compensate for this decrease in preload and maintain cardiac output, the heart rate increases. However, this increase in heart rate results in less time available for the ventricles to fill with blood during diastole, thus leading to a reduction in diastolic filling time.\n\nThe other options can be dismissed based on the physiological responses expected during this maneuver:\n- **(A)** An increase in right atrial pressure is unlikely due to decreased venous return.\n- **(B)** An increase in left ventricular end-diastolic pressure is incorrect; it is expected to decrease with reduced preload.\n- **(C)** An increase in pulmonary capillary wedge pressure is also unlikely, as it typically decreases with reduced preload.\n- **(D)** A reduction in the slope of the pacemaker potential does not directly relate to the positional change.\n\nTherefore, the correct answer is **(E) A reduction in diastolic filling time.**'}

[INFO] API calls for this sample: 28

[INFO] Sample 26 completed successfully